2025-11-02T02:10:37.6773030Z Current runner version: '2.329.0'
2025-11-02T02:10:37.6796758Z ##[group]Runner Image Provisioner
2025-11-02T02:10:37.6797656Z Hosted Compute Agent
2025-11-02T02:10:37.6798199Z Version: 20251016.436
2025-11-02T02:10:37.6798756Z Commit: 8ab8ac8bfd662a3739dab9fe09456aba92132568
2025-11-02T02:10:37.6799933Z Build Date: 2025-10-15T20:44:12Z
2025-11-02T02:10:37.6800515Z ##[endgroup]
2025-11-02T02:10:37.6801070Z ##[group]Operating System
2025-11-02T02:10:37.6801624Z Ubuntu
2025-11-02T02:10:37.6802127Z 24.04.3
2025-11-02T02:10:37.6802555Z LTS
2025-11-02T02:10:37.6803035Z ##[endgroup]
2025-11-02T02:10:37.6803543Z ##[group]Runner Image
2025-11-02T02:10:37.6804088Z Image: ubuntu-24.04
2025-11-02T02:10:37.6804628Z Version: 20251030.96.2
2025-11-02T02:10:37.6805609Z Included Software: https://github.com/actions/runner-images/blob/ubuntu24/20251030.96/images/ubuntu/Ubuntu2404-Readme.md
2025-11-02T02:10:37.6807116Z Image Release: https://github.com/actions/runner-images/releases/tag/ubuntu24%2F20251030.96
2025-11-02T02:10:37.6808143Z ##[endgroup]
2025-11-02T02:10:37.6810944Z ##[group]GITHUB_TOKEN Permissions
2025-11-02T02:10:37.6813265Z Actions: write
2025-11-02T02:10:37.6813812Z Attestations: write
2025-11-02T02:10:37.6814273Z Checks: write
2025-11-02T02:10:37.6814862Z Contents: write
2025-11-02T02:10:37.6815332Z Deployments: write
2025-11-02T02:10:37.6815824Z Discussions: write
2025-11-02T02:10:37.6816390Z Issues: write
2025-11-02T02:10:37.6816872Z Metadata: read
2025-11-02T02:10:37.6817315Z Models: read
2025-11-02T02:10:37.6817849Z Packages: write
2025-11-02T02:10:37.6818312Z Pages: write
2025-11-02T02:10:37.6818801Z PullRequests: write
2025-11-02T02:10:37.6819920Z RepositoryProjects: write
2025-11-02T02:10:37.6820479Z SecurityEvents: write
2025-11-02T02:10:37.6821107Z Statuses: write
2025-11-02T02:10:37.6821618Z ##[endgroup]
2025-11-02T02:10:37.6823668Z Secret source: Actions
2025-11-02T02:10:37.6824354Z Prepare workflow directory
2025-11-02T02:10:37.7217772Z Prepare all required actions
2025-11-02T02:10:37.7255449Z Getting action download info
2025-11-02T02:10:38.1624288Z Download action repository 'actions/checkout@v4' (SHA:08eba0b27e820071cde6df949e0beb9ba4906955)
2025-11-02T02:10:38.2594714Z Download action repository 'actions/setup-java@v4' (SHA:c5195efecf7bdfc987ee8bae7a71cb8b11521c00)
2025-11-02T02:10:38.9721376Z Download action repository 'android-actions/setup-android@v3' (SHA:9fc6c4e9069bf8d3d10b2204b1fb8f6ef7065407)
2025-11-02T02:10:39.5270021Z Download action repository 'actions/upload-artifact@v4' (SHA:ea165f8d65b6e75b540449e92b4886f43607fa02)
2025-11-02T02:10:39.7411548Z Complete job name: Build Android APK (aarch64)
2025-11-02T02:10:39.8237249Z ##[group]Run actions/checkout@v4
2025-11-02T02:10:39.8238636Z with:
2025-11-02T02:10:39.8239595Z   fetch-depth: 0
2025-11-02T02:10:39.8240440Z   repository: xiehaibo11/shouj
2025-11-02T02:10:39.8241668Z   token: ***
2025-11-02T02:10:39.8242421Z   ssh-strict: true
2025-11-02T02:10:39.8243208Z   ssh-user: git
2025-11-02T02:10:39.8244018Z   persist-credentials: true
2025-11-02T02:10:39.8244946Z   clean: true
2025-11-02T02:10:39.8245756Z   sparse-checkout-cone-mode: true
2025-11-02T02:10:39.8246758Z   fetch-tags: false
2025-11-02T02:10:39.8247560Z   show-progress: true
2025-11-02T02:10:39.8248374Z   lfs: false
2025-11-02T02:10:39.8249322Z   submodules: false
2025-11-02T02:10:39.8250163Z   set-safe-directory: true
2025-11-02T02:10:39.8251340Z env:
2025-11-02T02:10:39.8252071Z   CARGO_INCREMENTAL: 0
2025-11-02T02:10:39.8252921Z   RUST_BACKTRACE: short
2025-11-02T02:10:39.8253735Z   HUSKY: 0
2025-11-02T02:10:39.8254446Z ##[endgroup]
2025-11-02T02:10:39.9334344Z Syncing repository: xiehaibo11/shouj
2025-11-02T02:10:39.9337487Z ##[group]Getting Git version info
2025-11-02T02:10:39.9338796Z Working directory is '/home/runner/work/shouj/shouj'
2025-11-02T02:10:39.9341283Z [command]/usr/bin/git version
2025-11-02T02:10:39.9393156Z git version 2.51.2
2025-11-02T02:10:39.9421080Z ##[endgroup]
2025-11-02T02:10:39.9443077Z Temporarily overriding HOME='/home/runner/work/_temp/8fd71f7b-a5bf-4300-a1ec-fd9947becc2c' before making global git config changes
2025-11-02T02:10:39.9447635Z Adding repository directory to the temporary git global config as a safe directory
2025-11-02T02:10:39.9450141Z [command]/usr/bin/git config --global --add safe.directory /home/runner/work/shouj/shouj
2025-11-02T02:10:39.9486609Z Deleting the contents of '/home/runner/work/shouj/shouj'
2025-11-02T02:10:39.9489575Z ##[group]Initializing the repository
2025-11-02T02:10:39.9493821Z [command]/usr/bin/git init /home/runner/work/shouj/shouj
2025-11-02T02:10:39.9602136Z hint: Using 'master' as the name for the initial branch. This default branch name
2025-11-02T02:10:39.9605708Z hint: is subject to change. To configure the initial branch name to use in all
2025-11-02T02:10:39.9608757Z hint: of your new repositories, which will suppress this warning, call:
2025-11-02T02:10:39.9610766Z hint:
2025-11-02T02:10:39.9611879Z hint: 	git config --global init.defaultBranch <name>
2025-11-02T02:10:39.9613060Z hint:
2025-11-02T02:10:39.9614420Z hint: Names commonly chosen instead of 'master' are 'main', 'trunk' and
2025-11-02T02:10:39.9616416Z hint: 'development'. The just-created branch can be renamed via this command:
2025-11-02T02:10:39.9617839Z hint:
2025-11-02T02:10:39.9618613Z hint: 	git branch -m <name>
2025-11-02T02:10:39.9619733Z hint:
2025-11-02T02:10:39.9621353Z hint: Disable this message with "git config set advice.defaultBranchName false"
2025-11-02T02:10:39.9623344Z Initialized empty Git repository in /home/runner/work/shouj/shouj/.git/
2025-11-02T02:10:39.9626649Z [command]/usr/bin/git remote add origin https://github.com/xiehaibo11/shouj
2025-11-02T02:10:39.9658399Z ##[endgroup]
2025-11-02T02:10:39.9660498Z ##[group]Disabling automatic garbage collection
2025-11-02T02:10:39.9662399Z [command]/usr/bin/git config --local gc.auto 0
2025-11-02T02:10:39.9691146Z ##[endgroup]
2025-11-02T02:10:39.9692739Z ##[group]Setting up auth
2025-11-02T02:10:39.9698587Z [command]/usr/bin/git config --local --name-only --get-regexp core\.sshCommand
2025-11-02T02:10:39.9728458Z [command]/usr/bin/git submodule foreach --recursive sh -c "git config --local --name-only --get-regexp 'core\.sshCommand' && git config --local --unset-all 'core.sshCommand' || :"
2025-11-02T02:10:40.0062458Z [command]/usr/bin/git config --local --name-only --get-regexp http\.https\:\/\/github\.com\/\.extraheader
2025-11-02T02:10:40.0094503Z [command]/usr/bin/git submodule foreach --recursive sh -c "git config --local --name-only --get-regexp 'http\.https\:\/\/github\.com\/\.extraheader' && git config --local --unset-all 'http.https://github.com/.extraheader' || :"
2025-11-02T02:10:40.0321237Z [command]/usr/bin/git config --local http.https://github.com/.extraheader AUTHORIZATION: basic ***
2025-11-02T02:10:40.0365732Z ##[endgroup]
2025-11-02T02:10:40.0368123Z ##[group]Fetching the repository
2025-11-02T02:10:40.0377446Z [command]/usr/bin/git -c protocol.version=2 fetch --prune --no-recurse-submodules origin +refs/heads/*:refs/remotes/origin/* +refs/tags/*:refs/tags/*
2025-11-02T02:10:42.7600675Z From https://github.com/xiehaibo11/shouj
2025-11-02T02:10:42.7601691Z  * [new branch]        main       -> origin/main
2025-11-02T02:10:42.7602476Z  * [new branch]        mobile-app -> origin/mobile-app
2025-11-02T02:10:42.7603182Z  * [new tag]           autobuild  -> autobuild
2025-11-02T02:10:42.7648298Z [command]/usr/bin/git branch --list --remote origin/main
2025-11-02T02:10:42.7673430Z   origin/main
2025-11-02T02:10:42.7684470Z [command]/usr/bin/git rev-parse refs/remotes/origin/main
2025-11-02T02:10:42.7707227Z a5dd40f2a282ae3df8a4539caf543fe109c9809c
2025-11-02T02:10:42.7713631Z ##[endgroup]
2025-11-02T02:10:42.7714392Z ##[group]Determining the checkout info
2025-11-02T02:10:42.7715246Z ##[endgroup]
2025-11-02T02:10:42.7719548Z [command]/usr/bin/git sparse-checkout disable
2025-11-02T02:10:42.7758567Z [command]/usr/bin/git config --local --unset-all extensions.worktreeConfig
2025-11-02T02:10:42.7783848Z ##[group]Checking out the ref
2025-11-02T02:10:42.7787659Z [command]/usr/bin/git checkout --progress --force -B main refs/remotes/origin/main
2025-11-02T02:10:42.9168973Z Switched to a new branch 'main'
2025-11-02T02:10:42.9170457Z branch 'main' set up to track 'origin/main'.
2025-11-02T02:10:42.9184856Z ##[endgroup]
2025-11-02T02:10:42.9226108Z [command]/usr/bin/git log -1 --format=%H
2025-11-02T02:10:42.9251582Z a5dd40f2a282ae3df8a4539caf543fe109c9809c
2025-11-02T02:10:42.9505282Z ##[group]Run actions/setup-java@v4
2025-11-02T02:10:42.9505716Z with:
2025-11-02T02:10:42.9505987Z   distribution: temurin
2025-11-02T02:10:42.9506416Z   java-version: 17
2025-11-02T02:10:42.9506737Z   cache: gradle
2025-11-02T02:10:42.9507044Z   java-package: jdk
2025-11-02T02:10:42.9507403Z   check-latest: false
2025-11-02T02:10:42.9507735Z   server-id: github
2025-11-02T02:10:42.9508025Z   server-username: GITHUB_ACTOR
2025-11-02T02:10:42.9508466Z   server-password: GITHUB_TOKEN
2025-11-02T02:10:42.9508912Z   overwrite-settings: true
2025-11-02T02:10:42.9509451Z   job-status: success
2025-11-02T02:10:42.9510052Z   token: ***
2025-11-02T02:10:42.9510332Z env:
2025-11-02T02:10:42.9510642Z   CARGO_INCREMENTAL: 0
2025-11-02T02:10:42.9510985Z   RUST_BACKTRACE: short
2025-11-02T02:10:42.9511368Z   HUSKY: 0
2025-11-02T02:10:42.9511628Z ##[endgroup]
2025-11-02T02:10:43.1552998Z ##[group]Installed distributions
2025-11-02T02:10:43.2021296Z Resolved Java 17.0.17+10 from tool-cache
2025-11-02T02:10:43.2022570Z Setting Java 17.0.17+10 as the default
2025-11-02T02:10:43.2035519Z Creating toolchains.xml for JDK version 17 from temurin
2025-11-02T02:10:43.2111329Z Writing to /home/runner/.m2/toolchains.xml
2025-11-02T02:10:43.2111780Z 
2025-11-02T02:10:43.2112260Z Java configuration:
2025-11-02T02:10:43.2113199Z   Distribution: temurin
2025-11-02T02:10:43.2113890Z   Version: 17.0.17+10
2025-11-02T02:10:43.2114998Z   Path: /opt/hostedtoolcache/Java_Temurin-Hotspot_jdk/17.0.17-10/x64
2025-11-02T02:10:43.2115602Z 
2025-11-02T02:10:43.2116321Z ##[endgroup]
2025-11-02T02:10:43.2135752Z Creating settings.xml with server-id: github
2025-11-02T02:10:43.2140904Z Writing to /home/runner/.m2/settings.xml
2025-11-02T02:10:43.4989331Z gradle cache is not found
2025-11-02T02:10:43.5123196Z ##[group]Run android-actions/setup-android@v3
2025-11-02T02:10:43.5123523Z with:
2025-11-02T02:10:43.5123723Z   cmdline-tools-version: 12266719
2025-11-02T02:10:43.5123984Z   accept-android-sdk-licenses: true
2025-11-02T02:10:43.5124264Z   log-accepted-android-sdk-licenses: true
2025-11-02T02:10:43.5124538Z   packages: tools platform-tools
2025-11-02T02:10:43.5124770Z env:
2025-11-02T02:10:43.5124938Z   CARGO_INCREMENTAL: 0
2025-11-02T02:10:43.5125159Z   RUST_BACKTRACE: short
2025-11-02T02:10:43.5125351Z   HUSKY: 0
2025-11-02T02:10:43.5125636Z   JAVA_HOME: /opt/hostedtoolcache/Java_Temurin-Hotspot_jdk/17.0.17-10/x64
2025-11-02T02:10:43.5126089Z   JAVA_HOME_17_X64: /opt/hostedtoolcache/Java_Temurin-Hotspot_jdk/17.0.17-10/x64
2025-11-02T02:10:43.5126441Z ##[endgroup]
2025-11-02T02:10:43.6936082Z Found preinstalled sdkmanager in /usr/local/lib/android/sdk/cmdline-tools/latest with following source.properties:
2025-11-02T02:10:43.6937625Z Pkg.Revision=12.0
2025-11-02T02:10:43.6938181Z Pkg.Path=cmdline-tools;12.0
2025-11-02T02:10:43.6938689Z Pkg.Desc=Android SDK Command-line Tools
2025-11-02T02:10:43.6939038Z 
2025-11-02T02:10:43.6939462Z Wrong version in preinstalled sdkmanager
2025-11-02T02:10:43.6941699Z Downloading commandline tools from https://dl.google.com/android/repository/commandlinetools-linux-12266719_latest.zip
2025-11-02T02:10:44.7313688Z [command]/usr/bin/unzip -o -q /home/runner/work/_temp/35dbaee3-7508-47f7-b1ea-02d5bdfb8d36
2025-11-02T02:10:45.5913129Z Accepting Android SDK licenses
2025-11-02T02:10:45.5919687Z [command]/usr/local/lib/android/sdk/cmdline-tools/16.0/bin/sdkmanager --licenses
2025-11-02T02:10:51.8914072Z Loading local repository...                                                     
2025-11-02T02:10:51.8914911Z [=========                              ] 25% Loading local repository...       
2025-11-02T02:10:54.1032245Z [=========                              ] 25% Fetch remote repository...        
2025-11-02T02:10:54.5128336Z [==========                             ] 26% Fetch remote repository...        
2025-11-02T02:10:54.5135977Z [============                           ] 31% Fetch remote repository...        
2025-11-02T02:10:54.5325513Z [============                           ] 32% Fetch remote repository...        
2025-11-02T02:10:54.5326170Z [=============                          ] 33% Fetch remote repository...        
2025-11-02T02:10:54.6090764Z [=============                          ] 35% Fetch remote repository...        
2025-11-02T02:10:54.6091478Z [==============                         ] 36% Fetch remote repository...        
2025-11-02T02:10:54.6279558Z [==============                         ] 37% Fetch remote repository...        
2025-11-02T02:10:54.6280155Z [===============                        ] 38% Fetch remote repository...        
2025-11-02T02:10:54.6469383Z [===============                        ] 39% Fetch remote repository...        
2025-11-02T02:10:54.6470019Z [================                       ] 40% Fetch remote repository...        
2025-11-02T02:10:54.6700496Z [================                       ] 41% Fetch remote repository...        
2025-11-02T02:10:54.6701090Z [================                       ] 42% Fetch remote repository...        
2025-11-02T02:10:54.6895348Z [=================                      ] 44% Fetch remote repository...        
2025-11-02T02:10:54.6900042Z [=================                      ] 45% Fetch remote repository...        
2025-11-02T02:10:54.8210671Z [==================                     ] 46% Fetch remote repository...        
2025-11-02T02:10:54.8211980Z [==================                     ] 47% Fetch remote repository...        
2025-11-02T02:10:54.8420930Z [===================                    ] 48% Fetch remote repository...        
2025-11-02T02:10:54.8425215Z [===================                    ] 49% Fetch remote repository...        
2025-11-02T02:10:54.8822823Z [====================                   ] 50% Fetch remote repository...        
2025-11-02T02:10:54.8831448Z [====================                   ] 51% Fetch remote repository...        
2025-11-02T02:10:54.9589452Z [====================                   ] 53% Fetch remote repository...        
2025-11-02T02:10:54.9592003Z [=====================                  ] 54% Fetch remote repository...        
2025-11-02T02:10:54.9740982Z [=====================                  ] 55% Fetch remote repository...        
2025-11-02T02:10:54.9759859Z [======================                 ] 56% Fetch remote repository...        
2025-11-02T02:10:54.9882669Z [======================                 ] 57% Fetch remote repository...        
2025-11-02T02:10:54.9891256Z [=======================                ] 58% Fetch remote repository...        
2025-11-02T02:10:54.9979851Z [=======================                ] 59% Fetch remote repository...        
2025-11-02T02:10:54.9982209Z [========================               ] 60% Fetch remote repository...        
2025-11-02T02:10:55.0154206Z [========================               ] 61% Fetch remote repository...        
2025-11-02T02:10:55.0172961Z [=========================              ] 63% Fetch remote repository...        
2025-11-02T02:10:55.0287444Z [=========================              ] 64% Fetch remote repository...        
2025-11-02T02:10:55.0293892Z [=========================              ] 65% Fetch remote repository...        
2025-11-02T02:10:55.0452010Z [==========================             ] 66% Fetch remote repository...        
2025-11-02T02:10:55.0459325Z [==========================             ] 67% Fetch remote repository...        
2025-11-02T02:10:55.0589462Z [===========================            ] 68% Fetch remote repository...        
2025-11-02T02:10:55.0590037Z [===========================            ] 69% Fetch remote repository...        
2025-11-02T02:10:55.0884489Z [============================           ] 70% Fetch remote repository...        
2025-11-02T02:10:55.0889451Z [============================           ] 72% Fetch remote repository...        
2025-11-02T02:10:55.1029529Z [=============================          ] 73% Fetch remote repository...        
2025-11-02T02:10:55.1036300Z [=============================          ] 74% Fetch remote repository...        
2025-11-02T02:10:55.1160200Z [=============================          ] 75% Fetch remote repository...        
2025-11-02T02:10:55.1252223Z [=============================          ] 75% Computing updates...              
2025-11-02T02:10:55.1256238Z [=======================================] 100% Computing updates...             
2025-11-02T02:10:55.2380806Z 6 of 7 SDK package licenses not accepted.
2025-11-02T02:10:55.2384011Z Review licenses that have not been accepted (y/N)? 
2025-11-02T02:10:55.2384793Z 1/6: License android-googletv-license:
2025-11-02T02:10:55.2386310Z ---------------------------------------
2025-11-02T02:10:55.2390630Z Terms and Conditions
2025-11-02T02:10:55.2390902Z 
2025-11-02T02:10:55.2391299Z This is the Google TV Add-on for the Android Software Development Kit License Agreement.
2025-11-02T02:10:55.2391858Z 
2025-11-02T02:10:55.2391996Z 1. Introduction
2025-11-02T02:10:55.2392201Z 
2025-11-02T02:10:55.2394225Z 1.1 The Google TV Add-on for the Android Software Development Kit (referred to in this License Agreement as the "Google TV Add-on" and specifically including the Android system files, packaged APIs, and Google APIs add-ons) is licensed to you subject to the terms of this License Agreement. This License Agreement forms a legally binding contract between you and Google in relation to your use of the Google TV Add-on.
2025-11-02T02:10:55.2396437Z 
2025-11-02T02:10:55.2397200Z 1.2 "Google" means Google Inc., a Delaware corporation with principal place of business at 1600 Amphitheatre Parkway, Mountain View, CA 94043, United States.
2025-11-02T02:10:55.2398116Z 
2025-11-02T02:10:55.2398297Z 2. Accepting this License Agreement
2025-11-02T02:10:55.2398614Z 
2025-11-02T02:10:55.2400002Z 2.1 In order to use the Google TV Add-on, you must first agree to this License Agreement. You may not use the Google TV Add-on if you do not accept this License Agreement.
2025-11-02T02:10:55.2400943Z 
2025-11-02T02:10:55.2401150Z 2.2 You can accept this License Agreement by:
2025-11-02T02:10:55.2401499Z 
2025-11-02T02:10:55.2401967Z (A) clicking to accept or agree to this License Agreement, where this option is made available to you; or
2025-11-02T02:10:55.2402592Z 
2025-11-02T02:10:55.2403382Z (B) by actually using the Google TV Add-on. In this case, you agree that use of the Google TV Add-on constitutes acceptance of the License Agreement from that point onwards.
2025-11-02T02:10:55.2404300Z 
2025-11-02T02:10:55.2405658Z 2.3 You may not use the Google TV Add-on and may not accept the Licensing Agreement if you are a person barred from receiving the Google TV Add-on under the laws of the United States or other countries including the country in which you are resident or from which you use the Google TV Add-on.
2025-11-02T02:10:55.2407189Z 
2025-11-02T02:10:55.2409002Z 2.4 If you are agreeing to be bound by this License Agreement on behalf of your employer or other entity, you represent and warrant that you have full legal authority to bind your employer or such entity to this License Agreement. If you do not have the requisite authority, you may not accept the Licensing Agreement or use the Google TV Add-on on behalf of your employer or other entity.
2025-11-02T02:10:55.2411144Z 
2025-11-02T02:10:55.2411314Z 3. Google TV Add-on License from Google
2025-11-02T02:10:55.2411609Z 
2025-11-02T02:10:55.2412770Z 3.1 Subject to the terms of this License Agreement, Google grants you a limited, worldwide, royalty-free, non- assignable and non-exclusive license to use the Google TV Add-on solely to develop applications to run on the Google TV platform.
2025-11-02T02:10:55.2414084Z 
2025-11-02T02:10:55.2416127Z 3.2 You agree that Google or third parties own all legal right, title and interest in and to the Google TV Add-on, including any Intellectual Property Rights that subsist in the Google TV Add-on. "Intellectual Property Rights" means any and all rights under patent law, copyright law, trade secret law, trademark law, and any and all other proprietary rights. Google reserves all rights not expressly granted to you.
2025-11-02T02:10:55.2418546Z 
2025-11-02T02:10:55.2421817Z 3.3 Except to the extent required by applicable third party licenses, you may not copy (except for backup purposes), modify, adapt, redistribute, decompile, reverse engineer, disassemble, or create derivative works of the Google TV Add-on or any part of the Google TV Add-on. Except to the extent required by applicable third party licenses, you may not load any part of the Google TV Add-on onto a mobile handset, television, or any other hardware device except a personal computer, combine any part of the Google TV Add-on with other software, or distribute any software or device incorporating a part of the Google TV Add-on.
2025-11-02T02:10:55.2424942Z 
2025-11-02T02:10:55.2426014Z 3.4 Use, reproduction and distribution of components of the Google TV Add-on licensed under an open source software license are governed solely by the terms of that open source software license and not this License Agreement.
2025-11-02T02:10:55.2427218Z 
2025-11-02T02:10:55.2429683Z 3.5 You agree that the form and nature of the Google TV Add-on that Google provides may change without prior notice to you and that future versions of the Google TV Add-on may be incompatible with applications developed on previous versions of the Google TV Add-on. You agree that Google may stop (permanently or temporarily) providing the Google TV Add-on (or any features within the Google TV Add-on) to you or to users generally at Google's sole discretion, without prior notice to you.
2025-11-02T02:10:55.2432090Z 
2025-11-02T02:10:55.2433760Z 3.6 Nothing in this License Agreement gives you a right to use any of Google's or it’s licensors’ trade names, trademarks, service marks, logos, domain names, or other distinctive brand features.
2025-11-02T02:10:55.2435059Z 
2025-11-02T02:10:55.2436047Z 3.7 You agree that you will not remove, obscure, or alter any proprietary rights notices (including copyright and trademark notices) that may be affixed to or contained within the Google TV Add-on.
2025-11-02T02:10:55.2437099Z 
2025-11-02T02:10:55.2437258Z 4. Use of the Google TV Add-on by You
2025-11-02T02:10:55.2437561Z 
2025-11-02T02:10:55.2438900Z 4.1 Google agrees that it obtains no right, title or interest from you (or your licensors) under this License Agreement in or to any software applications that you develop using the Google TV Add-on, including any intellectual property rights that subsist in those applications.
2025-11-02T02:10:55.2440541Z 
2025-11-02T02:10:55.2442331Z 4.2 You agree to use the Google TV Add-on and write applications only for purposes that are permitted by (a) this License Agreement and (b) any applicable law, regulation or generally accepted practices or guidelines in the relevant jurisdictions (including any laws regarding the export of data or software to and from the United States or other relevant countries).
2025-11-02T02:10:55.2444260Z 
2025-11-02T02:10:55.2448216Z 4.3 You agree that if you use the Google TV Add-on to develop applications for general public users, you will protect the privacy and legal rights of those users. If the users provide you with user names, passwords, or other login information or personal information, your must make the users aware that the information will be available to your application, and you must provide legally adequate privacy notice and protection for those users. If your application stores personal or sensitive information provided by users, it must do so securely. If the user provides your application with Google Account information, your application may only use that information to access the user's Google Account when, and for the limited purposes for which, the user has given you explicit permission to do so.
2025-11-02T02:10:55.2452673Z 
2025-11-02T02:10:55.2454594Z 4.4 You agree that you will not engage in any activity with the Google TV Add-on, including the development or distribution of an application, that interferes with, disrupts, damages, or accesses in an unauthorized manner the servers, networks, or other properties or services of any third party including, but not limited to, Google, Multichannel Video Program Distributors or any mobile communications carrier.
2025-11-02T02:10:55.2456649Z 
2025-11-02T02:10:55.2458355Z 4.5 You agree that you are solely responsible for (and that Google has no responsibility to you or to any third party for) any data, content, or resources that you create, transmit or display through the Google TV platform and/or applications for the Google TV platform, and for the consequences of your actions (including any loss or damage which Google may suffer) by doing so.
2025-11-02T02:10:55.2460365Z 
2025-11-02T02:10:55.2462176Z 4.6 You agree that you are solely responsible for (and that Google has no responsibility to you or to any third party for) any breach of your obligations under this License Agreement, any applicable third party contract or Terms of Service, or any applicable law or regulation, and for the consequences (including any loss or damage which Google or any third party may suffer) of any such breach.
2025-11-02T02:10:55.2464169Z 
2025-11-02T02:10:55.2464326Z 5. Your Developer Credentials
2025-11-02T02:10:55.2464582Z 
2025-11-02T02:10:55.2465914Z 5.1 You agree that you are responsible for maintaining the confidentiality of any developer credentials that may be issued to you by Google or which you may choose yourself and that you will be solely responsible for all applications that are developed under your developer credentials.
2025-11-02T02:10:55.2467333Z 
2025-11-02T02:10:55.2467493Z 6. Privacy and Information
2025-11-02T02:10:55.2467740Z 
2025-11-02T02:10:55.2470657Z 6.1 In order to continually innovate and improve the Google TV Add-on, Google may collect certain usage statistics from the software including but not limited to a unique identifier, associated IP address, version number of the software, and information on which tools and/or services in the Google TV Add-on are being used and how they are being used. Before any of this information is collected, the Google TV Add-on will notify you and seek your consent. If you withhold consent, the information will not be collected.
2025-11-02T02:10:55.2473466Z 
2025-11-02T02:10:55.2474125Z 6.2 The data collected is examined in the aggregate to improve the Google TV Add-on and is maintained in accordance with Google's Privacy Policy.
2025-11-02T02:10:55.2474941Z 
2025-11-02T02:10:55.2475174Z 7. Third Party Applications for the Google TV Platform
2025-11-02T02:10:55.2475531Z 
2025-11-02T02:10:55.2491538Z 7.1 If you use the Google TV Add-on to run applications developed by a third party or that access data, content or resources provided by a third party, you agree that Google is not responsible for those applications, data, content, or resources. You understand that all data, content or resources which you may access through such third party applications are the sole responsibility of the person from which they originated and that Google is not liable for any loss or damage that you may experience as a result of the use or access of any of those third party applications, data, content, or resources.
2025-11-02T02:10:55.2500124Z 
2025-11-02T02:10:55.2502670Z 7.2 You should be aware the data, content, and resources presented to you through such a third party application may be protected by intellectual property rights which are owned by the providers (or by other persons or companies on their behalf). You may not modify, rent, lease, loan, sell, distribute or create derivative works based on these data, content, or resources (either in whole or in part) unless you have been specifically given permission to do so by the relevant owners.
2025-11-02T02:10:55.2505148Z 
2025-11-02T02:10:55.2506460Z 7.3 You acknowledge that your use of such third party applications, data, content, or resources may be subject to separate terms between you and the relevant third party. In that case, this License Agreement does not affect your legal relationship with these third parties.
2025-11-02T02:10:55.2508126Z 
2025-11-02T02:10:55.2508257Z 8. Using Google TV APIs
2025-11-02T02:10:55.2508469Z 
2025-11-02T02:10:55.2512778Z 8.1 If you use any Google TV API to retrieve data from Google, you acknowledge that the data (“Google TV API Content”) may be protected by intellectual property rights which are owned by Google or those parties that provide the data (or by other persons or companies on their behalf). Your use of any such API may be subject to additional Terms of Service. You may not modify, rent, lease, loan, sell, distribute or create derivative works based on this data (either in whole or in part) unless allowed by the relevant Terms of Service. Some portions of the Google TV API Content are licensed to Google by third parties, including but not limited to Tribune Media Services
2025-11-02T02:10:55.2516092Z 
2025-11-02T02:10:55.2517291Z 8.2 If you use any API to retrieve a user's data from Google, you acknowledge and agree that you shall retrieve data only with the user's explicit consent and only when, and for the limited purposes for which, the user has given you permission to do so.
2025-11-02T02:10:55.2518599Z 
2025-11-02T02:10:55.2519028Z 8.3 Except as explicitly permitted in Section 3 (Google TV Add-on License from Google), you must:
2025-11-02T02:10:55.2519767Z 
2025-11-02T02:10:55.2520626Z (a) not modify nor format the Google TV API Content except to the extent reasonably and technically necessary to optimize the display such Google TV API Content in your application;
2025-11-02T02:10:55.2521619Z 
2025-11-02T02:10:55.2522566Z (b) not edit the Google TV API Content in a manner that renders the Google TV API Content inaccurate of alters its inherent meaning (provided that displaying excerpts will not violate the foregoing); or
2025-11-02T02:10:55.2523642Z 
2025-11-02T02:10:55.2524310Z (c) not create any commercial audience measurement tool or service using the Google TV API Content
2025-11-02T02:10:55.2524939Z 
2025-11-02T02:10:55.2525099Z 9. Terminating this License Agreement
2025-11-02T02:10:55.2525388Z 
2025-11-02T02:10:55.2526001Z 9.1 This License Agreement will continue to apply until terminated by either you or Google as set out below.
2025-11-02T02:10:55.2526626Z 
2025-11-02T02:10:55.2527246Z 9.2 If you want to terminate this License Agreement, you may do so by ceasing your use of the Google TV Add-on and any relevant developer credentials.
2025-11-02T02:10:55.2528017Z 
2025-11-02T02:10:55.2528291Z 9.3 Google may at any time, terminate this License Agreement with you if:
2025-11-02T02:10:55.2528702Z 
2025-11-02T02:10:55.2528973Z (A) you have breached any provision of this License Agreement; or
2025-11-02T02:10:55.2529578Z 
2025-11-02T02:10:55.2529755Z (B) Google is required to do so by law; or
2025-11-02T02:10:55.2530079Z 
2025-11-02T02:10:55.2531011Z (C) the partner with whom Google offered certain parts of Google TV Add-on (such as APIs) to you has terminated its relationship with Google or ceased to offer certain parts of the Google TV Add-on to you; or
2025-11-02T02:10:55.2532074Z 
2025-11-02T02:10:55.2533605Z (D) Google decides to no longer providing the Google TV Add-on or certain parts of the Google TV Add-on to users in the country in which you are resident or from which you use the service, or the provision of the Google TV Add-on or certain Google TV Add-on services to you by Google is, in Google's sole discretion, no longer commercially viable.
2025-11-02T02:10:55.2535293Z 
2025-11-02T02:10:55.2537450Z 9.4 When this License Agreement comes to an end, all of the legal rights, obligations and liabilities that you and Google have benefited from, been subject to (or which have accrued over time whilst this License Agreement has been in force) or which are expressed to continue indefinitely, shall be unaffected by this cessation, and the provisions of paragraph 14.7 shall continue to apply to such rights, obligations and liabilities indefinitely.
2025-11-02T02:10:55.2540110Z 
2025-11-02T02:10:55.2540265Z 10. DISCLAIMER OF WARRANTIES
2025-11-02T02:10:55.2540525Z 
2025-11-02T02:10:55.2541403Z 10.1 YOU EXPRESSLY UNDERSTAND AND AGREE THAT YOUR USE OF THE GOOGLE TV ADD-ON IS AT YOUR SOLE RISK AND THAT THE GOOGLE TV ADD-ON IS PROVIDED "AS IS" AND "AS AVAILABLE" WITHOUT WARRANTY OF ANY KIND FROM GOOGLE.
2025-11-02T02:10:55.2542418Z 
2025-11-02T02:10:55.2543750Z 10.2 YOUR USE OF THE GOOGLE TV ADD-ON AND ANY MATERIAL DOWNLOADED OR OTHERWISE OBTAINED THROUGH THE USE OF THE GOOGLE TV ADD-ON IS AT YOUR OWN DISCRETION AND RISK AND YOU ARE SOLELY RESPONSIBLE FOR ANY DAMAGE TO YOUR COMPUTER SYSTEM OR OTHER DEVICE OR LOSS OF DATA THAT RESULTS FROM SUCH USE.
2025-11-02T02:10:55.2545188Z 
2025-11-02T02:10:55.2546484Z 10.3 GOOGLE FURTHER EXPRESSLY DISCLAIMS ALL WARRANTIES AND CONDITIONS OF ANY KIND, WHETHER EXPRESS OR IMPLIED, INCLUDING, BUT NOT LIMITED TO THE IMPLIED WARRANTIES AND CONDITIONS OF MERCHANTABILITY, FITNESS FOR A PARTICULAR PURPOSE AND NON-INFRINGEMENT.
2025-11-02T02:10:55.2547911Z 
2025-11-02T02:10:55.2548051Z 11. LIMITATION OF LIABILITY
2025-11-02T02:10:55.2548284Z 
2025-11-02T02:10:55.2550575Z 11.1 YOU EXPRESSLY UNDERSTAND AND AGREE THAT GOOGLE, ITS SUBSIDIARIES AND AFFILIATES, AND ITS LICENSORS SHALL NOT BE LIABLE TO YOU UNDER ANY THEORY OF LIABILITY FOR ANY DIRECT, INDIRECT, INCIDENTAL, SPECIAL CONSEQUENTIAL OR EXEMPLARY DAMAGES THAT MAY BE INCURRED BY YOU, INCLUDING ANY LOSS OF DATA, WHETHER OR NOT GOOGLE OR ITS REPRESENTATIVES HAVE BEEN ADVISED OF OR SHOULD HAVE BEEN AWARE OF THE POSSIBILITY OF ANY SUCH LOSSES ARISING.
2025-11-02T02:10:55.2552824Z 
2025-11-02T02:10:55.2552962Z 12. Indemnification
2025-11-02T02:10:55.2553156Z 
2025-11-02T02:10:55.2556903Z 12.1 To the maximum extent permitted by law, you agree to defend, indemnify and hold harmless Google, its affiliates and their respective directors, officers, employees and agents from and against any and all claims, actions, suits or proceedings, as well as any and all losses, liabilities, damages, costs and expenses (including reasonable attorneys fees) arising out of or accruing from (a) your use of the Google TV Add-on, (b) any application you develop on the Google TV Add-on that infringes any copyright, trademark, trade secret, trade dress, patent or other intellectual property right of any person or defames any person or violates their rights of publicity or privacy, and (c) any non-compliance by you with this License Agreement.
2025-11-02T02:10:55.2560792Z 
2025-11-02T02:10:55.2560954Z 13. Changes to the License Agreement
2025-11-02T02:10:55.2561362Z 
2025-11-02T02:10:55.2561836Z 13.1 Google may make changes to the License Agreement as it distributes new versions of the Google TV Add-on.
2025-11-02T02:10:55.2562513Z 
2025-11-02T02:10:55.2562644Z 14. General Legal Terms
2025-11-02T02:10:55.2562860Z 
2025-11-02T02:10:55.2564457Z 14.1 This License Agreement constitute the whole legal agreement between you and Google and govern your use of the Google TV Add-on (excluding any services which Google may provide to you under a separate written agreement), and completely replace any prior agreements between you and Google in relation to the Google TV Add-on.
2025-11-02T02:10:55.2566211Z 
2025-11-02T02:10:55.2567698Z 14.2 You agree that if Google does not exercise or enforce any legal right or remedy which is contained in this License Agreement (or which Google has the benefit of under any applicable law), this will not be taken to be a formal waiver of Google's rights and that those rights or remedies will still be available to Google.
2025-11-02T02:10:55.2569478Z 
2025-11-02T02:10:55.2571224Z 14.3 If any court of law, having the jurisdiction to decide on this matter, rules that any provision of this License Agreement is invalid, then that provision will be removed from this License Agreement without affecting the rest of this License Agreement. The remaining provisions of this License Agreement will continue to be valid and enforceable.
2025-11-02T02:10:55.2573281Z 
2025-11-02T02:10:55.2576249Z 14.4 You acknowledge and agree that Google’s API data licensors and each member of the group of companies of which Google is the parent shall be third party beneficiaries to this License Agreement and that such other companies shall be entitled to directly enforce, and rely upon, any provision of this License Agreement that confers a benefit on (or rights in favor of) them. Other than this, no other person or company shall be third party beneficiaries to this License Agreement.
2025-11-02T02:10:55.2579032Z 
2025-11-02T02:10:55.2580567Z 14.5 EXPORT RESTRICTIONS. THE GOOGLE TV ADD-ON IS SUBJECT TO UNITED STATES EXPORT LAWS AND REGULATIONS. YOU MUST COMPLY WITH ALL DOMESTIC AND INTERNATIONAL EXPORT LAWS AND REGULATIONS THAT APPLY TO THE GOOGLE TV ADD-ON. THESE LAWS INCLUDE RESTRICTIONS ON DESTINATIONS, END USERS AND END USE.
2025-11-02T02:10:55.2582122Z 
2025-11-02T02:10:55.2583804Z 14.6 The rights granted in this License Agreement may not be assigned or transferred by either you or Google without the prior written approval of the other party. Neither you nor Google shall be permitted to delegate their responsibilities or obligations under this License Agreement without the prior written approval of the other party.
2025-11-02T02:10:55.2585645Z 
2025-11-02T02:10:55.2588456Z 14.7 This License Agreement, and your relationship with Google under this License Agreement, shall be governed by the laws of the State of California without regard to its conflict of laws provisions. You and Google agree to submit to the exclusive jurisdiction of the courts located within the county of Santa Clara, California to resolve any legal matter arising from this License Agreement. Notwithstanding this, you agree that Google shall still be allowed to apply for injunctive remedies (or an equivalent type of urgent legal relief) in any jurisdiction.
2025-11-02T02:10:55.2591531Z 
2025-11-02T02:10:55.2591539Z 
2025-11-02T02:10:55.2591674Z August 15, 2011
2025-11-02T02:10:55.2591997Z ---------------------------------------
2025-11-02T02:10:55.2592597Z Accept? (y/N): 
2025-11-02T02:10:55.2592953Z 2/6: License android-googlexr-license:
2025-11-02T02:10:55.2593386Z ---------------------------------------
2025-11-02T02:10:55.2594863Z To get started with the Android XR Emulator System Image SDK, you must agree to the following terms and conditions. As described below, please note that this is a preview, emulated version of the Android XR OS, subject to change, that you use at your own risk.
2025-11-02T02:10:55.2596298Z 
2025-11-02T02:10:55.2596577Z This is the Android XR Emulator System Image SDK License Agreement
2025-11-02T02:10:55.2596993Z 
2025-11-02T02:10:55.2597123Z 1. Introduction
2025-11-02T02:10:55.2597311Z 
2025-11-02T02:10:55.2599614Z 1.1 The Android Android XR Emulator System Image SDK (referred to in the License Agreement as the "SDK" and specifically including the Android system files,, packaged APIs, library files (if and when they are made available), and Google applications and APIs add-ons) is licensed to you subject to the terms of the License Agreement. The License Agreement forms a legally binding contract between you and Google in relation to your use of the SDK.
2025-11-02T02:10:55.2601912Z 
2025-11-02T02:10:55.2602948Z 1.2 "Android" means the Android software stack for devices, as made available under the Android Open Source Project, which is located at the following URL: https://source.android.com/, as updated from time to time.
2025-11-02T02:10:55.2604109Z 
2025-11-02T02:10:55.2605106Z 1.3 "Google" means Google LLC, organized under the laws of the State of Delaware, USA, and operating under the laws of the USA with principal place of business at 1600 Amphitheatre Parkway, Mountain View, CA 94043, USA.
2025-11-02T02:10:55.2606226Z 
2025-11-02T02:10:55.2606389Z 2. Accepting this License Agreement
2025-11-02T02:10:55.2606675Z 
2025-11-02T02:10:55.2607056Z 2.1 In order to use the SDK, you must first agree to the License Agreement. You may not use the SDK if you do not accept the License Agreement.
2025-11-02T02:10:55.2607698Z 
2025-11-02T02:10:55.2607956Z 2.2 By clicking to accept and/or using this SDK, you hereby agree to the terms of the License Agreement.
2025-11-02T02:10:55.2608296Z 
2025-11-02T02:10:55.2608959Z 2.3 You may not use the SDK and may not accept the License Agreement if you are a person barred from receiving the SDK under the laws of the United States or other countries, including the country in which you are resident or from which you use the SDK.
2025-11-02T02:10:55.2610028Z 
2025-11-02T02:10:55.2611018Z 2.4 If you are agreeing to be bound by the License Agreement on behalf of your employer or other entity, you represent and warrant that you have full legal authority to bind your employer or such entity to the License Agreement. If you do not have the requisite authority, you may not accept the License Agreement or use the SDK on behalf of your employer or other entity.
2025-11-02T02:10:55.2612091Z 
2025-11-02T02:10:55.2612183Z 3. SDK License from Google
2025-11-02T02:10:55.2612327Z 
2025-11-02T02:10:55.2612980Z 3.1 Subject to the terms of the License Agreement, Google grants you a limited, worldwide, royalty-free, non-assignable, non-exclusive, and non-sublicensable license to use the SDK solely to develop applications for Android XR.
2025-11-02T02:10:55.2613698Z 
2025-11-02T02:10:55.2614283Z 3.2 You may not use this SDK to develop applications for other platforms or to develop another SDK. You are of course free to develop applications for other platforms provided that this SDK is not used for that purpose.
2025-11-02T02:10:55.2614950Z 
2025-11-02T02:10:55.2616023Z 3.3 You agree that Google or third parties own all legal right, title and interest in and to the SDK, including any Intellectual Property Rights that subsist in the SDK. "Intellectual Property Rights" means any and all rights under patent law, copyright law, trade secret law, trademark law, and any and all other proprietary rights. Google reserves all rights not expressly granted to you.
2025-11-02T02:10:55.2617184Z 
2025-11-02T02:10:55.2618928Z 3.4 You may not use the SDK for any purpose not expressly permitted by the License Agreement. Except to the extent required by applicable third party licenses, you may not (a) copy (except for backup purposes), modify, adapt, redistribute, decompile, reverse engineer, disassemble, or create derivative works of the SDK or any part of the SDK; or (b) load any part of the SDK onto a mobile handset or any other hardware device except a personal computer, combine any part of the SDK with other software, or distribute any software or device incorporating a part of the SDK.
2025-11-02T02:10:55.2620691Z 
2025-11-02T02:10:55.2621868Z 3.5 Use, reproduction and distribution of components of the SDK licensed under an open source software license are governed solely by the terms of that open source software license and not the License Agreement. You agree to remain a licensee in good standing in regard to such open source software licenses under all the rights granted and to refrain from any actions that may terminate, suspend, or breach such rights.
2025-11-02T02:10:55.2623121Z 
2025-11-02T02:10:55.2624277Z 3.6 You agree that the form and nature of the SDK that Google provides may change without prior notice to you and that future versions of the SDK may be incompatible with applications developed on previous versions of the SDK. You agree that Google may stop (permanently or temporarily) providing the SDK (or any features within the SDK) to you or to users generally at Google's sole discretion, without prior notice to you.
2025-11-02T02:10:55.2625514Z 
2025-11-02T02:10:55.2625972Z 3.7 Nothing in the License Agreement gives you a right to use any of Google's trade names, trademarks, service marks, logos, domain names, or other distinctive brand features.
2025-11-02T02:10:55.2626501Z 
2025-11-02T02:10:55.2626994Z 3.8 You agree that you will not remove, obscure, or alter any proprietary rights notices (including copyright and trademark notices) that may be affixed to or contained within the SDK.
2025-11-02T02:10:55.2627708Z 
2025-11-02T02:10:55.2627791Z 4. Use of the SDK by You
2025-11-02T02:10:55.2627923Z 
2025-11-02T02:10:55.2628645Z 4.1 Google agrees that it obtains no right, title or interest from you (or your licensors) under the License Agreement in or to any software applications that you develop using the SDK, including any intellectual property rights that subsist in those applications.
2025-11-02T02:10:55.2629539Z 
2025-11-02T02:10:55.2630518Z 4.2 You agree to use the SDK and write applications only for purposes that are permitted by (a) the License Agreement and (b) any applicable law, regulation or generally accepted practices or guidelines in the relevant jurisdictions (including any laws regarding the export of data or software to and from the United States or other relevant countries).
2025-11-02T02:10:55.2631562Z 
2025-11-02T02:10:55.2633781Z 4.3 You agree that if you use the SDK to develop applications for general public users, you will protect the privacy and legal rights of those users. If the users provide you with user names, passwords, or other login information or personal information, you must make the users aware that the information will be available to your application, and you must provide legally adequate privacy notice and protection for those users. If your application stores personal or sensitive information provided by users, it must do so securely. If the user provides your application with Google Account information, your application may only use that information to access the user's Google Account when, and for the limited purposes for which, the user has given you permission to do so.
2025-11-02T02:10:55.2636044Z 
2025-11-02T02:10:55.2637025Z 4.4 You agree that you will not engage in any activity with the SDK, including the development or distribution of an application, that interferes with, disrupts, damages, or accesses in an unauthorized manner the servers, networks, or other properties or services of any third party including, but not limited to, Google or any mobile communications carrier.
2025-11-02T02:10:55.2638086Z 
2025-11-02T02:10:55.2639246Z 4.5 You agree that you are solely responsible for (and that Google has no responsibility to you or to any third party for) any data, content, or resources that you create, transmit or display through Android and/or applications for Android, and for the consequences of your actions (including any loss or damage which Google may suffer) by doing so.
2025-11-02T02:10:55.2640285Z 
2025-11-02T02:10:55.2641363Z 4.6 You agree that you are solely responsible for (and that Google has no responsibility to you or to any third party for) any breach of your obligations under the License Agreement, any applicable third party contract or Terms of Service, or any applicable law or regulation, and for the consequences (including any loss or damage which Google or any third party may suffer) of any such breach.
2025-11-02T02:10:55.2642514Z 
2025-11-02T02:10:55.2643324Z 4.7 The SDK is in development, and your testing and feedback are an important part of the development process. By using the SDK, you acknowledge that implementation of some features are still under development and that you should not rely on the SDK having the full functionality of a stable release.
2025-11-02T02:10:55.2644214Z 
2025-11-02T02:10:55.2644306Z 5. Your Developer Credentials
2025-11-02T02:10:55.2644453Z 
2025-11-02T02:10:55.2645228Z 5.1 You agree that you are responsible for maintaining the confidentiality of any developer credentials that may be issued to you by Google or which you may choose yourself and that you will be solely responsible for all applications that are developed under your developer credentials.
2025-11-02T02:10:55.2646086Z 
2025-11-02T02:10:55.2646167Z 6. Privacy and Information
2025-11-02T02:10:55.2646300Z 
2025-11-02T02:10:55.2647655Z 6.1 In order to continually innovate and improve the SDK, Google may collect certain usage statistics from the software including but not limited to a unique identifier, associated IP address, version number of the software, and information on which tools and/or services in the SDK are being used and how they are being used. Before any of this information is collected, the SDK will notify you and seek your consent. If you withhold consent, the information will not be collected.
2025-11-02T02:10:55.2649387Z 
2025-11-02T02:10:55.2649970Z 6.2 The data collected is examined in the aggregate to improve the SDK and is maintained in accordance with Google's Privacy Policy, which is located at the following URL: https://policies.google.com/privacy
2025-11-02T02:10:55.2650612Z 
2025-11-02T02:10:55.2650868Z 6.3 Anonymized and aggregated sets of the data may be shared with Google partners to improve the SDK.
2025-11-02T02:10:55.2651216Z 
2025-11-02T02:10:55.2651301Z 7. Third Party Applications
2025-11-02T02:10:55.2651442Z 
2025-11-02T02:10:55.2653091Z 7.1 If you use the SDK to run applications developed by a third party or that access data, content or resources provided by a third party, you agree that Google is not responsible for those applications, data, content, or resources. You understand that all data, content or resources which you may access through such third party applications are the sole responsibility of the person from which they originated and that Google is not liable for any loss or damage that you may experience as a result of the use or access of any of those third party applications, data, content, or resources.
2025-11-02T02:10:55.2654783Z 
2025-11-02T02:10:55.2656158Z 7.2 You should be aware that the data, content, and resources presented to you through such a third party application may be protected by intellectual property rights which are owned by the providers (or by other persons or companies on their behalf). You may not modify, rent, lease, loan, sell, distribute or create derivative works based on these data, content, or resources (either in whole or in part) unless you have been specifically given permission to do so by the relevant owners.
2025-11-02T02:10:55.2657574Z 
2025-11-02T02:10:55.2658431Z 7.3 You acknowledge that your use of such third party applications, data, content, or resources may be subject to separate terms between you and the relevant third party. In that case, the License Agreement does not affect your legal relationship with these third parties.
2025-11-02T02:10:55.2659357Z 
2025-11-02T02:10:55.2659437Z 8. Using Android APIs
2025-11-02T02:10:55.2659567Z 
2025-11-02T02:10:55.2659639Z 8.1 Google Data APIs
2025-11-02T02:10:55.2659756Z 
2025-11-02T02:10:55.2661097Z 8.1.1 If you use any API to retrieve data from Google, you acknowledge that the data may be protected by intellectual property rights which are owned by Google or those parties that provide the data (or by other persons or companies on their behalf). Your use of any such API may be subject to additional Terms of Service. You may not modify, rent, lease, loan, sell, distribute or create derivative works based on this data (either in whole or in part) unless allowed by the relevant Terms of Service.
2025-11-02T02:10:55.2662513Z 
2025-11-02T02:10:55.2664913Z 8.1.2 If you use any API to retrieve a user's data from Google, you acknowledge and agree that you shall retrieve data only with the user's explicit consent and only when, and for the limited purposes for which, the user has given you permission to do so. If you use the Android Recognition Service API, documented at the following URL: https://developer.android.com/reference/android/speech/RecognitionService, as updated from time to time, you acknowledge that the use of the API is subject to the Data Processing Addendum for Products where Google is a Data Processor, which is located at the following URL: https://privacy.google.com/businesses/gdprprocessorterms/, as updated from time to time. By clicking to accept, you hereby agree to the terms of the Data Processing Addendum for Products where Google is a Data Processor.
2025-11-02T02:10:55.2667337Z 
2025-11-02T02:10:55.2667441Z 9. Terminating this License Agreement
2025-11-02T02:10:55.2667725Z 
2025-11-02T02:10:55.2668005Z 9.1 The License Agreement will continue to apply until terminated by either you or Google as set out below.
2025-11-02T02:10:55.2668374Z 
2025-11-02T02:10:55.2668703Z 9.2 If you want to terminate the License Agreement, you may do so by ceasing your use of the SDK and any relevant developer credentials.
2025-11-02T02:10:55.2669240Z 
2025-11-02T02:10:55.2670995Z 9.3 Google may at any time, terminate the License Agreement with you if: (A) you have breached any provision of the License Agreement; or (B) Google is required to do so by law; or (C) the partner with whom Google offered certain parts of SDK (such as APIs) to you has terminated its relationship with Google or ceased to offer certain parts of the SDK to you; or (D) Google decides to no longer provide the SDK or certain parts of the SDK to users in the country in which you are resident or from which you use the service, or the provision of the SDK or certain SDK services to you by Google is, in Google's sole discretion, no longer commercially viable.
2025-11-02T02:10:55.2672763Z 
2025-11-02T02:10:55.2674005Z 9.4 When the License Agreement comes to an end, all of the legal rights, obligations and liabilities that you and Google have benefited from, been subject to (or which have accrued over time whilst the License Agreement has been in force) or which are expressed to continue indefinitely, shall be unaffected by this cessation, and the provisions of paragraph 14.7 shall continue to apply to such rights, obligations and liabilities indefinitely.
2025-11-02T02:10:55.2675294Z 
2025-11-02T02:10:55.2675383Z 10. DISCLAIMER OF WARRANTIES
2025-11-02T02:10:55.2675526Z 
2025-11-02T02:10:55.2675968Z 10.1 YOU EXPRESSLY UNDERSTAND AND AGREE THAT YOUR USE OF THE SDK IS AT YOUR SOLE RISK AND THAT THE SDK IS PROVIDED "AS IS" AND "AS AVAILABLE" WITHOUT WARRANTY OF ANY KIND FROM GOOGLE.
2025-11-02T02:10:55.2676493Z 
2025-11-02T02:10:55.2677295Z 10.2 YOUR USE OF THE SDK AND ANY MATERIAL DOWNLOADED OR OTHERWISE OBTAINED THROUGH THE USE OF THE SDK IS AT YOUR OWN DISCRETION AND RISK AND YOU ARE SOLELY RESPONSIBLE FOR ANY DAMAGE TO YOUR COMPUTER SYSTEM OR OTHER DEVICE OR LOSS OF DATA THAT RESULTS FROM SUCH USE.
2025-11-02T02:10:55.2678077Z 
2025-11-02T02:10:55.2678795Z 10.3 GOOGLE FURTHER EXPRESSLY DISCLAIMS ALL WARRANTIES AND CONDITIONS OF ANY KIND, WHETHER EXPRESS OR IMPLIED, INCLUDING, BUT NOT LIMITED TO THE IMPLIED WARRANTIES AND CONDITIONS OF MERCHANTABILITY, FITNESS FOR A PARTICULAR PURPOSE AND NON-INFRINGEMENT.
2025-11-02T02:10:55.2679706Z 
2025-11-02T02:10:55.2679789Z 11. LIMITATION OF LIABILITY
2025-11-02T02:10:55.2679932Z 
2025-11-02T02:10:55.2681144Z 11.1 YOU EXPRESSLY UNDERSTAND AND AGREE THAT GOOGLE, ITS SUBSIDIARIES AND AFFILIATES, AND ITS LICENSORS SHALL NOT BE LIABLE TO YOU UNDER ANY THEORY OF LIABILITY FOR ANY DIRECT, INDIRECT, INCIDENTAL, SPECIAL, CONSEQUENTIAL OR EXEMPLARY DAMAGES THAT MAY BE INCURRED BY YOU, INCLUDING ANY LOSS OF DATA, WHETHER OR NOT GOOGLE OR ITS REPRESENTATIVES HAVE BEEN ADVISED OF OR SHOULD HAVE BEEN AWARE OF THE POSSIBILITY OF ANY SUCH LOSSES ARISING.
2025-11-02T02:10:55.2682446Z 
2025-11-02T02:10:55.2682524Z 12. Indemnification
2025-11-02T02:10:55.2682638Z 
2025-11-02T02:10:55.2684686Z 12.1 To the maximum extent permitted by law, you agree to defend, indemnify and hold harmless Google, its affiliates and their respective directors, officers, employees and agents from and against any and all claims, actions, suits or proceedings, as well as any and all losses, liabilities, damages, costs and expenses (including reasonable attorneys fees) arising out of or accruing from (a) your use of the SDK, (b) any application you develop on the SDK that infringes any copyright, trademark, trade secret, trade dress, patent or other intellectual property right of any person or defames any person or violates their rights of publicity or privacy, and (c) any non-compliance by you with the License Agreement.
2025-11-02T02:10:55.2686747Z 
2025-11-02T02:10:55.2686842Z 13. Changes to the License Agreement
2025-11-02T02:10:55.2687120Z 
2025-11-02T02:10:55.2687751Z 13.1 Google may make changes to the License Agreement as it distributes new versions of the SDK. When these changes are made, Google will make a new version of the License Agreement available on the website where the SDK is made available.
2025-11-02T02:10:55.2688459Z 
2025-11-02T02:10:55.2688538Z 14. General Legal Terms
2025-11-02T02:10:55.2688661Z 
2025-11-02T02:10:55.2689635Z 14.1 The License Agreement constitutes the whole legal agreement between you and Google and governs your use of the SDK (excluding any services which Google may provide to you under a separate written agreement), and completely replaces any prior agreements between you and Google in relation to the SDK.
2025-11-02T02:10:55.2690561Z 
2025-11-02T02:10:55.2691412Z 14.2 You agree that if Google does not exercise or enforce any legal right or remedy which is contained in the License Agreement (or which Google has the benefit of under any applicable law), this will not be taken to be a formal waiver of Google's rights and that those rights or remedies will still be available to Google.
2025-11-02T02:10:55.2692351Z 
2025-11-02T02:10:55.2693289Z 14.3 If any court of law, having the jurisdiction to decide on this matter, rules that any provision of the License Agreement is invalid, then that provision will be removed from the License Agreement without affecting the rest of the License Agreement. The remaining provisions of the License Agreement will continue to be valid and enforceable.
2025-11-02T02:10:55.2694318Z 
2025-11-02T02:10:55.2695756Z 14.4 You acknowledge and agree that each member of the group of companies of which Google is the parent shall be third party beneficiaries to the License Agreement and that such other companies shall be entitled to directly enforce, and rely upon, any provision of the License Agreement that confers a benefit on (or rights in favor of) them. Other than this, no other person or company shall be third party beneficiaries to the License Agreement.
2025-11-02T02:10:55.2697062Z 
2025-11-02T02:10:55.2697916Z 14.5 EXPORT RESTRICTIONS. THE SDK IS SUBJECT TO UNITED STATES EXPORT LAWS AND REGULATIONS. YOU MUST COMPLY WITH ALL DOMESTIC AND INTERNATIONAL EXPORT LAWS AND REGULATIONS THAT APPLY TO THE SDK. THESE LAWS INCLUDE RESTRICTIONS ON DESTINATIONS, END USERS AND END USE.
2025-11-02T02:10:55.2698742Z 
2025-11-02T02:10:55.2699809Z 14.6 The rights granted in the License Agreement may not be assigned or transferred by either you or Google without the prior written approval of the other party. Neither you nor Google shall be permitted to delegate their responsibilities or obligations under the License Agreement without the prior written approval of the other party.
2025-11-02T02:10:55.2700835Z 
2025-11-02T02:10:55.2702414Z 14.7 The License Agreement, and your relationship with Google under the License Agreement, shall be governed by the laws of the State of California without regard to its conflict of laws provisions. You and Google agree to submit to the exclusive jurisdiction of the courts located within the county of Santa Clara, California to resolve any legal matter arising from the License Agreement. Notwithstanding this, you agree that Google shall still be allowed to apply for injunctive remedies (or an equivalent type of urgent legal relief) in any jurisdiction.
2025-11-02T02:10:55.2704152Z ---------------------------------------
2025-11-02T02:10:55.2704388Z Accept? (y/N): 
2025-11-02T02:10:55.2704601Z 3/6: License android-sdk-arm-dbt-license:
2025-11-02T02:10:55.2704861Z ---------------------------------------
2025-11-02T02:10:55.2705087Z Terms and Conditions
2025-11-02T02:10:55.2705326Z 
2025-11-02T02:10:55.2705537Z This is the Android Software Development Kit License Agreement
2025-11-02T02:10:55.2705885Z 
2025-11-02T02:10:55.2706012Z 1. Introduction
2025-11-02T02:10:55.2706175Z 
2025-11-02T02:10:55.2707686Z 1.1 The Android Software Development Kit (referred to in the License Agreement as the "SDK" and specifically including the Android system files, packaged APIs, and Google APIs add-ons) is licensed to you subject to the terms of the License Agreement. The License Agreement forms a legally binding contract between you and Google in relation to your use of the SDK.
2025-11-02T02:10:55.2709593Z 
2025-11-02T02:10:55.2710200Z 1.2 "Android" means the Android software stack for devices, as made available under the Android Open Source Project, which is located at the following URL: http://source.android.com/, as updated from time to time.
2025-11-02T02:10:55.2710869Z 
2025-11-02T02:10:55.2711859Z 1.3 A "compatible implementation" means any Android device that (i) complies with the Android Compatibility Definition document, which can be found at the Android compatibility website (http://source.android.com/compatibility) and which may be updated from time to time; and (ii) successfully passes the Android Compatibility Test Suite (CTS).
2025-11-02T02:10:55.2712936Z 
2025-11-02T02:10:55.2713352Z 1.4 "Google" means Google Inc., a Delaware corporation with principal place of business at 1600 Amphitheatre Parkway, Mountain View, CA 94043, United States.
2025-11-02T02:10:55.2713867Z 
2025-11-02T02:10:55.2713877Z 
2025-11-02T02:10:55.2713969Z 2. Accepting the License Agreement
2025-11-02T02:10:55.2714134Z 
2025-11-02T02:10:55.2714483Z 2.1 In order to use the SDK, you must first agree to the License Agreement. You may not use the SDK if you do not accept the License Agreement.
2025-11-02T02:10:55.2714903Z 
2025-11-02T02:10:55.2715095Z 2.2 By clicking to accept, you hereby agree to the terms of the License Agreement.
2025-11-02T02:10:55.2715377Z 
2025-11-02T02:10:55.2716038Z 2.3 You may not use the SDK and may not accept the License Agreement if you are a person barred from receiving the SDK under the laws of the United States or other countries, including the country in which you are resident or from which you use the SDK.
2025-11-02T02:10:55.2716780Z 
2025-11-02T02:10:55.2717904Z 2.4 If you are agreeing to be bound by the License Agreement on behalf of your employer or other entity, you represent and warrant that you have full legal authority to bind your employer or such entity to the License Agreement. If you do not have the requisite authority, you may not accept the License Agreement or use the SDK on behalf of your employer or other entity.
2025-11-02T02:10:55.2718979Z 
2025-11-02T02:10:55.2718983Z 
2025-11-02T02:10:55.2719243Z 3. SDK License from Google
2025-11-02T02:10:55.2719415Z 
2025-11-02T02:10:55.2720138Z 3.1 Subject to the terms of the License Agreement, Google grants you a limited, worldwide, royalty-free, non-assignable, non-exclusive, and non-sublicensable license to use the SDK solely to develop applications for compatible implementations of Android.
2025-11-02T02:10:55.2720941Z 
2025-11-02T02:10:55.2721889Z 3.2 You may not use this SDK to develop applications for other platforms (including non-compatible implementations of Android) or to develop another SDK. You are of course free to develop applications for other platforms, including non-compatible implementations of Android, provided that this SDK is not used for that purpose.
2025-11-02T02:10:55.2722901Z 
2025-11-02T02:10:55.2723985Z 3.3 You agree that Google or third parties own all legal right, title and interest in and to the SDK, including any Intellectual Property Rights that subsist in the SDK. "Intellectual Property Rights" means any and all rights under patent law, copyright law, trade secret law, trademark law, and any and all other proprietary rights. Google reserves all rights not expressly granted to you.
2025-11-02T02:10:55.2725138Z 
2025-11-02T02:10:55.2726082Z 3.4 You may not use the SDK for any purpose not expressly permitted by the License Agreement. Except to the extent required by applicable third party licenses, you may not copy (except for backup purposes), modify, adapt, redistribute, decompile, reverse engineer, disassemble, or create derivative works of the SDK or any part of the SDK.
2025-11-02T02:10:55.2727115Z 
2025-11-02T02:10:55.2727686Z 3.5 Use, reproduction and distribution of components of the SDK licensed under an open source software license are governed solely by the terms of that open source software license and not the License Agreement.
2025-11-02T02:10:55.2728463Z 
2025-11-02T02:10:55.2729817Z 3.6 You agree that the form and nature of the SDK that Google provides may change without prior notice to you and that future versions of the SDK may be incompatible with applications developed on previous versions of the SDK. You agree that Google may stop (permanently or temporarily) providing the SDK (or any features within the SDK) to you or to users generally at Google's sole discretion, without prior notice to you.
2025-11-02T02:10:55.2731079Z 
2025-11-02T02:10:55.2731530Z 3.7 Nothing in the License Agreement gives you a right to use any of Google's trade names, trademarks, service marks, logos, domain names, or other distinctive brand features.
2025-11-02T02:10:55.2732063Z 
2025-11-02T02:10:55.2732566Z 3.8 You agree that you will not remove, obscure, or alter any proprietary rights notices (including copyright and trademark notices) that may be affixed to or contained within the SDK.
2025-11-02T02:10:55.2733152Z 
2025-11-02T02:10:55.2733163Z 
2025-11-02T02:10:55.2733249Z 4. Use of the SDK by You
2025-11-02T02:10:55.2733380Z 
2025-11-02T02:10:55.2734093Z 4.1 Google agrees that it obtains no right, title or interest from you (or your licensors) under the License Agreement in or to any software applications that you develop using the SDK, including any intellectual property rights that subsist in those applications.
2025-11-02T02:10:55.2734899Z 
2025-11-02T02:10:55.2735871Z 4.2 You agree to use the SDK and write applications only for purposes that are permitted by (a) the License Agreement and (b) any applicable law, regulation or generally accepted practices or guidelines in the relevant jurisdictions (including any laws regarding the export of data or software to and from the United States or other relevant countries).
2025-11-02T02:10:55.2736914Z 
2025-11-02T02:10:55.2739440Z 4.3 You agree that if you use the SDK to develop applications for general public users, you will protect the privacy and legal rights of those users. If the users provide you with user names, passwords, or other login information or personal information, you must make the users aware that the information will be available to your application, and you must provide legally adequate privacy notice and protection for those users. If your application stores personal or sensitive information provided by users, it must do so securely. If the user provides your application with Google Account information, your application may only use that information to access the user's Google Account when, and for the limited purposes for which, the user has given you permission to do so.
2025-11-02T02:10:55.2741754Z 
2025-11-02T02:10:55.2742766Z 4.4 You agree that you will not engage in any activity with the SDK, including the development or distribution of an application, that interferes with, disrupts, damages, or accesses in an unauthorized manner the servers, networks, or other properties or services of any third party including, but not limited to, Google or any mobile communications carrier.
2025-11-02T02:10:55.2743834Z 
2025-11-02T02:10:55.2744783Z 4.5 You agree that you are solely responsible for (and that Google has no responsibility to you or to any third party for) any data, content, or resources that you create, transmit or display through Android and/or applications for Android, and for the consequences of your actions (including any loss or damage which Google may suffer) by doing so.
2025-11-02T02:10:55.2745803Z 
2025-11-02T02:10:55.2746881Z 4.6 You agree that you are solely responsible for (and that Google has no responsibility to you or to any third party for) any breach of your obligations under the License Agreement, any applicable third party contract or Terms of Service, or any applicable law or regulation, and for the consequences (including any loss or damage which Google or any third party may suffer) of any such breach.
2025-11-02T02:10:55.2748132Z 
2025-11-02T02:10:55.2749664Z 4.7 This software enables the execution of intellectual property owned by Arm Limited. You agree that your use of the software, that allows execution of ARM Instruction Set Architecture (“ISA”) compliant executables for application development and debug only on x86 desktop, laptop, customer on-premise servers, and customer-procured cloud-based environments.
2025-11-02T02:10:55.2750782Z 
2025-11-02T02:10:55.2750872Z 5. Your Developer Credentials
2025-11-02T02:10:55.2751031Z 
2025-11-02T02:10:55.2751817Z 5.1 You agree that you are responsible for maintaining the confidentiality of any developer credentials that may be issued to you by Google or which you may choose yourself and that you will be solely responsible for all applications that are developed under your developer credentials.
2025-11-02T02:10:55.2752672Z 
2025-11-02T02:10:55.2752759Z 6. Privacy and Information
2025-11-02T02:10:55.2752897Z 
2025-11-02T02:10:55.2754223Z 6.1 In order to continually innovate and improve the SDK, Google may collect certain usage statistics from the software including but not limited to a unique identifier, associated IP address, version number of the software, and information on which tools and/or services in the SDK are being used and how they are being used. Before any of this information is collected, the SDK will notify you and seek your consent. If you withhold consent, the information will not be collected.
2025-11-02T02:10:55.2755629Z 
2025-11-02T02:10:55.2755963Z 6.2 The data collected is examined in the aggregate to improve the SDK and is maintained in accordance with Google's Privacy Policy.
2025-11-02T02:10:55.2756378Z 
2025-11-02T02:10:55.2756386Z 
2025-11-02T02:10:55.2756472Z 7. Third Party Applications
2025-11-02T02:10:55.2756614Z 
2025-11-02T02:10:55.2758373Z 7.1 If you use the SDK to run applications developed by a third party or that access data, content or resources provided by a third party, you agree that Google is not responsible for those applications, data, content, or resources. You understand that all data, content or resources which you may access through such third party applications are the sole responsibility of the person from which they originated and that Google is not liable for any loss or damage that you may experience as a result of the use or access of any of those third party applications, data, content, or resources.
2025-11-02T02:10:55.2760533Z 
2025-11-02T02:10:55.2761899Z 7.2 You should be aware the data, content, and resources presented to you through such a third party application may be protected by intellectual property rights which are owned by the providers (or by other persons or companies on their behalf). You may not modify, rent, lease, loan, sell, distribute or create derivative works based on these data, content, or resources (either in whole or in part) unless you have been specifically given permission to do so by the relevant owners.
2025-11-02T02:10:55.2763302Z 
2025-11-02T02:10:55.2764045Z 7.3 You acknowledge that your use of such third party applications, data, content, or resources may be subject to separate terms between you and the relevant third party. In that case, the License Agreement does not affect your legal relationship with these third parties.
2025-11-02T02:10:55.2764860Z 
2025-11-02T02:10:55.2764864Z 
2025-11-02T02:10:55.2764940Z 8. Using Android APIs
2025-11-02T02:10:55.2765071Z 
2025-11-02T02:10:55.2765144Z 8.1 Google Data APIs
2025-11-02T02:10:55.2765261Z 
2025-11-02T02:10:55.2766606Z 8.1.1 If you use any API to retrieve data from Google, you acknowledge that the data may be protected by intellectual property rights which are owned by Google or those parties that provide the data (or by other persons or companies on their behalf). Your use of any such API may be subject to additional Terms of Service. You may not modify, rent, lease, loan, sell, distribute or create derivative works based on this data (either in whole or in part) unless allowed by the relevant Terms of Service.
2025-11-02T02:10:55.2768009Z 
2025-11-02T02:10:55.2770736Z 8.1.2 If you use any API to retrieve a user's data from Google, you acknowledge and agree that you shall retrieve data only with the user's explicit consent and only when, and for the limited purposes for which, the user has given you permission to do so. If you use the Android Recognition Service API, documented at the following URL: https://developer.android.com/reference/android/speech/RecognitionService, as updated from time to time, you acknowledge that the use of the API is subject to the Data Processing Addendum for Products where Google is a Data Processor, which is located at the following URL: https://privacy.google.com/businesses/gdprprocessorterms/, as updated from time to time. By clicking to accept, you hereby agree to the terms of the Data Processing Addendum for Products where Google is a Data Processor.
2025-11-02T02:10:55.2773185Z 
2025-11-02T02:10:55.2773189Z 
2025-11-02T02:10:55.2773286Z 9. Terminating the License Agreement
2025-11-02T02:10:55.2773451Z 
2025-11-02T02:10:55.2773745Z 9.1 The License Agreement will continue to apply until terminated by either you or Google as set out below.
2025-11-02T02:10:55.2774108Z 
2025-11-02T02:10:55.2774434Z 9.2 If you want to terminate the License Agreement, you may do so by ceasing your use of the SDK and any relevant developer credentials.
2025-11-02T02:10:55.2774878Z 
2025-11-02T02:10:55.2776572Z 9.3 Google may at any time, terminate the License Agreement with you if: (A) you have breached any provision of the License Agreement; or (B) Google is required to do so by law; or (C) the partner with whom Google offered certain parts of SDK (such as APIs) to you has terminated its relationship with Google or ceased to offer certain parts of the SDK to you; or (D) Google decides to no longer provide the SDK or certain parts of the SDK to users in the country in which you are resident or from which you use the service, or the provision of the SDK or certain SDK services to you by Google is, in Google's sole discretion, no longer commercially viable.
2025-11-02T02:10:55.2778325Z 
2025-11-02T02:10:55.2779770Z 9.4 When the License Agreement comes to an end, all of the legal rights, obligations and liabilities that you and Google have benefited from, been subject to (or which have accrued over time whilst the License Agreement has been in force) or which are expressed to continue indefinitely, shall be unaffected by this cessation, and the provisions of paragraph 14.7 shall continue to apply to such rights, obligations and liabilities indefinitely.
2025-11-02T02:10:55.2781076Z 
2025-11-02T02:10:55.2781080Z 
2025-11-02T02:10:55.2781164Z 10. DISCLAIMER OF WARRANTIES
2025-11-02T02:10:55.2781306Z 
2025-11-02T02:10:55.2781751Z 10.1 YOU EXPRESSLY UNDERSTAND AND AGREE THAT YOUR USE OF THE SDK IS AT YOUR SOLE RISK AND THAT THE SDK IS PROVIDED "AS IS" AND "AS AVAILABLE" WITHOUT WARRANTY OF ANY KIND FROM GOOGLE.
2025-11-02T02:10:55.2782273Z 
2025-11-02T02:10:55.2782966Z 10.2 YOUR USE OF THE SDK AND ANY MATERIAL DOWNLOADED OR OTHERWISE OBTAINED THROUGH THE USE OF THE SDK IS AT YOUR OWN DISCRETION AND RISK AND YOU ARE SOLELY RESPONSIBLE FOR ANY DAMAGE TO YOUR COMPUTER SYSTEM OR OTHER DEVICE OR LOSS OF DATA THAT RESULTS FROM SUCH USE.
2025-11-02T02:10:55.2783741Z 
2025-11-02T02:10:55.2784453Z 10.3 GOOGLE FURTHER EXPRESSLY DISCLAIMS ALL WARRANTIES AND CONDITIONS OF ANY KIND, WHETHER EXPRESS OR IMPLIED, INCLUDING, BUT NOT LIMITED TO THE IMPLIED WARRANTIES AND CONDITIONS OF MERCHANTABILITY, FITNESS FOR A PARTICULAR PURPOSE AND NON-INFRINGEMENT.
2025-11-02T02:10:55.2785241Z 
2025-11-02T02:10:55.2785245Z 
2025-11-02T02:10:55.2785325Z 11. LIMITATION OF LIABILITY
2025-11-02T02:10:55.2785458Z 
2025-11-02T02:10:55.2786676Z 11.1 YOU EXPRESSLY UNDERSTAND AND AGREE THAT GOOGLE, ITS SUBSIDIARIES AND AFFILIATES, AND ITS LICENSORS SHALL NOT BE LIABLE TO YOU UNDER ANY THEORY OF LIABILITY FOR ANY DIRECT, INDIRECT, INCIDENTAL, SPECIAL, CONSEQUENTIAL OR EXEMPLARY DAMAGES THAT MAY BE INCURRED BY YOU, INCLUDING ANY LOSS OF DATA, WHETHER OR NOT GOOGLE OR ITS REPRESENTATIVES HAVE BEEN ADVISED OF OR SHOULD HAVE BEEN AWARE OF THE POSSIBILITY OF ANY SUCH LOSSES ARISING.
2025-11-02T02:10:55.2788065Z 
2025-11-02T02:10:55.2788073Z 
2025-11-02T02:10:55.2788153Z 12. Indemnification
2025-11-02T02:10:55.2788267Z 
2025-11-02T02:10:55.2790411Z 12.1 To the maximum extent permitted by law, you agree to defend, indemnify and hold harmless Google, its affiliates and their respective directors, officers, employees and agents from and against any and all claims, actions, suits or proceedings, as well as any and all losses, liabilities, damages, costs and expenses (including reasonable attorneys fees) arising out of or accruing from (a) your use of the SDK, (b) any application you develop on the SDK that infringes any copyright, trademark, trade secret, trade dress, patent or other intellectual property right of any person or defames any person or violates their rights of publicity or privacy, and (c) any non-compliance by you with the License Agreement.
2025-11-02T02:10:55.2792470Z 
2025-11-02T02:10:55.2792479Z 
2025-11-02T02:10:55.2792565Z 13. Changes to the License Agreement
2025-11-02T02:10:55.2792730Z 
2025-11-02T02:10:55.2793357Z 13.1 Google may make changes to the License Agreement as it distributes new versions of the SDK. When these changes are made, Google will make a new version of the License Agreement available on the website where the SDK is made available.
2025-11-02T02:10:55.2794059Z 
2025-11-02T02:10:55.2794063Z 
2025-11-02T02:10:55.2794144Z 14. General Legal Terms
2025-11-02T02:10:55.2794267Z 
2025-11-02T02:10:55.2795107Z 14.1 The License Agreement constitutes the whole legal agreement between you and Google and governs your use of the SDK (excluding any services which Google may provide to you under a separate written agreement), and completely replaces any prior agreements between you and Google in relation to the SDK.
2025-11-02T02:10:55.2796032Z 
2025-11-02T02:10:55.2796990Z 14.2 You agree that if Google does not exercise or enforce any legal right or remedy which is contained in the License Agreement (or which Google has the benefit of under any applicable law), this will not be taken to be a formal waiver of Google's rights and that those rights or remedies will still be available to Google.
2025-11-02T02:10:55.2797922Z 
2025-11-02T02:10:55.2798925Z 14.3 If any court of law, having the jurisdiction to decide on this matter, rules that any provision of the License Agreement is invalid, then that provision will be removed from the License Agreement without affecting the rest of the License Agreement. The remaining provisions of the License Agreement will continue to be valid and enforceable.
2025-11-02T02:10:55.2800186Z 
2025-11-02T02:10:55.2801658Z 14.4 You acknowledge and agree that each member of the group of companies of which Google is the parent shall be third party beneficiaries to the License Agreement and that such other companies shall be entitled to directly enforce, and rely upon, any provision of the License Agreement that confers a benefit on (or rights in favor of) them. Other than this, no other person or company shall be third party beneficiaries to the License Agreement.
2025-11-02T02:10:55.2802973Z 
2025-11-02T02:10:55.2804079Z 14.5 EXPORT RESTRICTIONS. THE SDK IS SUBJECT TO UNITED STATES EXPORT LAWS AND REGULATIONS. YOU MUST COMPLY WITH ALL DOMESTIC AND INTERNATIONAL EXPORT LAWS AND REGULATIONS THAT APPLY TO THE SDK. THESE LAWS INCLUDE RESTRICTIONS ON DESTINATIONS, END USERS AND END USE.
2025-11-02T02:10:55.2805393Z 
2025-11-02T02:10:55.2806905Z 14.6 The rights granted in the License Agreement may not be assigned or transferred by either you or Google without the prior written approval of the other party. Neither you nor Google shall be permitted to delegate their responsibilities or obligations under the License Agreement without the prior written approval of the other party.
2025-11-02T02:10:55.2808707Z 
2025-11-02T02:10:55.2811578Z 14.7 The License Agreement, and your relationship with Google under the License Agreement, shall be governed by the laws of the State of California without regard to its conflict of laws provisions. You and Google agree to submit to the exclusive jurisdiction of the courts located within the county of Santa Clara, California to resolve any legal matter arising from the License Agreement. Notwithstanding this, you agree that Google shall still be allowed to apply for injunctive remedies (or an equivalent type of urgent legal relief) in any jurisdiction.
2025-11-02T02:10:55.2814665Z 
2025-11-02T02:10:55.2814672Z 
2025-11-02T02:10:55.2814809Z January 16, 2019
2025-11-02T02:10:55.2815140Z ---------------------------------------
2025-11-02T02:10:55.2815532Z Accept? (y/N): 
2025-11-02T02:10:55.2815882Z 4/6: License android-sdk-preview-license:
2025-11-02T02:10:55.2816295Z ---------------------------------------
2025-11-02T02:10:55.2818124Z To get started with the Android SDK Preview, you must agree to the following terms and conditions. As described below, please note that this is a preview version of the Android SDK, subject to change, that you use at your own risk. The Android SDK Preview is not a stable release, and may contain errors and defects that can result in serious damage to your computer systems, devices and data.
2025-11-02T02:10:55.2820295Z 
2025-11-02T02:10:55.2820603Z This is the Android SDK Preview License Agreement (the "License Agreement").
2025-11-02T02:10:55.2821055Z 
2025-11-02T02:10:55.2821181Z 1. Introduction
2025-11-02T02:10:55.2821358Z 
2025-11-02T02:10:55.2823697Z 1.1 The Android SDK Preview (referred to in the License Agreement as the “Preview” and specifically including the Android system files, packaged APIs, and Preview library files, if and when they are made available) is licensed to you subject to the terms of the License Agreement. The License Agreement forms a legally binding contract between you and Google in relation to your use of the Preview.
2025-11-02T02:10:55.2825678Z 
2025-11-02T02:10:55.2826334Z 1.2 "Android" means the Android software stack for devices, as made available under the Android Open Source Project, which is located at the following URL: http://source.android.com/, as updated from time to time.
2025-11-02T02:10:55.2827010Z 
2025-11-02T02:10:55.2827610Z 1.3 "Google" means Google Inc., a Delaware corporation with principal place of business at 1600 Amphitheatre Parkway, Mountain View, CA 94043, United States.
2025-11-02T02:10:55.2828118Z 
2025-11-02T02:10:55.2828212Z 2. Accepting the License Agreement
2025-11-02T02:10:55.2828379Z 
2025-11-02T02:10:55.2828748Z 2.1 In order to use the Preview, you must first agree to the License Agreement. You may not use the Preview if you do not accept the License Agreement.
2025-11-02T02:10:55.2829491Z 
2025-11-02T02:10:55.2829773Z 2.2 By clicking to accept and/or using the Preview, you hereby agree to the terms of the License Agreement.
2025-11-02T02:10:55.2830123Z 
2025-11-02T02:10:55.2830817Z 2.3 You may not use the Preview and may not accept the License Agreement if you are a person barred from receiving the Preview under the laws of the United States or other countries including the country in which you are resident or from which you use the Preview.
2025-11-02T02:10:55.2831612Z 
2025-11-02T02:10:55.2832917Z 2.4 If you will use the Preview internally within your company or organization you agree to be bound by the License Agreement on behalf of your employer or other entity, and you represent and warrant that you have full legal authority to bind your employer or such entity to the License Agreement. If you do not have the requisite authority, you may not accept the License Agreement or use the Preview on behalf of your employer or other entity.
2025-11-02T02:10:55.2834195Z 
2025-11-02T02:10:55.2834282Z 3. Preview License from Google
2025-11-02T02:10:55.2834430Z 
2025-11-02T02:10:55.2835320Z 3.1 Subject to the terms of the License Agreement, Google grants you a royalty-free, non-assignable, non-exclusive, non-sublicensable, limited, revocable license to use the Preview, personally or internally within your company or organization, solely to develop applications to run on the Android platform.
2025-11-02T02:10:55.2836415Z 
2025-11-02T02:10:55.2838275Z 3.2 You agree that Google or third parties owns all legal right, title and interest in and to the Preview, including any Intellectual Property Rights that subsist in the Preview. "Intellectual Property Rights" means any and all rights under patent law, copyright law, trade secret law, trademark law, and any and all other proprietary rights. Google reserves all rights not expressly granted to you.
2025-11-02T02:10:55.2840598Z 
2025-11-02T02:10:55.2842961Z 3.3 You may not use the Preview for any purpose not expressly permitted by the License Agreement. Except to the extent required by applicable third party licenses, you may not: (a) copy (except for backup purposes), modify, adapt, redistribute, decompile, reverse engineer, disassemble, or create derivative works of the Preview or any part of the Preview; or (b) load any part of the Preview onto a mobile handset or any other hardware device except a personal computer, combine any part of the Preview with other software, or distribute any software or device incorporating a part of the Preview.
2025-11-02T02:10:55.2844754Z 
2025-11-02T02:10:55.2845462Z 3.4 You agree that you will not take any actions that may cause or result in the fragmentation of Android, including but not limited to distributing, participating in the creation of, or promoting in any way a software development kit derived from the Preview.
2025-11-02T02:10:55.2846242Z 
2025-11-02T02:10:55.2847412Z 3.5 Use, reproduction and distribution of components of the Preview licensed under an open source software license are governed solely by the terms of that open source software license and not the License Agreement. You agree to remain a licensee in good standing in regard to such open source software licenses under all the rights granted and to refrain from any actions that may terminate, suspend, or breach such rights.
2025-11-02T02:10:55.2848656Z 
2025-11-02T02:10:55.2850329Z 3.6 You agree that the form and nature of the Preview that Google provides may change without prior notice to you and that future versions of the Preview may be incompatible with applications developed on previous versions of the Preview. You agree that Google may stop (permanently or temporarily) providing the Preview (or any features within the Preview) to you or to users generally at Google's sole discretion, without prior notice to you.
2025-11-02T02:10:55.2851674Z 
2025-11-02T02:10:55.2852132Z 3.7 Nothing in the License Agreement gives you a right to use any of Google's trade names, trademarks, service marks, logos, domain names, or other distinctive brand features.
2025-11-02T02:10:55.2852658Z 
2025-11-02T02:10:55.2853158Z 3.8 You agree that you will not remove, obscure, or alter any proprietary rights notices (including copyright and trademark notices) that may be affixed to or contained within the Preview.
2025-11-02T02:10:55.2853752Z 
2025-11-02T02:10:55.2853841Z 4. Use of the Preview by You
2025-11-02T02:10:55.2853987Z 
2025-11-02T02:10:55.2854849Z 4.1 Google agrees that nothing in the License Agreement gives Google any right, title or interest from you (or your licensors) under the License Agreement in or to any software applications that you develop using the Preview, including any intellectual property rights that subsist in those applications.
2025-11-02T02:10:55.2855776Z 
2025-11-02T02:10:55.2856771Z 4.2 You agree to use the Preview and write applications only for purposes that are permitted by (a) the License Agreement, and (b) any applicable law, regulation or generally accepted practices or guidelines in the relevant jurisdictions (including any laws regarding the export of data or software to and from the United States or other relevant countries).
2025-11-02T02:10:55.2857833Z 
2025-11-02T02:10:55.2860218Z 4.3 You agree that if you use the Preview to develop applications, you will protect the privacy and legal rights of users. If users provide you with user names, passwords, or other login information or personal information, you must make the users aware that the information will be available to your application, and you must provide legally adequate privacy notice and protection for those users. If your application stores personal or sensitive information provided by users, it must do so securely. If users provide you with Google Account information, your application may only use that information to access the user's Google Account when, and for the limited purposes for which, each user has given you permission to do so.
2025-11-02T02:10:55.2862495Z 
2025-11-02T02:10:55.2863321Z 4.4 You agree that you will not engage in any activity with the Preview, including the development or distribution of an application, that interferes with, disrupts, damages, or accesses in an unauthorized manner the servers, networks, or other properties or services of Google or any third party.
2025-11-02T02:10:55.2864214Z 
2025-11-02T02:10:55.2865161Z 4.5 You agree that you are solely responsible for (and that Google has no responsibility to you or to any third party for) any data, content, or resources that you create, transmit or display through Android and/or applications for Android, and for the consequences of your actions (including any loss or damage which Google may suffer) by doing so.
2025-11-02T02:10:55.2866185Z 
2025-11-02T02:10:55.2867258Z 4.6 You agree that you are solely responsible for (and that Google has no responsibility to you or to any third party for) any breach of your obligations under the License Agreement, any applicable third party contract or Terms of Service, or any applicable law or regulation, and for the consequences (including any loss or damage which Google or any third party may suffer) of any such breach.
2025-11-02T02:10:55.2868417Z 
2025-11-02T02:10:55.2870159Z 4.7 The Preview is in development, and your testing and feedback are an important part of the development process. By using the Preview, you acknowledge that implementation of some features are still under development and that you should not rely on the Preview having the full functionality of a stable release. You agree not to publicly distribute or ship any application using this Preview as this Preview will no longer be supported after the official Android SDK is released.
2025-11-02T02:10:55.2871640Z 
2025-11-02T02:10:55.2871730Z 5. Your Developer Credentials
2025-11-02T02:10:55.2871882Z 
2025-11-02T02:10:55.2872662Z 5.1 You agree that you are responsible for maintaining the confidentiality of any developer credentials that may be issued to you by Google or which you may choose yourself and that you will be solely responsible for all applications that are developed under your developer credentials.
2025-11-02T02:10:55.2873517Z 
2025-11-02T02:10:55.2873601Z 6. Privacy and Information
2025-11-02T02:10:55.2873741Z 
2025-11-02T02:10:55.2875115Z 6.1 In order to continually innovate and improve the Preview, Google may collect certain usage statistics from the software including but not limited to a unique identifier, associated IP address, version number of the software, and information on which tools and/or services in the Preview are being used and how they are being used. Before any of this information is collected, the Preview will notify you and seek your consent. If you withhold consent, the information will not be collected.
2025-11-02T02:10:55.2876550Z 
2025-11-02T02:10:55.2877079Z 6.2 The data collected is examined in the aggregate to improve the Preview and is maintained in accordance with Google's Privacy Policy located at http://www.google.com/policies/privacy/.
2025-11-02T02:10:55.2877663Z 
2025-11-02T02:10:55.2877746Z 7. Third Party Applications
2025-11-02T02:10:55.2877888Z 
2025-11-02T02:10:55.2879816Z 7.1 If you use the Preview to run applications developed by a third party or that access data, content or resources provided by a third party, you agree that Google is not responsible for those applications, data, content, or resources. You understand that all data, content or resources which you may access through such third party applications are the sole responsibility of the person from which they originated and that Google is not liable for any loss or damage that you may experience as a result of the use or access of any of those third party applications, data, content, or resources.
2025-11-02T02:10:55.2881767Z 
2025-11-02T02:10:55.2883095Z 7.2 You should be aware the data, content, and resources presented to you through such a third party application may be protected by intellectual property rights which are owned by the providers (or by other persons or companies on their behalf). You may not modify, rent, lease, loan, sell, distribute or create derivative works based on these data, content, or resources (either in whole or in part) unless you have been specifically given permission to do so by the relevant owners.
2025-11-02T02:10:55.2884485Z 
2025-11-02T02:10:55.2884928Z 7.3 You acknowledge that your use of such third party applications, data, content, or resources may be subject to separate terms between you and the relevant third party.
2025-11-02T02:10:55.2885465Z 
2025-11-02T02:10:55.2885547Z 8. Using Google APIs
2025-11-02T02:10:55.2885667Z 
2025-11-02T02:10:55.2885743Z 8.1 Google APIs
2025-11-02T02:10:55.2885857Z 
2025-11-02T02:10:55.2887208Z 8.1.1 If you use any API to retrieve data from Google, you acknowledge that the data may be protected by intellectual property rights which are owned by Google or those parties that provide the data (or by other persons or companies on their behalf). Your use of any such API may be subject to additional Terms of Service. You may not modify, rent, lease, loan, sell, distribute or create derivative works based on this data (either in whole or in part) unless allowed by the relevant Terms of Service.
2025-11-02T02:10:55.2888628Z 
2025-11-02T02:10:55.2889473Z 8.1.2 If you use any API to retrieve a user's data from Google, you acknowledge and agree that you shall retrieve data only with the user's explicit consent and only when, and for the limited purposes for which, the user has given you permission to do so.
2025-11-02T02:10:55.2890217Z 
2025-11-02T02:10:55.2890316Z 9. Terminating the License Agreement
2025-11-02T02:10:55.2890482Z 
2025-11-02T02:10:55.2890877Z 9.1 the License Agreement will continue to apply until terminated by either you or Google as set out below.
2025-11-02T02:10:55.2891247Z 
2025-11-02T02:10:55.2891813Z 9.2 If you want to terminate the License Agreement, you may do so by ceasing your use of the Preview and any relevant developer credentials.
2025-11-02T02:10:55.2892535Z 
2025-11-02T02:10:55.2892967Z 9.3 Google may at any time, terminate the License Agreement, with or without cause, upon notice to you.
2025-11-02T02:10:55.2893413Z 
2025-11-02T02:10:55.2894307Z 9.4 The License Agreement will automatically terminate without notice or other action upon the earlier of: (A) when Google ceases to provide the Preview or certain parts of the Preview to users in the country in which you are resident or from which you use the service; and (B) Google issues a final release version of the Android SDK.
2025-11-02T02:10:55.2895286Z 
2025-11-02T02:10:55.2895933Z 9.5 When the License Agreement is terminated, the license granted to you in the License Agreement will terminate, you will immediately cease all use of the Preview, and the provisions of paragraphs 10, 11, 12 and 14 shall survive indefinitely.
2025-11-02T02:10:55.2896651Z 
2025-11-02T02:10:55.2896726Z 10. DISCLAIMERS
2025-11-02T02:10:55.2896834Z 
2025-11-02T02:10:55.2897299Z 10.1 YOU EXPRESSLY UNDERSTAND AND AGREE THAT YOUR USE OF THE PREVIEW IS AT YOUR SOLE RISK AND THAT THE PREVIEW IS PROVIDED "AS IS" AND "AS AVAILABLE" WITHOUT WARRANTY OF ANY KIND FROM GOOGLE.
2025-11-02T02:10:55.2897854Z 
2025-11-02T02:10:55.2899626Z 10.2 YOUR USE OF THE PREVIEW AND ANY MATERIAL DOWNLOADED OR OTHERWISE OBTAINED THROUGH THE USE OF THE PREVIEW IS AT YOUR OWN DISCRETION AND RISK AND YOU ARE SOLELY RESPONSIBLE FOR ANY DAMAGE TO YOUR COMPUTER SYSTEM OR OTHER DEVICE OR LOSS OF DATA THAT RESULTS FROM SUCH USE. WITHOUT LIMITING THE FOREGOING, YOU UNDERSTAND THAT THE PREVIEW IS NOT A STABLE RELEASE AND MAY CONTAIN ERRORS, DEFECTS AND SECURITY VULNERABILITIES THAT CAN RESULT IN SIGNIFICANT DAMAGE, INCLUDING THE COMPLETE, IRRECOVERABLE LOSS OF USE OF YOUR COMPUTER SYSTEM OR OTHER DEVICE.
2025-11-02T02:10:55.2901411Z 
2025-11-02T02:10:55.2902133Z 10.3 GOOGLE FURTHER EXPRESSLY DISCLAIMS ALL WARRANTIES AND CONDITIONS OF ANY KIND, WHETHER EXPRESS OR IMPLIED, INCLUDING, BUT NOT LIMITED TO THE IMPLIED WARRANTIES AND CONDITIONS OF MERCHANTABILITY, FITNESS FOR A PARTICULAR PURPOSE AND NON-INFRINGEMENT.
2025-11-02T02:10:55.2902917Z 
2025-11-02T02:10:55.2903008Z 11. LIMITATION OF LIABILITY
2025-11-02T02:10:55.2903147Z 
2025-11-02T02:10:55.2904504Z 11.1 YOU EXPRESSLY UNDERSTAND AND AGREE THAT GOOGLE, ITS SUBSIDIARIES AND AFFILIATES, AND ITS LICENSORS SHALL NOT BE LIABLE TO YOU UNDER ANY THEORY OF LIABILITY FOR ANY DIRECT, INDIRECT, INCIDENTAL, SPECIAL, CONSEQUENTIAL OR EXEMPLARY DAMAGES THAT MAY BE INCURRED BY YOU, INCLUDING ANY LOSS OF DATA, WHETHER OR NOT GOOGLE OR ITS REPRESENTATIVES HAVE BEEN ADVISED OF OR SHOULD HAVE BEEN AWARE OF THE POSSIBILITY OF ANY SUCH LOSSES ARISING.
2025-11-02T02:10:55.2906494Z 
2025-11-02T02:10:55.2906654Z 12. Indemnification
2025-11-02T02:10:55.2906865Z 
2025-11-02T02:10:55.2910016Z 12.1 To the maximum extent permitted by law, you agree to defend, indemnify and hold harmless Google, its affiliates and their respective directors, officers, employees and agents from and against any and all claims, actions, suits or proceedings, as well as any and all losses, liabilities, damages, costs and expenses (including reasonable attorneys’ fees) arising out of or accruing from (a) your use of the Preview, (b) any application you develop on the Preview that infringes any Intellectual Property Rights of any person or defames any person or violates their rights of publicity or privacy, and (c) any non-compliance by you of the License Agreement.
2025-11-02T02:10:55.2912147Z 
2025-11-02T02:10:55.2912247Z 13. Changes to the License Agreement
2025-11-02T02:10:55.2912415Z 
2025-11-02T02:10:55.2913263Z 13.1 Google may make changes to the License Agreement as it distributes new versions of the Preview. When these changes are made, Google will make a new version of the License Agreement available on the website where the Preview is made available.
2025-11-02T02:10:55.2914008Z 
2025-11-02T02:10:55.2914087Z 14. General Legal Terms
2025-11-02T02:10:55.2914220Z 
2025-11-02T02:10:55.2915269Z 14.1 the License Agreement constitutes the whole legal agreement between you and Google and governs your use of the Preview (excluding any services which Google may provide to you under a separate written agreement), and completely replaces any prior agreements between you and Google in relation to the Preview.
2025-11-02T02:10:55.2916604Z 
2025-11-02T02:10:55.2917763Z 14.2 You agree that if Google does not exercise or enforce any legal right or remedy which is contained in the License Agreement (or which Google has the benefit of under any applicable law), this will not be taken to be a formal waiver of Google's rights and that those rights or remedies will still be available to Google.
2025-11-02T02:10:55.2918710Z 
2025-11-02T02:10:55.2919976Z 14.3 If any court of law, having the jurisdiction to decide on this matter, rules that any provision of the License Agreement is invalid, then that provision will be removed from the License Agreement without affecting the rest of the License Agreement. The remaining provisions of the License Agreement will continue to be valid and enforceable.
2025-11-02T02:10:55.2921707Z 
2025-11-02T02:10:55.2923887Z 14.4 You acknowledge and agree that each member of the group of companies of which Google is the parent shall be third party beneficiaries to the License Agreement and that such other companies shall be entitled to directly enforce, and rely upon, any provision of the License Agreement that confers a benefit on (or rights in favor of) them. Other than this, no other person or company shall be third party beneficiaries to the License Agreement.
2025-11-02T02:10:55.2926123Z 
2025-11-02T02:10:55.2927702Z 14.5 EXPORT RESTRICTIONS. THE PREVIEW IS SUBJECT TO UNITED STATES EXPORT LAWS AND REGULATIONS. YOU MUST COMPLY WITH ALL DOMESTIC AND INTERNATIONAL EXPORT LAWS AND REGULATIONS THAT APPLY TO THE PREVIEW. THESE LAWS INCLUDE RESTRICTIONS ON DESTINATIONS, END USERS AND END USE.
2025-11-02T02:10:55.2929379Z 
2025-11-02T02:10:55.2930891Z 14.6 The License Agreement may not be assigned or transferred by you without the prior written approval of Google, and any attempted assignment without such approval will be void. You shall not delegate your responsibilities or obligations under the License Agreement without the prior written approval of Google.
2025-11-02T02:10:55.2932543Z 
2025-11-02T02:10:55.2935236Z 14.7 The License Agreement, and your relationship with Google under the License Agreement, shall be governed by the laws of the State of California without regard to its conflict of laws provisions. You and Google agree to submit to the exclusive jurisdiction of the courts located within the county of Santa Clara, California to resolve any legal matter arising from the License Agreement. Notwithstanding this, you agree that Google shall still be allowed to apply for injunctive remedies (or an equivalent type of urgent legal relief) in any jurisdiction.
2025-11-02T02:10:55.2938069Z 
2025-11-02T02:10:55.2938211Z June 2014.
2025-11-02T02:10:55.2938518Z ---------------------------------------
2025-11-02T02:10:55.2938917Z Accept? (y/N): 
2025-11-02T02:10:55.2939662Z 5/6: License google-gdk-license:
2025-11-02T02:10:55.2940065Z ---------------------------------------
2025-11-02T02:10:55.2940578Z This is a Developer Preview of the GDK that is subject to change.
2025-11-02T02:10:55.2940826Z 
2025-11-02T02:10:55.2940909Z Terms and Conditions
2025-11-02T02:10:55.2941033Z 
2025-11-02T02:10:55.2941154Z This is the Glass Development Kit License Agreement.
2025-11-02T02:10:55.2941369Z 
2025-11-02T02:10:55.2941442Z 1. Introduction
2025-11-02T02:10:55.2941550Z 
2025-11-02T02:10:55.2942850Z 1.1 The Glass Development Kit (referred to in this License Agreement as the "GDK" and specifically including the Android system files, packaged APIs, and GDK library files, if and when they are made available) is licensed to you subject to the terms of this License Agreement. This License Agreement forms a legally binding contract between you and Google in relation to your use of the GDK.
2025-11-02T02:10:55.2944024Z 
2025-11-02T02:10:55.2944235Z 1.2 "Glass" means Glass devices and the Glass software stack for use on Glass devices.
2025-11-02T02:10:55.2944538Z 
2025-11-02T02:10:55.2944543Z 
2025-11-02T02:10:55.2945121Z 1.3 "Android" means the Android software stack for devices, as made available under the Android Open Source Project, which is located at the following URL: http://source.android.com/, as updated from time to time.
2025-11-02T02:10:55.2945784Z 
2025-11-02T02:10:55.2946218Z 1.4 "Google" means Google Inc., a Delaware corporation with principal place of business at 1600 Amphitheatre Parkway, Mountain View, CA 94043, United States.
2025-11-02T02:10:55.2946719Z 
2025-11-02T02:10:55.2946809Z 2. Accepting this License Agreement
2025-11-02T02:10:55.2946979Z 
2025-11-02T02:10:55.2947327Z 2.1 In order to use the GDK, you must first agree to this License Agreement. You may not use the GDK if you do not accept this License Agreement.
2025-11-02T02:10:55.2947750Z 
2025-11-02T02:10:55.2947949Z 2.2 By clicking to accept, you hereby agree to the terms of this License Agreement.
2025-11-02T02:10:55.2948232Z 
2025-11-02T02:10:55.2948882Z 2.3 You may not use the GDK and may not accept the License Agreement if you are a person barred from receiving the GDK under the laws of the United States or other countries including the country in which you are resident or from which you use the GDK.
2025-11-02T02:10:55.2949895Z 
2025-11-02T02:10:55.2950887Z 2.4 If you are agreeing to be bound by this License Agreement on behalf of your employer or other entity, you represent and warrant that you have full legal authority to bind your employer or such entity to this License Agreement. If you do not have the requisite authority, you may not accept the License Agreement or use the GDK on behalf of your employer or other entity.
2025-11-02T02:10:55.2952094Z 
2025-11-02T02:10:55.2952178Z 3. GDK License from Google
2025-11-02T02:10:55.2952313Z 
2025-11-02T02:10:55.2952980Z 3.1 Subject to the terms of this License Agreement, Google grants you a limited, worldwide, royalty-free, non-assignable and non-exclusive license to use the GDK solely to develop applications to run on the Glass platform for Glass devices.
2025-11-02T02:10:55.2953724Z 
2025-11-02T02:10:55.2954801Z 3.2 You agree that Google or third parties own all legal right, title and interest in and to the GDK, including any Intellectual Property Rights that subsist in the GDK. "Intellectual Property Rights" means any and all rights under patent law, copyright law, trade secret law, trademark law, and any and all other proprietary rights. Google reserves all rights not expressly granted to you.
2025-11-02T02:10:55.2955965Z 
2025-11-02T02:10:55.2957657Z 3.3 You may not use the GDK for any purpose not expressly permitted by this License Agreement. Except to the extent required by applicable third party licenses, you may not: (a) copy (except for backup purposes), modify, adapt, redistribute, decompile, reverse engineer, disassemble, or create derivative works of the GDK or any part of the GDK; or (b) load any part of the GDK onto a mobile handset or wearable computing device or any other hardware device except a Glass device personal computer, combine any part of the GDK with other software, or distribute any software or device incorporating a part of the GDK.
2025-11-02T02:10:55.2959732Z 
2025-11-02T02:10:55.2960402Z 3.4 You agree that you will not take any actions that may cause or result in the fragmentation of Glass, including but not limited to distributing, participating in the creation of, or promoting in any way a software development kit derived from the GDK.
2025-11-02T02:10:55.2961161Z 
2025-11-02T02:10:55.2961872Z 3.5 Use, reproduction and distribution of components of the GDK licensed under an open source software license are governed solely by the terms of that open source software license and not this License Agreement.
2025-11-02T02:10:55.2962535Z 
2025-11-02T02:10:55.2963692Z 3.6 You agree that the form and nature of the GDK that Google provides may change without prior notice to you and that future versions of the GDK may be incompatible with applications developed on previous versions of the GDK. You agree that Google may stop (permanently or temporarily) providing the GDK (or any features within the GDK) to you or to users generally at Google's sole discretion, without prior notice to you.
2025-11-02T02:10:55.2964931Z 
2025-11-02T02:10:55.2965386Z 3.7 Nothing in this License Agreement gives you a right to use any of Google's trade names, trademarks, service marks, logos, domain names, or other distinctive brand features.
2025-11-02T02:10:55.2965925Z 
2025-11-02T02:10:55.2966432Z 3.8 You agree that you will not remove, obscure, or alter any proprietary rights notices (including copyright and trademark notices) that may be affixed to or contained within the GDK.
2025-11-02T02:10:55.2967010Z 
2025-11-02T02:10:55.2967015Z 
2025-11-02T02:10:55.2968017Z 3.9 Your use of any Android system files, packaged APIs, or other components of the GDK which are part of the Android Software Development Kit is subject to the terms of the Android Software Development Kit License Agreement located at http://developer.android.com/sdk/terms.html. These terms are hereby incorporated by reference into this License Agreement.
2025-11-02T02:10:55.2969278Z 
2025-11-02T02:10:55.2969382Z 4. Use of the GDK by You
2025-11-02T02:10:55.2969522Z 
2025-11-02T02:10:55.2970235Z 4.1 Google agrees that it obtains no right, title or interest from you (or your licensors) under this License Agreement in or to any software applications that you develop using the GDK, including any intellectual property rights that subsist in those applications.
2025-11-02T02:10:55.2971206Z 
2025-11-02T02:10:55.2972747Z 4.2 You agree to use the GDK and write applications only for purposes that are permitted by (a) this License Agreement, (b) the Glass Platform Developer Policies (located at https://developers.google.com/glass/policies, and hereby incorporated into this License Agreement by reference), and (c) any applicable law, regulation or generally accepted practices or guidelines in the relevant jurisdictions (including any laws regarding the export of data or software to and from the United States or other relevant countries).
2025-11-02T02:10:55.2974307Z 
2025-11-02T02:10:55.2976563Z 4.3 You agree that if you use the GDK to develop applications for general public users, you will protect the privacy and legal rights of those users. If the users provide you with user names, passwords, or other login information or personal information, you must make the users aware that the information will be available to your application, and you must provide legally adequate privacy notice and protection for those users. If your application stores personal or sensitive information provided by users, it must do so securely. If the user provides your application with Google Account information, your application may only use that information to access the user's Google Account when, and for the limited purposes for which, the user has given you permission to do so.
2025-11-02T02:10:55.2978821Z 
2025-11-02T02:10:55.2979976Z 4.4 You agree that you will not engage in any activity with the GDK, including the development or distribution of an application, that interferes with, disrupts, damages, or accesses in an unauthorized manner the servers, networks, or other properties or services of any third party including, but not limited to, Google.
2025-11-02T02:10:55.2980958Z 
2025-11-02T02:10:55.2982035Z 4.5 You agree that you are solely responsible for (and that Google has no responsibility to you or to any third party for) any data, content, or resources that you create, transmit or display through Glass and/or applications for Glass, and for the consequences of your actions (including any loss or damage which Google may suffer) by doing so.
2025-11-02T02:10:55.2983060Z 
2025-11-02T02:10:55.2984131Z 4.6 You agree that you are solely responsible for (and that Google has no responsibility to you or to any third party for) any breach of your obligations under this License Agreement, any applicable third party contract or Terms of Service, or any applicable law or regulation, and for the consequences (including any loss or damage which Google or any third party may suffer) of any such breach.
2025-11-02T02:10:55.2985272Z 
2025-11-02T02:10:55.2985276Z 
2025-11-02T02:10:55.2986315Z 4.7 The GDK is in development, and your testing and feedback are an important part of the development process. By using the GDK, you acknowledge that implementation of some features are still under development and that you should not rely on the GDK, Glass devices, Glass system software, Google Mirror API, or Glass services having the full functionality of a stable release.
2025-11-02T02:10:55.2987410Z 
2025-11-02T02:10:55.2987510Z 5. Your Developer Credentials
2025-11-02T02:10:55.2987659Z 
2025-11-02T02:10:55.2988431Z 5.1 You agree that you are responsible for maintaining the confidentiality of any developer credentials that may be issued to you by Google or which you may choose yourself and that you will be solely responsible for all applications that are developed under your developer credentials.
2025-11-02T02:10:55.2989629Z 
2025-11-02T02:10:55.2989737Z 6. Privacy and Information
2025-11-02T02:10:55.2989880Z 
2025-11-02T02:10:55.2989885Z 
2025-11-02T02:10:55.2991211Z 6.1 In order to continually innovate and improve the GDK, Google may collect certain usage statistics from the software including but not limited to a unique identifier, associated IP address, version number of the software, and information on which tools and/or services in the GDK are being used and how they are being used. Before any of this information is collected, the GDK will notify you and seek your consent. If you withhold consent, the information will not be collected.
2025-11-02T02:10:55.2992761Z 
2025-11-02T02:10:55.2993104Z 6.2 The data collected is examined in the aggregate to improve the GDK and is maintained in accordance with Google's Privacy Policy.
2025-11-02T02:10:55.2993524Z 
2025-11-02T02:10:55.2993611Z 7. Third Party Applications
2025-11-02T02:10:55.2993751Z 
2025-11-02T02:10:55.2995385Z 7.1 If you use the GDK to run applications developed by a third party or that access data, content or resources provided by a third party, you agree that Google is not responsible for those applications, data, content, or resources. You understand that all data, content or resources which you may access through such third party applications are the sole responsibility of the person from which they originated and that Google is not liable for any loss or damage that you may experience as a result of the use or access of any of those third party applications, data, content, or resources.
2025-11-02T02:10:55.2997071Z 
2025-11-02T02:10:55.2998413Z 7.2 You should be aware the data, content, and resources presented to you through such a third party application may be protected by intellectual property rights which are owned by the providers (or by other persons or companies on their behalf). You may not modify, rent, lease, loan, sell, distribute or create derivative works based on these data, content, or resources (either in whole or in part) unless you have been specifically given permission to do so by the relevant owners.
2025-11-02T02:10:55.3000009Z 
2025-11-02T02:10:55.3000762Z 7.3 You acknowledge that your use of such third party applications, data, content, or resources may be subject to separate terms between you and the relevant third party. In that case, this License Agreement does not affect your legal relationship with these third parties.
2025-11-02T02:10:55.3001582Z 
2025-11-02T02:10:55.3001660Z 8. Using Google APIs
2025-11-02T02:10:55.3001791Z 
2025-11-02T02:10:55.3001872Z 8.1 Google APIs
2025-11-02T02:10:55.3001980Z 
2025-11-02T02:10:55.3003455Z 8.1.1 If you use any API to retrieve data from Google, you acknowledge that the data may be protected by intellectual property rights which are owned by Google or those parties that provide the data (or by other persons or companies on their behalf). Your use of any such API may be subject to additional Terms of Service. You may not modify, rent, lease, loan, sell, distribute or create derivative works based on this data (either in whole or in part) unless allowed by the relevant Terms of Service.
2025-11-02T02:10:55.3004873Z 
2025-11-02T02:10:55.3005535Z 8.1.2 If you use any API to retrieve a user's data from Google, you acknowledge and agree that you shall retrieve data only with the user's explicit consent and only when, and for the limited purposes for which, the user has given you permission to do so.
2025-11-02T02:10:55.3006263Z 
2025-11-02T02:10:55.3006359Z 9. Terminating this License Agreement
2025-11-02T02:10:55.3006542Z 
2025-11-02T02:10:55.3006827Z 9.1 This License Agreement will continue to apply until terminated by either you or Google as set out below.
2025-11-02T02:10:55.3007190Z 
2025-11-02T02:10:55.3007524Z 9.2 If you want to terminate this License Agreement, you may do so by ceasing your use of the GDK and any relevant developer credentials.
2025-11-02T02:10:55.3007935Z 
2025-11-02T02:10:55.3009896Z 9.3 Google may at any time, terminate this License Agreement with you if: (A) you have breached any provision of this License Agreement; or (B) Google is required to do so by law; or (C) the partner with whom Google offered certain parts of GDK (such as APIs) to you has terminated its relationship with Google or ceased to offer certain parts of the GDK to you; or (D) Google decides to no longer provide the GDK or certain parts of the GDK to users in the country in which you are resident or from which you use the service, or the provision of the GDK or certain GDK services to you by Google is, in Google's sole discretion, no longer commercially viable.
2025-11-02T02:10:55.3011811Z 
2025-11-02T02:10:55.3013054Z 9.4 When this License Agreement comes to an end, all of the legal rights, obligations and liabilities that you and Google have benefited from, been subject to (or which have accrued over time whilst this License Agreement has been in force) or which are expressed to continue indefinitely, shall be unaffected by this cessation, and the provisions of paragraph 14.7 shall continue to apply to such rights, obligations and liabilities indefinitely.
2025-11-02T02:10:55.3014352Z 
2025-11-02T02:10:55.3014436Z 10. DISCLAIMER OF WARRANTIES
2025-11-02T02:10:55.3014589Z 
2025-11-02T02:10:55.3015031Z 10.1 YOU EXPRESSLY UNDERSTAND AND AGREE THAT YOUR USE OF THE GDK IS AT YOUR SOLE RISK AND THAT THE GDK IS PROVIDED "AS IS" AND "AS AVAILABLE" WITHOUT WARRANTY OF ANY KIND FROM GOOGLE.
2025-11-02T02:10:55.3015546Z 
2025-11-02T02:10:55.3016247Z 10.2 YOUR USE OF THE GDK AND ANY MATERIAL DOWNLOADED OR OTHERWISE OBTAINED THROUGH THE USE OF THE GDK IS AT YOUR OWN DISCRETION AND RISK AND YOU ARE SOLELY RESPONSIBLE FOR ANY DAMAGE TO YOUR COMPUTER SYSTEM OR OTHER DEVICE OR LOSS OF DATA THAT RESULTS FROM SUCH USE.
2025-11-02T02:10:55.3017022Z 
2025-11-02T02:10:55.3017741Z 10.3 GOOGLE FURTHER EXPRESSLY DISCLAIMS ALL WARRANTIES AND CONDITIONS OF ANY KIND, WHETHER EXPRESS OR IMPLIED, INCLUDING, BUT NOT LIMITED TO THE IMPLIED WARRANTIES AND CONDITIONS OF MERCHANTABILITY, FITNESS FOR A PARTICULAR PURPOSE AND NON-INFRINGEMENT.
2025-11-02T02:10:55.3018528Z 
2025-11-02T02:10:55.3018610Z 11. LIMITATION OF LIABILITY
2025-11-02T02:10:55.3018748Z 
2025-11-02T02:10:55.3020206Z 11.1 YOU EXPRESSLY UNDERSTAND AND AGREE THAT GOOGLE, ITS SUBSIDIARIES AND AFFILIATES, AND ITS LICENSORS SHALL NOT BE LIABLE TO YOU UNDER ANY THEORY OF LIABILITY FOR ANY DIRECT, INDIRECT, INCIDENTAL, SPECIAL, CONSEQUENTIAL OR EXEMPLARY DAMAGES THAT MAY BE INCURRED BY YOU, INCLUDING ANY LOSS OF DATA, WHETHER OR NOT GOOGLE OR ITS REPRESENTATIVES HAVE BEEN ADVISED OF OR SHOULD HAVE BEEN AWARE OF THE POSSIBILITY OF ANY SUCH LOSSES ARISING.
2025-11-02T02:10:55.3021494Z 
2025-11-02T02:10:55.3021700Z 12. Indemnification
2025-11-02T02:10:55.3021824Z 
2025-11-02T02:10:55.3023828Z 12.1 To the maximum extent permitted by law, you agree to defend, indemnify and hold harmless Google, its affiliates and their respective directors, officers, employees and agents from and against any and all claims, actions, suits or proceedings, as well as any and all losses, liabilities, damages, costs and expenses (including reasonable attorneys fees) arising out of or accruing from (a) your use of the GDK, (b) any application you develop on the GDK that infringes any copyright, trademark, trade secret, trade dress, patent or other intellectual property right of any person or defames any person or violates their rights of publicity or privacy, and (c) any non-compliance by you with this License Agreement.
2025-11-02T02:10:55.3025938Z 
2025-11-02T02:10:55.3026027Z 13. Changes to the License Agreement
2025-11-02T02:10:55.3026203Z 
2025-11-02T02:10:55.3026831Z 13.1 Google may make changes to the License Agreement as it distributes new versions of the GDK. When these changes are made, Google will make a new version of the License Agreement available on the website where the GDK is made available.
2025-11-02T02:10:55.3027534Z 
2025-11-02T02:10:55.3027616Z 14. General Legal Terms
2025-11-02T02:10:55.3027742Z 
2025-11-02T02:10:55.3028585Z 14.1 This License Agreement constitutes the whole legal agreement between you and Google and governs your use of the GDK (excluding any services which Google may provide to you under a separate written agreement), and completely replaces any prior agreements between you and Google in relation to the GDK.
2025-11-02T02:10:55.3029861Z 
2025-11-02T02:10:55.3030727Z 14.2 You agree that if Google does not exercise or enforce any legal right or remedy which is contained in this License Agreement (or which Google has the benefit of under any applicable law), this will not be taken to be a formal waiver of Google's rights and that those rights or remedies will still be available to Google.
2025-11-02T02:10:55.3031797Z 
2025-11-02T02:10:55.3032770Z 14.3 If any court of law, having the jurisdiction to decide on this matter, rules that any provision of this License Agreement is invalid, then that provision will be removed from this License Agreement without affecting the rest of this License Agreement. The remaining provisions of this License Agreement will continue to be valid and enforceable.
2025-11-02T02:10:55.3033795Z 
2025-11-02T02:10:55.3035032Z 14.4 You acknowledge and agree that each member of the group of companies of which Google is the parent shall be third party beneficiaries to this License Agreement and that such other companies shall be entitled to directly enforce, and rely upon, any provision of this License Agreement that confers a benefit on (or rights in favor of) them. Other than this, no other person or company shall be third party beneficiaries to this License Agreement.
2025-11-02T02:10:55.3036333Z 
2025-11-02T02:10:55.3037066Z 14.5 EXPORT RESTRICTIONS. THE GDK IS SUBJECT TO UNITED STATES EXPORT LAWS AND REGULATIONS. YOU MUST COMPLY WITH ALL DOMESTIC AND INTERNATIONAL EXPORT LAWS AND REGULATIONS THAT APPLY TO THE GDK. THESE LAWS INCLUDE RESTRICTIONS ON DESTINATIONS, END USERS AND END USE.
2025-11-02T02:10:55.3037868Z 
2025-11-02T02:10:55.3038821Z 14.6 The rights granted in this License Agreement may not be assigned or transferred by either you or Google without the prior written approval of the other party. Neither you nor Google shall be permitted to delegate their responsibilities or obligations under this License Agreement without the prior written approval of the other party.
2025-11-02T02:10:55.3040118Z 
2025-11-02T02:10:55.3041826Z 14.7 This License Agreement, and your relationship with Google under this License Agreement, shall be governed by the laws of the State of California without regard to its conflict of laws provisions. You and Google agree to submit to the exclusive jurisdiction of the courts located within the county of Santa Clara, California to resolve any legal matter arising from this License Agreement. Notwithstanding this, you agree that Google shall still be allowed to apply for injunctive remedies (or an equivalent type of urgent legal relief) in any jurisdiction.
2025-11-02T02:10:55.3043515Z 
2025-11-02T02:10:55.3043590Z November 19, 2013
2025-11-02T02:10:55.3043789Z ---------------------------------------
2025-11-02T02:10:55.3044024Z Accept? (y/N): 
2025-11-02T02:10:55.3044243Z 6/6: License mips-android-sysimage-license:
2025-11-02T02:10:55.3044508Z ---------------------------------------
2025-11-02T02:10:55.3046449Z MIPS Technologies, Inc. (“MIPS”) Internal Evaluation License Agreement for MIPS Android™ System Images for Android Software Development Kit (SDK): This Internal Evaluation License Agreement (this "Agreement") is entered into by and between MIPS and you (as an individual developer or a legal entity -- identified below as “Recipient”). MIPS shall make the Evaluation Software available to Recipient as described in accordance with the terms and conditions set forth below.
2025-11-02T02:10:55.3047894Z 
2025-11-02T02:10:55.3049875Z By clicking on the “Accept” button, downloading, installing, or otherwise using the Evaluation Materials (defined below), you agree to be bound by the terms of this Agreement effective as of the date you click “Accept” (the “Effective Date”), and if doing so on behalf of an entity, you represent that you are authorized to bind the entity to the terms and conditions of this Agreement. If you do not agree to be bound by the terms and conditions of this Agreement, do not download, install, or use the Evaluation Materials.
2025-11-02T02:10:55.3051354Z 
2025-11-02T02:10:55.3051519Z 1. DEFINITIONS. These terms shall have the following meanings:
2025-11-02T02:10:55.3051757Z 
2025-11-02T02:10:55.3052279Z 1.1 “MIPS” shall mean MIPS Technologies, Inc., a Delaware corporation having a principal place of business at: 955 East Arques Ave., Sunnyvale, CA 94085
2025-11-02T02:10:55.3052927Z 
2025-11-02T02:10:55.3053454Z 1.2 “Evaluation Software” shall mean MIPS Android™ emulator system images for Android Software Development Kit (SDK), as made available to Recipient.
2025-11-02T02:10:55.3053945Z 
2025-11-02T02:10:55.3055031Z 1.3 “Evaluation Materials" means, collectively, the Evaluation Software (in source and/or object code form) and documentation (including, without limitation, any design documents, specifications, reference manuals, and other related materials) related to the Evaluation Software as made available to Recipient.
2025-11-02T02:10:55.3055999Z 
2025-11-02T02:10:55.3059518Z 1.4 “Open Source Software” means any software that requires (as a condition of use, modification and/or distribution of such software) that such software or other software incorporated into, derived from or distributed with such software (a) be disclosed or distributed in source code form; or (b) be licensed by the user to third parties for the purpose of making and/or distributing derivative works; or (c) be redistributable at no charge. Open Source Software includes, without limitation, software licensed or distributed under any of the following licenses or distribution models, or licenses or distribution models substantially similar to any of the following: (a) GNU’s General Public License (GPL) or Lesser/Library GPL (LGPL), (b) the Artistic License (e.g., PERL), (c) the Mozilla Public License, (d) the Netscape Public License, (e) the Sun Community Source License (SCSL), (f) the Sun Industry Source License (SISL), (g) the Apache Software license and (h) the Common Public License (CPL).
2025-11-02T02:10:55.3062414Z 
2025-11-02T02:10:55.3063416Z 1.5 “Pre-Release Materials” means “alpha” or “beta” designated pre-release features, which may not be fully functional, which MIPS may substantially modify in producing any production version of the Evaluation Materials, and/or which is still under development by MIPS and/or MIPS’ suppliers.
2025-11-02T02:10:55.3064322Z 
2025-11-02T02:10:55.3066134Z 2. PURPOSE. MIPS desires to make the Evaluation Materials available to Recipient solely for Recipient's internal evaluation of the Evaluation Software to evaluate the desirability of cooperating with MIPS in developing products that are compatible with the Evaluation Software and/or to advise MIPS as to possible modifications to the Evaluation Software. Recipient may not disclose, distribute, modify (except to facilitate the above-mentioned internal evaluation), or make commercial use of the Evaluation Materials or any modifications of the Evaluation Materials.
2025-11-02T02:10:55.3067887Z 
2025-11-02T02:10:55.3069270Z THE EVALUATION MATERIALS ARE PROVIDED FOR EVALUATION PURPOSES ONLY AND MAY NOT BE MODIFIED (EXCEPT TO FACILITATE THE INTERNAL EVALUATION) OR DISTRIBUTED BY RECIPIENT OR INCORPORATED INTO RECIPIENT’S PRODUCTS OR SOFTWARE. PLEASE CONTACT A MIPS SALES REPRESENTATIVE TO LEARN ABOUT THE AVAILABILITY AND COST OF A COMMERCIAL VERSION OF THE EVALUATION SOFTWARE.
2025-11-02T02:10:55.3070391Z 
2025-11-02T02:10:55.3071225Z 3. TITLE. Title to the Evaluation Materials remains with MIPS or its suppliers. Recipient shall not mortgage, pledge or encumber the Evaluation Materials in any way. Recipient shall return all Evaluation Materials, keeping no copies, upon termination or expiration of this Agreement.
2025-11-02T02:10:55.3072092Z 
2025-11-02T02:10:55.3075393Z 4. LICENSE. MIPS grants Recipient a royalty-free, personal, nontransferable, nonexclusive license under its copyrights to use the Evaluation Software only for the purposes described in paragraph 2 above and only for a period beginning on the Effective Date and extending to the first anniversary of the Effective Date (the “Evaluation Period”). Unless otherwise communicated in writing by MIPS to Recipient, to the extent the Evaluation Software is provided in more than one delivery or release (each, a “Release”) the license grant in this Section 4 and the Evaluation Period shall apply to each Release, in which case the Evaluation Period shall begin on the date that the Release is made generally available and continue to the first anniversary of such date. Recipient may not make modifications to the Evaluation Software. Recipient shall not disassemble, reverse-engineer, or decompile any software that is not provided to Recipient in source code form.
2025-11-02T02:10:55.3078337Z 
2025-11-02T02:10:55.3078341Z 
2025-11-02T02:10:55.3079404Z EXCEPT AS PROVIDED HEREIN, NO OTHER LICENSE, EXPRESS OR IMPLIED, BY ESTOPPEL OR OTHERWISE, TO ANY OTHER MIPS INTELLECTUAL PROPERTY RIGHTS IS GRANTED TO THE RECIPIENT. OTHER THAN AS EXPLICITLY SET FORTH IN PARAGRAPH 2 ABOVE, NO RIGHT TO COPY, TO REPRODUCE, TO MODIFY, OR TO CREATE DERIVATIVE WORKS OF, THE EVALUATION MATERIALS IS GRANTED HEREIN.
2025-11-02T02:10:55.3080414Z 
2025-11-02T02:10:55.3081120Z 5. NO OBLIGATION. Recipient shall have no duty to purchase or license any product from MIPS. MIPS and its suppliers shall have no obligation to provide support for, or develop a non-evaluation version of, the Evaluation Software or to license any version of it.
2025-11-02T02:10:55.3081909Z 
2025-11-02T02:10:55.3085257Z 6. MODIFICATIONS. This Agreement does not obligate Recipient to provide MIPS with comments or suggestions regarding Evaluation Materials. However, should Recipient provide MIPS with comments or suggestions for the modification, correction, improvement or enhancement of (a) the Evaluation Materials or (b) MIPS products or processes which may embody the Evaluation Materials, then Recipient agrees to grant and hereby grants to MIPS a non-exclusive, irrevocable, worldwide, fully paid-up, royalty-free license, with the right to sublicense MIPS’ licensees and customers, under Recipient’s Intellectual property rights, to use and disclose such comments and suggestions in any manner MIPS chooses and to display, perform, copy, make, have made, use, sell, offer to sell, import, and otherwise dispose of MIPS’ and its sublicensee’s products embodying such comments and suggestions in any manner and via any media MIPS chooses, without reference to the source.
2025-11-02T02:10:55.3088117Z 
2025-11-02T02:10:55.3089999Z 7. WARRANTY DISCLAIMER. MIPS AND ITS SUPPLIERS MAKE NO WARRANTIES WITH RESPECT TO EVALUATION MATERIALS, EITHER EXPRESS OR IMPLIED, INCLUDING ANY IMPLIED WARRANTIES OF MERCHANTABILITY OR FITNESS FOR A PARTICULAR PURPOSE, OR ANY IMPLIED WARRANTY OF NONINFRINGEMENT WITH RESPECT TO THIRD PARTY INTELLECTUAL PROPERTY. RECIPIENT ACKNOWLEDGES AND AGREES THAT THE EVALUATION MATERIALS ARE PROVIDED “AS IS,” WITHOUT WARRANTY OF ANY KIND.
2025-11-02T02:10:55.3091364Z 
2025-11-02T02:10:55.3093041Z 8. LIMITATION OF LIABILITY. MIPS AND ITS SUPPLIERS SHALL NOT BE LIABLE FOR ANY PROPERTY DAMAGE, PERSONAL INJURY, LOSS OF PROFITS, INTERRUPTION OF BUSINESS OR FOR ANY DIRECT, INDIRECT, SPECIAL, CONSEQUENTIAL OR INCIDENTAL DAMAGES, HOWEVER CAUSED OR ALLEGED, WHETHER FOR BREACH OF WARRANTY, CONTRACT, STRICT LIABILITY OR OTHERWISE, INCLUDING WITHOUT LIMITATION, UNDER TORT OR OTHER LEGAL THEORY. MIPS AND ITS SUPPLIERS DISCLAIM ANY AND ALL LIABILITY, INCLUDING LIABILITY FOR INFRINGEMENT OF ANY INTELLECTUAL PROPERTY RIGHTS OF ANY KIND RELATING TO THE EVALUATION MATERIALS.
2025-11-02T02:10:55.3094786Z 
2025-11-02T02:10:55.3095444Z 9. EXPIRATION. MIPS may terminate this Agreement immediately after a breach by Recipient or otherwise at MIPS’ reasonable discretion and upon five (5) business days’ notice to Recipient.
2025-11-02T02:10:55.3096038Z 
2025-11-02T02:10:55.3096110Z 10. GENERAL.
2025-11-02T02:10:55.3096219Z 
2025-11-02T02:10:55.3099245Z 10.1 Controlling Law. This Agreement shall be governed by California law excluding its choice of law rules. With the exception of MIPS’ rights to enforce its intellectual property rights and any confidentiality obligations under this Agreement or any licenses distributed with the Evaluation Materials, all disputes and any claims arising under or relating to this Agreement shall be subject to the exclusive jurisdiction and venue of the state and federal courts located in Santa Clara County, California. Each party hereby agrees to jurisdiction and venue in the courts set forth in the preceding sentence. The parties agree that the United Nations Convention on Contracts for the International Sale of Goods is specifically excluded from application to this Agreement. The parties consent to the personal jurisdiction of the above courts.
2025-11-02T02:10:55.3101894Z 
2025-11-02T02:10:55.3103290Z 10.2 Remedies. Recipient acknowledges and agrees that any breach of confidentiality obligations under this Agreement or any licenses distributed with the Evaluation Materials, as well as any disclosure, commercialization, or public use of the Evaluation Materials, would cause irreparable injury to MIPS, and therefore Recipient agrees to consent to, and hereby consents to, the grant of an injunction by any court of competent jurisdiction in the event of an actual or threatened breach.
2025-11-02T02:10:55.3104759Z 
2025-11-02T02:10:55.3106541Z 10.3 Assignment. Recipient may not delegate, assign or transfer this Agreement, the license granted or any of Recipient’s rights, obligations, or duties hereunder, expressly, by implication, by operation of law, by way of merger (regardless of whether Recipient is the surviving entity) or acquisition, or otherwise and any attempt to do so, without MIPS’ express prior written consent, shall be ineffective, null and void. MIPS may freely assign this Agreement, and its rights and obligations hereunder, in its sole discretion.
2025-11-02T02:10:55.3108105Z 
2025-11-02T02:10:55.3109569Z 10.4 Entire Agreement. This Agreement constitutes the entire agreement between Recipient and MIPS and supersedes in their entirety any and all oral or written agreements previously existing between Recipient and MIPS with respect to the subject matter hereof. This Agreement may only be amended or supplemented by a writing that refers explicitly to this Agreement and that is signed or otherwise accepted by duly authorized representatives of Recipient and MIPS.
2025-11-02T02:10:55.3110979Z 
2025-11-02T02:10:55.3112429Z 10.5 Severability. In the event that any provision of this Agreement is finally adjudicated to be unenforceable or invalid under any applicable law, such unenforceability or invalidity shall not render this Agreement unenforceable or invalid as a whole, and, in such event, such unenforceable or invalid provision shall be interpreted so as to best accomplish the objectives of such provision within the limits of applicable law or applicable court decisions.
2025-11-02T02:10:55.3113813Z 
2025-11-02T02:10:55.3117971Z 10.6 Export Regulations / Export Control. Recipient shall not export, either directly or indirectly, any product, service or technical data or system incorporating the Evaluation Materials without first obtaining any required license or other necessary approval from the U.S. Department of Commerce or any other governing agency or department of the United States Government. In the event any product is exported from the United States or re-exported from a foreign destination by Recipient, Recipient shall ensure that the distribution and export/re-export or import of the product is in compliance with all applicable laws, regulations, orders, or other restrictions of the U.S. Export Administration Regulations and the appropriate foreign government. Recipient agrees that neither it nor any of its subsidiaries will export/re-export any technical data, process, product, or service, directly or indirectly, to any country for which the United States government or any agency thereof or the foreign government from where it is shipping requires an export license, or other governmental approval, without first obtaining such license or approval. Recipient also agrees to implement measures to ensure that foreign national employees are authorized to receive any information controlled by U.S. export control laws. An export is "deemed" to take place when information is released to a foreign national wherever located.
2025-11-02T02:10:55.3122488Z 
2025-11-02T02:10:55.3125723Z 10.7 Special Terms for Pre-Release Materials. If so indicated in the description of the Evaluation Software, the Evaluation Software may contain Pre-Release Materials. Recipient hereby understands, acknowledges and agrees that: (i) Pre-Release Materials may not be fully tested and may contain bugs or errors; (ii) Pre-Release materials are not suitable for commercial release in their current state; (iii) regulatory approvals for Pre-Release Materials (such as UL or FCC) have not been obtained, and Pre-Release Materials may therefore not be certified for use in certain countries or environments or may not be suitable for certain applications and (iv) MIPS can provide no assurance that it will ever produce or make generally available a production version of the Pre-Release Materials . MIPS is not under any obligation to develop and/or release or offer for sale or license a final product based upon the Pre-Release Materials and may unilaterally elect to abandon the Pre-Release Materials or any such development platform at any time and without any obligation or liability whatsoever to Recipient or any other person.
2025-11-02T02:10:55.3131353Z 
2025-11-02T02:10:55.3132514Z ANY PRE-RELEASE MATERIALS ARE NON-QUALIFIED AND, AS SUCH, ARE PROVIDED “AS IS” AND “AS AVAILABLE”, POSSIBLY WITH FAULTS, AND WITHOUT REPRESENTATION OR WARRANTY OF ANY KIND.
2025-11-02T02:10:55.3133126Z 
2025-11-02T02:10:55.3135016Z 10.8 Open Source Software. In the event Open Source software is included with Evaluation Software, such Open Source software is licensed pursuant to the applicable Open Source software license agreement identified in the Open Source software comments in the applicable source code file(s) and/or file header as indicated in the Evaluation Software. Additional detail may be available (where applicable) in the accompanying on-line documentation. With respect to the Open Source software, nothing in this Agreement limits any rights under, or grants rights that supersede, the terms of any applicable Open Source software license agreement.
2025-11-02T02:10:55.3137812Z ---------------------------------------
2025-11-02T02:10:55.3138355Z Accept? (y/N): All SDK package licenses accepted
2025-11-02T02:10:55.3139031Z 
2025-11-02T02:10:55.3139586Z [command]/usr/local/lib/android/sdk/cmdline-tools/16.0/bin/sdkmanager tools
2025-11-02T02:10:56.0128836Z Loading package information...                                                  
2025-11-02T02:10:56.0969058Z Loading local repository...                                                     
2025-11-02T02:10:56.0972439Z [                                       ] 3% Loading local repository...        
2025-11-02T02:10:56.1073583Z [                                       ] 3% Fetch remote repository...         
2025-11-02T02:10:56.3966046Z [=                                      ] 3% Fetch remote repository...         
2025-11-02T02:10:56.4484996Z [=                                      ] 4% Fetch remote repository...         
2025-11-02T02:10:56.4686901Z [=                                      ] 5% Fetch remote repository...         
2025-11-02T02:10:56.5001333Z [==                                     ] 5% Fetch remote repository...         
2025-11-02T02:10:56.5622431Z [==                                     ] 6% Fetch remote repository...         
2025-11-02T02:10:56.6271256Z [==                                     ] 7% Fetch remote repository...         
2025-11-02T02:10:56.6272425Z [==                                     ] 7% Computing updates...               
2025-11-02T02:10:56.6415394Z [===                                    ] 8% Computing updates...               
2025-11-02T02:10:56.6991345Z [===                                    ] 10% Computing updates...              
2025-11-02T02:10:57.0914869Z [===                                    ] 10% Installing Android Emulator       
2025-11-02T02:10:57.2173447Z [===                                    ] 10% Downloading emulator-linux_x64-142
2025-11-02T02:10:57.4138650Z [====                                   ] 10% Downloading emulator-linux_x64-142
2025-11-02T02:10:57.7956947Z [====                                   ] 11% Downloading emulator-linux_x64-142
2025-11-02T02:10:58.0886355Z [====                                   ] 12% Downloading emulator-linux_x64-142
2025-11-02T02:10:58.1762368Z [=====                                  ] 13% Downloading emulator-linux_x64-142
2025-11-02T02:10:58.2406145Z [=====                                  ] 14% Downloading emulator-linux_x64-142
2025-11-02T02:10:58.2860141Z [=====                                  ] 15% Downloading emulator-linux_x64-142
2025-11-02T02:10:58.3221078Z [======                                 ] 15% Downloading emulator-linux_x64-142
2025-11-02T02:10:58.4087895Z [======                                 ] 16% Downloading emulator-linux_x64-142
2025-11-02T02:10:58.4887725Z [======                                 ] 17% Downloading emulator-linux_x64-142
2025-11-02T02:10:58.5606291Z [=======                                ] 18% Downloading emulator-linux_x64-142
2025-11-02T02:10:58.6335221Z [=======                                ] 19% Downloading emulator-linux_x64-142
2025-11-02T02:10:58.6662266Z [=======                                ] 20% Downloading emulator-linux_x64-142
2025-11-02T02:10:58.7067343Z [========                               ] 20% Downloading emulator-linux_x64-142
2025-11-02T02:10:58.7562654Z [========                               ] 21% Downloading emulator-linux_x64-142
2025-11-02T02:10:58.8355501Z [========                               ] 21% Unzipping...                      
2025-11-02T02:10:58.8358341Z [========                               ] 21% Unzipping... emulator/            
2025-11-02T02:10:58.8384514Z [========                               ] 21% Unzipping... emulator/NOTICE.csv  
2025-11-02T02:10:58.8385002Z [========                               ] 21% Unzipping... emulator/bin64/      
2025-11-02T02:10:58.8388847Z [========                               ] 21% Unzipping... emulator/android-info
2025-11-02T02:10:58.8437476Z [========                               ] 21% Unzipping... emulator/NOTICE.txt  
2025-11-02T02:10:58.8439829Z [========                               ] 21% Unzipping... emulator/qemu/       
2025-11-02T02:10:58.8461295Z [========                               ] 21% Unzipping... emulator/mksdcard    
2025-11-02T02:10:58.8462668Z [========                               ] 21% Unzipping... emulator/lib64/      
2025-11-02T02:10:58.8813569Z [========                               ] 21% Unzipping... emulator/qsn         
2025-11-02T02:10:58.9071584Z [========                               ] 21% Unzipping... emulator/crashreport 
2025-11-02T02:10:58.9283623Z [========                               ] 21% Unzipping... emulator/crashpad_han
2025-11-02T02:10:58.9285006Z [========                               ] 21% Unzipping... emulator/lib/        
2025-11-02T02:10:58.9456223Z [========                               ] 21% Unzipping... emulator/emulator-che
2025-11-02T02:10:58.9543051Z [========                               ] 21% Unzipping... emulator/qemu-img    
2025-11-02T02:10:58.9555158Z [========                               ] 21% Unzipping... emulator/LICENSE     
2025-11-02T02:10:58.9556979Z [========                               ] 21% Unzipping... emulator/source.prope
2025-11-02T02:10:58.9558253Z [========                               ] 21% Unzipping... emulator/resources/  
2025-11-02T02:10:58.9614932Z [========                               ] 21% Unzipping... emulator/nimble_bridg
2025-11-02T02:10:59.0028282Z [========                               ] 22% Unzipping... emulator/nimble_bridg
2025-11-02T02:10:59.1299827Z [========                               ] 22% Unzipping... emulator/netsimd     
2025-11-02T02:10:59.1301255Z [========                               ] 22% Unzipping... emulator/include/    
2025-11-02T02:10:59.1387433Z [========                               ] 22% Unzipping... emulator/emulator    
2025-11-02T02:10:59.1412773Z [========                               ] 22% Unzipping... emulator/bin64/mkfs.e
2025-11-02T02:10:59.1448039Z [========                               ] 22% Unzipping... emulator/bin64/e2fsck
2025-11-02T02:10:59.1463131Z [========                               ] 22% Unzipping... emulator/bin64/resize
2025-11-02T02:10:59.1501727Z [========                               ] 22% Unzipping... emulator/bin64/fsck.e
2025-11-02T02:10:59.1524098Z [========                               ] 22% Unzipping... emulator/bin64/tune2f
2025-11-02T02:10:59.3154849Z [========                               ] 22% Unzipping... emulator/qemu/linux-x
2025-11-02T02:10:59.6667747Z [=========                              ] 23% Unzipping... emulator/qemu/linux-x
2025-11-02T02:10:59.9990727Z [=========                              ] 24% Unzipping... emulator/qemu/linux-x
2025-11-02T02:11:00.1785542Z [=========                              ] 25% Unzipping... emulator/qemu/linux-x
2025-11-02T02:11:00.2161232Z [==========                             ] 25% Unzipping... emulator/qemu/linux-x
2025-11-02T02:11:00.2166789Z [==========                             ] 25% Unzipping... emulator/lib64/libemu
2025-11-02T02:11:00.3583189Z [==========                             ] 25% Unzipping... emulator/lib64/liband
2025-11-02T02:11:00.3583946Z [==========                             ] 25% Unzipping... emulator/lib64/gles_a
2025-11-02T02:11:00.3682407Z [==========                             ] 25% Unzipping... emulator/lib64/libgfx
2025-11-02T02:11:00.4310293Z [==========                             ] 26% Unzipping... emulator/lib64/libgfx
2025-11-02T02:11:00.4441446Z [==========                             ] 26% Unzipping... emulator/lib64/libpro
2025-11-02T02:11:00.4442075Z [==========                             ] 26% Unzipping... emulator/lib64/qt/   
2025-11-02T02:11:00.4450048Z [==========                             ] 26% Unzipping... emulator/lib64/liband
2025-11-02T02:11:00.4582801Z [==========                             ] 26% Unzipping... emulator/lib64/libpro
2025-11-02T02:11:00.4733510Z [==========                             ] 26% Unzipping... emulator/lib64/liband
2025-11-02T02:11:00.4741034Z [==========                             ] 26% Unzipping... emulator/lib64/libima
2025-11-02T02:11:00.4741880Z [==========                             ] 26% Unzipping... emulator/lib64/gles_m
2025-11-02T02:11:00.4759362Z [==========                             ] 26% Unzipping... emulator/lib64/libtcm
2025-11-02T02:11:00.4796969Z [==========                             ] 26% Unzipping... emulator/lib64/liband
2025-11-02T02:11:00.4806900Z [==========                             ] 26% Unzipping... emulator/lib64/libdrm
2025-11-02T02:11:00.5038288Z [==========                             ] 26% Unzipping... emulator/lib64/liband
2025-11-02T02:11:00.5102389Z [==========                             ] 26% Unzipping... emulator/lib64/libc++
2025-11-02T02:11:00.5315240Z [==========                             ] 26% Unzipping... emulator/lib64/liband
2025-11-02T02:11:00.5388163Z [==========                             ] 26% Unzipping... emulator/lib64/libsha
2025-11-02T02:11:00.5388924Z [==========                             ] 26% Unzipping... emulator/lib64/gles_s
2025-11-02T02:11:00.5438392Z [==========                             ] 26% Unzipping... emulator/lib64/libabs
2025-11-02T02:11:00.5446695Z [==========                             ] 26% Unzipping... emulator/lib64/liband
2025-11-02T02:11:00.5502887Z [==========                             ] 26% Unzipping... emulator/lib64/libzst
2025-11-02T02:11:00.5577948Z [==========                             ] 26% Unzipping... emulator/lib64/libgli
2025-11-02T02:11:00.5580022Z [==========                             ] 26% Unzipping... emulator/lib64/vulkan
2025-11-02T02:11:00.5642952Z [==========                             ] 26% Unzipping... emulator/lib64/libc++
2025-11-02T02:11:00.6246313Z [==========                             ] 26% Unzipping... emulator/lib64/gles_a
2025-11-02T02:11:00.6247101Z [==========                             ] 26% Unzipping... emulator/lib64/qt/lib
2025-11-02T02:11:00.6247798Z [==========                             ] 26% Unzipping... emulator/lib64/qt/plu
2025-11-02T02:11:00.6248928Z [==========                             ] 26% Unzipping... emulator/lib64/qt/tra
2025-11-02T02:11:00.6249874Z [==========                             ] 26% Unzipping... emulator/lib64/qt/res
2025-11-02T02:11:00.6500236Z [==========                             ] 26% Unzipping... emulator/lib64/qt/lib
2025-11-02T02:11:01.0187654Z [==========                             ] 27% Unzipping... emulator/lib64/qt/lib
2025-11-02T02:11:01.3981217Z [===========                            ] 28% Unzipping... emulator/lib64/qt/lib
2025-11-02T02:11:01.7707952Z [===========                            ] 29% Unzipping... emulator/lib64/qt/lib
2025-11-02T02:11:01.8491985Z [===========                            ] 30% Unzipping... emulator/lib64/qt/lib
2025-11-02T02:11:01.8620965Z [===========                            ] 30% Unzipping... emulator/lib64/qt/plu
2025-11-02T02:11:01.9830874Z [===========                            ] 30% Unzipping... emulator/lib64/qt/tra
2025-11-02T02:11:01.9880897Z [===========                            ] 30% Unzipping... emulator/lib64/qt/res
2025-11-02T02:11:02.0597153Z [============                           ] 30% Unzipping... emulator/lib64/qt/res
2025-11-02T02:11:02.0661532Z [============                           ] 30% Unzipping... emulator/lib64/gles_m
2025-11-02T02:11:02.2498564Z [============                           ] 31% Unzipping... emulator/lib64/gles_m
2025-11-02T02:11:02.3196702Z [============                           ] 31% Unzipping... emulator/lib64/gles_s
2025-11-02T02:11:02.4267571Z [============                           ] 31% Unzipping... emulator/lib64/vulkan
2025-11-02T02:11:02.6500356Z [============                           ] 32% Unzipping... emulator/lib64/vulkan
2025-11-02T02:11:02.6502908Z [============                           ] 32% Unzipping... emulator/lib/ice_conf
2025-11-02T02:11:02.6506136Z [============                           ] 32% Unzipping... emulator/lib/emulator
2025-11-02T02:11:02.6509814Z [============                           ] 32% Unzipping... emulator/lib/rtc_serv
2025-11-02T02:11:02.6511874Z [============                           ] 32% Unzipping... emulator/lib/pc-bios/
2025-11-02T02:11:02.6513297Z [============                           ] 32% Unzipping... emulator/lib/cmake/  
2025-11-02T02:11:02.6515347Z [============                           ] 32% Unzipping... emulator/lib/snapshot
2025-11-02T02:11:02.6516440Z [============                           ] 32% Unzipping... emulator/lib/pkgconfi
2025-11-02T02:11:02.6518375Z [============                           ] 32% Unzipping... emulator/lib/emulator
2025-11-02T02:11:02.6837813Z [============                           ] 32% Unzipping... emulator/lib/libflatb
2025-11-02T02:11:02.6841549Z [============                           ] 32% Unzipping... emulator/lib/snapshot
2025-11-02T02:11:02.6844674Z [============                           ] 32% Unzipping... emulator/lib/control_
2025-11-02T02:11:02.6849370Z [============                           ] 32% Unzipping... emulator/lib/emulated
2025-11-02T02:11:02.6874895Z [============                           ] 32% Unzipping... emulator/lib/grpc_end
2025-11-02T02:11:02.6875776Z [============                           ] 32% Unzipping... emulator/lib/emu-orig
2025-11-02T02:11:02.6876341Z [============                           ] 32% Unzipping... emulator/lib/ca-bundl
2025-11-02T02:11:02.6881098Z [============                           ] 32% Unzipping... emulator/lib/hostapd.
2025-11-02T02:11:02.6884719Z [============                           ] 32% Unzipping... emulator/lib/rtc_serv
2025-11-02T02:11:02.6888810Z [============                           ] 32% Unzipping... emulator/lib/hardware
2025-11-02T02:11:02.6893136Z [============                           ] 32% Unzipping... emulator/lib/advanced
2025-11-02T02:11:02.6896208Z [============                           ] 32% Unzipping... emulator/lib/ui_contr
2025-11-02T02:11:02.6898817Z [============                           ] 32% Unzipping... emulator/lib/waterfal
2025-11-02T02:11:02.6901475Z [============                           ] 32% Unzipping... emulator/lib/adb_serv
2025-11-02T02:11:02.6907054Z [============                           ] 32% Unzipping... emulator/lib/emulator
2025-11-02T02:11:02.7068402Z [============                           ] 32% Unzipping... emulator/lib/pc-bios/
2025-11-02T02:11:02.7078086Z [============                           ] 32% Unzipping... emulator/lib/cmake/fl
2025-11-02T02:11:02.7080384Z [============                           ] 32% Unzipping... emulator/lib/pkgconfi
2025-11-02T02:11:02.7394157Z [============                           ] 32% Unzipping... emulator/resources/To
2025-11-02T02:11:02.7395822Z [============                           ] 32% Unzipping... emulator/resources/ma
2025-11-02T02:11:02.7406066Z [============                           ] 32% Unzipping... emulator/resources/po
2025-11-02T02:11:02.7481557Z [============                           ] 32% Unzipping... emulator/resources/ma
2025-11-02T02:11:02.7551496Z [============                           ] 32% Unzipping... emulator/include/flat
2025-11-02T02:11:02.8198186Z [=============                          ] 33% Unzipping... emulator/include/flat
2025-11-02T02:11:03.2628984Z [=====================                  ] 55% Unzipping... emulator/include/flat
2025-11-02T02:11:03.3116844Z [=====================                  ] 55% Installing Android SDK Tools emula
2025-11-02T02:11:03.3235357Z [=====================                  ] 55% Downloading sdk-tools-linux-433379
2025-11-02T02:11:03.3394324Z [======================                 ] 55% Downloading sdk-tools-linux-433379
2025-11-02T02:11:03.3766151Z [======================                 ] 56% Downloading sdk-tools-linux-433379
2025-11-02T02:11:03.4246611Z [======================                 ] 57% Downloading sdk-tools-linux-433379
2025-11-02T02:11:03.4599971Z [=======================                ] 58% Downloading sdk-tools-linux-433379
2025-11-02T02:11:03.4917233Z [=======================                ] 59% Downloading sdk-tools-linux-433379
2025-11-02T02:11:03.5113989Z [=======================                ] 60% Downloading sdk-tools-linux-433379
2025-11-02T02:11:03.5268838Z [========================               ] 60% Downloading sdk-tools-linux-433379
2025-11-02T02:11:03.5620240Z [========================               ] 61% Downloading sdk-tools-linux-433379
2025-11-02T02:11:03.5973618Z [========================               ] 62% Downloading sdk-tools-linux-433379
2025-11-02T02:11:03.6323365Z [=========================              ] 63% Downloading sdk-tools-linux-433379
2025-11-02T02:11:03.6669919Z [=========================              ] 64% Downloading sdk-tools-linux-433379
2025-11-02T02:11:03.6824573Z [=========================              ] 65% Downloading sdk-tools-linux-433379
2025-11-02T02:11:03.7018272Z [==========================             ] 65% Downloading sdk-tools-linux-433379
2025-11-02T02:11:03.7251623Z [==========================             ] 66% Downloading sdk-tools-linux-433379
2025-11-02T02:11:03.7762618Z [==========================             ] 66% Unzipping... emulator/include/flat
2025-11-02T02:11:03.7763300Z [==========================             ] 66% Unzipping... tools/               
2025-11-02T02:11:03.7763730Z [==========================             ] 66% Unzipping... tools/proguard/      
2025-11-02T02:11:03.7766391Z [==========================             ] 66% Unzipping... tools/proguard/licens
2025-11-02T02:11:03.7766969Z [==========================             ] 66% Unzipping... tools/proguard/lib/  
2025-11-02T02:11:03.7819467Z [==========================             ] 66% Unzipping... tools/proguard/lib/pr
2025-11-02T02:11:03.7822661Z [==========================             ] 66% Unzipping... tools/proguard/lib/re
2025-11-02T02:11:03.7832440Z [==========================             ] 66% Unzipping... tools/proguard/lib/pr
2025-11-02T02:11:03.7833393Z [==========================             ] 66% Unzipping... tools/proguard/ant/  
2025-11-02T02:11:03.7835915Z [==========================             ] 66% Unzipping... tools/proguard/ant/ta
2025-11-02T02:11:03.7836970Z [==========================             ] 66% Unzipping... tools/proguard/docs/ 
2025-11-02T02:11:03.7841122Z [==========================             ] 66% Unzipping... tools/proguard/docs/f
2025-11-02T02:11:03.7851248Z [==========================             ] 66% Unzipping... tools/proguard/docs/s
2025-11-02T02:11:03.7854035Z [==========================             ] 66% Unzipping... tools/proguard/docs/d
2025-11-02T02:11:03.7858239Z [==========================             ] 66% Unzipping... tools/proguard/docs/s
2025-11-02T02:11:03.7861541Z [==========================             ] 66% Unzipping... tools/proguard/docs/F
2025-11-02T02:11:03.7867014Z [==========================             ] 66% Unzipping... tools/proguard/docs/s
2025-11-02T02:11:03.7869659Z [==========================             ] 66% Unzipping... tools/proguard/docs/l
2025-11-02T02:11:03.7874483Z [==========================             ] 66% Unzipping... tools/proguard/docs/s
2025-11-02T02:11:03.7877809Z [==========================             ] 66% Unzipping... tools/proguard/docs/d
2025-11-02T02:11:03.7884013Z [==========================             ] 66% Unzipping... tools/proguard/docs/s
2025-11-02T02:11:03.7886588Z [==========================             ] 66% Unzipping... tools/proguard/docs/r
2025-11-02T02:11:03.7888878Z [==========================             ] 66% Unzipping... tools/proguard/docs/d
2025-11-02T02:11:03.7891566Z [==========================             ] 66% Unzipping... tools/proguard/docs/t
2025-11-02T02:11:03.7893892Z [==========================             ] 66% Unzipping... tools/proguard/docs/f
2025-11-02T02:11:03.7899752Z [==========================             ] 66% Unzipping... tools/proguard/docs/s
2025-11-02T02:11:03.7902820Z [==========================             ] 66% Unzipping... tools/proguard/docs/t
2025-11-02T02:11:03.7905519Z [==========================             ] 66% Unzipping... tools/proguard/docs/i
2025-11-02T02:11:03.7910748Z [==========================             ] 66% Unzipping... tools/proguard/docs/s
2025-11-02T02:11:03.7913728Z [==========================             ] 66% Unzipping... tools/proguard/docs/m
2025-11-02T02:11:03.7915931Z [==========================             ] 66% Unzipping... tools/proguard/docs/s
2025-11-02T02:11:03.7918297Z [==========================             ] 66% Unzipping... tools/proguard/docs/q
2025-11-02T02:11:03.7921627Z [==========================             ] 66% Unzipping... tools/proguard/docs/G
2025-11-02T02:11:03.7923836Z [==========================             ] 66% Unzipping... tools/proguard/docs/t
2025-11-02T02:11:03.7936124Z [==========================             ] 66% Unzipping... tools/proguard/docs/s
2025-11-02T02:11:03.7982756Z [==========================             ] 66% Unzipping... tools/proguard/docs/m
2025-11-02T02:11:03.7984928Z [==========================             ] 66% Unzipping... tools/proguard/docs/s
2025-11-02T02:11:03.7987581Z [==========================             ] 66% Unzipping... tools/proguard/docs/G
2025-11-02T02:11:03.7989773Z [==========================             ] 66% Unzipping... tools/proguard/docs/c
2025-11-02T02:11:03.7995875Z [==========================             ] 66% Unzipping... tools/proguard/docs/a
2025-11-02T02:11:03.8005538Z [==========================             ] 66% Unzipping... tools/proguard/docs/s
2025-11-02T02:11:03.8007574Z [==========================             ] 66% Unzipping... tools/proguard/docs/d
2025-11-02T02:11:03.8103510Z [==========================             ] 66% Unzipping... tools/proguard/exampl
2025-11-02T02:11:03.8116297Z [==========================             ] 66% Unzipping... tools/proguard/bin/  
2025-11-02T02:11:03.8117122Z [==========================             ] 66% Unzipping... tools/proguard/bin/pr
2025-11-02T02:11:03.8119465Z [==========================             ] 66% Unzipping... tools/proguard/bin/re
2025-11-02T02:11:03.8121212Z [==========================             ] 66% Unzipping... tools/proguard/README
2025-11-02T02:11:03.8126565Z [==========================             ] 66% Unzipping... tools/proguard/progua
2025-11-02T02:11:03.8129488Z [==========================             ] 66% Unzipping... tools/lib/           
2025-11-02T02:11:03.8179041Z [==========================             ] 66% Unzipping... tools/lib/bcpkix-jdk1
2025-11-02T02:11:03.8187149Z [==========================             ] 66% Unzipping... tools/lib/org-eclipse
2025-11-02T02:11:03.8200821Z [==========================             ] 66% Unzipping... tools/lib/manifest-me
2025-11-02T02:11:03.8206774Z [==========================             ] 66% Unzipping... tools/lib/jcommander-
2025-11-02T02:11:03.8224501Z [==========================             ] 66% Unzipping... tools/lib/gson-2.3.ja
2025-11-02T02:11:03.8227163Z [==========================             ] 66% Unzipping... tools/lib/ddms-26.0.0
2025-11-02T02:11:03.8232634Z [==========================             ] 66% Unzipping... tools/lib/asm-tree-5.
2025-11-02T02:11:03.8296732Z [==========================             ] 66% Unzipping... tools/lib/uast-26.0.0
2025-11-02T02:11:03.8308640Z [==========================             ] 66% Unzipping... tools/lib/dexlib2-2.2
2025-11-02T02:11:03.8362903Z [==========================             ] 67% Unzipping... tools/lib/dexlib2-2.2
2025-11-02T02:11:03.8366400Z [==========================             ] 67% Unzipping... tools/lib/android.el 
2025-11-02T02:11:03.8371871Z [==========================             ] 67% Unzipping... tools/lib/apkanalyzer
2025-11-02T02:11:03.8508476Z [==========================             ] 67% Unzipping... tools/lib/guava-22.0.
2025-11-02T02:11:03.8537191Z [==========================             ] 67% Unzipping... tools/lib/lint-api-26
2025-11-02T02:11:03.8545850Z [==========================             ] 67% Unzipping... tools/lib/baksmali-2.
2025-11-02T02:11:03.8549696Z [==========================             ] 67% Unzipping... tools/lib/shared.jar 
2025-11-02T02:11:03.8553989Z [==========================             ] 67% Unzipping... tools/lib/jsr305-1.3.
2025-11-02T02:11:03.8578947Z [==========================             ] 67% Unzipping... tools/lib/httpclient-
2025-11-02T02:11:03.8688083Z [==========================             ] 67% Unzipping... tools/lib/ecj-4.6.1.j
2025-11-02T02:11:03.8692143Z [==========================             ] 67% Unzipping... tools/lib/jobb-26.0.0
2025-11-02T02:11:03.8709823Z [==========================             ] 67% Unzipping... tools/lib/jcommon-1.0
2025-11-02T02:11:03.8714703Z [==========================             ] 67% Unzipping... tools/lib/kxml2-2.3.0
2025-11-02T02:11:03.8779659Z [==========================             ] 67% Unzipping... tools/lib/jfreechart-
2025-11-02T02:11:03.8789839Z [==========================             ] 67% Unzipping... tools/lib/common-26.0
2025-11-02T02:11:03.8844207Z [==========================             ] 67% Unzipping... tools/lib/lint-checks
2025-11-02T02:11:03.8957157Z [==========================             ] 67% Unzipping... tools/lib/kotlin-refl
2025-11-02T02:11:03.8961486Z [==========================             ] 67% Unzipping... tools/lib/builder-mod
2025-11-02T02:11:03.8997286Z [==========================             ] 67% Unzipping... tools/lib/sdklib-26.0
2025-11-02T02:11:03.9003861Z [==========================             ] 67% Unzipping... tools/lib/layoutlib-a
2025-11-02T02:11:03.9007231Z [==========================             ] 67% Unzipping... tools/lib/annotations
2025-11-02T02:11:03.9014386Z [==========================             ] 67% Unzipping... tools/lib/fat32lib.ja
2025-11-02T02:11:03.9018407Z [==========================             ] 67% Unzipping... tools/lib/jsr305-3.0.
2025-11-02T02:11:03.9070407Z [==========================             ] 67% Unzipping... tools/lib/org-eclipse
2025-11-02T02:11:03.9073472Z [==========================             ] 67% Unzipping... tools/lib/error_prone
2025-11-02T02:11:03.9081373Z [==========================             ] 67% Unzipping... tools/lib/org-eclipse
2025-11-02T02:11:03.9083675Z [==========================             ] 67% Unzipping... tools/lib/animal-snif
2025-11-02T02:11:03.9118558Z [==========================             ] 67% Unzipping... tools/lib/asset-studi
2025-11-02T02:11:03.9148074Z [===========================            ] 68% Unzipping... tools/lib/asset-studi
2025-11-02T02:11:03.9161965Z [===========================            ] 68% Unzipping... tools/lib/repository-
2025-11-02T02:11:03.9166580Z [===========================            ] 68% Unzipping... tools/lib/dvlib-26.0.
2025-11-02T02:11:03.9195297Z [===========================            ] 68% Unzipping... tools/lib/jsilver-1.0
2025-11-02T02:11:03.9200438Z [===========================            ] 68% Unzipping... tools/lib/asm-5.1.jar
2025-11-02T02:11:03.9202853Z [===========================            ] 68% Unzipping... tools/lib/devices.xml
2025-11-02T02:11:03.9206238Z [===========================            ] 68% Unzipping... tools/lib/asm-analysi
2025-11-02T02:11:03.9234873Z [===========================            ] 68% Unzipping... tools/lib/hierarchyvi
2025-11-02T02:11:03.9243950Z [===========================            ] 68% Unzipping... tools/lib/monkeyrunne
2025-11-02T02:11:03.9250929Z [===========================            ] 68% Unzipping... tools/lib/uiautomator
2025-11-02T02:11:03.9253113Z [===========================            ] 68% Unzipping... tools/lib/archquery-2
2025-11-02T02:11:03.9259354Z [===========================            ] 68% Unzipping... tools/lib/chimpchat-2
2025-11-02T02:11:03.9262490Z [===========================            ] 68% Unzipping... tools/lib/explainer.j
2025-11-02T02:11:03.9287728Z [===========================            ] 68% Unzipping... tools/lib/ddmlib-26.0
2025-11-02T02:11:03.9291460Z [===========================            ] 68% Unzipping... tools/lib/swtmenubar-
2025-11-02T02:11:03.9363152Z [===========================            ] 68% Unzipping... tools/lib/osgi-4.0.0.
2025-11-02T02:11:03.9363848Z [===========================            ] 68% Unzipping... tools/lib/x86_64/    
2025-11-02T02:11:03.9437924Z [===========================            ] 68% Unzipping... tools/lib/x86_64/swt.
2025-11-02T02:11:03.9895721Z [===========================            ] 68% Unzipping... tools/lib/monitor-x86
2025-11-02T02:11:04.0720174Z [===========================            ] 69% Unzipping... tools/lib/monitor-x86
2025-11-02T02:11:04.1311475Z [===========================            ] 70% Unzipping... tools/lib/monitor-x86
2025-11-02T02:11:04.1824108Z [============================           ] 70% Unzipping... tools/lib/monitor-x86
2025-11-02T02:11:04.3470350Z [============================           ] 71% Unzipping... tools/lib/monitor-x86
2025-11-02T02:11:04.3472278Z [============================           ] 71% Unzipping... tools/lib/httpmime-4.
2025-11-02T02:11:04.3474307Z [============================           ] 71% Unzipping... tools/lib/annotations
2025-11-02T02:11:04.3492320Z [============================           ] 71% Unzipping... tools/lib/lint-26.0.0
2025-11-02T02:11:04.3498578Z [============================           ] 71% Unzipping... tools/lib/apkanalyzer
2025-11-02T02:11:04.3504759Z [============================           ] 71% Unzipping... tools/lib/binary-reso
2025-11-02T02:11:04.3513120Z [============================           ] 71% Unzipping... tools/lib/jopt-simple
2025-11-02T02:11:04.3527773Z [============================           ] 71% Unzipping... tools/lib/util-2.2.1.
2025-11-02T02:11:04.3543228Z [============================           ] 71% Unzipping... tools/lib/ddmuilib-26
2025-11-02T02:11:04.3563772Z [============================           ] 72% Unzipping... tools/lib/ddmuilib-26
2025-11-02T02:11:04.3613874Z [============================           ] 72% Unzipping... tools/lib/sdk-common-
2025-11-02T02:11:04.3624305Z [============================           ] 72% Unzipping... tools/lib/traceview-2
2025-11-02T02:11:04.3638211Z [============================           ] 72% Unzipping... tools/lib/httpcore-4.
2025-11-02T02:11:04.3649816Z [============================           ] 72% Unzipping... tools/lib/screenshot2
2025-11-02T02:11:04.3658986Z [============================           ] 72% Unzipping... tools/lib/commons-cod
2025-11-02T02:11:04.3661373Z [============================           ] 72% Unzipping... tools/lib/proguard-pr
2025-11-02T02:11:04.4226615Z [============================           ] 72% Unzipping... tools/lib/jython-stan
2025-11-02T02:11:04.4286038Z [=============================          ] 73% Unzipping... tools/lib/jython-stan
2025-11-02T02:11:04.4290098Z [=============================          ] 73% Unzipping... tools/lib/annotations
2025-11-02T02:11:04.4295139Z [=============================          ] 73% Unzipping... tools/lib/commons-log
2025-11-02T02:11:04.4360884Z [=============================          ] 73% Unzipping... tools/lib/protobuf-ja
2025-11-02T02:11:04.4366957Z [=============================          ] 73% Unzipping... tools/lib/fakeadbserv
2025-11-02T02:11:04.4517188Z [=============================          ] 73% Unzipping... tools/lib/bcprov-jdk1
2025-11-02T02:11:04.4517965Z [=============================          ] 73% Unzipping... tools/lib/x86/       
2025-11-02T02:11:04.4586250Z [=============================          ] 73% Unzipping... tools/lib/x86/swt.jar
2025-11-02T02:11:04.4630350Z [=============================          ] 73% Unzipping... tools/lib/kotlin-stdl
2025-11-02T02:11:04.4654333Z [=============================          ] 73% Unzipping... tools/lib/commons-com
2025-11-02T02:11:04.4691330Z [=============================          ] 73% Unzipping... tools/lib/lombok-ast-
2025-11-02T02:11:04.4721200Z [=============================          ] 73% Unzipping... tools/lib/trove4j-201
2025-11-02T02:11:04.4950570Z [=============================          ] 73% Unzipping... tools/lib/intellij-co
2025-11-02T02:11:04.5111402Z [=============================          ] 74% Unzipping... tools/lib/intellij-co
2025-11-02T02:11:04.5128443Z [=============================          ] 74% Unzipping... tools/lib/jimfs-1.1.j
2025-11-02T02:11:04.5131702Z [=============================          ] 74% Unzipping... tools/lib/j2objc-anno
2025-11-02T02:11:04.5138301Z [=============================          ] 74% Unzipping... tools/lib/jfreechart-
2025-11-02T02:11:04.5620195Z [=============================          ] 74% Unzipping... tools/lib/monitor-x86
2025-11-02T02:11:04.6021092Z [=============================          ] 75% Unzipping... tools/lib/monitor-x86
2025-11-02T02:11:04.6391162Z [==============================         ] 75% Unzipping... tools/lib/monitor-x86
2025-11-02T02:11:04.7273907Z [==============================         ] 76% Unzipping... tools/lib/monitor-x86
2025-11-02T02:11:04.9004456Z [==============================         ] 77% Unzipping... tools/lib/monitor-x86
2025-11-02T02:11:04.9008187Z [==============================         ] 77% Unzipping... tools/lib/generator.j
2025-11-02T02:11:04.9009805Z [==============================         ] 77% Unzipping... tools/source.properti
2025-11-02T02:11:04.9010462Z [==============================         ] 77% Unzipping... tools/bin/           
2025-11-02T02:11:04.9013246Z [==============================         ] 77% Unzipping... tools/bin/avdmanager 
2025-11-02T02:11:04.9015724Z [==============================         ] 77% Unzipping... tools/bin/jobb       
2025-11-02T02:11:04.9018306Z [==============================         ] 77% Unzipping... tools/bin/uiautomator
2025-11-02T02:11:04.9021242Z [==============================         ] 77% Unzipping... tools/bin/apkanalyzer
2025-11-02T02:11:04.9023463Z [==============================         ] 77% Unzipping... tools/bin/monkeyrunne
2025-11-02T02:11:04.9026302Z [==============================         ] 77% Unzipping... tools/bin/archquery  
2025-11-02T02:11:04.9028912Z [==============================         ] 77% Unzipping... tools/bin/sdkmanager 
2025-11-02T02:11:04.9031653Z [==============================         ] 77% Unzipping... tools/bin/lint       
2025-11-02T02:11:04.9035266Z [==============================         ] 77% Unzipping... tools/bin/screenshot2
2025-11-02T02:11:04.9058865Z [==============================         ] 77% Unzipping... tools/NOTICE.txt     
2025-11-02T02:11:04.9095581Z [==============================         ] 77% Unzipping... tools/emulator       
2025-11-02T02:11:04.9120099Z [==============================         ] 77% Unzipping... tools/emulator-check 
2025-11-02T02:11:04.9122354Z [==============================         ] 77% Unzipping... tools/monitor        
2025-11-02T02:11:04.9124645Z [==============================         ] 77% Unzipping... tools/android        
2025-11-02T02:11:04.9128120Z [==============================         ] 77% Unzipping... tools/mksdcard       
2025-11-02T02:11:04.9128670Z [==============================         ] 77% Unzipping... tools/support/       
2025-11-02T02:11:04.9134313Z [==============================         ] 77% Unzipping... tools/support/typos-d
2025-11-02T02:11:04.9137796Z [==============================         ] 77% Unzipping... tools/support/typos-e
2025-11-02T02:11:04.9139808Z [==============================         ] 77% Unzipping... tools/support/annotat
2025-11-02T02:11:04.9147376Z [==============================         ] 77% Unzipping... tools/support/typos-e
2025-11-02T02:11:04.9150886Z [==============================         ] 77% Unzipping... tools/support/typos-t
2025-11-02T02:11:04.9155492Z [==============================         ] 77% Unzipping... tools/support/typos-p
2025-11-02T02:11:04.9159018Z [==============================         ] 77% Unzipping... tools/support/typos-i
2025-11-02T02:11:04.9162407Z [==============================         ] 77% Unzipping... tools/support/typos-n
2025-11-02T02:11:04.9165882Z [==============================         ] 77% Unzipping... tools/support/typos-h
2025-11-02T02:11:04.9469639Z [==============================         ] 78% Unzipping... tools/support/typos-h
2025-11-02T02:11:04.9471280Z [=======================================] 100% Unzipping... tools/support/typos-
2025-11-02T02:11:04.9516850Z 
2025-11-02T02:11:04.9662164Z [command]/usr/local/lib/android/sdk/cmdline-tools/16.0/bin/sdkmanager platform-tools
2025-11-02T02:11:05.6958753Z Loading package information...                                                  
2025-11-02T02:11:05.7821467Z Loading local repository...                                                     
2025-11-02T02:11:05.7824254Z [                                       ] 3% Loading local repository...        
2025-11-02T02:11:05.7916486Z [                                       ] 3% Fetch remote repository...         
2025-11-02T02:11:06.1242735Z [=                                      ] 3% Fetch remote repository...         
2025-11-02T02:11:06.2071493Z [=                                      ] 4% Fetch remote repository...         
2025-11-02T02:11:06.2425917Z [=                                      ] 5% Fetch remote repository...         
2025-11-02T02:11:06.2863674Z [==                                     ] 5% Fetch remote repository...         
2025-11-02T02:11:06.3574110Z [==                                     ] 6% Fetch remote repository...         
2025-11-02T02:11:06.4534402Z [==                                     ] 7% Fetch remote repository...         
2025-11-02T02:11:06.4537169Z [==                                     ] 7% Computing updates...               
2025-11-02T02:11:06.4645928Z [===                                    ] 8% Computing updates...               
2025-11-02T02:11:06.4714366Z [===                                    ] 10% Computing updates...              
2025-11-02T02:11:06.4719662Z [=======================================] 100% Computing updates...             
2025-11-02T02:11:06.4720019Z 
2025-11-02T02:11:06.5060111Z ##[group]Run mkdir -p gradle/wrapper
2025-11-02T02:11:06.5060620Z [36;1mmkdir -p gradle/wrapper[0m
2025-11-02T02:11:06.5061267Z [36;1mcurl -L -o gradle/wrapper/gradle-wrapper.jar https://raw.githubusercontent.com/gradle/gradle/master/gradle/wrapper/gradle-wrapper.jar[0m
2025-11-02T02:11:06.5099730Z shell: /usr/bin/bash -e {0}
2025-11-02T02:11:06.5099979Z env:
2025-11-02T02:11:06.5100150Z   CARGO_INCREMENTAL: 0
2025-11-02T02:11:06.5100363Z   RUST_BACKTRACE: short
2025-11-02T02:11:06.5100559Z   HUSKY: 0
2025-11-02T02:11:06.5100847Z   JAVA_HOME: /opt/hostedtoolcache/Java_Temurin-Hotspot_jdk/17.0.17-10/x64
2025-11-02T02:11:06.5101299Z   JAVA_HOME_17_X64: /opt/hostedtoolcache/Java_Temurin-Hotspot_jdk/17.0.17-10/x64
2025-11-02T02:11:06.5101670Z   ANDROID_HOME: /usr/local/lib/android/sdk
2025-11-02T02:11:06.5101955Z   ANDROID_SDK_ROOT: /usr/local/lib/android/sdk
2025-11-02T02:11:06.5102210Z ##[endgroup]
2025-11-02T02:11:06.5258054Z   % Total    % Received % Xferd  Average Speed   Time    Time     Time  Current
2025-11-02T02:11:06.5258865Z                                  Dload  Upload   Total   Spent    Left  Speed
2025-11-02T02:11:06.5259402Z 
2025-11-02T02:11:06.6406544Z   0     0    0     0    0     0      0      0 --:--:-- --:--:-- --:--:--     0
2025-11-02T02:11:06.6407278Z 100 45633  100 45633    0     0   387k      0 --:--:-- --:--:-- --:--:--  390k
2025-11-02T02:11:06.6466223Z ##[group]Run chmod +x gradlew
2025-11-02T02:11:06.6466524Z [36;1mchmod +x gradlew[0m
2025-11-02T02:11:06.6501197Z shell: /usr/bin/bash -e {0}
2025-11-02T02:11:06.6501435Z env:
2025-11-02T02:11:06.6501612Z   CARGO_INCREMENTAL: 0
2025-11-02T02:11:06.6501822Z   RUST_BACKTRACE: short
2025-11-02T02:11:06.6502025Z   HUSKY: 0
2025-11-02T02:11:06.6502309Z   JAVA_HOME: /opt/hostedtoolcache/Java_Temurin-Hotspot_jdk/17.0.17-10/x64
2025-11-02T02:11:06.6502801Z   JAVA_HOME_17_X64: /opt/hostedtoolcache/Java_Temurin-Hotspot_jdk/17.0.17-10/x64
2025-11-02T02:11:06.6503176Z   ANDROID_HOME: /usr/local/lib/android/sdk
2025-11-02T02:11:06.6503455Z   ANDROID_SDK_ROOT: /usr/local/lib/android/sdk
2025-11-02T02:11:06.6503725Z ##[endgroup]
2025-11-02T02:11:06.6617136Z ##[group]Run if [ "aarch64" == "universal" ]; then
2025-11-02T02:11:06.6617504Z [36;1mif [ "aarch64" == "universal" ]; then[0m
2025-11-02T02:11:06.6617776Z [36;1m  ./gradlew assembleRelease[0m
2025-11-02T02:11:06.6618059Z [36;1melif [ "aarch64" == "aarch64" ]; then[0m
2025-11-02T02:11:06.6618429Z [36;1m  ./gradlew assembleRelease -Pandroid.injected.build.abi=arm64-v8a[0m
2025-11-02T02:11:06.6618799Z [36;1melif [ "aarch64" == "armv7" ]; then[0m
2025-11-02T02:11:06.6619452Z [36;1m  ./gradlew assembleRelease -Pandroid.injected.build.abi=armeabi-v7a[0m
2025-11-02T02:11:06.6619919Z [36;1melif [ "aarch64" == "x86_64" ]; then[0m
2025-11-02T02:11:06.6620265Z [36;1m  ./gradlew assembleRelease -Pandroid.injected.build.abi=x86_64[0m
2025-11-02T02:11:06.6620597Z [36;1mfi[0m
2025-11-02T02:11:06.6652816Z shell: /usr/bin/bash -e {0}
2025-11-02T02:11:06.6653047Z env:
2025-11-02T02:11:06.6653231Z   CARGO_INCREMENTAL: 0
2025-11-02T02:11:06.6653434Z   RUST_BACKTRACE: short
2025-11-02T02:11:06.6653669Z   HUSKY: 0
2025-11-02T02:11:06.6653954Z   JAVA_HOME: /opt/hostedtoolcache/Java_Temurin-Hotspot_jdk/17.0.17-10/x64
2025-11-02T02:11:06.6654427Z   JAVA_HOME_17_X64: /opt/hostedtoolcache/Java_Temurin-Hotspot_jdk/17.0.17-10/x64
2025-11-02T02:11:06.6654802Z   ANDROID_HOME: /usr/local/lib/android/sdk
2025-11-02T02:11:06.6655080Z   ANDROID_SDK_ROOT: /usr/local/lib/android/sdk
2025-11-02T02:11:06.6655351Z   NODE_OPTIONS: --max_old_space_size=4096
2025-11-02T02:11:06.6655599Z ##[endgroup]
2025-11-02T02:11:06.7564875Z Downloading https://services.gradle.org/distributions/gradle-8.5-bin.zip
2025-11-02T02:11:08.7864932Z ............10%.............20%............30%.............40%.............50%............60%.............70%.............80%............90%.............100%
2025-11-02T02:11:09.9103541Z 
2025-11-02T02:11:09.9104870Z Welcome to Gradle 8.5!
2025-11-02T02:11:09.9105263Z 
2025-11-02T02:11:09.9106214Z Here are the highlights of this release:
2025-11-02T02:11:09.9110956Z  - Support for running on Java 21
2025-11-02T02:11:09.9111551Z  - Faster first use with Kotlin DSL
2025-11-02T02:11:09.9112097Z  - Improved error and warning messages
2025-11-02T02:11:09.9112425Z 
2025-11-02T02:11:09.9113014Z For more details see https://docs.gradle.org/8.5/release-notes.html
2025-11-02T02:11:09.9113815Z 
2025-11-02T02:11:10.3094603Z Starting a Gradle Daemon (subsequent builds will be faster)
2025-11-02T02:11:12.9100239Z Calculating task graph as no cached configuration is available for tasks: assembleRelease
2025-11-02T02:12:07.4097358Z 
2025-11-02T02:12:07.4113595Z Configuration cache entry stored.
2025-11-02T02:12:07.4130168Z FAILURE: Build failed with an exception.
2025-11-02T02:12:07.4130553Z 
2025-11-02T02:12:07.4130727Z * Where:
2025-11-02T02:12:07.4131400Z Build file '/home/runner/work/shouj/shouj/mobile/build.gradle.kts' line: 16
2025-11-02T02:12:07.4131900Z 
2025-11-02T02:12:07.4132083Z * What went wrong:
2025-11-02T02:12:07.4133297Z Build was configured to prefer settings repositories over project repositories but repository 'Google' was added by build file 'build.gradle.kts'
2025-11-02T02:12:07.4134207Z 
2025-11-02T02:12:07.4134339Z * Try:
2025-11-02T02:12:07.4134865Z > Run with --stacktrace option to get the stack trace.
2025-11-02T02:12:07.4135629Z > Run with --info or --debug option to get more log output.
2025-11-02T02:12:07.4136280Z > Run with --scan to get full insights.
2025-11-02T02:12:07.4136896Z > Get more help at https://help.gradle.org.
2025-11-02T02:12:07.4137251Z 
2025-11-02T02:12:07.4137445Z BUILD FAILED in 1m
2025-11-02T02:12:07.7784171Z ##[error]Process completed with exit code 1.
2025-11-02T02:12:07.7863799Z Post job cleanup.
2025-11-02T02:12:07.9662883Z Post job cleanup.
2025-11-02T02:12:08.0607754Z [command]/usr/bin/git version
2025-11-02T02:12:08.0645290Z git version 2.51.2
2025-11-02T02:12:08.0697008Z Temporarily overriding HOME='/home/runner/work/_temp/fdc37f99-2044-48f6-93cf-77f37f0daf75' before making global git config changes
2025-11-02T02:12:08.0698433Z Adding repository directory to the temporary git global config as a safe directory
2025-11-02T02:12:08.0703238Z [command]/usr/bin/git config --global --add safe.directory /home/runner/work/shouj/shouj
2025-11-02T02:12:08.0738647Z [command]/usr/bin/git config --local --name-only --get-regexp core\.sshCommand
2025-11-02T02:12:08.0771330Z [command]/usr/bin/git submodule foreach --recursive sh -c "git config --local --name-only --get-regexp 'core\.sshCommand' && git config --local --unset-all 'core.sshCommand' || :"
2025-11-02T02:12:08.1000064Z [command]/usr/bin/git config --local --name-only --get-regexp http\.https\:\/\/github\.com\/\.extraheader
2025-11-02T02:12:08.1020084Z http.https://github.com/.extraheader
2025-11-02T02:12:08.1032559Z [command]/usr/bin/git config --local --unset-all http.https://github.com/.extraheader
2025-11-02T02:12:08.1062928Z [command]/usr/bin/git submodule foreach --recursive sh -c "git config --local --name-only --get-regexp 'http\.https\:\/\/github\.com\/\.extraheader' && git config --local --unset-all 'http.https://github.com/.extraheader' || :"
2025-11-02T02:12:08.1387652Z Cleaning up orphan processes
2025-11-02T02:12:08.1756492Z Terminate orphan process: pid (2449) (java)
