2025-11-02T02:10:44.5157598Z Current runner version: '2.329.0'
2025-11-02T02:10:44.5188225Z ##[group]Runner Image Provisioner
2025-11-02T02:10:44.5189419Z Hosted Compute Agent
2025-11-02T02:10:44.5190352Z Version: 20251016.436
2025-11-02T02:10:44.5191515Z Commit: 8ab8ac8bfd662a3739dab9fe09456aba92132568
2025-11-02T02:10:44.5192786Z Build Date: 2025-10-15T20:44:12Z
2025-11-02T02:10:44.5193676Z ##[endgroup]
2025-11-02T02:10:44.5194688Z ##[group]Operating System
2025-11-02T02:10:44.5195592Z Ubuntu
2025-11-02T02:10:44.5196362Z 24.04.3
2025-11-02T02:10:44.5197214Z LTS
2025-11-02T02:10:44.5198028Z ##[endgroup]
2025-11-02T02:10:44.5198780Z ##[group]Runner Image
2025-11-02T02:10:44.5199827Z Image: ubuntu-24.04
2025-11-02T02:10:44.5201167Z Version: 20251030.96.2
2025-11-02T02:10:44.5202776Z Included Software: https://github.com/actions/runner-images/blob/ubuntu24/20251030.96/images/ubuntu/Ubuntu2404-Readme.md
2025-11-02T02:10:44.5205474Z Image Release: https://github.com/actions/runner-images/releases/tag/ubuntu24%2F20251030.96
2025-11-02T02:10:44.5207053Z ##[endgroup]
2025-11-02T02:10:44.5211497Z ##[group]GITHUB_TOKEN Permissions
2025-11-02T02:10:44.5215034Z Actions: write
2025-11-02T02:10:44.5216065Z Attestations: write
2025-11-02T02:10:44.5216865Z Checks: write
2025-11-02T02:10:44.5217653Z Contents: write
2025-11-02T02:10:44.5218536Z Deployments: write
2025-11-02T02:10:44.5219399Z Discussions: write
2025-11-02T02:10:44.5220251Z Issues: write
2025-11-02T02:10:44.5221412Z Metadata: read
2025-11-02T02:10:44.5222177Z Models: read
2025-11-02T02:10:44.5222995Z Packages: write
2025-11-02T02:10:44.5224507Z Pages: write
2025-11-02T02:10:44.5225378Z PullRequests: write
2025-11-02T02:10:44.5226151Z RepositoryProjects: write
2025-11-02T02:10:44.5227064Z SecurityEvents: write
2025-11-02T02:10:44.5228023Z Statuses: write
2025-11-02T02:10:44.5228800Z ##[endgroup]
2025-11-02T02:10:44.5232607Z Secret source: Actions
2025-11-02T02:10:44.5234092Z Prepare workflow directory
2025-11-02T02:10:44.5795913Z Prepare all required actions
2025-11-02T02:10:44.5853496Z Getting action download info
2025-11-02T02:10:44.8863569Z Download action repository 'actions/checkout@v4' (SHA:08eba0b27e820071cde6df949e0beb9ba4906955)
2025-11-02T02:10:44.9800797Z Download action repository 'actions/setup-java@v4' (SHA:c5195efecf7bdfc987ee8bae7a71cb8b11521c00)
2025-11-02T02:10:45.2793051Z Download action repository 'android-actions/setup-android@v3' (SHA:9fc6c4e9069bf8d3d10b2204b1fb8f6ef7065407)
2025-11-02T02:10:45.4742069Z Download action repository 'actions/upload-artifact@v4' (SHA:ea165f8d65b6e75b540449e92b4886f43607fa02)
2025-11-02T02:10:45.7066471Z Complete job name: Build Android APK (armv7)
2025-11-02T02:10:45.7788318Z ##[group]Run actions/checkout@v4
2025-11-02T02:10:45.7789159Z with:
2025-11-02T02:10:45.7789525Z   fetch-depth: 0
2025-11-02T02:10:45.7789940Z   repository: xiehaibo11/shouj
2025-11-02T02:10:45.7790882Z   token: ***
2025-11-02T02:10:45.7791256Z   ssh-strict: true
2025-11-02T02:10:45.7791645Z   ssh-user: git
2025-11-02T02:10:45.7792035Z   persist-credentials: true
2025-11-02T02:10:45.7792497Z   clean: true
2025-11-02T02:10:45.7792887Z   sparse-checkout-cone-mode: true
2025-11-02T02:10:45.7793358Z   fetch-tags: false
2025-11-02T02:10:45.7793741Z   show-progress: true
2025-11-02T02:10:45.7794144Z   lfs: false
2025-11-02T02:10:45.7794521Z   submodules: false
2025-11-02T02:10:45.7794916Z   set-safe-directory: true
2025-11-02T02:10:45.7795643Z env:
2025-11-02T02:10:45.7796002Z   CARGO_INCREMENTAL: 0
2025-11-02T02:10:45.7796426Z   RUST_BACKTRACE: short
2025-11-02T02:10:45.7796822Z   HUSKY: 0
2025-11-02T02:10:45.7797175Z ##[endgroup]
2025-11-02T02:10:45.8959820Z Syncing repository: xiehaibo11/shouj
2025-11-02T02:10:45.8963143Z ##[group]Getting Git version info
2025-11-02T02:10:45.8964335Z Working directory is '/home/runner/work/shouj/shouj'
2025-11-02T02:10:45.8965364Z [command]/usr/bin/git version
2025-11-02T02:10:45.8997913Z git version 2.51.2
2025-11-02T02:10:45.9024866Z ##[endgroup]
2025-11-02T02:10:45.9048752Z Temporarily overriding HOME='/home/runner/work/_temp/a6cd90f0-2615-43a5-a8f7-afeaa39a58cc' before making global git config changes
2025-11-02T02:10:45.9051916Z Adding repository directory to the temporary git global config as a safe directory
2025-11-02T02:10:45.9055829Z [command]/usr/bin/git config --global --add safe.directory /home/runner/work/shouj/shouj
2025-11-02T02:10:45.9095152Z Deleting the contents of '/home/runner/work/shouj/shouj'
2025-11-02T02:10:45.9099587Z ##[group]Initializing the repository
2025-11-02T02:10:45.9104580Z [command]/usr/bin/git init /home/runner/work/shouj/shouj
2025-11-02T02:10:45.9181591Z hint: Using 'master' as the name for the initial branch. This default branch name
2025-11-02T02:10:45.9183003Z hint: is subject to change. To configure the initial branch name to use in all
2025-11-02T02:10:45.9185574Z hint: of your new repositories, which will suppress this warning, call:
2025-11-02T02:10:45.9187024Z hint:
2025-11-02T02:10:45.9187588Z hint: 	git config --global init.defaultBranch <name>
2025-11-02T02:10:45.9188154Z hint:
2025-11-02T02:10:45.9188723Z hint: Names commonly chosen instead of 'master' are 'main', 'trunk' and
2025-11-02T02:10:45.9189583Z hint: 'development'. The just-created branch can be renamed via this command:
2025-11-02T02:10:45.9190552Z hint:
2025-11-02T02:10:45.9191090Z hint: 	git branch -m <name>
2025-11-02T02:10:45.9191520Z hint:
2025-11-02T02:10:45.9192107Z hint: Disable this message with "git config set advice.defaultBranchName false"
2025-11-02T02:10:45.9193028Z Initialized empty Git repository in /home/runner/work/shouj/shouj/.git/
2025-11-02T02:10:45.9197011Z [command]/usr/bin/git remote add origin https://github.com/xiehaibo11/shouj
2025-11-02T02:10:45.9230588Z ##[endgroup]
2025-11-02T02:10:45.9231426Z ##[group]Disabling automatic garbage collection
2025-11-02T02:10:45.9234975Z [command]/usr/bin/git config --local gc.auto 0
2025-11-02T02:10:45.9267363Z ##[endgroup]
2025-11-02T02:10:45.9268601Z ##[group]Setting up auth
2025-11-02T02:10:45.9275756Z [command]/usr/bin/git config --local --name-only --get-regexp core\.sshCommand
2025-11-02T02:10:45.9309629Z [command]/usr/bin/git submodule foreach --recursive sh -c "git config --local --name-only --get-regexp 'core\.sshCommand' && git config --local --unset-all 'core.sshCommand' || :"
2025-11-02T02:10:45.9631561Z [command]/usr/bin/git config --local --name-only --get-regexp http\.https\:\/\/github\.com\/\.extraheader
2025-11-02T02:10:45.9663479Z [command]/usr/bin/git submodule foreach --recursive sh -c "git config --local --name-only --get-regexp 'http\.https\:\/\/github\.com\/\.extraheader' && git config --local --unset-all 'http.https://github.com/.extraheader' || :"
2025-11-02T02:10:45.9904826Z [command]/usr/bin/git config --local http.https://github.com/.extraheader AUTHORIZATION: basic ***
2025-11-02T02:10:45.9952603Z ##[endgroup]
2025-11-02T02:10:45.9953363Z ##[group]Fetching the repository
2025-11-02T02:10:45.9962022Z [command]/usr/bin/git -c protocol.version=2 fetch --prune --no-recurse-submodules origin +refs/heads/*:refs/remotes/origin/* +refs/tags/*:refs/tags/*
2025-11-02T02:10:48.1614500Z From https://github.com/xiehaibo11/shouj
2025-11-02T02:10:48.1615843Z  * [new branch]        main       -> origin/main
2025-11-02T02:10:48.1616640Z  * [new branch]        mobile-app -> origin/mobile-app
2025-11-02T02:10:48.1617308Z  * [new tag]           autobuild  -> autobuild
2025-11-02T02:10:48.1657345Z [command]/usr/bin/git branch --list --remote origin/main
2025-11-02T02:10:48.1680728Z   origin/main
2025-11-02T02:10:48.1690084Z [command]/usr/bin/git rev-parse refs/remotes/origin/main
2025-11-02T02:10:48.1709339Z a5dd40f2a282ae3df8a4539caf543fe109c9809c
2025-11-02T02:10:48.1715061Z ##[endgroup]
2025-11-02T02:10:48.1715746Z ##[group]Determining the checkout info
2025-11-02T02:10:48.1716774Z ##[endgroup]
2025-11-02T02:10:48.1720142Z [command]/usr/bin/git sparse-checkout disable
2025-11-02T02:10:48.1758946Z [command]/usr/bin/git config --local --unset-all extensions.worktreeConfig
2025-11-02T02:10:48.1783494Z ##[group]Checking out the ref
2025-11-02T02:10:48.1787127Z [command]/usr/bin/git checkout --progress --force -B main refs/remotes/origin/main
2025-11-02T02:10:48.3147100Z Switched to a new branch 'main'
2025-11-02T02:10:48.3148546Z branch 'main' set up to track 'origin/main'.
2025-11-02T02:10:48.3162238Z ##[endgroup]
2025-11-02T02:10:48.3200729Z [command]/usr/bin/git log -1 --format=%H
2025-11-02T02:10:48.3222792Z a5dd40f2a282ae3df8a4539caf543fe109c9809c
2025-11-02T02:10:48.3471019Z ##[group]Run actions/setup-java@v4
2025-11-02T02:10:48.3471463Z with:
2025-11-02T02:10:48.3471819Z   distribution: temurin
2025-11-02T02:10:48.3472187Z   java-version: 17
2025-11-02T02:10:48.3472471Z   cache: gradle
2025-11-02T02:10:48.3472870Z   java-package: jdk
2025-11-02T02:10:48.3473189Z   check-latest: false
2025-11-02T02:10:48.3473524Z   server-id: github
2025-11-02T02:10:48.3473964Z   server-username: GITHUB_ACTOR
2025-11-02T02:10:48.3474350Z   server-password: GITHUB_TOKEN
2025-11-02T02:10:48.3474786Z   overwrite-settings: true
2025-11-02T02:10:48.3475080Z   job-status: success
2025-11-02T02:10:48.3475637Z   token: ***
2025-11-02T02:10:48.3475917Z env:
2025-11-02T02:10:48.3476208Z   CARGO_INCREMENTAL: 0
2025-11-02T02:10:48.3476622Z   RUST_BACKTRACE: short
2025-11-02T02:10:48.3476921Z   HUSKY: 0
2025-11-02T02:10:48.3477235Z ##[endgroup]
2025-11-02T02:10:48.5421994Z ##[group]Installed distributions
2025-11-02T02:10:48.6154237Z Resolved Java 17.0.17+10 from tool-cache
2025-11-02T02:10:48.6155447Z Setting Java 17.0.17+10 as the default
2025-11-02T02:10:48.6168247Z Creating toolchains.xml for JDK version 17 from temurin
2025-11-02T02:10:48.6244441Z Writing to /home/runner/.m2/toolchains.xml
2025-11-02T02:10:48.6244950Z 
2025-11-02T02:10:48.6245150Z Java configuration:
2025-11-02T02:10:48.6246126Z   Distribution: temurin
2025-11-02T02:10:48.6246490Z   Version: 17.0.17+10
2025-11-02T02:10:48.6247995Z   Path: /opt/hostedtoolcache/Java_Temurin-Hotspot_jdk/17.0.17-10/x64
2025-11-02T02:10:48.6248806Z 
2025-11-02T02:10:48.6249580Z ##[endgroup]
2025-11-02T02:10:48.6267753Z Creating settings.xml with server-id: github
2025-11-02T02:10:48.6270327Z Writing to /home/runner/.m2/settings.xml
2025-11-02T02:10:48.7892971Z gradle cache is not found
2025-11-02T02:10:48.8018597Z ##[group]Run android-actions/setup-android@v3
2025-11-02T02:10:48.8018895Z with:
2025-11-02T02:10:48.8019074Z   cmdline-tools-version: 12266719
2025-11-02T02:10:48.8019327Z   accept-android-sdk-licenses: true
2025-11-02T02:10:48.8019598Z   log-accepted-android-sdk-licenses: true
2025-11-02T02:10:48.8019864Z   packages: tools platform-tools
2025-11-02T02:10:48.8020077Z env:
2025-11-02T02:10:48.8020235Z   CARGO_INCREMENTAL: 0
2025-11-02T02:10:48.8020694Z   RUST_BACKTRACE: short
2025-11-02T02:10:48.8020892Z   HUSKY: 0
2025-11-02T02:10:48.8021171Z   JAVA_HOME: /opt/hostedtoolcache/Java_Temurin-Hotspot_jdk/17.0.17-10/x64
2025-11-02T02:10:48.8021616Z   JAVA_HOME_17_X64: /opt/hostedtoolcache/Java_Temurin-Hotspot_jdk/17.0.17-10/x64
2025-11-02T02:10:48.8022004Z ##[endgroup]
2025-11-02T02:10:49.0009425Z Found preinstalled sdkmanager in /usr/local/lib/android/sdk/cmdline-tools/latest with following source.properties:
2025-11-02T02:10:49.0011286Z Pkg.Revision=12.0
2025-11-02T02:10:49.0011840Z Pkg.Path=cmdline-tools;12.0
2025-11-02T02:10:49.0012436Z Pkg.Desc=Android SDK Command-line Tools
2025-11-02T02:10:49.0012852Z 
2025-11-02T02:10:49.0013312Z Wrong version in preinstalled sdkmanager
2025-11-02T02:10:49.0014871Z Downloading commandline tools from https://dl.google.com/android/repository/commandlinetools-linux-12266719_latest.zip
2025-11-02T02:10:52.4990571Z [command]/usr/bin/unzip -o -q /home/runner/work/_temp/e6c206ab-8239-4287-93a8-9b72d52a2fa5
2025-11-02T02:10:53.3232313Z Accepting Android SDK licenses
2025-11-02T02:10:53.3238643Z [command]/usr/local/lib/android/sdk/cmdline-tools/16.0/bin/sdkmanager --licenses
2025-11-02T02:10:57.9752656Z Loading local repository...                                                     
2025-11-02T02:10:57.9753513Z [=========                              ] 25% Loading local repository...       
2025-11-02T02:10:59.2940881Z [=========                              ] 25% Fetch remote repository...        
2025-11-02T02:10:59.7331015Z [==========                             ] 26% Fetch remote repository...        
2025-11-02T02:10:59.7336747Z [============                           ] 31% Fetch remote repository...        
2025-11-02T02:10:59.7583728Z [============                           ] 32% Fetch remote repository...        
2025-11-02T02:10:59.7586492Z [=============                          ] 33% Fetch remote repository...        
2025-11-02T02:10:59.7711244Z [=============                          ] 35% Fetch remote repository...        
2025-11-02T02:10:59.7712755Z [==============                         ] 36% Fetch remote repository...        
2025-11-02T02:10:59.7870884Z [==============                         ] 37% Fetch remote repository...        
2025-11-02T02:10:59.7878036Z [===============                        ] 38% Fetch remote repository...        
2025-11-02T02:10:59.7985501Z [===============                        ] 39% Fetch remote repository...        
2025-11-02T02:10:59.7988316Z [================                       ] 40% Fetch remote repository...        
2025-11-02T02:10:59.8335058Z [================                       ] 41% Fetch remote repository...        
2025-11-02T02:10:59.8335896Z [================                       ] 42% Fetch remote repository...        
2025-11-02T02:10:59.8463974Z [=================                      ] 44% Fetch remote repository...        
2025-11-02T02:10:59.8466341Z [=================                      ] 45% Fetch remote repository...        
2025-11-02T02:10:59.8589739Z [==================                     ] 46% Fetch remote repository...        
2025-11-02T02:10:59.8595973Z [==================                     ] 47% Fetch remote repository...        
2025-11-02T02:10:59.8741600Z [===================                    ] 48% Fetch remote repository...        
2025-11-02T02:10:59.8749645Z [===================                    ] 49% Fetch remote repository...        
2025-11-02T02:10:59.8848489Z [====================                   ] 50% Fetch remote repository...        
2025-11-02T02:10:59.8852095Z [====================                   ] 51% Fetch remote repository...        
2025-11-02T02:10:59.8979507Z [====================                   ] 53% Fetch remote repository...        
2025-11-02T02:10:59.8983736Z [=====================                  ] 54% Fetch remote repository...        
2025-11-02T02:10:59.9093738Z [=====================                  ] 55% Fetch remote repository...        
2025-11-02T02:10:59.9094429Z [======================                 ] 56% Fetch remote repository...        
2025-11-02T02:10:59.9214649Z [======================                 ] 57% Fetch remote repository...        
2025-11-02T02:10:59.9216159Z [=======================                ] 58% Fetch remote repository...        
2025-11-02T02:10:59.9315808Z [=======================                ] 59% Fetch remote repository...        
2025-11-02T02:10:59.9316752Z [========================               ] 60% Fetch remote repository...        
2025-11-02T02:10:59.9428134Z [========================               ] 61% Fetch remote repository...        
2025-11-02T02:10:59.9448825Z [=========================              ] 63% Fetch remote repository...        
2025-11-02T02:10:59.9773291Z [=========================              ] 64% Fetch remote repository...        
2025-11-02T02:10:59.9782508Z [=========================              ] 65% Fetch remote repository...        
2025-11-02T02:10:59.9956666Z [==========================             ] 66% Fetch remote repository...        
2025-11-02T02:10:59.9962632Z [==========================             ] 67% Fetch remote repository...        
2025-11-02T02:11:00.0330166Z [===========================            ] 68% Fetch remote repository...        
2025-11-02T02:11:00.0336066Z [===========================            ] 69% Fetch remote repository...        
2025-11-02T02:11:00.1016409Z [============================           ] 70% Fetch remote repository...        
2025-11-02T02:11:00.1021378Z [============================           ] 72% Fetch remote repository...        
2025-11-02T02:11:00.1473500Z [=============================          ] 73% Fetch remote repository...        
2025-11-02T02:11:00.1477793Z [=============================          ] 74% Fetch remote repository...        
2025-11-02T02:11:00.1579150Z [=============================          ] 75% Fetch remote repository...        
2025-11-02T02:11:00.1752479Z [=============================          ] 75% Computing updates...              
2025-11-02T02:11:00.1754945Z [=======================================] 100% Computing updates...             
2025-11-02T02:11:00.2222662Z 6 of 7 SDK package licenses not accepted.
2025-11-02T02:11:00.2223251Z Review licenses that have not been accepted (y/N)? 
2025-11-02T02:11:00.2224320Z 1/6: License android-googletv-license:
2025-11-02T02:11:00.2225235Z ---------------------------------------
2025-11-02T02:11:00.2230932Z Terms and Conditions
2025-11-02T02:11:00.2231205Z 
2025-11-02T02:11:00.2231638Z This is the Google TV Add-on for the Android Software Development Kit License Agreement.
2025-11-02T02:11:00.2232175Z 
2025-11-02T02:11:00.2232291Z 1. Introduction
2025-11-02T02:11:00.2232465Z 
2025-11-02T02:11:00.2234683Z 1.1 The Google TV Add-on for the Android Software Development Kit (referred to in this License Agreement as the "Google TV Add-on" and specifically including the Android system files, packaged APIs, and Google APIs add-ons) is licensed to you subject to the terms of this License Agreement. This License Agreement forms a legally binding contract between you and Google in relation to your use of the Google TV Add-on.
2025-11-02T02:11:00.2236958Z 
2025-11-02T02:11:00.2237732Z 1.2 "Google" means Google Inc., a Delaware corporation with principal place of business at 1600 Amphitheatre Parkway, Mountain View, CA 94043, United States.
2025-11-02T02:11:00.2238612Z 
2025-11-02T02:11:00.2238763Z 2. Accepting this License Agreement
2025-11-02T02:11:00.2239051Z 
2025-11-02T02:11:00.2240152Z 2.1 In order to use the Google TV Add-on, you must first agree to this License Agreement. You may not use the Google TV Add-on if you do not accept this License Agreement.
2025-11-02T02:11:00.2241291Z 
2025-11-02T02:11:00.2241467Z 2.2 You can accept this License Agreement by:
2025-11-02T02:11:00.2241783Z 
2025-11-02T02:11:00.2242240Z (A) clicking to accept or agree to this License Agreement, where this option is made available to you; or
2025-11-02T02:11:00.2242853Z 
2025-11-02T02:11:00.2243635Z (B) by actually using the Google TV Add-on. In this case, you agree that use of the Google TV Add-on constitutes acceptance of the License Agreement from that point onwards.
2025-11-02T02:11:00.2244558Z 
2025-11-02T02:11:00.2245982Z 2.3 You may not use the Google TV Add-on and may not accept the Licensing Agreement if you are a person barred from receiving the Google TV Add-on under the laws of the United States or other countries including the country in which you are resident or from which you use the Google TV Add-on.
2025-11-02T02:11:00.2247584Z 
2025-11-02T02:11:00.2249529Z 2.4 If you are agreeing to be bound by this License Agreement on behalf of your employer or other entity, you represent and warrant that you have full legal authority to bind your employer or such entity to this License Agreement. If you do not have the requisite authority, you may not accept the Licensing Agreement or use the Google TV Add-on on behalf of your employer or other entity.
2025-11-02T02:11:00.2251771Z 
2025-11-02T02:11:00.2251923Z 3. Google TV Add-on License from Google
2025-11-02T02:11:00.2252212Z 
2025-11-02T02:11:00.2253413Z 3.1 Subject to the terms of this License Agreement, Google grants you a limited, worldwide, royalty-free, non- assignable and non-exclusive license to use the Google TV Add-on solely to develop applications to run on the Google TV platform.
2025-11-02T02:11:00.2254718Z 
2025-11-02T02:11:00.2256862Z 3.2 You agree that Google or third parties own all legal right, title and interest in and to the Google TV Add-on, including any Intellectual Property Rights that subsist in the Google TV Add-on. "Intellectual Property Rights" means any and all rights under patent law, copyright law, trade secret law, trademark law, and any and all other proprietary rights. Google reserves all rights not expressly granted to you.
2025-11-02T02:11:00.2259409Z 
2025-11-02T02:11:00.2262757Z 3.3 Except to the extent required by applicable third party licenses, you may not copy (except for backup purposes), modify, adapt, redistribute, decompile, reverse engineer, disassemble, or create derivative works of the Google TV Add-on or any part of the Google TV Add-on. Except to the extent required by applicable third party licenses, you may not load any part of the Google TV Add-on onto a mobile handset, television, or any other hardware device except a personal computer, combine any part of the Google TV Add-on with other software, or distribute any software or device incorporating a part of the Google TV Add-on.
2025-11-02T02:11:00.2266127Z 
2025-11-02T02:11:00.2267239Z 3.4 Use, reproduction and distribution of components of the Google TV Add-on licensed under an open source software license are governed solely by the terms of that open source software license and not this License Agreement.
2025-11-02T02:11:00.2268540Z 
2025-11-02T02:11:00.2271066Z 3.5 You agree that the form and nature of the Google TV Add-on that Google provides may change without prior notice to you and that future versions of the Google TV Add-on may be incompatible with applications developed on previous versions of the Google TV Add-on. You agree that Google may stop (permanently or temporarily) providing the Google TV Add-on (or any features within the Google TV Add-on) to you or to users generally at Google's sole discretion, without prior notice to you.
2025-11-02T02:11:00.2273718Z 
2025-11-02T02:11:00.2275511Z 3.6 Nothing in this License Agreement gives you a right to use any of Google's or it’s licensors’ trade names, trademarks, service marks, logos, domain names, or other distinctive brand features.
2025-11-02T02:11:00.2276942Z 
2025-11-02T02:11:00.2277943Z 3.7 You agree that you will not remove, obscure, or alter any proprietary rights notices (including copyright and trademark notices) that may be affixed to or contained within the Google TV Add-on.
2025-11-02T02:11:00.2279058Z 
2025-11-02T02:11:00.2279208Z 4. Use of the Google TV Add-on by You
2025-11-02T02:11:00.2279492Z 
2025-11-02T02:11:00.2281050Z 4.1 Google agrees that it obtains no right, title or interest from you (or your licensors) under this License Agreement in or to any software applications that you develop using the Google TV Add-on, including any intellectual property rights that subsist in those applications.
2025-11-02T02:11:00.2282646Z 
2025-11-02T02:11:00.2284572Z 4.2 You agree to use the Google TV Add-on and write applications only for purposes that are permitted by (a) this License Agreement and (b) any applicable law, regulation or generally accepted practices or guidelines in the relevant jurisdictions (including any laws regarding the export of data or software to and from the United States or other relevant countries).
2025-11-02T02:11:00.2286654Z 
2025-11-02T02:11:00.2291136Z 4.3 You agree that if you use the Google TV Add-on to develop applications for general public users, you will protect the privacy and legal rights of those users. If the users provide you with user names, passwords, or other login information or personal information, your must make the users aware that the information will be available to your application, and you must provide legally adequate privacy notice and protection for those users. If your application stores personal or sensitive information provided by users, it must do so securely. If the user provides your application with Google Account information, your application may only use that information to access the user's Google Account when, and for the limited purposes for which, the user has given you explicit permission to do so.
2025-11-02T02:11:00.2295909Z 
2025-11-02T02:11:00.2298066Z 4.4 You agree that you will not engage in any activity with the Google TV Add-on, including the development or distribution of an application, that interferes with, disrupts, damages, or accesses in an unauthorized manner the servers, networks, or other properties or services of any third party including, but not limited to, Google, Multichannel Video Program Distributors or any mobile communications carrier.
2025-11-02T02:11:00.2300330Z 
2025-11-02T02:11:00.2302483Z 4.5 You agree that you are solely responsible for (and that Google has no responsibility to you or to any third party for) any data, content, or resources that you create, transmit or display through the Google TV platform and/or applications for the Google TV platform, and for the consequences of your actions (including any loss or damage which Google may suffer) by doing so.
2025-11-02T02:11:00.2304585Z 
2025-11-02T02:11:00.2306591Z 4.6 You agree that you are solely responsible for (and that Google has no responsibility to you or to any third party for) any breach of your obligations under this License Agreement, any applicable third party contract or Terms of Service, or any applicable law or regulation, and for the consequences (including any loss or damage which Google or any third party may suffer) of any such breach.
2025-11-02T02:11:00.2308708Z 
2025-11-02T02:11:00.2308848Z 5. Your Developer Credentials
2025-11-02T02:11:00.2309096Z 
2025-11-02T02:11:00.2310784Z 5.1 You agree that you are responsible for maintaining the confidentiality of any developer credentials that may be issued to you by Google or which you may choose yourself and that you will be solely responsible for all applications that are developed under your developer credentials.
2025-11-02T02:11:00.2312364Z 
2025-11-02T02:11:00.2312521Z 6. Privacy and Information
2025-11-02T02:11:00.2312743Z 
2025-11-02T02:11:00.2315624Z 6.1 In order to continually innovate and improve the Google TV Add-on, Google may collect certain usage statistics from the software including but not limited to a unique identifier, associated IP address, version number of the software, and information on which tools and/or services in the Google TV Add-on are being used and how they are being used. Before any of this information is collected, the Google TV Add-on will notify you and seek your consent. If you withhold consent, the information will not be collected.
2025-11-02T02:11:00.2318681Z 
2025-11-02T02:11:00.2319404Z 6.2 The data collected is examined in the aggregate to improve the Google TV Add-on and is maintained in accordance with Google's Privacy Policy.
2025-11-02T02:11:00.2320307Z 
2025-11-02T02:11:00.2320799Z 7. Third Party Applications for the Google TV Platform
2025-11-02T02:11:00.2321204Z 
2025-11-02T02:11:00.2324583Z 7.1 If you use the Google TV Add-on to run applications developed by a third party or that access data, content or resources provided by a third party, you agree that Google is not responsible for those applications, data, content, or resources. You understand that all data, content or resources which you may access through such third party applications are the sole responsibility of the person from which they originated and that Google is not liable for any loss or damage that you may experience as a result of the use or access of any of those third party applications, data, content, or resources.
2025-11-02T02:11:00.2328029Z 
2025-11-02T02:11:00.2330810Z 7.2 You should be aware the data, content, and resources presented to you through such a third party application may be protected by intellectual property rights which are owned by the providers (or by other persons or companies on their behalf). You may not modify, rent, lease, loan, sell, distribute or create derivative works based on these data, content, or resources (either in whole or in part) unless you have been specifically given permission to do so by the relevant owners.
2025-11-02T02:11:00.2333554Z 
2025-11-02T02:11:00.2334993Z 7.3 You acknowledge that your use of such third party applications, data, content, or resources may be subject to separate terms between you and the relevant third party. In that case, this License Agreement does not affect your legal relationship with these third parties.
2025-11-02T02:11:00.2336792Z 
2025-11-02T02:11:00.2336914Z 8. Using Google TV APIs
2025-11-02T02:11:00.2337126Z 
2025-11-02T02:11:00.2341688Z 8.1 If you use any Google TV API to retrieve data from Google, you acknowledge that the data (“Google TV API Content”) may be protected by intellectual property rights which are owned by Google or those parties that provide the data (or by other persons or companies on their behalf). Your use of any such API may be subject to additional Terms of Service. You may not modify, rent, lease, loan, sell, distribute or create derivative works based on this data (either in whole or in part) unless allowed by the relevant Terms of Service. Some portions of the Google TV API Content are licensed to Google by third parties, including but not limited to Tribune Media Services
2025-11-02T02:11:00.2345385Z 
2025-11-02T02:11:00.2346686Z 8.2 If you use any API to retrieve a user's data from Google, you acknowledge and agree that you shall retrieve data only with the user's explicit consent and only when, and for the limited purposes for which, the user has given you permission to do so.
2025-11-02T02:11:00.2348146Z 
2025-11-02T02:11:00.2348603Z 8.3 Except as explicitly permitted in Section 3 (Google TV Add-on License from Google), you must:
2025-11-02T02:11:00.2349205Z 
2025-11-02T02:11:00.2350097Z (a) not modify nor format the Google TV API Content except to the extent reasonably and technically necessary to optimize the display such Google TV API Content in your application;
2025-11-02T02:11:00.2351360Z 
2025-11-02T02:11:00.2352345Z (b) not edit the Google TV API Content in a manner that renders the Google TV API Content inaccurate of alters its inherent meaning (provided that displaying excerpts will not violate the foregoing); or
2025-11-02T02:11:00.2353511Z 
2025-11-02T02:11:00.2354151Z (c) not create any commercial audience measurement tool or service using the Google TV API Content
2025-11-02T02:11:00.2354772Z 
2025-11-02T02:11:00.2354919Z 9. Terminating this License Agreement
2025-11-02T02:11:00.2355208Z 
2025-11-02T02:11:00.2355706Z 9.1 This License Agreement will continue to apply until terminated by either you or Google as set out below.
2025-11-02T02:11:00.2356363Z 
2025-11-02T02:11:00.2357029Z 9.2 If you want to terminate this License Agreement, you may do so by ceasing your use of the Google TV Add-on and any relevant developer credentials.
2025-11-02T02:11:00.2357851Z 
2025-11-02T02:11:00.2358128Z 9.3 Google may at any time, terminate this License Agreement with you if:
2025-11-02T02:11:00.2358571Z 
2025-11-02T02:11:00.2358820Z (A) you have breached any provision of this License Agreement; or
2025-11-02T02:11:00.2359224Z 
2025-11-02T02:11:00.2359379Z (B) Google is required to do so by law; or
2025-11-02T02:11:00.2359670Z 
2025-11-02T02:11:00.2360823Z (C) the partner with whom Google offered certain parts of Google TV Add-on (such as APIs) to you has terminated its relationship with Google or ceased to offer certain parts of the Google TV Add-on to you; or
2025-11-02T02:11:00.2361975Z 
2025-11-02T02:11:00.2363616Z (D) Google decides to no longer providing the Google TV Add-on or certain parts of the Google TV Add-on to users in the country in which you are resident or from which you use the service, or the provision of the Google TV Add-on or certain Google TV Add-on services to you by Google is, in Google's sole discretion, no longer commercially viable.
2025-11-02T02:11:00.2365422Z 
2025-11-02T02:11:00.2367868Z 9.4 When this License Agreement comes to an end, all of the legal rights, obligations and liabilities that you and Google have benefited from, been subject to (or which have accrued over time whilst this License Agreement has been in force) or which are expressed to continue indefinitely, shall be unaffected by this cessation, and the provisions of paragraph 14.7 shall continue to apply to such rights, obligations and liabilities indefinitely.
2025-11-02T02:11:00.2370897Z 
2025-11-02T02:11:00.2371064Z 10. DISCLAIMER OF WARRANTIES
2025-11-02T02:11:00.2371463Z 
2025-11-02T02:11:00.2372455Z 10.1 YOU EXPRESSLY UNDERSTAND AND AGREE THAT YOUR USE OF THE GOOGLE TV ADD-ON IS AT YOUR SOLE RISK AND THAT THE GOOGLE TV ADD-ON IS PROVIDED "AS IS" AND "AS AVAILABLE" WITHOUT WARRANTY OF ANY KIND FROM GOOGLE.
2025-11-02T02:11:00.2373614Z 
2025-11-02T02:11:00.2375096Z 10.2 YOUR USE OF THE GOOGLE TV ADD-ON AND ANY MATERIAL DOWNLOADED OR OTHERWISE OBTAINED THROUGH THE USE OF THE GOOGLE TV ADD-ON IS AT YOUR OWN DISCRETION AND RISK AND YOU ARE SOLELY RESPONSIBLE FOR ANY DAMAGE TO YOUR COMPUTER SYSTEM OR OTHER DEVICE OR LOSS OF DATA THAT RESULTS FROM SUCH USE.
2025-11-02T02:11:00.2376776Z 
2025-11-02T02:11:00.2378225Z 10.3 GOOGLE FURTHER EXPRESSLY DISCLAIMS ALL WARRANTIES AND CONDITIONS OF ANY KIND, WHETHER EXPRESS OR IMPLIED, INCLUDING, BUT NOT LIMITED TO THE IMPLIED WARRANTIES AND CONDITIONS OF MERCHANTABILITY, FITNESS FOR A PARTICULAR PURPOSE AND NON-INFRINGEMENT.
2025-11-02T02:11:00.2379821Z 
2025-11-02T02:11:00.2379991Z 11. LIMITATION OF LIABILITY
2025-11-02T02:11:00.2380255Z 
2025-11-02T02:11:00.2382795Z 11.1 YOU EXPRESSLY UNDERSTAND AND AGREE THAT GOOGLE, ITS SUBSIDIARIES AND AFFILIATES, AND ITS LICENSORS SHALL NOT BE LIABLE TO YOU UNDER ANY THEORY OF LIABILITY FOR ANY DIRECT, INDIRECT, INCIDENTAL, SPECIAL CONSEQUENTIAL OR EXEMPLARY DAMAGES THAT MAY BE INCURRED BY YOU, INCLUDING ANY LOSS OF DATA, WHETHER OR NOT GOOGLE OR ITS REPRESENTATIVES HAVE BEEN ADVISED OF OR SHOULD HAVE BEEN AWARE OF THE POSSIBILITY OF ANY SUCH LOSSES ARISING.
2025-11-02T02:11:00.2385337Z 
2025-11-02T02:11:00.2385477Z 12. Indemnification
2025-11-02T02:11:00.2385691Z 
2025-11-02T02:11:00.2390024Z 12.1 To the maximum extent permitted by law, you agree to defend, indemnify and hold harmless Google, its affiliates and their respective directors, officers, employees and agents from and against any and all claims, actions, suits or proceedings, as well as any and all losses, liabilities, damages, costs and expenses (including reasonable attorneys fees) arising out of or accruing from (a) your use of the Google TV Add-on, (b) any application you develop on the Google TV Add-on that infringes any copyright, trademark, trade secret, trade dress, patent or other intellectual property right of any person or defames any person or violates their rights of publicity or privacy, and (c) any non-compliance by you with this License Agreement.
2025-11-02T02:11:00.2394483Z 
2025-11-02T02:11:00.2394664Z 13. Changes to the License Agreement
2025-11-02T02:11:00.2394971Z 
2025-11-02T02:11:00.2395498Z 13.1 Google may make changes to the License Agreement as it distributes new versions of the Google TV Add-on.
2025-11-02T02:11:00.2396203Z 
2025-11-02T02:11:00.2396340Z 14. General Legal Terms
2025-11-02T02:11:00.2396591Z 
2025-11-02T02:11:00.2398386Z 14.1 This License Agreement constitute the whole legal agreement between you and Google and govern your use of the Google TV Add-on (excluding any services which Google may provide to you under a separate written agreement), and completely replace any prior agreements between you and Google in relation to the Google TV Add-on.
2025-11-02T02:11:00.2400306Z 
2025-11-02T02:11:00.2402121Z 14.2 You agree that if Google does not exercise or enforce any legal right or remedy which is contained in this License Agreement (or which Google has the benefit of under any applicable law), this will not be taken to be a formal waiver of Google's rights and that those rights or remedies will still be available to Google.
2025-11-02T02:11:00.2403929Z 
2025-11-02T02:11:00.2405848Z 14.3 If any court of law, having the jurisdiction to decide on this matter, rules that any provision of this License Agreement is invalid, then that provision will be removed from this License Agreement without affecting the rest of this License Agreement. The remaining provisions of this License Agreement will continue to be valid and enforceable.
2025-11-02T02:11:00.2408231Z 
2025-11-02T02:11:00.2411647Z 14.4 You acknowledge and agree that Google’s API data licensors and each member of the group of companies of which Google is the parent shall be third party beneficiaries to this License Agreement and that such other companies shall be entitled to directly enforce, and rely upon, any provision of this License Agreement that confers a benefit on (or rights in favor of) them. Other than this, no other person or company shall be third party beneficiaries to this License Agreement.
2025-11-02T02:11:00.2414381Z 
2025-11-02T02:11:00.2415916Z 14.5 EXPORT RESTRICTIONS. THE GOOGLE TV ADD-ON IS SUBJECT TO UNITED STATES EXPORT LAWS AND REGULATIONS. YOU MUST COMPLY WITH ALL DOMESTIC AND INTERNATIONAL EXPORT LAWS AND REGULATIONS THAT APPLY TO THE GOOGLE TV ADD-ON. THESE LAWS INCLUDE RESTRICTIONS ON DESTINATIONS, END USERS AND END USE.
2025-11-02T02:11:00.2417644Z 
2025-11-02T02:11:00.2419501Z 14.6 The rights granted in this License Agreement may not be assigned or transferred by either you or Google without the prior written approval of the other party. Neither you nor Google shall be permitted to delegate their responsibilities or obligations under this License Agreement without the prior written approval of the other party.
2025-11-02T02:11:00.2421702Z 
2025-11-02T02:11:00.2424872Z 14.7 This License Agreement, and your relationship with Google under this License Agreement, shall be governed by the laws of the State of California without regard to its conflict of laws provisions. You and Google agree to submit to the exclusive jurisdiction of the courts located within the county of Santa Clara, California to resolve any legal matter arising from this License Agreement. Notwithstanding this, you agree that Google shall still be allowed to apply for injunctive remedies (or an equivalent type of urgent legal relief) in any jurisdiction.
2025-11-02T02:11:00.2428139Z 
2025-11-02T02:11:00.2428158Z 
2025-11-02T02:11:00.2428303Z August 15, 2011
2025-11-02T02:11:00.2428628Z ---------------------------------------
2025-11-02T02:11:00.2429294Z Accept? (y/N): 
2025-11-02T02:11:00.2429666Z 2/6: License android-googlexr-license:
2025-11-02T02:11:00.2430100Z ---------------------------------------
2025-11-02T02:11:00.2431933Z To get started with the Android XR Emulator System Image SDK, you must agree to the following terms and conditions. As described below, please note that this is a preview, emulated version of the Android XR OS, subject to change, that you use at your own risk.
2025-11-02T02:11:00.2433463Z 
2025-11-02T02:11:00.2433736Z This is the Android XR Emulator System Image SDK License Agreement
2025-11-02T02:11:00.2434173Z 
2025-11-02T02:11:00.2434287Z 1. Introduction
2025-11-02T02:11:00.2434471Z 
2025-11-02T02:11:00.2436886Z 1.1 The Android Android XR Emulator System Image SDK (referred to in the License Agreement as the "SDK" and specifically including the Android system files,, packaged APIs, library files (if and when they are made available), and Google applications and APIs add-ons) is licensed to you subject to the terms of the License Agreement. The License Agreement forms a legally binding contract between you and Google in relation to your use of the SDK.
2025-11-02T02:11:00.2439403Z 
2025-11-02T02:11:00.2440728Z 1.2 "Android" means the Android software stack for devices, as made available under the Android Open Source Project, which is located at the following URL: https://source.android.com/, as updated from time to time.
2025-11-02T02:11:00.2442111Z 
2025-11-02T02:11:00.2443230Z 1.3 "Google" means Google LLC, organized under the laws of the State of Delaware, USA, and operating under the laws of the USA with principal place of business at 1600 Amphitheatre Parkway, Mountain View, CA 94043, USA.
2025-11-02T02:11:00.2444515Z 
2025-11-02T02:11:00.2444687Z 2. Accepting this License Agreement
2025-11-02T02:11:00.2444998Z 
2025-11-02T02:11:00.2445646Z 2.1 In order to use the SDK, you must first agree to the License Agreement. You may not use the SDK if you do not accept the License Agreement.
2025-11-02T02:11:00.2446743Z 
2025-11-02T02:11:00.2447228Z 2.2 By clicking to accept and/or using this SDK, you hereby agree to the terms of the License Agreement.
2025-11-02T02:11:00.2447865Z 
2025-11-02T02:11:00.2449124Z 2.3 You may not use the SDK and may not accept the License Agreement if you are a person barred from receiving the SDK under the laws of the United States or other countries, including the country in which you are resident or from which you use the SDK.
2025-11-02T02:11:00.2450796Z 
2025-11-02T02:11:00.2452657Z 2.4 If you are agreeing to be bound by the License Agreement on behalf of your employer or other entity, you represent and warrant that you have full legal authority to bind your employer or such entity to the License Agreement. If you do not have the requisite authority, you may not accept the License Agreement or use the SDK on behalf of your employer or other entity.
2025-11-02T02:11:00.2454615Z 
2025-11-02T02:11:00.2454789Z 3. SDK License from Google
2025-11-02T02:11:00.2455040Z 
2025-11-02T02:11:00.2456177Z 3.1 Subject to the terms of the License Agreement, Google grants you a limited, worldwide, royalty-free, non-assignable, non-exclusive, and non-sublicensable license to use the SDK solely to develop applications for Android XR.
2025-11-02T02:11:00.2457562Z 
2025-11-02T02:11:00.2458696Z 3.2 You may not use this SDK to develop applications for other platforms or to develop another SDK. You are of course free to develop applications for other platforms provided that this SDK is not used for that purpose.
2025-11-02T02:11:00.2459991Z 
2025-11-02T02:11:00.2462215Z 3.3 You agree that Google or third parties own all legal right, title and interest in and to the SDK, including any Intellectual Property Rights that subsist in the SDK. "Intellectual Property Rights" means any and all rights under patent law, copyright law, trade secret law, trademark law, and any and all other proprietary rights. Google reserves all rights not expressly granted to you.
2025-11-02T02:11:00.2463931Z 
2025-11-02T02:11:00.2465944Z 3.4 You may not use the SDK for any purpose not expressly permitted by the License Agreement. Except to the extent required by applicable third party licenses, you may not (a) copy (except for backup purposes), modify, adapt, redistribute, decompile, reverse engineer, disassemble, or create derivative works of the SDK or any part of the SDK; or (b) load any part of the SDK onto a mobile handset or any other hardware device except a personal computer, combine any part of the SDK with other software, or distribute any software or device incorporating a part of the SDK.
2025-11-02T02:11:00.2467800Z 
2025-11-02T02:11:00.2469102Z 3.5 Use, reproduction and distribution of components of the SDK licensed under an open source software license are governed solely by the terms of that open source software license and not the License Agreement. You agree to remain a licensee in good standing in regard to such open source software licenses under all the rights granted and to refrain from any actions that may terminate, suspend, or breach such rights.
2025-11-02T02:11:00.2470799Z 
2025-11-02T02:11:00.2472104Z 3.6 You agree that the form and nature of the SDK that Google provides may change without prior notice to you and that future versions of the SDK may be incompatible with applications developed on previous versions of the SDK. You agree that Google may stop (permanently or temporarily) providing the SDK (or any features within the SDK) to you or to users generally at Google's sole discretion, without prior notice to you.
2025-11-02T02:11:00.2473493Z 
2025-11-02T02:11:00.2473975Z 3.7 Nothing in the License Agreement gives you a right to use any of Google's trade names, trademarks, service marks, logos, domain names, or other distinctive brand features.
2025-11-02T02:11:00.2474548Z 
2025-11-02T02:11:00.2475081Z 3.8 You agree that you will not remove, obscure, or alter any proprietary rights notices (including copyright and trademark notices) that may be affixed to or contained within the SDK.
2025-11-02T02:11:00.2475844Z 
2025-11-02T02:11:00.2475927Z 4. Use of the SDK by You
2025-11-02T02:11:00.2476062Z 
2025-11-02T02:11:00.2476843Z 4.1 Google agrees that it obtains no right, title or interest from you (or your licensors) under the License Agreement in or to any software applications that you develop using the SDK, including any intellectual property rights that subsist in those applications.
2025-11-02T02:11:00.2477719Z 
2025-11-02T02:11:00.2478804Z 4.2 You agree to use the SDK and write applications only for purposes that are permitted by (a) the License Agreement and (b) any applicable law, regulation or generally accepted practices or guidelines in the relevant jurisdictions (including any laws regarding the export of data or software to and from the United States or other relevant countries).
2025-11-02T02:11:00.2479980Z 
2025-11-02T02:11:00.2482672Z 4.3 You agree that if you use the SDK to develop applications for general public users, you will protect the privacy and legal rights of those users. If the users provide you with user names, passwords, or other login information or personal information, you must make the users aware that the information will be available to your application, and you must provide legally adequate privacy notice and protection for those users. If your application stores personal or sensitive information provided by users, it must do so securely. If the user provides your application with Google Account information, your application may only use that information to access the user's Google Account when, and for the limited purposes for which, the user has given you permission to do so.
2025-11-02T02:11:00.2485270Z 
2025-11-02T02:11:00.2486407Z 4.4 You agree that you will not engage in any activity with the SDK, including the development or distribution of an application, that interferes with, disrupts, damages, or accesses in an unauthorized manner the servers, networks, or other properties or services of any third party including, but not limited to, Google or any mobile communications carrier.
2025-11-02T02:11:00.2487607Z 
2025-11-02T02:11:00.2488790Z 4.5 You agree that you are solely responsible for (and that Google has no responsibility to you or to any third party for) any data, content, or resources that you create, transmit or display through Android and/or applications for Android, and for the consequences of your actions (including any loss or damage which Google may suffer) by doing so.
2025-11-02T02:11:00.2489929Z 
2025-11-02T02:11:00.2491274Z 4.6 You agree that you are solely responsible for (and that Google has no responsibility to you or to any third party for) any breach of your obligations under the License Agreement, any applicable third party contract or Terms of Service, or any applicable law or regulation, and for the consequences (including any loss or damage which Google or any third party may suffer) of any such breach.
2025-11-02T02:11:00.2492571Z 
2025-11-02T02:11:00.2493464Z 4.7 The SDK is in development, and your testing and feedback are an important part of the development process. By using the SDK, you acknowledge that implementation of some features are still under development and that you should not rely on the SDK having the full functionality of a stable release.
2025-11-02T02:11:00.2494457Z 
2025-11-02T02:11:00.2494542Z 5. Your Developer Credentials
2025-11-02T02:11:00.2494682Z 
2025-11-02T02:11:00.2495540Z 5.1 You agree that you are responsible for maintaining the confidentiality of any developer credentials that may be issued to you by Google or which you may choose yourself and that you will be solely responsible for all applications that are developed under your developer credentials.
2025-11-02T02:11:00.2496484Z 
2025-11-02T02:11:00.2496570Z 6. Privacy and Information
2025-11-02T02:11:00.2496701Z 
2025-11-02T02:11:00.2498186Z 6.1 In order to continually innovate and improve the SDK, Google may collect certain usage statistics from the software including but not limited to a unique identifier, associated IP address, version number of the software, and information on which tools and/or services in the SDK are being used and how they are being used. Before any of this information is collected, the SDK will notify you and seek your consent. If you withhold consent, the information will not be collected.
2025-11-02T02:11:00.2499886Z 
2025-11-02T02:11:00.2500673Z 6.2 The data collected is examined in the aggregate to improve the SDK and is maintained in accordance with Google's Privacy Policy, which is located at the following URL: https://policies.google.com/privacy
2025-11-02T02:11:00.2501386Z 
2025-11-02T02:11:00.2501651Z 6.3 Anonymized and aggregated sets of the data may be shared with Google partners to improve the SDK.
2025-11-02T02:11:00.2502004Z 
2025-11-02T02:11:00.2502084Z 7. Third Party Applications
2025-11-02T02:11:00.2502228Z 
2025-11-02T02:11:00.2504062Z 7.1 If you use the SDK to run applications developed by a third party or that access data, content or resources provided by a third party, you agree that Google is not responsible for those applications, data, content, or resources. You understand that all data, content or resources which you may access through such third party applications are the sole responsibility of the person from which they originated and that Google is not liable for any loss or damage that you may experience as a result of the use or access of any of those third party applications, data, content, or resources.
2025-11-02T02:11:00.2505961Z 
2025-11-02T02:11:00.2507445Z 7.2 You should be aware that the data, content, and resources presented to you through such a third party application may be protected by intellectual property rights which are owned by the providers (or by other persons or companies on their behalf). You may not modify, rent, lease, loan, sell, distribute or create derivative works based on these data, content, or resources (either in whole or in part) unless you have been specifically given permission to do so by the relevant owners.
2025-11-02T02:11:00.2509031Z 
2025-11-02T02:11:00.2509985Z 7.3 You acknowledge that your use of such third party applications, data, content, or resources may be subject to separate terms between you and the relevant third party. In that case, the License Agreement does not affect your legal relationship with these third parties.
2025-11-02T02:11:00.2511276Z 
2025-11-02T02:11:00.2511367Z 8. Using Android APIs
2025-11-02T02:11:00.2511491Z 
2025-11-02T02:11:00.2511560Z 8.1 Google Data APIs
2025-11-02T02:11:00.2511679Z 
2025-11-02T02:11:00.2513180Z 8.1.1 If you use any API to retrieve data from Google, you acknowledge that the data may be protected by intellectual property rights which are owned by Google or those parties that provide the data (or by other persons or companies on their behalf). Your use of any such API may be subject to additional Terms of Service. You may not modify, rent, lease, loan, sell, distribute or create derivative works based on this data (either in whole or in part) unless allowed by the relevant Terms of Service.
2025-11-02T02:11:00.2514775Z 
2025-11-02T02:11:00.2517477Z 8.1.2 If you use any API to retrieve a user's data from Google, you acknowledge and agree that you shall retrieve data only with the user's explicit consent and only when, and for the limited purposes for which, the user has given you permission to do so. If you use the Android Recognition Service API, documented at the following URL: https://developer.android.com/reference/android/speech/RecognitionService, as updated from time to time, you acknowledge that the use of the API is subject to the Data Processing Addendum for Products where Google is a Data Processor, which is located at the following URL: https://privacy.google.com/businesses/gdprprocessorterms/, as updated from time to time. By clicking to accept, you hereby agree to the terms of the Data Processing Addendum for Products where Google is a Data Processor.
2025-11-02T02:11:00.2520231Z 
2025-11-02T02:11:00.2520321Z 9. Terminating this License Agreement
2025-11-02T02:11:00.2520861Z 
2025-11-02T02:11:00.2521163Z 9.1 The License Agreement will continue to apply until terminated by either you or Google as set out below.
2025-11-02T02:11:00.2521538Z 
2025-11-02T02:11:00.2521891Z 9.2 If you want to terminate the License Agreement, you may do so by ceasing your use of the SDK and any relevant developer credentials.
2025-11-02T02:11:00.2522339Z 
2025-11-02T02:11:00.2524219Z 9.3 Google may at any time, terminate the License Agreement with you if: (A) you have breached any provision of the License Agreement; or (B) Google is required to do so by law; or (C) the partner with whom Google offered certain parts of SDK (such as APIs) to you has terminated its relationship with Google or ceased to offer certain parts of the SDK to you; or (D) Google decides to no longer provide the SDK or certain parts of the SDK to users in the country in which you are resident or from which you use the service, or the provision of the SDK or certain SDK services to you by Google is, in Google's sole discretion, no longer commercially viable.
2025-11-02T02:11:00.2526179Z 
2025-11-02T02:11:00.2527545Z 9.4 When the License Agreement comes to an end, all of the legal rights, obligations and liabilities that you and Google have benefited from, been subject to (or which have accrued over time whilst the License Agreement has been in force) or which are expressed to continue indefinitely, shall be unaffected by this cessation, and the provisions of paragraph 14.7 shall continue to apply to such rights, obligations and liabilities indefinitely.
2025-11-02T02:11:00.2528994Z 
2025-11-02T02:11:00.2529072Z 10. DISCLAIMER OF WARRANTIES
2025-11-02T02:11:00.2529209Z 
2025-11-02T02:11:00.2529682Z 10.1 YOU EXPRESSLY UNDERSTAND AND AGREE THAT YOUR USE OF THE SDK IS AT YOUR SOLE RISK AND THAT THE SDK IS PROVIDED "AS IS" AND "AS AVAILABLE" WITHOUT WARRANTY OF ANY KIND FROM GOOGLE.
2025-11-02T02:11:00.2530236Z 
2025-11-02T02:11:00.2531202Z 10.2 YOUR USE OF THE SDK AND ANY MATERIAL DOWNLOADED OR OTHERWISE OBTAINED THROUGH THE USE OF THE SDK IS AT YOUR OWN DISCRETION AND RISK AND YOU ARE SOLELY RESPONSIBLE FOR ANY DAMAGE TO YOUR COMPUTER SYSTEM OR OTHER DEVICE OR LOSS OF DATA THAT RESULTS FROM SUCH USE.
2025-11-02T02:11:00.2532061Z 
2025-11-02T02:11:00.2532843Z 10.3 GOOGLE FURTHER EXPRESSLY DISCLAIMS ALL WARRANTIES AND CONDITIONS OF ANY KIND, WHETHER EXPRESS OR IMPLIED, INCLUDING, BUT NOT LIMITED TO THE IMPLIED WARRANTIES AND CONDITIONS OF MERCHANTABILITY, FITNESS FOR A PARTICULAR PURPOSE AND NON-INFRINGEMENT.
2025-11-02T02:11:00.2533720Z 
2025-11-02T02:11:00.2533803Z 11. LIMITATION OF LIABILITY
2025-11-02T02:11:00.2533932Z 
2025-11-02T02:11:00.2535293Z 11.1 YOU EXPRESSLY UNDERSTAND AND AGREE THAT GOOGLE, ITS SUBSIDIARIES AND AFFILIATES, AND ITS LICENSORS SHALL NOT BE LIABLE TO YOU UNDER ANY THEORY OF LIABILITY FOR ANY DIRECT, INDIRECT, INCIDENTAL, SPECIAL, CONSEQUENTIAL OR EXEMPLARY DAMAGES THAT MAY BE INCURRED BY YOU, INCLUDING ANY LOSS OF DATA, WHETHER OR NOT GOOGLE OR ITS REPRESENTATIVES HAVE BEEN ADVISED OF OR SHOULD HAVE BEEN AWARE OF THE POSSIBILITY OF ANY SUCH LOSSES ARISING.
2025-11-02T02:11:00.2536741Z 
2025-11-02T02:11:00.2536815Z 12. Indemnification
2025-11-02T02:11:00.2536927Z 
2025-11-02T02:11:00.2539194Z 12.1 To the maximum extent permitted by law, you agree to defend, indemnify and hold harmless Google, its affiliates and their respective directors, officers, employees and agents from and against any and all claims, actions, suits or proceedings, as well as any and all losses, liabilities, damages, costs and expenses (including reasonable attorneys fees) arising out of or accruing from (a) your use of the SDK, (b) any application you develop on the SDK that infringes any copyright, trademark, trade secret, trade dress, patent or other intellectual property right of any person or defames any person or violates their rights of publicity or privacy, and (c) any non-compliance by you with the License Agreement.
2025-11-02T02:11:00.2541703Z 
2025-11-02T02:11:00.2541793Z 13. Changes to the License Agreement
2025-11-02T02:11:00.2542114Z 
2025-11-02T02:11:00.2542803Z 13.1 Google may make changes to the License Agreement as it distributes new versions of the SDK. When these changes are made, Google will make a new version of the License Agreement available on the website where the SDK is made available.
2025-11-02T02:11:00.2543572Z 
2025-11-02T02:11:00.2543644Z 14. General Legal Terms
2025-11-02T02:11:00.2543766Z 
2025-11-02T02:11:00.2544698Z 14.1 The License Agreement constitutes the whole legal agreement between you and Google and governs your use of the SDK (excluding any services which Google may provide to you under a separate written agreement), and completely replaces any prior agreements between you and Google in relation to the SDK.
2025-11-02T02:11:00.2545719Z 
2025-11-02T02:11:00.2546642Z 14.2 You agree that if Google does not exercise or enforce any legal right or remedy which is contained in the License Agreement (or which Google has the benefit of under any applicable law), this will not be taken to be a formal waiver of Google's rights and that those rights or remedies will still be available to Google.
2025-11-02T02:11:00.2547680Z 
2025-11-02T02:11:00.2548719Z 14.3 If any court of law, having the jurisdiction to decide on this matter, rules that any provision of the License Agreement is invalid, then that provision will be removed from the License Agreement without affecting the rest of the License Agreement. The remaining provisions of the License Agreement will continue to be valid and enforceable.
2025-11-02T02:11:00.2549848Z 
2025-11-02T02:11:00.2551316Z 14.4 You acknowledge and agree that each member of the group of companies of which Google is the parent shall be third party beneficiaries to the License Agreement and that such other companies shall be entitled to directly enforce, and rely upon, any provision of the License Agreement that confers a benefit on (or rights in favor of) them. Other than this, no other person or company shall be third party beneficiaries to the License Agreement.
2025-11-02T02:11:00.2552757Z 
2025-11-02T02:11:00.2553666Z 14.5 EXPORT RESTRICTIONS. THE SDK IS SUBJECT TO UNITED STATES EXPORT LAWS AND REGULATIONS. YOU MUST COMPLY WITH ALL DOMESTIC AND INTERNATIONAL EXPORT LAWS AND REGULATIONS THAT APPLY TO THE SDK. THESE LAWS INCLUDE RESTRICTIONS ON DESTINATIONS, END USERS AND END USE.
2025-11-02T02:11:00.2554556Z 
2025-11-02T02:11:00.2555604Z 14.6 The rights granted in the License Agreement may not be assigned or transferred by either you or Google without the prior written approval of the other party. Neither you nor Google shall be permitted to delegate their responsibilities or obligations under the License Agreement without the prior written approval of the other party.
2025-11-02T02:11:00.2556750Z 
2025-11-02T02:11:00.2558519Z 14.7 The License Agreement, and your relationship with Google under the License Agreement, shall be governed by the laws of the State of California without regard to its conflict of laws provisions. You and Google agree to submit to the exclusive jurisdiction of the courts located within the county of Santa Clara, California to resolve any legal matter arising from the License Agreement. Notwithstanding this, you agree that Google shall still be allowed to apply for injunctive remedies (or an equivalent type of urgent legal relief) in any jurisdiction.
2025-11-02T02:11:00.2560549Z ---------------------------------------
2025-11-02T02:11:00.2560780Z Accept? (y/N): 
2025-11-02T02:11:00.2560981Z 3/6: License android-sdk-arm-dbt-license:
2025-11-02T02:11:00.2561238Z ---------------------------------------
2025-11-02T02:11:00.2561455Z Terms and Conditions
2025-11-02T02:11:00.2561575Z 
2025-11-02T02:11:00.2561714Z This is the Android Software Development Kit License Agreement
2025-11-02T02:11:00.2561940Z 
2025-11-02T02:11:00.2562013Z 1. Introduction
2025-11-02T02:11:00.2562114Z 
2025-11-02T02:11:00.2563239Z 1.1 The Android Software Development Kit (referred to in the License Agreement as the "SDK" and specifically including the Android system files, packaged APIs, and Google APIs add-ons) is licensed to you subject to the terms of the License Agreement. The License Agreement forms a legally binding contract between you and Google in relation to your use of the SDK.
2025-11-02T02:11:00.2565010Z 
2025-11-02T02:11:00.2565661Z 1.2 "Android" means the Android software stack for devices, as made available under the Android Open Source Project, which is located at the following URL: http://source.android.com/, as updated from time to time.
2025-11-02T02:11:00.2566387Z 
2025-11-02T02:11:00.2567496Z 1.3 A "compatible implementation" means any Android device that (i) complies with the Android Compatibility Definition document, which can be found at the Android compatibility website (http://source.android.com/compatibility) and which may be updated from time to time; and (ii) successfully passes the Android Compatibility Test Suite (CTS).
2025-11-02T02:11:00.2568670Z 
2025-11-02T02:11:00.2569124Z 1.4 "Google" means Google Inc., a Delaware corporation with principal place of business at 1600 Amphitheatre Parkway, Mountain View, CA 94043, United States.
2025-11-02T02:11:00.2569681Z 
2025-11-02T02:11:00.2569690Z 
2025-11-02T02:11:00.2569777Z 2. Accepting the License Agreement
2025-11-02T02:11:00.2569939Z 
2025-11-02T02:11:00.2570292Z 2.1 In order to use the SDK, you must first agree to the License Agreement. You may not use the SDK if you do not accept the License Agreement.
2025-11-02T02:11:00.2571053Z 
2025-11-02T02:11:00.2571249Z 2.2 By clicking to accept, you hereby agree to the terms of the License Agreement.
2025-11-02T02:11:00.2571533Z 
2025-11-02T02:11:00.2572235Z 2.3 You may not use the SDK and may not accept the License Agreement if you are a person barred from receiving the SDK under the laws of the United States or other countries, including the country in which you are resident or from which you use the SDK.
2025-11-02T02:11:00.2573044Z 
2025-11-02T02:11:00.2574277Z 2.4 If you are agreeing to be bound by the License Agreement on behalf of your employer or other entity, you represent and warrant that you have full legal authority to bind your employer or such entity to the License Agreement. If you do not have the requisite authority, you may not accept the License Agreement or use the SDK on behalf of your employer or other entity.
2025-11-02T02:11:00.2575797Z 
2025-11-02T02:11:00.2575811Z 
2025-11-02T02:11:00.2575935Z 3. SDK License from Google
2025-11-02T02:11:00.2576133Z 
2025-11-02T02:11:00.2577245Z 3.1 Subject to the terms of the License Agreement, Google grants you a limited, worldwide, royalty-free, non-assignable, non-exclusive, and non-sublicensable license to use the SDK solely to develop applications for compatible implementations of Android.
2025-11-02T02:11:00.2578624Z 
2025-11-02T02:11:00.2580314Z 3.2 You may not use this SDK to develop applications for other platforms (including non-compatible implementations of Android) or to develop another SDK. You are of course free to develop applications for other platforms, including non-compatible implementations of Android, provided that this SDK is not used for that purpose.
2025-11-02T02:11:00.2582307Z 
2025-11-02T02:11:00.2584250Z 3.3 You agree that Google or third parties own all legal right, title and interest in and to the SDK, including any Intellectual Property Rights that subsist in the SDK. "Intellectual Property Rights" means any and all rights under patent law, copyright law, trade secret law, trademark law, and any and all other proprietary rights. Google reserves all rights not expressly granted to you.
2025-11-02T02:11:00.2586423Z 
2025-11-02T02:11:00.2588142Z 3.4 You may not use the SDK for any purpose not expressly permitted by the License Agreement. Except to the extent required by applicable third party licenses, you may not copy (except for backup purposes), modify, adapt, redistribute, decompile, reverse engineer, disassemble, or create derivative works of the SDK or any part of the SDK.
2025-11-02T02:11:00.2589963Z 
2025-11-02T02:11:00.2591159Z 3.5 Use, reproduction and distribution of components of the SDK licensed under an open source software license are governed solely by the terms of that open source software license and not the License Agreement.
2025-11-02T02:11:00.2592523Z 
2025-11-02T02:11:00.2594645Z 3.6 You agree that the form and nature of the SDK that Google provides may change without prior notice to you and that future versions of the SDK may be incompatible with applications developed on previous versions of the SDK. You agree that Google may stop (permanently or temporarily) providing the SDK (or any features within the SDK) to you or to users generally at Google's sole discretion, without prior notice to you.
2025-11-02T02:11:00.2596937Z 
2025-11-02T02:11:00.2597748Z 3.7 Nothing in the License Agreement gives you a right to use any of Google's trade names, trademarks, service marks, logos, domain names, or other distinctive brand features.
2025-11-02T02:11:00.2598717Z 
2025-11-02T02:11:00.2599613Z 3.8 You agree that you will not remove, obscure, or alter any proprietary rights notices (including copyright and trademark notices) that may be affixed to or contained within the SDK.
2025-11-02T02:11:00.2600818Z 
2025-11-02T02:11:00.2600831Z 
2025-11-02T02:11:00.2600961Z 4. Use of the SDK by You
2025-11-02T02:11:00.2601171Z 
2025-11-02T02:11:00.2602489Z 4.1 Google agrees that it obtains no right, title or interest from you (or your licensors) under the License Agreement in or to any software applications that you develop using the SDK, including any intellectual property rights that subsist in those applications.
2025-11-02T02:11:00.2603993Z 
2025-11-02T02:11:00.2605811Z 4.2 You agree to use the SDK and write applications only for purposes that are permitted by (a) the License Agreement and (b) any applicable law, regulation or generally accepted practices or guidelines in the relevant jurisdictions (including any laws regarding the export of data or software to and from the United States or other relevant countries).
2025-11-02T02:11:00.2607776Z 
2025-11-02T02:11:00.2612267Z 4.3 You agree that if you use the SDK to develop applications for general public users, you will protect the privacy and legal rights of those users. If the users provide you with user names, passwords, or other login information or personal information, you must make the users aware that the information will be available to your application, and you must provide legally adequate privacy notice and protection for those users. If your application stores personal or sensitive information provided by users, it must do so securely. If the user provides your application with Google Account information, your application may only use that information to access the user's Google Account when, and for the limited purposes for which, the user has given you permission to do so.
2025-11-02T02:11:00.2616570Z 
2025-11-02T02:11:00.2618439Z 4.4 You agree that you will not engage in any activity with the SDK, including the development or distribution of an application, that interferes with, disrupts, damages, or accesses in an unauthorized manner the servers, networks, or other properties or services of any third party including, but not limited to, Google or any mobile communications carrier.
2025-11-02T02:11:00.2620590Z 
2025-11-02T02:11:00.2623302Z 4.5 You agree that you are solely responsible for (and that Google has no responsibility to you or to any third party for) any data, content, or resources that you create, transmit or display through Android and/or applications for Android, and for the consequences of your actions (including any loss or damage which Google may suffer) by doing so.
2025-11-02T02:11:00.2625389Z 
2025-11-02T02:11:00.2627405Z 4.6 You agree that you are solely responsible for (and that Google has no responsibility to you or to any third party for) any breach of your obligations under the License Agreement, any applicable third party contract or Terms of Service, or any applicable law or regulation, and for the consequences (including any loss or damage which Google or any third party may suffer) of any such breach.
2025-11-02T02:11:00.2629718Z 
2025-11-02T02:11:00.2632397Z 4.7 This software enables the execution of intellectual property owned by Arm Limited. You agree that your use of the software, that allows execution of ARM Instruction Set Architecture (“ISA”) compliant executables for application development and debug only on x86 desktop, laptop, customer on-premise servers, and customer-procured cloud-based environments.
2025-11-02T02:11:00.2634446Z 
2025-11-02T02:11:00.2634580Z 5. Your Developer Credentials
2025-11-02T02:11:00.2634810Z 
2025-11-02T02:11:00.2636212Z 5.1 You agree that you are responsible for maintaining the confidentiality of any developer credentials that may be issued to you by Google or which you may choose yourself and that you will be solely responsible for all applications that are developed under your developer credentials.
2025-11-02T02:11:00.2637782Z 
2025-11-02T02:11:00.2637916Z 6. Privacy and Information
2025-11-02T02:11:00.2638139Z 
2025-11-02T02:11:00.2640782Z 6.1 In order to continually innovate and improve the SDK, Google may collect certain usage statistics from the software including but not limited to a unique identifier, associated IP address, version number of the software, and information on which tools and/or services in the SDK are being used and how they are being used. Before any of this information is collected, the SDK will notify you and seek your consent. If you withhold consent, the information will not be collected.
2025-11-02T02:11:00.2643349Z 
2025-11-02T02:11:00.2643939Z 6.2 The data collected is examined in the aggregate to improve the SDK and is maintained in accordance with Google's Privacy Policy.
2025-11-02T02:11:00.2644690Z 
2025-11-02T02:11:00.2644696Z 
2025-11-02T02:11:00.2644832Z 7. Third Party Applications
2025-11-02T02:11:00.2645058Z 
2025-11-02T02:11:00.2648262Z 7.1 If you use the SDK to run applications developed by a third party or that access data, content or resources provided by a third party, you agree that Google is not responsible for those applications, data, content, or resources. You understand that all data, content or resources which you may access through such third party applications are the sole responsibility of the person from which they originated and that Google is not liable for any loss or damage that you may experience as a result of the use or access of any of those third party applications, data, content, or resources.
2025-11-02T02:11:00.2651583Z 
2025-11-02T02:11:00.2654067Z 7.2 You should be aware the data, content, and resources presented to you through such a third party application may be protected by intellectual property rights which are owned by the providers (or by other persons or companies on their behalf). You may not modify, rent, lease, loan, sell, distribute or create derivative works based on these data, content, or resources (either in whole or in part) unless you have been specifically given permission to do so by the relevant owners.
2025-11-02T02:11:00.2656694Z 
2025-11-02T02:11:00.2658061Z 7.3 You acknowledge that your use of such third party applications, data, content, or resources may be subject to separate terms between you and the relevant third party. In that case, the License Agreement does not affect your legal relationship with these third parties.
2025-11-02T02:11:00.2659585Z 
2025-11-02T02:11:00.2659591Z 
2025-11-02T02:11:00.2659709Z 8. Using Android APIs
2025-11-02T02:11:00.2659908Z 
2025-11-02T02:11:00.2660028Z 8.1 Google Data APIs
2025-11-02T02:11:00.2660217Z 
2025-11-02T02:11:00.2662871Z 8.1.1 If you use any API to retrieve data from Google, you acknowledge that the data may be protected by intellectual property rights which are owned by Google or those parties that provide the data (or by other persons or companies on their behalf). Your use of any such API may be subject to additional Terms of Service. You may not modify, rent, lease, loan, sell, distribute or create derivative works based on this data (either in whole or in part) unless allowed by the relevant Terms of Service.
2025-11-02T02:11:00.2665516Z 
2025-11-02T02:11:00.2670159Z 8.1.2 If you use any API to retrieve a user's data from Google, you acknowledge and agree that you shall retrieve data only with the user's explicit consent and only when, and for the limited purposes for which, the user has given you permission to do so. If you use the Android Recognition Service API, documented at the following URL: https://developer.android.com/reference/android/speech/RecognitionService, as updated from time to time, you acknowledge that the use of the API is subject to the Data Processing Addendum for Products where Google is a Data Processor, which is located at the following URL: https://privacy.google.com/businesses/gdprprocessorterms/, as updated from time to time. By clicking to accept, you hereby agree to the terms of the Data Processing Addendum for Products where Google is a Data Processor.
2025-11-02T02:11:00.2674802Z 
2025-11-02T02:11:00.2674809Z 
2025-11-02T02:11:00.2674958Z 9. Terminating the License Agreement
2025-11-02T02:11:00.2675239Z 
2025-11-02T02:11:00.2675890Z 9.1 The License Agreement will continue to apply until terminated by either you or Google as set out below.
2025-11-02T02:11:00.2676768Z 
2025-11-02T02:11:00.2677507Z 9.2 If you want to terminate the License Agreement, you may do so by ceasing your use of the SDK and any relevant developer credentials.
2025-11-02T02:11:00.2678242Z 
2025-11-02T02:11:00.2681449Z 9.3 Google may at any time, terminate the License Agreement with you if: (A) you have breached any provision of the License Agreement; or (B) Google is required to do so by law; or (C) the partner with whom Google offered certain parts of SDK (such as APIs) to you has terminated its relationship with Google or ceased to offer certain parts of the SDK to you; or (D) Google decides to no longer provide the SDK or certain parts of the SDK to users in the country in which you are resident or from which you use the service, or the provision of the SDK or certain SDK services to you by Google is, in Google's sole discretion, no longer commercially viable.
2025-11-02T02:11:00.2684715Z 
2025-11-02T02:11:00.2687205Z 9.4 When the License Agreement comes to an end, all of the legal rights, obligations and liabilities that you and Google have benefited from, been subject to (or which have accrued over time whilst the License Agreement has been in force) or which are expressed to continue indefinitely, shall be unaffected by this cessation, and the provisions of paragraph 14.7 shall continue to apply to such rights, obligations and liabilities indefinitely.
2025-11-02T02:11:00.2689660Z 
2025-11-02T02:11:00.2689666Z 
2025-11-02T02:11:00.2689807Z 10. DISCLAIMER OF WARRANTIES
2025-11-02T02:11:00.2690052Z 
2025-11-02T02:11:00.2690985Z 10.1 YOU EXPRESSLY UNDERSTAND AND AGREE THAT YOUR USE OF THE SDK IS AT YOUR SOLE RISK AND THAT THE SDK IS PROVIDED "AS IS" AND "AS AVAILABLE" WITHOUT WARRANTY OF ANY KIND FROM GOOGLE.
2025-11-02T02:11:00.2691907Z 
2025-11-02T02:11:00.2693063Z 10.2 YOUR USE OF THE SDK AND ANY MATERIAL DOWNLOADED OR OTHERWISE OBTAINED THROUGH THE USE OF THE SDK IS AT YOUR OWN DISCRETION AND RISK AND YOU ARE SOLELY RESPONSIBLE FOR ANY DAMAGE TO YOUR COMPUTER SYSTEM OR OTHER DEVICE OR LOSS OF DATA THAT RESULTS FROM SUCH USE.
2025-11-02T02:11:00.2694381Z 
2025-11-02T02:11:00.2695597Z 10.3 GOOGLE FURTHER EXPRESSLY DISCLAIMS ALL WARRANTIES AND CONDITIONS OF ANY KIND, WHETHER EXPRESS OR IMPLIED, INCLUDING, BUT NOT LIMITED TO THE IMPLIED WARRANTIES AND CONDITIONS OF MERCHANTABILITY, FITNESS FOR A PARTICULAR PURPOSE AND NON-INFRINGEMENT.
2025-11-02T02:11:00.2696920Z 
2025-11-02T02:11:00.2696926Z 
2025-11-02T02:11:00.2697063Z 11. LIMITATION OF LIABILITY
2025-11-02T02:11:00.2697286Z 
2025-11-02T02:11:00.2699267Z 11.1 YOU EXPRESSLY UNDERSTAND AND AGREE THAT GOOGLE, ITS SUBSIDIARIES AND AFFILIATES, AND ITS LICENSORS SHALL NOT BE LIABLE TO YOU UNDER ANY THEORY OF LIABILITY FOR ANY DIRECT, INDIRECT, INCIDENTAL, SPECIAL, CONSEQUENTIAL OR EXEMPLARY DAMAGES THAT MAY BE INCURRED BY YOU, INCLUDING ANY LOSS OF DATA, WHETHER OR NOT GOOGLE OR ITS REPRESENTATIVES HAVE BEEN ADVISED OF OR SHOULD HAVE BEEN AWARE OF THE POSSIBILITY OF ANY SUCH LOSSES ARISING.
2025-11-02T02:11:00.2701484Z 
2025-11-02T02:11:00.2701500Z 
2025-11-02T02:11:00.2701623Z 12. Indemnification
2025-11-02T02:11:00.2701751Z 
2025-11-02T02:11:00.2704039Z 12.1 To the maximum extent permitted by law, you agree to defend, indemnify and hold harmless Google, its affiliates and their respective directors, officers, employees and agents from and against any and all claims, actions, suits or proceedings, as well as any and all losses, liabilities, damages, costs and expenses (including reasonable attorneys fees) arising out of or accruing from (a) your use of the SDK, (b) any application you develop on the SDK that infringes any copyright, trademark, trade secret, trade dress, patent or other intellectual property right of any person or defames any person or violates their rights of publicity or privacy, and (c) any non-compliance by you with the License Agreement.
2025-11-02T02:11:00.2706450Z 
2025-11-02T02:11:00.2706465Z 
2025-11-02T02:11:00.2706602Z 13. Changes to the License Agreement
2025-11-02T02:11:00.2706855Z 
2025-11-02T02:11:00.2707551Z 13.1 Google may make changes to the License Agreement as it distributes new versions of the SDK. When these changes are made, Google will make a new version of the License Agreement available on the website where the SDK is made available.
2025-11-02T02:11:00.2708508Z 
2025-11-02T02:11:00.2708515Z 
2025-11-02T02:11:00.2708633Z 14. General Legal Terms
2025-11-02T02:11:00.2708830Z 
2025-11-02T02:11:00.2709933Z 14.1 The License Agreement constitutes the whole legal agreement between you and Google and governs your use of the SDK (excluding any services which Google may provide to you under a separate written agreement), and completely replaces any prior agreements between you and Google in relation to the SDK.
2025-11-02T02:11:00.2711165Z 
2025-11-02T02:11:00.2712259Z 14.2 You agree that if Google does not exercise or enforce any legal right or remedy which is contained in the License Agreement (or which Google has the benefit of under any applicable law), this will not be taken to be a formal waiver of Google's rights and that those rights or remedies will still be available to Google.
2025-11-02T02:11:00.2713296Z 
2025-11-02T02:11:00.2714340Z 14.3 If any court of law, having the jurisdiction to decide on this matter, rules that any provision of the License Agreement is invalid, then that provision will be removed from the License Agreement without affecting the rest of the License Agreement. The remaining provisions of the License Agreement will continue to be valid and enforceable.
2025-11-02T02:11:00.2715475Z 
2025-11-02T02:11:00.2716829Z 14.4 You acknowledge and agree that each member of the group of companies of which Google is the parent shall be third party beneficiaries to the License Agreement and that such other companies shall be entitled to directly enforce, and rely upon, any provision of the License Agreement that confers a benefit on (or rights in favor of) them. Other than this, no other person or company shall be third party beneficiaries to the License Agreement.
2025-11-02T02:11:00.2718276Z 
2025-11-02T02:11:00.2719079Z 14.5 EXPORT RESTRICTIONS. THE SDK IS SUBJECT TO UNITED STATES EXPORT LAWS AND REGULATIONS. YOU MUST COMPLY WITH ALL DOMESTIC AND INTERNATIONAL EXPORT LAWS AND REGULATIONS THAT APPLY TO THE SDK. THESE LAWS INCLUDE RESTRICTIONS ON DESTINATIONS, END USERS AND END USE.
2025-11-02T02:11:00.2719971Z 
2025-11-02T02:11:00.2721220Z 14.6 The rights granted in the License Agreement may not be assigned or transferred by either you or Google without the prior written approval of the other party. Neither you nor Google shall be permitted to delegate their responsibilities or obligations under the License Agreement without the prior written approval of the other party.
2025-11-02T02:11:00.2722367Z 
2025-11-02T02:11:00.2724151Z 14.7 The License Agreement, and your relationship with Google under the License Agreement, shall be governed by the laws of the State of California without regard to its conflict of laws provisions. You and Google agree to submit to the exclusive jurisdiction of the courts located within the county of Santa Clara, California to resolve any legal matter arising from the License Agreement. Notwithstanding this, you agree that Google shall still be allowed to apply for injunctive remedies (or an equivalent type of urgent legal relief) in any jurisdiction.
2025-11-02T02:11:00.2726141Z 
2025-11-02T02:11:00.2726145Z 
2025-11-02T02:11:00.2726214Z January 16, 2019
2025-11-02T02:11:00.2726412Z ---------------------------------------
2025-11-02T02:11:00.2726634Z Accept? (y/N): 
2025-11-02T02:11:00.2726936Z 4/6: License android-sdk-preview-license:
2025-11-02T02:11:00.2727194Z ---------------------------------------
2025-11-02T02:11:00.2728515Z To get started with the Android SDK Preview, you must agree to the following terms and conditions. As described below, please note that this is a preview version of the Android SDK, subject to change, that you use at your own risk. The Android SDK Preview is not a stable release, and may contain errors and defects that can result in serious damage to your computer systems, devices and data.
2025-11-02T02:11:00.2729764Z 
2025-11-02T02:11:00.2729939Z This is the Android SDK Preview License Agreement (the "License Agreement").
2025-11-02T02:11:00.2730211Z 
2025-11-02T02:11:00.2730285Z 1. Introduction
2025-11-02T02:11:00.2730551Z 
2025-11-02T02:11:00.2732439Z 1.1 The Android SDK Preview (referred to in the License Agreement as the “Preview” and specifically including the Android system files, packaged APIs, and Preview library files, if and when they are made available) is licensed to you subject to the terms of the License Agreement. The License Agreement forms a legally binding contract between you and Google in relation to your use of the Preview.
2025-11-02T02:11:00.2733771Z 
2025-11-02T02:11:00.2734406Z 1.2 "Android" means the Android software stack for devices, as made available under the Android Open Source Project, which is located at the following URL: http://source.android.com/, as updated from time to time.
2025-11-02T02:11:00.2735147Z 
2025-11-02T02:11:00.2735726Z 1.3 "Google" means Google Inc., a Delaware corporation with principal place of business at 1600 Amphitheatre Parkway, Mountain View, CA 94043, United States.
2025-11-02T02:11:00.2736280Z 
2025-11-02T02:11:00.2736372Z 2. Accepting the License Agreement
2025-11-02T02:11:00.2736523Z 
2025-11-02T02:11:00.2736907Z 2.1 In order to use the Preview, you must first agree to the License Agreement. You may not use the Preview if you do not accept the License Agreement.
2025-11-02T02:11:00.2737392Z 
2025-11-02T02:11:00.2737653Z 2.2 By clicking to accept and/or using the Preview, you hereby agree to the terms of the License Agreement.
2025-11-02T02:11:00.2738011Z 
2025-11-02T02:11:00.2738775Z 2.3 You may not use the Preview and may not accept the License Agreement if you are a person barred from receiving the Preview under the laws of the United States or other countries including the country in which you are resident or from which you use the Preview.
2025-11-02T02:11:00.2739626Z 
2025-11-02T02:11:00.2741173Z 2.4 If you will use the Preview internally within your company or organization you agree to be bound by the License Agreement on behalf of your employer or other entity, and you represent and warrant that you have full legal authority to bind your employer or such entity to the License Agreement. If you do not have the requisite authority, you may not accept the License Agreement or use the Preview on behalf of your employer or other entity.
2025-11-02T02:11:00.2742617Z 
2025-11-02T02:11:00.2742701Z 3. Preview License from Google
2025-11-02T02:11:00.2742842Z 
2025-11-02T02:11:00.2743831Z 3.1 Subject to the terms of the License Agreement, Google grants you a royalty-free, non-assignable, non-exclusive, non-sublicensable, limited, revocable license to use the Preview, personally or internally within your company or organization, solely to develop applications to run on the Android platform.
2025-11-02T02:11:00.2745041Z 
2025-11-02T02:11:00.2746288Z 3.2 You agree that Google or third parties owns all legal right, title and interest in and to the Preview, including any Intellectual Property Rights that subsist in the Preview. "Intellectual Property Rights" means any and all rights under patent law, copyright law, trade secret law, trademark law, and any and all other proprietary rights. Google reserves all rights not expressly granted to you.
2025-11-02T02:11:00.2747611Z 
2025-11-02T02:11:00.2749480Z 3.3 You may not use the Preview for any purpose not expressly permitted by the License Agreement. Except to the extent required by applicable third party licenses, you may not: (a) copy (except for backup purposes), modify, adapt, redistribute, decompile, reverse engineer, disassemble, or create derivative works of the Preview or any part of the Preview; or (b) load any part of the Preview onto a mobile handset or any other hardware device except a personal computer, combine any part of the Preview with other software, or distribute any software or device incorporating a part of the Preview.
2025-11-02T02:11:00.2751683Z 
2025-11-02T02:11:00.2752453Z 3.4 You agree that you will not take any actions that may cause or result in the fragmentation of Android, including but not limited to distributing, participating in the creation of, or promoting in any way a software development kit derived from the Preview.
2025-11-02T02:11:00.2753314Z 
2025-11-02T02:11:00.2754632Z 3.5 Use, reproduction and distribution of components of the Preview licensed under an open source software license are governed solely by the terms of that open source software license and not the License Agreement. You agree to remain a licensee in good standing in regard to such open source software licenses under all the rights granted and to refrain from any actions that may terminate, suspend, or breach such rights.
2025-11-02T02:11:00.2756047Z 
2025-11-02T02:11:00.2757582Z 3.6 You agree that the form and nature of the Preview that Google provides may change without prior notice to you and that future versions of the Preview may be incompatible with applications developed on previous versions of the Preview. You agree that Google may stop (permanently or temporarily) providing the Preview (or any features within the Preview) to you or to users generally at Google's sole discretion, without prior notice to you.
2025-11-02T02:11:00.2759206Z 
2025-11-02T02:11:00.2759847Z 3.7 Nothing in the License Agreement gives you a right to use any of Google's trade names, trademarks, service marks, logos, domain names, or other distinctive brand features.
2025-11-02T02:11:00.2760670Z 
2025-11-02T02:11:00.2761272Z 3.8 You agree that you will not remove, obscure, or alter any proprietary rights notices (including copyright and trademark notices) that may be affixed to or contained within the Preview.
2025-11-02T02:11:00.2761914Z 
2025-11-02T02:11:00.2761995Z 4. Use of the Preview by You
2025-11-02T02:11:00.2762136Z 
2025-11-02T02:11:00.2763076Z 4.1 Google agrees that nothing in the License Agreement gives Google any right, title or interest from you (or your licensors) under the License Agreement in or to any software applications that you develop using the Preview, including any intellectual property rights that subsist in those applications.
2025-11-02T02:11:00.2764103Z 
2025-11-02T02:11:00.2765287Z 4.2 You agree to use the Preview and write applications only for purposes that are permitted by (a) the License Agreement, and (b) any applicable law, regulation or generally accepted practices or guidelines in the relevant jurisdictions (including any laws regarding the export of data or software to and from the United States or other relevant countries).
2025-11-02T02:11:00.2766668Z 
2025-11-02T02:11:00.2769037Z 4.3 You agree that if you use the Preview to develop applications, you will protect the privacy and legal rights of users. If users provide you with user names, passwords, or other login information or personal information, you must make the users aware that the information will be available to your application, and you must provide legally adequate privacy notice and protection for those users. If your application stores personal or sensitive information provided by users, it must do so securely. If users provide you with Google Account information, your application may only use that information to access the user's Google Account when, and for the limited purposes for which, each user has given you permission to do so.
2025-11-02T02:11:00.2771743Z 
2025-11-02T02:11:00.2772660Z 4.4 You agree that you will not engage in any activity with the Preview, including the development or distribution of an application, that interferes with, disrupts, damages, or accesses in an unauthorized manner the servers, networks, or other properties or services of Google or any third party.
2025-11-02T02:11:00.2773648Z 
2025-11-02T02:11:00.2774703Z 4.5 You agree that you are solely responsible for (and that Google has no responsibility to you or to any third party for) any data, content, or resources that you create, transmit or display through Android and/or applications for Android, and for the consequences of your actions (including any loss or damage which Google may suffer) by doing so.
2025-11-02T02:11:00.2775830Z 
2025-11-02T02:11:00.2777014Z 4.6 You agree that you are solely responsible for (and that Google has no responsibility to you or to any third party for) any breach of your obligations under the License Agreement, any applicable third party contract or Terms of Service, or any applicable law or regulation, and for the consequences (including any loss or damage which Google or any third party may suffer) of any such breach.
2025-11-02T02:11:00.2778300Z 
2025-11-02T02:11:00.2779905Z 4.7 The Preview is in development, and your testing and feedback are an important part of the development process. By using the Preview, you acknowledge that implementation of some features are still under development and that you should not rely on the Preview having the full functionality of a stable release. You agree not to publicly distribute or ship any application using this Preview as this Preview will no longer be supported after the official Android SDK is released.
2025-11-02T02:11:00.2781726Z 
2025-11-02T02:11:00.2781817Z 5. Your Developer Credentials
2025-11-02T02:11:00.2781960Z 
2025-11-02T02:11:00.2782822Z 5.1 You agree that you are responsible for maintaining the confidentiality of any developer credentials that may be issued to you by Google or which you may choose yourself and that you will be solely responsible for all applications that are developed under your developer credentials.
2025-11-02T02:11:00.2783764Z 
2025-11-02T02:11:00.2783843Z 6. Privacy and Information
2025-11-02T02:11:00.2783986Z 
2025-11-02T02:11:00.2785545Z 6.1 In order to continually innovate and improve the Preview, Google may collect certain usage statistics from the software including but not limited to a unique identifier, associated IP address, version number of the software, and information on which tools and/or services in the Preview are being used and how they are being used. Before any of this information is collected, the Preview will notify you and seek your consent. If you withhold consent, the information will not be collected.
2025-11-02T02:11:00.2787210Z 
2025-11-02T02:11:00.2787763Z 6.2 The data collected is examined in the aggregate to improve the Preview and is maintained in accordance with Google's Privacy Policy located at http://www.google.com/policies/privacy/.
2025-11-02T02:11:00.2788770Z 
2025-11-02T02:11:00.2788919Z 7. Third Party Applications
2025-11-02T02:11:00.2789151Z 
2025-11-02T02:11:00.2791509Z 7.1 If you use the Preview to run applications developed by a third party or that access data, content or resources provided by a third party, you agree that Google is not responsible for those applications, data, content, or resources. You understand that all data, content or resources which you may access through such third party applications are the sole responsibility of the person from which they originated and that Google is not liable for any loss or damage that you may experience as a result of the use or access of any of those third party applications, data, content, or resources.
2025-11-02T02:11:00.2793646Z 
2025-11-02T02:11:00.2795128Z 7.2 You should be aware the data, content, and resources presented to you through such a third party application may be protected by intellectual property rights which are owned by the providers (or by other persons or companies on their behalf). You may not modify, rent, lease, loan, sell, distribute or create derivative works based on these data, content, or resources (either in whole or in part) unless you have been specifically given permission to do so by the relevant owners.
2025-11-02T02:11:00.2796703Z 
2025-11-02T02:11:00.2797180Z 7.3 You acknowledge that your use of such third party applications, data, content, or resources may be subject to separate terms between you and the relevant third party.
2025-11-02T02:11:00.2797758Z 
2025-11-02T02:11:00.2797830Z 8. Using Google APIs
2025-11-02T02:11:00.2797946Z 
2025-11-02T02:11:00.2798022Z 8.1 Google APIs
2025-11-02T02:11:00.2798123Z 
2025-11-02T02:11:00.2799620Z 8.1.1 If you use any API to retrieve data from Google, you acknowledge that the data may be protected by intellectual property rights which are owned by Google or those parties that provide the data (or by other persons or companies on their behalf). Your use of any such API may be subject to additional Terms of Service. You may not modify, rent, lease, loan, sell, distribute or create derivative works based on this data (either in whole or in part) unless allowed by the relevant Terms of Service.
2025-11-02T02:11:00.2801331Z 
2025-11-02T02:11:00.2802043Z 8.1.2 If you use any API to retrieve a user's data from Google, you acknowledge and agree that you shall retrieve data only with the user's explicit consent and only when, and for the limited purposes for which, the user has given you permission to do so.
2025-11-02T02:11:00.2802854Z 
2025-11-02T02:11:00.2802943Z 9. Terminating the License Agreement
2025-11-02T02:11:00.2803101Z 
2025-11-02T02:11:00.2803494Z 9.1 the License Agreement will continue to apply until terminated by either you or Google as set out below.
2025-11-02T02:11:00.2803887Z 
2025-11-02T02:11:00.2804242Z 9.2 If you want to terminate the License Agreement, you may do so by ceasing your use of the Preview and any relevant developer credentials.
2025-11-02T02:11:00.2804695Z 
2025-11-02T02:11:00.2804952Z 9.3 Google may at any time, terminate the License Agreement, with or without cause, upon notice to you.
2025-11-02T02:11:00.2805294Z 
2025-11-02T02:11:00.2806287Z 9.4 The License Agreement will automatically terminate without notice or other action upon the earlier of: (A) when Google ceases to provide the Preview or certain parts of the Preview to users in the country in which you are resident or from which you use the service; and (B) Google issues a final release version of the Android SDK.
2025-11-02T02:11:00.2807367Z 
2025-11-02T02:11:00.2808073Z 9.5 When the License Agreement is terminated, the license granted to you in the License Agreement will terminate, you will immediately cease all use of the Preview, and the provisions of paragraphs 10, 11, 12 and 14 shall survive indefinitely.
2025-11-02T02:11:00.2808877Z 
2025-11-02T02:11:00.2808946Z 10. DISCLAIMERS
2025-11-02T02:11:00.2809046Z 
2025-11-02T02:11:00.2809556Z 10.1 YOU EXPRESSLY UNDERSTAND AND AGREE THAT YOUR USE OF THE PREVIEW IS AT YOUR SOLE RISK AND THAT THE PREVIEW IS PROVIDED "AS IS" AND "AS AVAILABLE" WITHOUT WARRANTY OF ANY KIND FROM GOOGLE.
2025-11-02T02:11:00.2810150Z 
2025-11-02T02:11:00.2811991Z 10.2 YOUR USE OF THE PREVIEW AND ANY MATERIAL DOWNLOADED OR OTHERWISE OBTAINED THROUGH THE USE OF THE PREVIEW IS AT YOUR OWN DISCRETION AND RISK AND YOU ARE SOLELY RESPONSIBLE FOR ANY DAMAGE TO YOUR COMPUTER SYSTEM OR OTHER DEVICE OR LOSS OF DATA THAT RESULTS FROM SUCH USE. WITHOUT LIMITING THE FOREGOING, YOU UNDERSTAND THAT THE PREVIEW IS NOT A STABLE RELEASE AND MAY CONTAIN ERRORS, DEFECTS AND SECURITY VULNERABILITIES THAT CAN RESULT IN SIGNIFICANT DAMAGE, INCLUDING THE COMPLETE, IRRECOVERABLE LOSS OF USE OF YOUR COMPUTER SYSTEM OR OTHER DEVICE.
2025-11-02T02:11:00.2813936Z 
2025-11-02T02:11:00.2814714Z 10.3 GOOGLE FURTHER EXPRESSLY DISCLAIMS ALL WARRANTIES AND CONDITIONS OF ANY KIND, WHETHER EXPRESS OR IMPLIED, INCLUDING, BUT NOT LIMITED TO THE IMPLIED WARRANTIES AND CONDITIONS OF MERCHANTABILITY, FITNESS FOR A PARTICULAR PURPOSE AND NON-INFRINGEMENT.
2025-11-02T02:11:00.2815747Z 
2025-11-02T02:11:00.2815882Z 11. LIMITATION OF LIABILITY
2025-11-02T02:11:00.2816113Z 
2025-11-02T02:11:00.2818349Z 11.1 YOU EXPRESSLY UNDERSTAND AND AGREE THAT GOOGLE, ITS SUBSIDIARIES AND AFFILIATES, AND ITS LICENSORS SHALL NOT BE LIABLE TO YOU UNDER ANY THEORY OF LIABILITY FOR ANY DIRECT, INDIRECT, INCIDENTAL, SPECIAL, CONSEQUENTIAL OR EXEMPLARY DAMAGES THAT MAY BE INCURRED BY YOU, INCLUDING ANY LOSS OF DATA, WHETHER OR NOT GOOGLE OR ITS REPRESENTATIVES HAVE BEEN ADVISED OF OR SHOULD HAVE BEEN AWARE OF THE POSSIBILITY OF ANY SUCH LOSSES ARISING.
2025-11-02T02:11:00.2821043Z 
2025-11-02T02:11:00.2821197Z 12. Indemnification
2025-11-02T02:11:00.2821411Z 
2025-11-02T02:11:00.2825681Z 12.1 To the maximum extent permitted by law, you agree to defend, indemnify and hold harmless Google, its affiliates and their respective directors, officers, employees and agents from and against any and all claims, actions, suits or proceedings, as well as any and all losses, liabilities, damages, costs and expenses (including reasonable attorneys’ fees) arising out of or accruing from (a) your use of the Preview, (b) any application you develop on the Preview that infringes any Intellectual Property Rights of any person or defames any person or violates their rights of publicity or privacy, and (c) any non-compliance by you of the License Agreement.
2025-11-02T02:11:00.2829277Z 
2025-11-02T02:11:00.2829438Z 13. Changes to the License Agreement
2025-11-02T02:11:00.2829727Z 
2025-11-02T02:11:00.2831325Z 13.1 Google may make changes to the License Agreement as it distributes new versions of the Preview. When these changes are made, Google will make a new version of the License Agreement available on the website where the Preview is made available.
2025-11-02T02:11:00.2832719Z 
2025-11-02T02:11:00.2832850Z 14. General Legal Terms
2025-11-02T02:11:00.2833062Z 
2025-11-02T02:11:00.2834675Z 14.1 the License Agreement constitutes the whole legal agreement between you and Google and governs your use of the Preview (excluding any services which Google may provide to you under a separate written agreement), and completely replaces any prior agreements between you and Google in relation to the Preview.
2025-11-02T02:11:00.2836241Z 
2025-11-02T02:11:00.2837183Z 14.2 You agree that if Google does not exercise or enforce any legal right or remedy which is contained in the License Agreement (or which Google has the benefit of under any applicable law), this will not be taken to be a formal waiver of Google's rights and that those rights or remedies will still be available to Google.
2025-11-02T02:11:00.2838207Z 
2025-11-02T02:11:00.2839266Z 14.3 If any court of law, having the jurisdiction to decide on this matter, rules that any provision of the License Agreement is invalid, then that provision will be removed from the License Agreement without affecting the rest of the License Agreement. The remaining provisions of the License Agreement will continue to be valid and enforceable.
2025-11-02T02:11:00.2840675Z 
2025-11-02T02:11:00.2842090Z 14.4 You acknowledge and agree that each member of the group of companies of which Google is the parent shall be third party beneficiaries to the License Agreement and that such other companies shall be entitled to directly enforce, and rely upon, any provision of the License Agreement that confers a benefit on (or rights in favor of) them. Other than this, no other person or company shall be third party beneficiaries to the License Agreement.
2025-11-02T02:11:00.2843579Z 
2025-11-02T02:11:00.2844602Z 14.5 EXPORT RESTRICTIONS. THE PREVIEW IS SUBJECT TO UNITED STATES EXPORT LAWS AND REGULATIONS. YOU MUST COMPLY WITH ALL DOMESTIC AND INTERNATIONAL EXPORT LAWS AND REGULATIONS THAT APPLY TO THE PREVIEW. THESE LAWS INCLUDE RESTRICTIONS ON DESTINATIONS, END USERS AND END USE.
2025-11-02T02:11:00.2845558Z 
2025-11-02T02:11:00.2846543Z 14.6 The License Agreement may not be assigned or transferred by you without the prior written approval of Google, and any attempted assignment without such approval will be void. You shall not delegate your responsibilities or obligations under the License Agreement without the prior written approval of Google.
2025-11-02T02:11:00.2847599Z 
2025-11-02T02:11:00.2849390Z 14.7 The License Agreement, and your relationship with Google under the License Agreement, shall be governed by the laws of the State of California without regard to its conflict of laws provisions. You and Google agree to submit to the exclusive jurisdiction of the courts located within the county of Santa Clara, California to resolve any legal matter arising from the License Agreement. Notwithstanding this, you agree that Google shall still be allowed to apply for injunctive remedies (or an equivalent type of urgent legal relief) in any jurisdiction.
2025-11-02T02:11:00.2851460Z 
2025-11-02T02:11:00.2851533Z June 2014.
2025-11-02T02:11:00.2851711Z ---------------------------------------
2025-11-02T02:11:00.2851942Z Accept? (y/N): 
2025-11-02T02:11:00.2852128Z 5/6: License google-gdk-license:
2025-11-02T02:11:00.2852350Z ---------------------------------------
2025-11-02T02:11:00.2852658Z This is a Developer Preview of the GDK that is subject to change.
2025-11-02T02:11:00.2852905Z 
2025-11-02T02:11:00.2852977Z Terms and Conditions
2025-11-02T02:11:00.2853091Z 
2025-11-02T02:11:00.2853204Z This is the Glass Development Kit License Agreement.
2025-11-02T02:11:00.2853407Z 
2025-11-02T02:11:00.2853479Z 1. Introduction
2025-11-02T02:11:00.2853580Z 
2025-11-02T02:11:00.2854908Z 1.1 The Glass Development Kit (referred to in this License Agreement as the "GDK" and specifically including the Android system files, packaged APIs, and GDK library files, if and when they are made available) is licensed to you subject to the terms of this License Agreement. This License Agreement forms a legally binding contract between you and Google in relation to your use of the GDK.
2025-11-02T02:11:00.2856201Z 
2025-11-02T02:11:00.2856398Z 1.2 "Glass" means Glass devices and the Glass software stack for use on Glass devices.
2025-11-02T02:11:00.2856704Z 
2025-11-02T02:11:00.2856708Z 
2025-11-02T02:11:00.2857338Z 1.3 "Android" means the Android software stack for devices, as made available under the Android Open Source Project, which is located at the following URL: http://source.android.com/, as updated from time to time.
2025-11-02T02:11:00.2858059Z 
2025-11-02T02:11:00.2858506Z 1.4 "Google" means Google Inc., a Delaware corporation with principal place of business at 1600 Amphitheatre Parkway, Mountain View, CA 94043, United States.
2025-11-02T02:11:00.2859055Z 
2025-11-02T02:11:00.2859147Z 2. Accepting this License Agreement
2025-11-02T02:11:00.2859301Z 
2025-11-02T02:11:00.2859658Z 2.1 In order to use the GDK, you must first agree to this License Agreement. You may not use the GDK if you do not accept this License Agreement.
2025-11-02T02:11:00.2860109Z 
2025-11-02T02:11:00.2860304Z 2.2 By clicking to accept, you hereby agree to the terms of this License Agreement.
2025-11-02T02:11:00.2860792Z 
2025-11-02T02:11:00.2861499Z 2.3 You may not use the GDK and may not accept the License Agreement if you are a person barred from receiving the GDK under the laws of the United States or other countries including the country in which you are resident or from which you use the GDK.
2025-11-02T02:11:00.2862290Z 
2025-11-02T02:11:00.2863385Z 2.4 If you are agreeing to be bound by this License Agreement on behalf of your employer or other entity, you represent and warrant that you have full legal authority to bind your employer or such entity to this License Agreement. If you do not have the requisite authority, you may not accept the License Agreement or use the GDK on behalf of your employer or other entity.
2025-11-02T02:11:00.2864695Z 
2025-11-02T02:11:00.2864775Z 3. GDK License from Google
2025-11-02T02:11:00.2864908Z 
2025-11-02T02:11:00.2865638Z 3.1 Subject to the terms of this License Agreement, Google grants you a limited, worldwide, royalty-free, non-assignable and non-exclusive license to use the GDK solely to develop applications to run on the Glass platform for Glass devices.
2025-11-02T02:11:00.2866449Z 
2025-11-02T02:11:00.2867642Z 3.2 You agree that Google or third parties own all legal right, title and interest in and to the GDK, including any Intellectual Property Rights that subsist in the GDK. "Intellectual Property Rights" means any and all rights under patent law, copyright law, trade secret law, trademark law, and any and all other proprietary rights. Google reserves all rights not expressly granted to you.
2025-11-02T02:11:00.2868931Z 
2025-11-02T02:11:00.2871063Z 3.3 You may not use the GDK for any purpose not expressly permitted by this License Agreement. Except to the extent required by applicable third party licenses, you may not: (a) copy (except for backup purposes), modify, adapt, redistribute, decompile, reverse engineer, disassemble, or create derivative works of the GDK or any part of the GDK; or (b) load any part of the GDK onto a mobile handset or wearable computing device or any other hardware device except a Glass device personal computer, combine any part of the GDK with other software, or distribute any software or device incorporating a part of the GDK.
2025-11-02T02:11:00.2873049Z 
2025-11-02T02:11:00.2873781Z 3.4 You agree that you will not take any actions that may cause or result in the fragmentation of Glass, including but not limited to distributing, participating in the creation of, or promoting in any way a software development kit derived from the GDK.
2025-11-02T02:11:00.2874615Z 
2025-11-02T02:11:00.2875361Z 3.5 Use, reproduction and distribution of components of the GDK licensed under an open source software license are governed solely by the terms of that open source software license and not this License Agreement.
2025-11-02T02:11:00.2876092Z 
2025-11-02T02:11:00.2877378Z 3.6 You agree that the form and nature of the GDK that Google provides may change without prior notice to you and that future versions of the GDK may be incompatible with applications developed on previous versions of the GDK. You agree that Google may stop (permanently or temporarily) providing the GDK (or any features within the GDK) to you or to users generally at Google's sole discretion, without prior notice to you.
2025-11-02T02:11:00.2878733Z 
2025-11-02T02:11:00.2879223Z 3.7 Nothing in this License Agreement gives you a right to use any of Google's trade names, trademarks, service marks, logos, domain names, or other distinctive brand features.
2025-11-02T02:11:00.2879800Z 
2025-11-02T02:11:00.2880327Z 3.8 You agree that you will not remove, obscure, or alter any proprietary rights notices (including copyright and trademark notices) that may be affixed to or contained within the GDK.
2025-11-02T02:11:00.2881274Z 
2025-11-02T02:11:00.2881279Z 
2025-11-02T02:11:00.2882413Z 3.9 Your use of any Android system files, packaged APIs, or other components of the GDK which are part of the Android Software Development Kit is subject to the terms of the Android Software Development Kit License Agreement located at http://developer.android.com/sdk/terms.html. These terms are hereby incorporated by reference into this License Agreement.
2025-11-02T02:11:00.2883636Z 
2025-11-02T02:11:00.2883710Z 4. Use of the GDK by You
2025-11-02T02:11:00.2883837Z 
2025-11-02T02:11:00.2884630Z 4.1 Google agrees that it obtains no right, title or interest from you (or your licensors) under this License Agreement in or to any software applications that you develop using the GDK, including any intellectual property rights that subsist in those applications.
2025-11-02T02:11:00.2885652Z 
2025-11-02T02:11:00.2887393Z 4.2 You agree to use the GDK and write applications only for purposes that are permitted by (a) this License Agreement, (b) the Glass Platform Developer Policies (located at https://developers.google.com/glass/policies, and hereby incorporated into this License Agreement by reference), and (c) any applicable law, regulation or generally accepted practices or guidelines in the relevant jurisdictions (including any laws regarding the export of data or software to and from the United States or other relevant countries).
2025-11-02T02:11:00.2889168Z 
2025-11-02T02:11:00.2891900Z 4.3 You agree that if you use the GDK to develop applications for general public users, you will protect the privacy and legal rights of those users. If the users provide you with user names, passwords, or other login information or personal information, you must make the users aware that the information will be available to your application, and you must provide legally adequate privacy notice and protection for those users. If your application stores personal or sensitive information provided by users, it must do so securely. If the user provides your application with Google Account information, your application may only use that information to access the user's Google Account when, and for the limited purposes for which, the user has given you permission to do so.
2025-11-02T02:11:00.2894481Z 
2025-11-02T02:11:00.2895455Z 4.4 You agree that you will not engage in any activity with the GDK, including the development or distribution of an application, that interferes with, disrupts, damages, or accesses in an unauthorized manner the servers, networks, or other properties or services of any third party including, but not limited to, Google.
2025-11-02T02:11:00.2896528Z 
2025-11-02T02:11:00.2897685Z 4.5 You agree that you are solely responsible for (and that Google has no responsibility to you or to any third party for) any data, content, or resources that you create, transmit or display through Glass and/or applications for Glass, and for the consequences of your actions (including any loss or damage which Google may suffer) by doing so.
2025-11-02T02:11:00.2898826Z 
2025-11-02T02:11:00.2900021Z 4.6 You agree that you are solely responsible for (and that Google has no responsibility to you or to any third party for) any breach of your obligations under this License Agreement, any applicable third party contract or Terms of Service, or any applicable law or regulation, and for the consequences (including any loss or damage which Google or any third party may suffer) of any such breach.
2025-11-02T02:11:00.2901443Z 
2025-11-02T02:11:00.2901447Z 
2025-11-02T02:11:00.2902591Z 4.7 The GDK is in development, and your testing and feedback are an important part of the development process. By using the GDK, you acknowledge that implementation of some features are still under development and that you should not rely on the GDK, Glass devices, Glass system software, Google Mirror API, or Glass services having the full functionality of a stable release.
2025-11-02T02:11:00.2903823Z 
2025-11-02T02:11:00.2903920Z 5. Your Developer Credentials
2025-11-02T02:11:00.2904061Z 
2025-11-02T02:11:00.2904910Z 5.1 You agree that you are responsible for maintaining the confidentiality of any developer credentials that may be issued to you by Google or which you may choose yourself and that you will be solely responsible for all applications that are developed under your developer credentials.
2025-11-02T02:11:00.2905855Z 
2025-11-02T02:11:00.2905935Z 6. Privacy and Information
2025-11-02T02:11:00.2906062Z 
2025-11-02T02:11:00.2906066Z 
2025-11-02T02:11:00.2907556Z 6.1 In order to continually innovate and improve the GDK, Google may collect certain usage statistics from the software including but not limited to a unique identifier, associated IP address, version number of the software, and information on which tools and/or services in the GDK are being used and how they are being used. Before any of this information is collected, the GDK will notify you and seek your consent. If you withhold consent, the information will not be collected.
2025-11-02T02:11:00.2909233Z 
2025-11-02T02:11:00.2909588Z 6.2 The data collected is examined in the aggregate to improve the GDK and is maintained in accordance with Google's Privacy Policy.
2025-11-02T02:11:00.2910026Z 
2025-11-02T02:11:00.2910107Z 7. Third Party Applications
2025-11-02T02:11:00.2910245Z 
2025-11-02T02:11:00.2912166Z 7.1 If you use the GDK to run applications developed by a third party or that access data, content or resources provided by a third party, you agree that Google is not responsible for those applications, data, content, or resources. You understand that all data, content or resources which you may access through such third party applications are the sole responsibility of the person from which they originated and that Google is not liable for any loss or damage that you may experience as a result of the use or access of any of those third party applications, data, content, or resources.
2025-11-02T02:11:00.2914085Z 
2025-11-02T02:11:00.2915569Z 7.2 You should be aware the data, content, and resources presented to you through such a third party application may be protected by intellectual property rights which are owned by the providers (or by other persons or companies on their behalf). You may not modify, rent, lease, loan, sell, distribute or create derivative works based on these data, content, or resources (either in whole or in part) unless you have been specifically given permission to do so by the relevant owners.
2025-11-02T02:11:00.2917133Z 
2025-11-02T02:11:00.2917936Z 7.3 You acknowledge that your use of such third party applications, data, content, or resources may be subject to separate terms between you and the relevant third party. In that case, this License Agreement does not affect your legal relationship with these third parties.
2025-11-02T02:11:00.2918830Z 
2025-11-02T02:11:00.2918904Z 8. Using Google APIs
2025-11-02T02:11:00.2919017Z 
2025-11-02T02:11:00.2919092Z 8.1 Google APIs
2025-11-02T02:11:00.2919197Z 
2025-11-02T02:11:00.2920997Z 8.1.1 If you use any API to retrieve data from Google, you acknowledge that the data may be protected by intellectual property rights which are owned by Google or those parties that provide the data (or by other persons or companies on their behalf). Your use of any such API may be subject to additional Terms of Service. You may not modify, rent, lease, loan, sell, distribute or create derivative works based on this data (either in whole or in part) unless allowed by the relevant Terms of Service.
2025-11-02T02:11:00.2922601Z 
2025-11-02T02:11:00.2923308Z 8.1.2 If you use any API to retrieve a user's data from Google, you acknowledge and agree that you shall retrieve data only with the user's explicit consent and only when, and for the limited purposes for which, the user has given you permission to do so.
2025-11-02T02:11:00.2924108Z 
2025-11-02T02:11:00.2924201Z 9. Terminating this License Agreement
2025-11-02T02:11:00.2924366Z 
2025-11-02T02:11:00.2924650Z 9.1 This License Agreement will continue to apply until terminated by either you or Google as set out below.
2025-11-02T02:11:00.2925034Z 
2025-11-02T02:11:00.2925376Z 9.2 If you want to terminate this License Agreement, you may do so by ceasing your use of the GDK and any relevant developer credentials.
2025-11-02T02:11:00.2925821Z 
2025-11-02T02:11:00.2927696Z 9.3 Google may at any time, terminate this License Agreement with you if: (A) you have breached any provision of this License Agreement; or (B) Google is required to do so by law; or (C) the partner with whom Google offered certain parts of GDK (such as APIs) to you has terminated its relationship with Google or ceased to offer certain parts of the GDK to you; or (D) Google decides to no longer provide the GDK or certain parts of the GDK to users in the country in which you are resident or from which you use the service, or the provision of the GDK or certain GDK services to you by Google is, in Google's sole discretion, no longer commercially viable.
2025-11-02T02:11:00.2929765Z 
2025-11-02T02:11:00.2931348Z 9.4 When this License Agreement comes to an end, all of the legal rights, obligations and liabilities that you and Google have benefited from, been subject to (or which have accrued over time whilst this License Agreement has been in force) or which are expressed to continue indefinitely, shall be unaffected by this cessation, and the provisions of paragraph 14.7 shall continue to apply to such rights, obligations and liabilities indefinitely.
2025-11-02T02:11:00.2932824Z 
2025-11-02T02:11:00.2932905Z 10. DISCLAIMER OF WARRANTIES
2025-11-02T02:11:00.2933045Z 
2025-11-02T02:11:00.2933506Z 10.1 YOU EXPRESSLY UNDERSTAND AND AGREE THAT YOUR USE OF THE GDK IS AT YOUR SOLE RISK AND THAT THE GDK IS PROVIDED "AS IS" AND "AS AVAILABLE" WITHOUT WARRANTY OF ANY KIND FROM GOOGLE.
2025-11-02T02:11:00.2934065Z 
2025-11-02T02:11:00.2934817Z 10.2 YOUR USE OF THE GDK AND ANY MATERIAL DOWNLOADED OR OTHERWISE OBTAINED THROUGH THE USE OF THE GDK IS AT YOUR OWN DISCRETION AND RISK AND YOU ARE SOLELY RESPONSIBLE FOR ANY DAMAGE TO YOUR COMPUTER SYSTEM OR OTHER DEVICE OR LOSS OF DATA THAT RESULTS FROM SUCH USE.
2025-11-02T02:11:00.2935661Z 
2025-11-02T02:11:00.2936446Z 10.3 GOOGLE FURTHER EXPRESSLY DISCLAIMS ALL WARRANTIES AND CONDITIONS OF ANY KIND, WHETHER EXPRESS OR IMPLIED, INCLUDING, BUT NOT LIMITED TO THE IMPLIED WARRANTIES AND CONDITIONS OF MERCHANTABILITY, FITNESS FOR A PARTICULAR PURPOSE AND NON-INFRINGEMENT.
2025-11-02T02:11:00.2937317Z 
2025-11-02T02:11:00.2937391Z 11. LIMITATION OF LIABILITY
2025-11-02T02:11:00.2937524Z 
2025-11-02T02:11:00.2938889Z 11.1 YOU EXPRESSLY UNDERSTAND AND AGREE THAT GOOGLE, ITS SUBSIDIARIES AND AFFILIATES, AND ITS LICENSORS SHALL NOT BE LIABLE TO YOU UNDER ANY THEORY OF LIABILITY FOR ANY DIRECT, INDIRECT, INCIDENTAL, SPECIAL, CONSEQUENTIAL OR EXEMPLARY DAMAGES THAT MAY BE INCURRED BY YOU, INCLUDING ANY LOSS OF DATA, WHETHER OR NOT GOOGLE OR ITS REPRESENTATIVES HAVE BEEN ADVISED OF OR SHOULD HAVE BEEN AWARE OF THE POSSIBILITY OF ANY SUCH LOSSES ARISING.
2025-11-02T02:11:00.2940329Z 
2025-11-02T02:11:00.2940744Z 12. Indemnification
2025-11-02T02:11:00.2940885Z 
2025-11-02T02:11:00.2943165Z 12.1 To the maximum extent permitted by law, you agree to defend, indemnify and hold harmless Google, its affiliates and their respective directors, officers, employees and agents from and against any and all claims, actions, suits or proceedings, as well as any and all losses, liabilities, damages, costs and expenses (including reasonable attorneys fees) arising out of or accruing from (a) your use of the GDK, (b) any application you develop on the GDK that infringes any copyright, trademark, trade secret, trade dress, patent or other intellectual property right of any person or defames any person or violates their rights of publicity or privacy, and (c) any non-compliance by you with this License Agreement.
2025-11-02T02:11:00.2945499Z 
2025-11-02T02:11:00.2945582Z 13. Changes to the License Agreement
2025-11-02T02:11:00.2945751Z 
2025-11-02T02:11:00.2946436Z 13.1 Google may make changes to the License Agreement as it distributes new versions of the GDK. When these changes are made, Google will make a new version of the License Agreement available on the website where the GDK is made available.
2025-11-02T02:11:00.2947205Z 
2025-11-02T02:11:00.2947282Z 14. General Legal Terms
2025-11-02T02:11:00.2947399Z 
2025-11-02T02:11:00.2948358Z 14.1 This License Agreement constitutes the whole legal agreement between you and Google and governs your use of the GDK (excluding any services which Google may provide to you under a separate written agreement), and completely replaces any prior agreements between you and Google in relation to the GDK.
2025-11-02T02:11:00.2949382Z 
2025-11-02T02:11:00.2950313Z 14.2 You agree that if Google does not exercise or enforce any legal right or remedy which is contained in this License Agreement (or which Google has the benefit of under any applicable law), this will not be taken to be a formal waiver of Google's rights and that those rights or remedies will still be available to Google.
2025-11-02T02:11:00.2951726Z 
2025-11-02T02:11:00.2952820Z 14.3 If any court of law, having the jurisdiction to decide on this matter, rules that any provision of this License Agreement is invalid, then that provision will be removed from this License Agreement without affecting the rest of this License Agreement. The remaining provisions of this License Agreement will continue to be valid and enforceable.
2025-11-02T02:11:00.2953988Z 
2025-11-02T02:11:00.2955358Z 14.4 You acknowledge and agree that each member of the group of companies of which Google is the parent shall be third party beneficiaries to this License Agreement and that such other companies shall be entitled to directly enforce, and rely upon, any provision of this License Agreement that confers a benefit on (or rights in favor of) them. Other than this, no other person or company shall be third party beneficiaries to this License Agreement.
2025-11-02T02:11:00.2956806Z 
2025-11-02T02:11:00.2957618Z 14.5 EXPORT RESTRICTIONS. THE GDK IS SUBJECT TO UNITED STATES EXPORT LAWS AND REGULATIONS. YOU MUST COMPLY WITH ALL DOMESTIC AND INTERNATIONAL EXPORT LAWS AND REGULATIONS THAT APPLY TO THE GDK. THESE LAWS INCLUDE RESTRICTIONS ON DESTINATIONS, END USERS AND END USE.
2025-11-02T02:11:00.2958514Z 
2025-11-02T02:11:00.2959578Z 14.6 The rights granted in this License Agreement may not be assigned or transferred by either you or Google without the prior written approval of the other party. Neither you nor Google shall be permitted to delegate their responsibilities or obligations under this License Agreement without the prior written approval of the other party.
2025-11-02T02:11:00.2960935Z 
2025-11-02T02:11:00.2962851Z 14.7 This License Agreement, and your relationship with Google under this License Agreement, shall be governed by the laws of the State of California without regard to its conflict of laws provisions. You and Google agree to submit to the exclusive jurisdiction of the courts located within the county of Santa Clara, California to resolve any legal matter arising from this License Agreement. Notwithstanding this, you agree that Google shall still be allowed to apply for injunctive remedies (or an equivalent type of urgent legal relief) in any jurisdiction.
2025-11-02T02:11:00.2964778Z 
2025-11-02T02:11:00.2964849Z November 19, 2013
2025-11-02T02:11:00.2965037Z ---------------------------------------
2025-11-02T02:11:00.2965260Z Accept? (y/N): 
2025-11-02T02:11:00.2965471Z 6/6: License mips-android-sysimage-license:
2025-11-02T02:11:00.2965729Z ---------------------------------------
2025-11-02T02:11:00.2967882Z MIPS Technologies, Inc. (“MIPS”) Internal Evaluation License Agreement for MIPS Android™ System Images for Android Software Development Kit (SDK): This Internal Evaluation License Agreement (this "Agreement") is entered into by and between MIPS and you (as an individual developer or a legal entity -- identified below as “Recipient”). MIPS shall make the Evaluation Software available to Recipient as described in accordance with the terms and conditions set forth below.
2025-11-02T02:11:00.2969515Z 
2025-11-02T02:11:00.2971522Z By clicking on the “Accept” button, downloading, installing, or otherwise using the Evaluation Materials (defined below), you agree to be bound by the terms of this Agreement effective as of the date you click “Accept” (the “Effective Date”), and if doing so on behalf of an entity, you represent that you are authorized to bind the entity to the terms and conditions of this Agreement. If you do not agree to be bound by the terms and conditions of this Agreement, do not download, install, or use the Evaluation Materials.
2025-11-02T02:11:00.2973169Z 
2025-11-02T02:11:00.2973320Z 1. DEFINITIONS. These terms shall have the following meanings:
2025-11-02T02:11:00.2973555Z 
2025-11-02T02:11:00.2974112Z 1.1 “MIPS” shall mean MIPS Technologies, Inc., a Delaware corporation having a principal place of business at: 955 East Arques Ave., Sunnyvale, CA 94085
2025-11-02T02:11:00.2974776Z 
2025-11-02T02:11:00.2975325Z 1.2 “Evaluation Software” shall mean MIPS Android™ emulator system images for Android Software Development Kit (SDK), as made available to Recipient.
2025-11-02T02:11:00.2975859Z 
2025-11-02T02:11:00.2977038Z 1.3 “Evaluation Materials" means, collectively, the Evaluation Software (in source and/or object code form) and documentation (including, without limitation, any design documents, specifications, reference manuals, and other related materials) related to the Evaluation Software as made available to Recipient.
2025-11-02T02:11:00.2978135Z 
2025-11-02T02:11:00.2981994Z 1.4 “Open Source Software” means any software that requires (as a condition of use, modification and/or distribution of such software) that such software or other software incorporated into, derived from or distributed with such software (a) be disclosed or distributed in source code form; or (b) be licensed by the user to third parties for the purpose of making and/or distributing derivative works; or (c) be redistributable at no charge. Open Source Software includes, without limitation, software licensed or distributed under any of the following licenses or distribution models, or licenses or distribution models substantially similar to any of the following: (a) GNU’s General Public License (GPL) or Lesser/Library GPL (LGPL), (b) the Artistic License (e.g., PERL), (c) the Mozilla Public License, (d) the Netscape Public License, (e) the Sun Community Source License (SCSL), (f) the Sun Industry Source License (SISL), (g) the Apache Software license and (h) the Common Public License (CPL).
2025-11-02T02:11:00.2985296Z 
2025-11-02T02:11:00.2986424Z 1.5 “Pre-Release Materials” means “alpha” or “beta” designated pre-release features, which may not be fully functional, which MIPS may substantially modify in producing any production version of the Evaluation Materials, and/or which is still under development by MIPS and/or MIPS’ suppliers.
2025-11-02T02:11:00.2987442Z 
2025-11-02T02:11:00.2989472Z 2. PURPOSE. MIPS desires to make the Evaluation Materials available to Recipient solely for Recipient's internal evaluation of the Evaluation Software to evaluate the desirability of cooperating with MIPS in developing products that are compatible with the Evaluation Software and/or to advise MIPS as to possible modifications to the Evaluation Software. Recipient may not disclose, distribute, modify (except to facilitate the above-mentioned internal evaluation), or make commercial use of the Evaluation Materials or any modifications of the Evaluation Materials.
2025-11-02T02:11:00.2991659Z 
2025-11-02T02:11:00.2993511Z THE EVALUATION MATERIALS ARE PROVIDED FOR EVALUATION PURPOSES ONLY AND MAY NOT BE MODIFIED (EXCEPT TO FACILITATE THE INTERNAL EVALUATION) OR DISTRIBUTED BY RECIPIENT OR INCORPORATED INTO RECIPIENT’S PRODUCTS OR SOFTWARE. PLEASE CONTACT A MIPS SALES REPRESENTATIVE TO LEARN ABOUT THE AVAILABILITY AND COST OF A COMMERCIAL VERSION OF THE EVALUATION SOFTWARE.
2025-11-02T02:11:00.2994790Z 
2025-11-02T02:11:00.2995691Z 3. TITLE. Title to the Evaluation Materials remains with MIPS or its suppliers. Recipient shall not mortgage, pledge or encumber the Evaluation Materials in any way. Recipient shall return all Evaluation Materials, keeping no copies, upon termination or expiration of this Agreement.
2025-11-02T02:11:00.2996657Z 
2025-11-02T02:11:00.3000359Z 4. LICENSE. MIPS grants Recipient a royalty-free, personal, nontransferable, nonexclusive license under its copyrights to use the Evaluation Software only for the purposes described in paragraph 2 above and only for a period beginning on the Effective Date and extending to the first anniversary of the Effective Date (the “Evaluation Period”). Unless otherwise communicated in writing by MIPS to Recipient, to the extent the Evaluation Software is provided in more than one delivery or release (each, a “Release”) the license grant in this Section 4 and the Evaluation Period shall apply to each Release, in which case the Evaluation Period shall begin on the date that the Release is made generally available and continue to the first anniversary of such date. Recipient may not make modifications to the Evaluation Software. Recipient shall not disassemble, reverse-engineer, or decompile any software that is not provided to Recipient in source code form.
2025-11-02T02:11:00.3004010Z 
2025-11-02T02:11:00.3004014Z 
2025-11-02T02:11:00.3005055Z EXCEPT AS PROVIDED HEREIN, NO OTHER LICENSE, EXPRESS OR IMPLIED, BY ESTOPPEL OR OTHERWISE, TO ANY OTHER MIPS INTELLECTUAL PROPERTY RIGHTS IS GRANTED TO THE RECIPIENT. OTHER THAN AS EXPLICITLY SET FORTH IN PARAGRAPH 2 ABOVE, NO RIGHT TO COPY, TO REPRODUCE, TO MODIFY, OR TO CREATE DERIVATIVE WORKS OF, THE EVALUATION MATERIALS IS GRANTED HEREIN.
2025-11-02T02:11:00.3006186Z 
2025-11-02T02:11:00.3006961Z 5. NO OBLIGATION. Recipient shall have no duty to purchase or license any product from MIPS. MIPS and its suppliers shall have no obligation to provide support for, or develop a non-evaluation version of, the Evaluation Software or to license any version of it.
2025-11-02T02:11:00.3007843Z 
2025-11-02T02:11:00.3011726Z 6. MODIFICATIONS. This Agreement does not obligate Recipient to provide MIPS with comments or suggestions regarding Evaluation Materials. However, should Recipient provide MIPS with comments or suggestions for the modification, correction, improvement or enhancement of (a) the Evaluation Materials or (b) MIPS products or processes which may embody the Evaluation Materials, then Recipient agrees to grant and hereby grants to MIPS a non-exclusive, irrevocable, worldwide, fully paid-up, royalty-free license, with the right to sublicense MIPS’ licensees and customers, under Recipient’s Intellectual property rights, to use and disclose such comments and suggestions in any manner MIPS chooses and to display, perform, copy, make, have made, use, sell, offer to sell, import, and otherwise dispose of MIPS’ and its sublicensee’s products embodying such comments and suggestions in any manner and via any media MIPS chooses, without reference to the source.
2025-11-02T02:11:00.3015008Z 
2025-11-02T02:11:00.3016812Z 7. WARRANTY DISCLAIMER. MIPS AND ITS SUPPLIERS MAKE NO WARRANTIES WITH RESPECT TO EVALUATION MATERIALS, EITHER EXPRESS OR IMPLIED, INCLUDING ANY IMPLIED WARRANTIES OF MERCHANTABILITY OR FITNESS FOR A PARTICULAR PURPOSE, OR ANY IMPLIED WARRANTY OF NONINFRINGEMENT WITH RESPECT TO THIRD PARTY INTELLECTUAL PROPERTY. RECIPIENT ACKNOWLEDGES AND AGREES THAT THE EVALUATION MATERIALS ARE PROVIDED “AS IS,” WITHOUT WARRANTY OF ANY KIND.
2025-11-02T02:11:00.3018336Z 
2025-11-02T02:11:00.3020214Z 8. LIMITATION OF LIABILITY. MIPS AND ITS SUPPLIERS SHALL NOT BE LIABLE FOR ANY PROPERTY DAMAGE, PERSONAL INJURY, LOSS OF PROFITS, INTERRUPTION OF BUSINESS OR FOR ANY DIRECT, INDIRECT, SPECIAL, CONSEQUENTIAL OR INCIDENTAL DAMAGES, HOWEVER CAUSED OR ALLEGED, WHETHER FOR BREACH OF WARRANTY, CONTRACT, STRICT LIABILITY OR OTHERWISE, INCLUDING WITHOUT LIMITATION, UNDER TORT OR OTHER LEGAL THEORY. MIPS AND ITS SUPPLIERS DISCLAIM ANY AND ALL LIABILITY, INCLUDING LIABILITY FOR INFRINGEMENT OF ANY INTELLECTUAL PROPERTY RIGHTS OF ANY KIND RELATING TO THE EVALUATION MATERIALS.
2025-11-02T02:11:00.3022378Z 
2025-11-02T02:11:00.3023074Z 9. EXPIRATION. MIPS may terminate this Agreement immediately after a breach by Recipient or otherwise at MIPS’ reasonable discretion and upon five (5) business days’ notice to Recipient.
2025-11-02T02:11:00.3023739Z 
2025-11-02T02:11:00.3023805Z 10. GENERAL.
2025-11-02T02:11:00.3023908Z 
2025-11-02T02:11:00.3028513Z 10.1 Controlling Law. This Agreement shall be governed by California law excluding its choice of law rules. With the exception of MIPS’ rights to enforce its intellectual property rights and any confidentiality obligations under this Agreement or any licenses distributed with the Evaluation Materials, all disputes and any claims arising under or relating to this Agreement shall be subject to the exclusive jurisdiction and venue of the state and federal courts located in Santa Clara County, California. Each party hereby agrees to jurisdiction and venue in the courts set forth in the preceding sentence. The parties agree that the United Nations Convention on Contracts for the International Sale of Goods is specifically excluded from application to this Agreement. The parties consent to the personal jurisdiction of the above courts.
2025-11-02T02:11:00.3032771Z 
2025-11-02T02:11:00.3034869Z 10.2 Remedies. Recipient acknowledges and agrees that any breach of confidentiality obligations under this Agreement or any licenses distributed with the Evaluation Materials, as well as any disclosure, commercialization, or public use of the Evaluation Materials, would cause irreparable injury to MIPS, and therefore Recipient agrees to consent to, and hereby consents to, the grant of an injunction by any court of competent jurisdiction in the event of an actual or threatened breach.
2025-11-02T02:11:00.3037695Z 
2025-11-02T02:11:00.3039908Z 10.3 Assignment. Recipient may not delegate, assign or transfer this Agreement, the license granted or any of Recipient’s rights, obligations, or duties hereunder, expressly, by implication, by operation of law, by way of merger (regardless of whether Recipient is the surviving entity) or acquisition, or otherwise and any attempt to do so, without MIPS’ express prior written consent, shall be ineffective, null and void. MIPS may freely assign this Agreement, and its rights and obligations hereunder, in its sole discretion.
2025-11-02T02:11:00.3041962Z 
2025-11-02T02:11:00.3043470Z 10.4 Entire Agreement. This Agreement constitutes the entire agreement between Recipient and MIPS and supersedes in their entirety any and all oral or written agreements previously existing between Recipient and MIPS with respect to the subject matter hereof. This Agreement may only be amended or supplemented by a writing that refers explicitly to this Agreement and that is signed or otherwise accepted by duly authorized representatives of Recipient and MIPS.
2025-11-02T02:11:00.3045061Z 
2025-11-02T02:11:00.3046685Z 10.5 Severability. In the event that any provision of this Agreement is finally adjudicated to be unenforceable or invalid under any applicable law, such unenforceability or invalidity shall not render this Agreement unenforceable or invalid as a whole, and, in such event, such unenforceable or invalid provision shall be interpreted so as to best accomplish the objectives of such provision within the limits of applicable law or applicable court decisions.
2025-11-02T02:11:00.3048250Z 
2025-11-02T02:11:00.3053253Z 10.6 Export Regulations / Export Control. Recipient shall not export, either directly or indirectly, any product, service or technical data or system incorporating the Evaluation Materials without first obtaining any required license or other necessary approval from the U.S. Department of Commerce or any other governing agency or department of the United States Government. In the event any product is exported from the United States or re-exported from a foreign destination by Recipient, Recipient shall ensure that the distribution and export/re-export or import of the product is in compliance with all applicable laws, regulations, orders, or other restrictions of the U.S. Export Administration Regulations and the appropriate foreign government. Recipient agrees that neither it nor any of its subsidiaries will export/re-export any technical data, process, product, or service, directly or indirectly, to any country for which the United States government or any agency thereof or the foreign government from where it is shipping requires an export license, or other governmental approval, without first obtaining such license or approval. Recipient also agrees to implement measures to ensure that foreign national employees are authorized to receive any information controlled by U.S. export control laws. An export is "deemed" to take place when information is released to a foreign national wherever located.
2025-11-02T02:11:00.3059445Z 
2025-11-02T02:11:00.3063321Z 10.7 Special Terms for Pre-Release Materials. If so indicated in the description of the Evaluation Software, the Evaluation Software may contain Pre-Release Materials. Recipient hereby understands, acknowledges and agrees that: (i) Pre-Release Materials may not be fully tested and may contain bugs or errors; (ii) Pre-Release materials are not suitable for commercial release in their current state; (iii) regulatory approvals for Pre-Release Materials (such as UL or FCC) have not been obtained, and Pre-Release Materials may therefore not be certified for use in certain countries or environments or may not be suitable for certain applications and (iv) MIPS can provide no assurance that it will ever produce or make generally available a production version of the Pre-Release Materials . MIPS is not under any obligation to develop and/or release or offer for sale or license a final product based upon the Pre-Release Materials and may unilaterally elect to abandon the Pre-Release Materials or any such development platform at any time and without any obligation or liability whatsoever to Recipient or any other person.
2025-11-02T02:11:00.3067382Z 
2025-11-02T02:11:00.3068047Z ANY PRE-RELEASE MATERIALS ARE NON-QUALIFIED AND, AS SUCH, ARE PROVIDED “AS IS” AND “AS AVAILABLE”, POSSIBLY WITH FAULTS, AND WITHOUT REPRESENTATION OR WARRANTY OF ANY KIND.
2025-11-02T02:11:00.3068642Z 
2025-11-02T02:11:00.3071015Z 10.8 Open Source Software. In the event Open Source software is included with Evaluation Software, such Open Source software is licensed pursuant to the applicable Open Source software license agreement identified in the Open Source software comments in the applicable source code file(s) and/or file header as indicated in the Evaluation Software. Additional detail may be available (where applicable) in the accompanying on-line documentation. With respect to the Open Source software, nothing in this Agreement limits any rights under, or grants rights that supersede, the terms of any applicable Open Source software license agreement.
2025-11-02T02:11:00.3073280Z ---------------------------------------
2025-11-02T02:11:00.3073569Z Accept? (y/N): All SDK package licenses accepted
2025-11-02T02:11:00.3073893Z 
2025-11-02T02:11:00.3074101Z [command]/usr/local/lib/android/sdk/cmdline-tools/16.0/bin/sdkmanager tools
2025-11-02T02:11:01.0335770Z Loading package information...                                                  
2025-11-02T02:11:01.1263067Z Loading local repository...                                                     
2025-11-02T02:11:01.1266444Z [                                       ] 3% Loading local repository...        
2025-11-02T02:11:01.1371421Z [                                       ] 3% Fetch remote repository...         
2025-11-02T02:11:01.4963866Z [=                                      ] 3% Fetch remote repository...         
2025-11-02T02:11:01.5631316Z [=                                      ] 4% Fetch remote repository...         
2025-11-02T02:11:01.5959906Z [=                                      ] 5% Fetch remote repository...         
2025-11-02T02:11:01.6532293Z [==                                     ] 5% Fetch remote repository...         
2025-11-02T02:11:01.7224932Z [==                                     ] 6% Fetch remote repository...         
2025-11-02T02:11:01.8016317Z [==                                     ] 7% Fetch remote repository...         
2025-11-02T02:11:01.8022580Z [==                                     ] 7% Computing updates...               
2025-11-02T02:11:01.8148854Z [===                                    ] 8% Computing updates...               
2025-11-02T02:11:01.8335687Z [===                                    ] 10% Computing updates...              
2025-11-02T02:11:02.2728137Z [===                                    ] 10% Installing Android Emulator       
2025-11-02T02:11:02.4174688Z [===                                    ] 10% Downloading emulator-linux_x64-142
2025-11-02T02:11:02.6961908Z [====                                   ] 10% Downloading emulator-linux_x64-142
2025-11-02T02:11:03.3614342Z [====                                   ] 11% Downloading emulator-linux_x64-142
2025-11-02T02:11:04.0554406Z [====                                   ] 12% Downloading emulator-linux_x64-142
2025-11-02T02:11:04.6314307Z [=====                                  ] 13% Downloading emulator-linux_x64-142
2025-11-02T02:11:05.2351045Z [=====                                  ] 14% Downloading emulator-linux_x64-142
2025-11-02T02:11:05.5140963Z [=====                                  ] 15% Downloading emulator-linux_x64-142
2025-11-02T02:11:06.0031552Z [======                                 ] 15% Downloading emulator-linux_x64-142
2025-11-02T02:11:06.7195141Z [======                                 ] 16% Downloading emulator-linux_x64-142
2025-11-02T02:11:07.5285504Z [======                                 ] 17% Downloading emulator-linux_x64-142
2025-11-02T02:11:07.7652417Z [=======                                ] 18% Downloading emulator-linux_x64-142
2025-11-02T02:11:08.0542003Z [=======                                ] 19% Downloading emulator-linux_x64-142
2025-11-02T02:11:08.1723653Z [=======                                ] 20% Downloading emulator-linux_x64-142
2025-11-02T02:11:08.3094645Z [========                               ] 20% Downloading emulator-linux_x64-142
2025-11-02T02:11:08.4982002Z [========                               ] 21% Downloading emulator-linux_x64-142
2025-11-02T02:11:08.5744305Z [========                               ] 21% Unzipping...                      
2025-11-02T02:11:08.5747109Z [========                               ] 21% Unzipping... emulator/            
2025-11-02T02:11:08.5778317Z [========                               ] 21% Unzipping... emulator/NOTICE.csv  
2025-11-02T02:11:08.5779994Z [========                               ] 21% Unzipping... emulator/bin64/      
2025-11-02T02:11:08.5782133Z [========                               ] 21% Unzipping... emulator/android-info
2025-11-02T02:11:08.5812560Z [========                               ] 21% Unzipping... emulator/NOTICE.txt  
2025-11-02T02:11:08.5815397Z [========                               ] 21% Unzipping... emulator/qemu/       
2025-11-02T02:11:08.5832872Z [========                               ] 21% Unzipping... emulator/mksdcard    
2025-11-02T02:11:08.5835291Z [========                               ] 21% Unzipping... emulator/lib64/      
2025-11-02T02:11:08.6239684Z [========                               ] 21% Unzipping... emulator/qsn         
2025-11-02T02:11:08.6539772Z [========                               ] 21% Unzipping... emulator/crashreport 
2025-11-02T02:11:08.6785671Z [========                               ] 21% Unzipping... emulator/crashpad_han
2025-11-02T02:11:08.6802328Z [========                               ] 21% Unzipping... emulator/lib/        
2025-11-02T02:11:08.7029655Z [========                               ] 21% Unzipping... emulator/emulator-che
2025-11-02T02:11:08.7147332Z [========                               ] 21% Unzipping... emulator/qemu-img    
2025-11-02T02:11:08.7151548Z [========                               ] 21% Unzipping... emulator/LICENSE     
2025-11-02T02:11:08.7158065Z [========                               ] 21% Unzipping... emulator/source.prope
2025-11-02T02:11:08.7159286Z [========                               ] 21% Unzipping... emulator/resources/  
2025-11-02T02:11:08.7240730Z [========                               ] 21% Unzipping... emulator/nimble_bridg
2025-11-02T02:11:08.7702569Z [========                               ] 22% Unzipping... emulator/nimble_bridg
2025-11-02T02:11:08.9033680Z [========                               ] 22% Unzipping... emulator/netsimd     
2025-11-02T02:11:08.9036206Z [========                               ] 22% Unzipping... emulator/include/    
2025-11-02T02:11:08.9124869Z [========                               ] 22% Unzipping... emulator/emulator    
2025-11-02T02:11:08.9151073Z [========                               ] 22% Unzipping... emulator/bin64/mkfs.e
2025-11-02T02:11:08.9187517Z [========                               ] 22% Unzipping... emulator/bin64/e2fsck
2025-11-02T02:11:08.9210985Z [========                               ] 22% Unzipping... emulator/bin64/resize
2025-11-02T02:11:08.9243367Z [========                               ] 22% Unzipping... emulator/bin64/fsck.e
2025-11-02T02:11:08.9265325Z [========                               ] 22% Unzipping... emulator/bin64/tune2f
2025-11-02T02:11:09.0904131Z [========                               ] 22% Unzipping... emulator/qemu/linux-x
2025-11-02T02:11:09.4415881Z [=========                              ] 23% Unzipping... emulator/qemu/linux-x
2025-11-02T02:11:09.7688814Z [=========                              ] 24% Unzipping... emulator/qemu/linux-x
2025-11-02T02:11:09.9473823Z [=========                              ] 25% Unzipping... emulator/qemu/linux-x
2025-11-02T02:11:09.9851180Z [==========                             ] 25% Unzipping... emulator/qemu/linux-x
2025-11-02T02:11:09.9855499Z [==========                             ] 25% Unzipping... emulator/lib64/libemu
2025-11-02T02:11:10.1256673Z [==========                             ] 25% Unzipping... emulator/lib64/liband
2025-11-02T02:11:10.1257468Z [==========                             ] 25% Unzipping... emulator/lib64/gles_a
2025-11-02T02:11:10.1347163Z [==========                             ] 25% Unzipping... emulator/lib64/libgfx
2025-11-02T02:11:10.1971563Z [==========                             ] 26% Unzipping... emulator/lib64/libgfx
2025-11-02T02:11:10.2097946Z [==========                             ] 26% Unzipping... emulator/lib64/libpro
2025-11-02T02:11:10.2098442Z [==========                             ] 26% Unzipping... emulator/lib64/qt/   
2025-11-02T02:11:10.2105153Z [==========                             ] 26% Unzipping... emulator/lib64/liband
2025-11-02T02:11:10.2230058Z [==========                             ] 26% Unzipping... emulator/lib64/libpro
2025-11-02T02:11:10.2385185Z [==========                             ] 26% Unzipping... emulator/lib64/liband
2025-11-02T02:11:10.2389068Z [==========                             ] 26% Unzipping... emulator/lib64/libima
2025-11-02T02:11:10.2396521Z [==========                             ] 26% Unzipping... emulator/lib64/gles_m
2025-11-02T02:11:10.2411830Z [==========                             ] 26% Unzipping... emulator/lib64/libtcm
2025-11-02T02:11:10.2453269Z [==========                             ] 26% Unzipping... emulator/lib64/liband
2025-11-02T02:11:10.2461632Z [==========                             ] 26% Unzipping... emulator/lib64/libdrm
2025-11-02T02:11:10.2691301Z [==========                             ] 26% Unzipping... emulator/lib64/liband
2025-11-02T02:11:10.2754127Z [==========                             ] 26% Unzipping... emulator/lib64/libc++
2025-11-02T02:11:10.2966612Z [==========                             ] 26% Unzipping... emulator/lib64/liband
2025-11-02T02:11:10.3039906Z [==========                             ] 26% Unzipping... emulator/lib64/libsha
2025-11-02T02:11:10.3040744Z [==========                             ] 26% Unzipping... emulator/lib64/gles_s
2025-11-02T02:11:10.3088780Z [==========                             ] 26% Unzipping... emulator/lib64/libabs
2025-11-02T02:11:10.3097129Z [==========                             ] 26% Unzipping... emulator/lib64/liband
2025-11-02T02:11:10.3152080Z [==========                             ] 26% Unzipping... emulator/lib64/libzst
2025-11-02T02:11:10.3226041Z [==========                             ] 26% Unzipping... emulator/lib64/libgli
2025-11-02T02:11:10.3229734Z [==========                             ] 26% Unzipping... emulator/lib64/vulkan
2025-11-02T02:11:10.3292641Z [==========                             ] 26% Unzipping... emulator/lib64/libc++
2025-11-02T02:11:10.3894624Z [==========                             ] 26% Unzipping... emulator/lib64/gles_a
2025-11-02T02:11:10.3895248Z [==========                             ] 26% Unzipping... emulator/lib64/qt/lib
2025-11-02T02:11:10.3895773Z [==========                             ] 26% Unzipping... emulator/lib64/qt/plu
2025-11-02T02:11:10.3896678Z [==========                             ] 26% Unzipping... emulator/lib64/qt/tra
2025-11-02T02:11:10.3897180Z [==========                             ] 26% Unzipping... emulator/lib64/qt/res
2025-11-02T02:11:10.4154384Z [==========                             ] 26% Unzipping... emulator/lib64/qt/lib
2025-11-02T02:11:10.7871308Z [==========                             ] 27% Unzipping... emulator/lib64/qt/lib
2025-11-02T02:11:11.1658247Z [===========                            ] 28% Unzipping... emulator/lib64/qt/lib
2025-11-02T02:11:11.5446205Z [===========                            ] 29% Unzipping... emulator/lib64/qt/lib
2025-11-02T02:11:11.6170949Z [===========                            ] 30% Unzipping... emulator/lib64/qt/lib
2025-11-02T02:11:11.6300618Z [===========                            ] 30% Unzipping... emulator/lib64/qt/plu
2025-11-02T02:11:11.7454304Z [===========                            ] 30% Unzipping... emulator/lib64/qt/tra
2025-11-02T02:11:11.7505173Z [===========                            ] 30% Unzipping... emulator/lib64/qt/res
2025-11-02T02:11:11.8227007Z [============                           ] 30% Unzipping... emulator/lib64/qt/res
2025-11-02T02:11:11.8293014Z [============                           ] 30% Unzipping... emulator/lib64/gles_m
2025-11-02T02:11:12.0136290Z [============                           ] 31% Unzipping... emulator/lib64/gles_m
2025-11-02T02:11:12.0837829Z [============                           ] 31% Unzipping... emulator/lib64/gles_s
2025-11-02T02:11:12.1904560Z [============                           ] 31% Unzipping... emulator/lib64/vulkan
2025-11-02T02:11:12.4147601Z [============                           ] 32% Unzipping... emulator/lib64/vulkan
2025-11-02T02:11:12.4151046Z [============                           ] 32% Unzipping... emulator/lib/ice_conf
2025-11-02T02:11:12.4154206Z [============                           ] 32% Unzipping... emulator/lib/emulator
2025-11-02T02:11:12.4177715Z [============                           ] 32% Unzipping... emulator/lib/rtc_serv
2025-11-02T02:11:12.4178637Z [============                           ] 32% Unzipping... emulator/lib/pc-bios/
2025-11-02T02:11:12.4179007Z [============                           ] 32% Unzipping... emulator/lib/cmake/  
2025-11-02T02:11:12.4179522Z [============                           ] 32% Unzipping... emulator/lib/snapshot
2025-11-02T02:11:12.4180018Z [============                           ] 32% Unzipping... emulator/lib/pkgconfi
2025-11-02T02:11:12.4180632Z [============                           ] 32% Unzipping... emulator/lib/emulator
2025-11-02T02:11:12.4483929Z [============                           ] 32% Unzipping... emulator/lib/libflatb
2025-11-02T02:11:12.4487582Z [============                           ] 32% Unzipping... emulator/lib/snapshot
2025-11-02T02:11:12.4490811Z [============                           ] 32% Unzipping... emulator/lib/control_
2025-11-02T02:11:12.4496150Z [============                           ] 32% Unzipping... emulator/lib/emulated
2025-11-02T02:11:12.4498497Z [============                           ] 32% Unzipping... emulator/lib/grpc_end
2025-11-02T02:11:12.4501930Z [============                           ] 32% Unzipping... emulator/lib/emu-orig
2025-11-02T02:11:12.4519507Z [============                           ] 32% Unzipping... emulator/lib/ca-bundl
2025-11-02T02:11:12.4525865Z [============                           ] 32% Unzipping... emulator/lib/hostapd.
2025-11-02T02:11:12.4532369Z [============                           ] 32% Unzipping... emulator/lib/rtc_serv
2025-11-02T02:11:12.4535545Z [============                           ] 32% Unzipping... emulator/lib/hardware
2025-11-02T02:11:12.4537771Z [============                           ] 32% Unzipping... emulator/lib/advanced
2025-11-02T02:11:12.4541336Z [============                           ] 32% Unzipping... emulator/lib/ui_contr
2025-11-02T02:11:12.4543932Z [============                           ] 32% Unzipping... emulator/lib/waterfal
2025-11-02T02:11:12.4546584Z [============                           ] 32% Unzipping... emulator/lib/adb_serv
2025-11-02T02:11:12.4551569Z [============                           ] 32% Unzipping... emulator/lib/emulator
2025-11-02T02:11:12.4702477Z [============                           ] 32% Unzipping... emulator/lib/pc-bios/
2025-11-02T02:11:12.4710088Z [============                           ] 32% Unzipping... emulator/lib/cmake/fl
2025-11-02T02:11:12.4712812Z [============                           ] 32% Unzipping... emulator/lib/pkgconfi
2025-11-02T02:11:12.5025902Z [============                           ] 32% Unzipping... emulator/resources/To
2025-11-02T02:11:12.5027708Z [============                           ] 32% Unzipping... emulator/resources/ma
2025-11-02T02:11:12.5037067Z [============                           ] 32% Unzipping... emulator/resources/po
2025-11-02T02:11:12.5111375Z [============                           ] 32% Unzipping... emulator/resources/ma
2025-11-02T02:11:12.5176376Z [============                           ] 32% Unzipping... emulator/include/flat
2025-11-02T02:11:12.5807870Z [=============                          ] 33% Unzipping... emulator/include/flat
2025-11-02T02:11:13.0147436Z [=====================                  ] 55% Unzipping... emulator/include/flat
2025-11-02T02:11:13.0471348Z [=====================                  ] 55% Installing Android SDK Tools emula
2025-11-02T02:11:13.0735685Z [=====================                  ] 55% Downloading sdk-tools-linux-433379
2025-11-02T02:11:13.1118158Z [======================                 ] 55% Downloading sdk-tools-linux-433379
2025-11-02T02:11:13.2021461Z [======================                 ] 56% Downloading sdk-tools-linux-433379
2025-11-02T02:11:13.3003686Z [======================                 ] 57% Downloading sdk-tools-linux-433379
2025-11-02T02:11:13.3775210Z [=======================                ] 58% Downloading sdk-tools-linux-433379
2025-11-02T02:11:13.4437474Z [=======================                ] 59% Downloading sdk-tools-linux-433379
2025-11-02T02:11:13.4892620Z [=======================                ] 60% Downloading sdk-tools-linux-433379
2025-11-02T02:11:13.5286886Z [========================               ] 60% Downloading sdk-tools-linux-433379
2025-11-02T02:11:13.5996187Z [========================               ] 61% Downloading sdk-tools-linux-433379
2025-11-02T02:11:13.6915638Z [========================               ] 62% Downloading sdk-tools-linux-433379
2025-11-02T02:11:13.7674322Z [=========================              ] 63% Downloading sdk-tools-linux-433379
2025-11-02T02:11:13.9159966Z [=========================              ] 64% Downloading sdk-tools-linux-433379
2025-11-02T02:11:14.0312756Z [=========================              ] 65% Downloading sdk-tools-linux-433379
2025-11-02T02:11:14.1934013Z [==========================             ] 65% Downloading sdk-tools-linux-433379
2025-11-02T02:11:14.3735977Z [==========================             ] 66% Downloading sdk-tools-linux-433379
2025-11-02T02:11:14.4232645Z [==========================             ] 66% Unzipping... emulator/include/flat
2025-11-02T02:11:14.4233438Z [==========================             ] 66% Unzipping... tools/               
2025-11-02T02:11:14.4234087Z [==========================             ] 66% Unzipping... tools/proguard/      
2025-11-02T02:11:14.4238397Z [==========================             ] 66% Unzipping... tools/proguard/licens
2025-11-02T02:11:14.4239233Z [==========================             ] 66% Unzipping... tools/proguard/lib/  
2025-11-02T02:11:14.4291262Z [==========================             ] 66% Unzipping... tools/proguard/lib/pr
2025-11-02T02:11:14.4294272Z [==========================             ] 66% Unzipping... tools/proguard/lib/re
2025-11-02T02:11:14.4307166Z [==========================             ] 66% Unzipping... tools/proguard/lib/pr
2025-11-02T02:11:14.4307970Z [==========================             ] 66% Unzipping... tools/proguard/ant/  
2025-11-02T02:11:14.4310553Z [==========================             ] 66% Unzipping... tools/proguard/ant/ta
2025-11-02T02:11:14.4313254Z [==========================             ] 66% Unzipping... tools/proguard/docs/ 
2025-11-02T02:11:14.4315208Z [==========================             ] 66% Unzipping... tools/proguard/docs/f
2025-11-02T02:11:14.4324417Z [==========================             ] 66% Unzipping... tools/proguard/docs/s
2025-11-02T02:11:14.4326525Z [==========================             ] 66% Unzipping... tools/proguard/docs/d
2025-11-02T02:11:14.4330200Z [==========================             ] 66% Unzipping... tools/proguard/docs/s
2025-11-02T02:11:14.4333925Z [==========================             ] 66% Unzipping... tools/proguard/docs/F
2025-11-02T02:11:14.4339129Z [==========================             ] 66% Unzipping... tools/proguard/docs/s
2025-11-02T02:11:14.4342401Z [==========================             ] 66% Unzipping... tools/proguard/docs/l
2025-11-02T02:11:14.4346796Z [==========================             ] 66% Unzipping... tools/proguard/docs/s
2025-11-02T02:11:14.4350798Z [==========================             ] 66% Unzipping... tools/proguard/docs/d
2025-11-02T02:11:14.4357415Z [==========================             ] 66% Unzipping... tools/proguard/docs/s
2025-11-02T02:11:14.4359815Z [==========================             ] 66% Unzipping... tools/proguard/docs/r
2025-11-02T02:11:14.4362151Z [==========================             ] 66% Unzipping... tools/proguard/docs/d
2025-11-02T02:11:14.4364610Z [==========================             ] 66% Unzipping... tools/proguard/docs/t
2025-11-02T02:11:14.4367054Z [==========================             ] 66% Unzipping... tools/proguard/docs/f
2025-11-02T02:11:14.4371728Z [==========================             ] 66% Unzipping... tools/proguard/docs/s
2025-11-02T02:11:14.4374587Z [==========================             ] 66% Unzipping... tools/proguard/docs/t
2025-11-02T02:11:14.4377827Z [==========================             ] 66% Unzipping... tools/proguard/docs/i
2025-11-02T02:11:14.4381227Z [==========================             ] 66% Unzipping... tools/proguard/docs/s
2025-11-02T02:11:14.4383549Z [==========================             ] 66% Unzipping... tools/proguard/docs/m
2025-11-02T02:11:14.4386323Z [==========================             ] 66% Unzipping... tools/proguard/docs/s
2025-11-02T02:11:14.4388582Z [==========================             ] 66% Unzipping... tools/proguard/docs/q
2025-11-02T02:11:14.4392274Z [==========================             ] 66% Unzipping... tools/proguard/docs/G
2025-11-02T02:11:14.4394920Z [==========================             ] 66% Unzipping... tools/proguard/docs/t
2025-11-02T02:11:14.4410256Z [==========================             ] 66% Unzipping... tools/proguard/docs/s
2025-11-02T02:11:14.4461715Z [==========================             ] 66% Unzipping... tools/proguard/docs/m
2025-11-02T02:11:14.4463086Z [==========================             ] 66% Unzipping... tools/proguard/docs/s
2025-11-02T02:11:14.4465307Z [==========================             ] 66% Unzipping... tools/proguard/docs/G
2025-11-02T02:11:14.4468582Z [==========================             ] 66% Unzipping... tools/proguard/docs/c
2025-11-02T02:11:14.4473300Z [==========================             ] 66% Unzipping... tools/proguard/docs/a
2025-11-02T02:11:14.4483200Z [==========================             ] 66% Unzipping... tools/proguard/docs/s
2025-11-02T02:11:14.4485456Z [==========================             ] 66% Unzipping... tools/proguard/docs/d
2025-11-02T02:11:14.4557794Z [==========================             ] 66% Unzipping... tools/proguard/exampl
2025-11-02T02:11:14.4558433Z [==========================             ] 66% Unzipping... tools/proguard/bin/  
2025-11-02T02:11:14.4562939Z [==========================             ] 66% Unzipping... tools/proguard/bin/pr
2025-11-02T02:11:14.4564776Z [==========================             ] 66% Unzipping... tools/proguard/bin/re
2025-11-02T02:11:14.4567136Z [==========================             ] 66% Unzipping... tools/proguard/README
2025-11-02T02:11:14.4573192Z [==========================             ] 66% Unzipping... tools/proguard/progua
2025-11-02T02:11:14.4573784Z [==========================             ] 66% Unzipping... tools/lib/           
2025-11-02T02:11:14.4621333Z [==========================             ] 66% Unzipping... tools/lib/bcpkix-jdk1
2025-11-02T02:11:14.4631683Z [==========================             ] 66% Unzipping... tools/lib/org-eclipse
2025-11-02T02:11:14.4645566Z [==========================             ] 66% Unzipping... tools/lib/manifest-me
2025-11-02T02:11:14.4653514Z [==========================             ] 66% Unzipping... tools/lib/jcommander-
2025-11-02T02:11:14.4671749Z [==========================             ] 66% Unzipping... tools/lib/gson-2.3.ja
2025-11-02T02:11:14.4674446Z [==========================             ] 66% Unzipping... tools/lib/ddms-26.0.0
2025-11-02T02:11:14.4679311Z [==========================             ] 66% Unzipping... tools/lib/asm-tree-5.
2025-11-02T02:11:14.4744895Z [==========================             ] 66% Unzipping... tools/lib/uast-26.0.0
2025-11-02T02:11:14.4756844Z [==========================             ] 66% Unzipping... tools/lib/dexlib2-2.2
2025-11-02T02:11:14.4812475Z [==========================             ] 67% Unzipping... tools/lib/dexlib2-2.2
2025-11-02T02:11:14.4815054Z [==========================             ] 67% Unzipping... tools/lib/android.el 
2025-11-02T02:11:14.4821531Z [==========================             ] 67% Unzipping... tools/lib/apkanalyzer
2025-11-02T02:11:14.4990797Z [==========================             ] 67% Unzipping... tools/lib/guava-22.0.
2025-11-02T02:11:14.5031106Z [==========================             ] 67% Unzipping... tools/lib/lint-api-26
2025-11-02T02:11:14.5042704Z [==========================             ] 67% Unzipping... tools/lib/baksmali-2.
2025-11-02T02:11:14.5047040Z [==========================             ] 67% Unzipping... tools/lib/shared.jar 
2025-11-02T02:11:14.5055898Z [==========================             ] 67% Unzipping... tools/lib/jsr305-1.3.
2025-11-02T02:11:14.5084409Z [==========================             ] 67% Unzipping... tools/lib/httpclient-
2025-11-02T02:11:14.5228579Z [==========================             ] 67% Unzipping... tools/lib/ecj-4.6.1.j
2025-11-02T02:11:14.5236736Z [==========================             ] 67% Unzipping... tools/lib/jobb-26.0.0
2025-11-02T02:11:14.5251291Z [==========================             ] 67% Unzipping... tools/lib/jcommon-1.0
2025-11-02T02:11:14.5255312Z [==========================             ] 67% Unzipping... tools/lib/kxml2-2.3.0
2025-11-02T02:11:14.5320292Z [==========================             ] 67% Unzipping... tools/lib/jfreechart-
2025-11-02T02:11:14.5332349Z [==========================             ] 67% Unzipping... tools/lib/common-26.0
2025-11-02T02:11:14.5390999Z [==========================             ] 67% Unzipping... tools/lib/lint-checks
2025-11-02T02:11:14.5509017Z [==========================             ] 67% Unzipping... tools/lib/kotlin-refl
2025-11-02T02:11:14.5512375Z [==========================             ] 67% Unzipping... tools/lib/builder-mod
2025-11-02T02:11:14.5550108Z [==========================             ] 67% Unzipping... tools/lib/sdklib-26.0
2025-11-02T02:11:14.5557295Z [==========================             ] 67% Unzipping... tools/lib/layoutlib-a
2025-11-02T02:11:14.5560665Z [==========================             ] 67% Unzipping... tools/lib/annotations
2025-11-02T02:11:14.5567087Z [==========================             ] 67% Unzipping... tools/lib/fat32lib.ja
2025-11-02T02:11:14.5571161Z [==========================             ] 67% Unzipping... tools/lib/jsr305-3.0.
2025-11-02T02:11:14.5623507Z [==========================             ] 67% Unzipping... tools/lib/org-eclipse
2025-11-02T02:11:14.5627673Z [==========================             ] 67% Unzipping... tools/lib/error_prone
2025-11-02T02:11:14.5633758Z [==========================             ] 67% Unzipping... tools/lib/org-eclipse
2025-11-02T02:11:14.5644226Z [==========================             ] 67% Unzipping... tools/lib/animal-snif
2025-11-02T02:11:14.5672318Z [==========================             ] 67% Unzipping... tools/lib/asset-studi
2025-11-02T02:11:14.5701135Z [===========================            ] 68% Unzipping... tools/lib/asset-studi
2025-11-02T02:11:14.5715069Z [===========================            ] 68% Unzipping... tools/lib/repository-
2025-11-02T02:11:14.5718766Z [===========================            ] 68% Unzipping... tools/lib/dvlib-26.0.
2025-11-02T02:11:14.5748322Z [===========================            ] 68% Unzipping... tools/lib/jsilver-1.0
2025-11-02T02:11:14.5754041Z [===========================            ] 68% Unzipping... tools/lib/asm-5.1.jar
2025-11-02T02:11:14.5758098Z [===========================            ] 68% Unzipping... tools/lib/devices.xml
2025-11-02T02:11:14.5759985Z [===========================            ] 68% Unzipping... tools/lib/asm-analysi
2025-11-02T02:11:14.5782377Z [===========================            ] 68% Unzipping... tools/lib/hierarchyvi
2025-11-02T02:11:14.5789421Z [===========================            ] 68% Unzipping... tools/lib/monkeyrunne
2025-11-02T02:11:14.5795155Z [===========================            ] 68% Unzipping... tools/lib/uiautomator
2025-11-02T02:11:14.5797202Z [===========================            ] 68% Unzipping... tools/lib/archquery-2
2025-11-02T02:11:14.5802379Z [===========================            ] 68% Unzipping... tools/lib/chimpchat-2
2025-11-02T02:11:14.5804712Z [===========================            ] 68% Unzipping... tools/lib/explainer.j
2025-11-02T02:11:14.5825924Z [===========================            ] 68% Unzipping... tools/lib/ddmlib-26.0
2025-11-02T02:11:14.5828166Z [===========================            ] 68% Unzipping... tools/lib/swtmenubar-
2025-11-02T02:11:14.5913871Z [===========================            ] 68% Unzipping... tools/lib/osgi-4.0.0.
2025-11-02T02:11:14.5914484Z [===========================            ] 68% Unzipping... tools/lib/x86_64/    
2025-11-02T02:11:14.5987689Z [===========================            ] 68% Unzipping... tools/lib/x86_64/swt.
2025-11-02T02:11:14.6429745Z [===========================            ] 68% Unzipping... tools/lib/monitor-x86
2025-11-02T02:11:14.7237434Z [===========================            ] 69% Unzipping... tools/lib/monitor-x86
2025-11-02T02:11:14.7696673Z [===========================            ] 70% Unzipping... tools/lib/monitor-x86
2025-11-02T02:11:14.8084084Z [============================           ] 70% Unzipping... tools/lib/monitor-x86
2025-11-02T02:11:14.9597787Z [============================           ] 71% Unzipping... tools/lib/monitor-x86
2025-11-02T02:11:14.9600269Z [============================           ] 71% Unzipping... tools/lib/httpmime-4.
2025-11-02T02:11:14.9601674Z [============================           ] 71% Unzipping... tools/lib/annotations
2025-11-02T02:11:14.9616376Z [============================           ] 71% Unzipping... tools/lib/lint-26.0.0
2025-11-02T02:11:14.9622792Z [============================           ] 71% Unzipping... tools/lib/apkanalyzer
2025-11-02T02:11:14.9628649Z [============================           ] 71% Unzipping... tools/lib/binary-reso
2025-11-02T02:11:14.9634527Z [============================           ] 71% Unzipping... tools/lib/jopt-simple
2025-11-02T02:11:14.9639873Z [============================           ] 71% Unzipping... tools/lib/util-2.2.1.
2025-11-02T02:11:14.9659362Z [============================           ] 71% Unzipping... tools/lib/ddmuilib-26
2025-11-02T02:11:14.9674878Z [============================           ] 72% Unzipping... tools/lib/ddmuilib-26
2025-11-02T02:11:14.9722177Z [============================           ] 72% Unzipping... tools/lib/sdk-common-
2025-11-02T02:11:14.9731157Z [============================           ] 72% Unzipping... tools/lib/traceview-2
2025-11-02T02:11:14.9744755Z [============================           ] 72% Unzipping... tools/lib/httpcore-4.
2025-11-02T02:11:14.9748080Z [============================           ] 72% Unzipping... tools/lib/screenshot2
2025-11-02T02:11:14.9765650Z [============================           ] 72% Unzipping... tools/lib/commons-cod
2025-11-02T02:11:14.9767931Z [============================           ] 72% Unzipping... tools/lib/proguard-pr
2025-11-02T02:11:15.0335341Z [============================           ] 72% Unzipping... tools/lib/jython-stan
2025-11-02T02:11:15.0396569Z [=============================          ] 73% Unzipping... tools/lib/jython-stan
2025-11-02T02:11:15.0399527Z [=============================          ] 73% Unzipping... tools/lib/annotations
2025-11-02T02:11:15.0405214Z [=============================          ] 73% Unzipping... tools/lib/commons-log
2025-11-02T02:11:15.0470030Z [=============================          ] 73% Unzipping... tools/lib/protobuf-ja
2025-11-02T02:11:15.0475579Z [=============================          ] 73% Unzipping... tools/lib/fakeadbserv
2025-11-02T02:11:15.0628687Z [=============================          ] 73% Unzipping... tools/lib/bcprov-jdk1
2025-11-02T02:11:15.0629619Z [=============================          ] 73% Unzipping... tools/lib/x86/       
2025-11-02T02:11:15.0696518Z [=============================          ] 73% Unzipping... tools/lib/x86/swt.jar
2025-11-02T02:11:15.0760799Z [=============================          ] 73% Unzipping... tools/lib/kotlin-stdl
2025-11-02T02:11:15.0793572Z [=============================          ] 73% Unzipping... tools/lib/commons-com
2025-11-02T02:11:15.0843721Z [=============================          ] 73% Unzipping... tools/lib/lombok-ast-
2025-11-02T02:11:15.0883353Z [=============================          ] 73% Unzipping... tools/lib/trove4j-201
2025-11-02T02:11:15.1131511Z [=============================          ] 73% Unzipping... tools/lib/intellij-co
2025-11-02T02:11:15.1283911Z [=============================          ] 74% Unzipping... tools/lib/intellij-co
2025-11-02T02:11:15.1297118Z [=============================          ] 74% Unzipping... tools/lib/jimfs-1.1.j
2025-11-02T02:11:15.1300552Z [=============================          ] 74% Unzipping... tools/lib/j2objc-anno
2025-11-02T02:11:15.1305669Z [=============================          ] 74% Unzipping... tools/lib/jfreechart-
2025-11-02T02:11:15.1766116Z [=============================          ] 74% Unzipping... tools/lib/monitor-x86
2025-11-02T02:11:15.2163279Z [=============================          ] 75% Unzipping... tools/lib/monitor-x86
2025-11-02T02:11:15.2537684Z [==============================         ] 75% Unzipping... tools/lib/monitor-x86
2025-11-02T02:11:15.3402012Z [==============================         ] 76% Unzipping... tools/lib/monitor-x86
2025-11-02T02:11:15.4895299Z [==============================         ] 77% Unzipping... tools/lib/monitor-x86
2025-11-02T02:11:15.4900015Z [==============================         ] 77% Unzipping... tools/lib/generator.j
2025-11-02T02:11:15.4902373Z [==============================         ] 77% Unzipping... tools/source.properti
2025-11-02T02:11:15.4903033Z [==============================         ] 77% Unzipping... tools/bin/           
2025-11-02T02:11:15.4905878Z [==============================         ] 77% Unzipping... tools/bin/avdmanager 
2025-11-02T02:11:15.4908178Z [==============================         ] 77% Unzipping... tools/bin/jobb       
2025-11-02T02:11:15.4910849Z [==============================         ] 77% Unzipping... tools/bin/uiautomator
2025-11-02T02:11:15.4915315Z [==============================         ] 77% Unzipping... tools/bin/apkanalyzer
2025-11-02T02:11:15.4917372Z [==============================         ] 77% Unzipping... tools/bin/monkeyrunne
2025-11-02T02:11:15.4919935Z [==============================         ] 77% Unzipping... tools/bin/archquery  
2025-11-02T02:11:15.4924084Z [==============================         ] 77% Unzipping... tools/bin/sdkmanager 
2025-11-02T02:11:15.4925683Z [==============================         ] 77% Unzipping... tools/bin/lint       
2025-11-02T02:11:15.4928077Z [==============================         ] 77% Unzipping... tools/bin/screenshot2
2025-11-02T02:11:15.4954074Z [==============================         ] 77% Unzipping... tools/NOTICE.txt     
2025-11-02T02:11:15.4991286Z [==============================         ] 77% Unzipping... tools/emulator       
2025-11-02T02:11:15.5015805Z [==============================         ] 77% Unzipping... tools/emulator-check 
2025-11-02T02:11:15.5017890Z [==============================         ] 77% Unzipping... tools/monitor        
2025-11-02T02:11:15.5020291Z [==============================         ] 77% Unzipping... tools/android        
2025-11-02T02:11:15.5023635Z [==============================         ] 77% Unzipping... tools/mksdcard       
2025-11-02T02:11:15.5024265Z [==============================         ] 77% Unzipping... tools/support/       
2025-11-02T02:11:15.5030722Z [==============================         ] 77% Unzipping... tools/support/typos-d
2025-11-02T02:11:15.5034448Z [==============================         ] 77% Unzipping... tools/support/typos-e
2025-11-02T02:11:15.5036649Z [==============================         ] 77% Unzipping... tools/support/annotat
2025-11-02T02:11:15.5044855Z [==============================         ] 77% Unzipping... tools/support/typos-e
2025-11-02T02:11:15.5048815Z [==============================         ] 77% Unzipping... tools/support/typos-t
2025-11-02T02:11:15.5053656Z [==============================         ] 77% Unzipping... tools/support/typos-p
2025-11-02T02:11:15.5057237Z [==============================         ] 77% Unzipping... tools/support/typos-i
2025-11-02T02:11:15.5060628Z [==============================         ] 77% Unzipping... tools/support/typos-n
2025-11-02T02:11:15.5064672Z [==============================         ] 77% Unzipping... tools/support/typos-h
2025-11-02T02:11:15.5365481Z [==============================         ] 78% Unzipping... tools/support/typos-h
2025-11-02T02:11:15.5367472Z [=======================================] 100% Unzipping... tools/support/typos-
2025-11-02T02:11:15.5411846Z 
2025-11-02T02:11:15.5662599Z [command]/usr/local/lib/android/sdk/cmdline-tools/16.0/bin/sdkmanager platform-tools
2025-11-02T02:11:16.3776302Z Loading package information...                                                  
2025-11-02T02:11:16.4745014Z Loading local repository...                                                     
2025-11-02T02:11:16.4748000Z [                                       ] 3% Loading local repository...        
2025-11-02T02:11:16.4843848Z [                                       ] 3% Fetch remote repository...         
2025-11-02T02:11:16.8364120Z [=                                      ] 3% Fetch remote repository...         
2025-11-02T02:11:16.8987363Z [=                                      ] 4% Fetch remote repository...         
2025-11-02T02:11:16.9324581Z [=                                      ] 5% Fetch remote repository...         
2025-11-02T02:11:16.9742643Z [==                                     ] 5% Fetch remote repository...         
2025-11-02T02:11:17.0487646Z [==                                     ] 6% Fetch remote repository...         
2025-11-02T02:11:17.1175724Z [==                                     ] 7% Fetch remote repository...         
2025-11-02T02:11:17.1178361Z [==                                     ] 7% Computing updates...               
2025-11-02T02:11:17.1298597Z [===                                    ] 8% Computing updates...               
2025-11-02T02:11:17.1359473Z [===                                    ] 10% Computing updates...              
2025-11-02T02:11:17.1362132Z [=======================================] 100% Computing updates...             
2025-11-02T02:11:17.1367678Z 
2025-11-02T02:11:17.1690903Z ##[group]Run mkdir -p gradle/wrapper
2025-11-02T02:11:17.1691283Z [36;1mmkdir -p gradle/wrapper[0m
2025-11-02T02:11:17.1691911Z [36;1mcurl -L -o gradle/wrapper/gradle-wrapper.jar https://raw.githubusercontent.com/gradle/gradle/master/gradle/wrapper/gradle-wrapper.jar[0m
2025-11-02T02:11:17.1729849Z shell: /usr/bin/bash -e {0}
2025-11-02T02:11:17.1730086Z env:
2025-11-02T02:11:17.1730252Z   CARGO_INCREMENTAL: 0
2025-11-02T02:11:17.1730731Z   RUST_BACKTRACE: short
2025-11-02T02:11:17.1730931Z   HUSKY: 0
2025-11-02T02:11:17.1731205Z   JAVA_HOME: /opt/hostedtoolcache/Java_Temurin-Hotspot_jdk/17.0.17-10/x64
2025-11-02T02:11:17.1731656Z   JAVA_HOME_17_X64: /opt/hostedtoolcache/Java_Temurin-Hotspot_jdk/17.0.17-10/x64
2025-11-02T02:11:17.1732042Z   ANDROID_HOME: /usr/local/lib/android/sdk
2025-11-02T02:11:17.1732307Z   ANDROID_SDK_ROOT: /usr/local/lib/android/sdk
2025-11-02T02:11:17.1732544Z ##[endgroup]
2025-11-02T02:11:17.1890613Z   % Total    % Received % Xferd  Average Speed   Time    Time     Time  Current
2025-11-02T02:11:17.1891464Z                                  Dload  Upload   Total   Spent    Left  Speed
2025-11-02T02:11:17.1891812Z 
2025-11-02T02:11:17.2394513Z   0     0    0     0    0     0      0      0 --:--:-- --:--:-- --:--:--     0
2025-11-02T02:11:17.2448775Z  22 45633   22 10472    0     0   202k      0 --:--:-- --:--:-- --:--:--  200k
2025-11-02T02:11:17.2449598Z 100 45633  100 45633    0     0   795k      0 --:--:-- --:--:-- --:--:--  795k
2025-11-02T02:11:17.2503005Z ##[group]Run chmod +x gradlew
2025-11-02T02:11:17.2503301Z [36;1mchmod +x gradlew[0m
2025-11-02T02:11:17.2537175Z shell: /usr/bin/bash -e {0}
2025-11-02T02:11:17.2537401Z env:
2025-11-02T02:11:17.2537562Z   CARGO_INCREMENTAL: 0
2025-11-02T02:11:17.2537762Z   RUST_BACKTRACE: short
2025-11-02T02:11:17.2537946Z   HUSKY: 0
2025-11-02T02:11:17.2538222Z   JAVA_HOME: /opt/hostedtoolcache/Java_Temurin-Hotspot_jdk/17.0.17-10/x64
2025-11-02T02:11:17.2538671Z   JAVA_HOME_17_X64: /opt/hostedtoolcache/Java_Temurin-Hotspot_jdk/17.0.17-10/x64
2025-11-02T02:11:17.2539024Z   ANDROID_HOME: /usr/local/lib/android/sdk
2025-11-02T02:11:17.2539283Z   ANDROID_SDK_ROOT: /usr/local/lib/android/sdk
2025-11-02T02:11:17.2539516Z ##[endgroup]
2025-11-02T02:11:17.2648458Z ##[group]Run if [ "armv7" == "universal" ]; then
2025-11-02T02:11:17.2648828Z [36;1mif [ "armv7" == "universal" ]; then[0m
2025-11-02T02:11:17.2649083Z [36;1m  ./gradlew assembleRelease[0m
2025-11-02T02:11:17.2649329Z [36;1melif [ "armv7" == "aarch64" ]; then[0m
2025-11-02T02:11:17.2649674Z [36;1m  ./gradlew assembleRelease -Pandroid.injected.build.abi=arm64-v8a[0m
2025-11-02T02:11:17.2650031Z [36;1melif [ "armv7" == "armv7" ]; then[0m
2025-11-02T02:11:17.2650649Z [36;1m  ./gradlew assembleRelease -Pandroid.injected.build.abi=armeabi-v7a[0m
2025-11-02T02:11:17.2651034Z [36;1melif [ "armv7" == "x86_64" ]; then[0m
2025-11-02T02:11:17.2651372Z [36;1m  ./gradlew assembleRelease -Pandroid.injected.build.abi=x86_64[0m
2025-11-02T02:11:17.2651694Z [36;1mfi[0m
2025-11-02T02:11:17.2682528Z shell: /usr/bin/bash -e {0}
2025-11-02T02:11:17.2682753Z env:
2025-11-02T02:11:17.2682928Z   CARGO_INCREMENTAL: 0
2025-11-02T02:11:17.2683122Z   RUST_BACKTRACE: short
2025-11-02T02:11:17.2683336Z   HUSKY: 0
2025-11-02T02:11:17.2683615Z   JAVA_HOME: /opt/hostedtoolcache/Java_Temurin-Hotspot_jdk/17.0.17-10/x64
2025-11-02T02:11:17.2684064Z   JAVA_HOME_17_X64: /opt/hostedtoolcache/Java_Temurin-Hotspot_jdk/17.0.17-10/x64
2025-11-02T02:11:17.2684410Z   ANDROID_HOME: /usr/local/lib/android/sdk
2025-11-02T02:11:17.2684673Z   ANDROID_SDK_ROOT: /usr/local/lib/android/sdk
2025-11-02T02:11:17.2684931Z   NODE_OPTIONS: --max_old_space_size=4096
2025-11-02T02:11:17.2685165Z ##[endgroup]
2025-11-02T02:11:17.3513684Z Downloading https://services.gradle.org/distributions/gradle-8.5-bin.zip
2025-11-02T02:11:18.9444059Z ............10%.............20%............30%.............40%.............50%............60%.............70%.............80%............90%.............100%
2025-11-02T02:11:20.0493801Z 
2025-11-02T02:11:20.0495634Z Welcome to Gradle 8.5!
2025-11-02T02:11:20.0496006Z 
2025-11-02T02:11:20.0497071Z Here are the highlights of this release:
2025-11-02T02:11:20.0501894Z  - Support for running on Java 21
2025-11-02T02:11:20.0504002Z  - Faster first use with Kotlin DSL
2025-11-02T02:11:20.0504638Z  - Improved error and warning messages
2025-11-02T02:11:20.0505403Z 
2025-11-02T02:11:20.0506224Z For more details see https://docs.gradle.org/8.5/release-notes.html
2025-11-02T02:11:20.0506976Z 
2025-11-02T02:11:20.3488230Z Starting a Gradle Daemon (subsequent builds will be faster)
2025-11-02T02:11:23.0493459Z Calculating task graph as no cached configuration is available for tasks: assembleRelease
2025-11-02T02:12:07.3496933Z 
2025-11-02T02:12:07.3514025Z FAILURE: Build failed with an exception.
2025-11-02T02:12:07.3517559Z 
2025-11-02T02:12:07.3517761Z * Where:
2025-11-02T02:12:07.3518743Z Build file '/home/runner/work/shouj/shouj/mobile/build.gradle.kts' line: 16
2025-11-02T02:12:07.3519267Z 
2025-11-02T02:12:07.3519462Z * What went wrong:
2025-11-02T02:12:07.3523336Z Build was configured to prefer settings repositories over project repositories but repository 'Google' was added by build file 'build.gradle.kts'
2025-11-02T02:12:07.3524280Z 
2025-11-02T02:12:07.3524398Z * Try:
2025-11-02T02:12:07.3524819Z > Run with --stacktrace option to get the stack trace.
2025-11-02T02:12:07.3525401Z > Run with --info or --debug option to get more log output.
2025-11-02T02:12:07.3525846Z > Run with --scan to get full insights.
2025-11-02T02:12:07.3526204Z > Get more help at https://help.gradle.org.
2025-11-02T02:12:07.3526399Z 
2025-11-02T02:12:07.3526505Z BUILD FAILED in 49s
2025-11-02T02:12:07.3526900Z Configuration cache entry stored.
2025-11-02T02:12:07.8189439Z ##[error]Process completed with exit code 1.
2025-11-02T02:12:07.8269378Z Post job cleanup.
2025-11-02T02:12:08.0056852Z Post job cleanup.
2025-11-02T02:12:08.1015811Z [command]/usr/bin/git version
2025-11-02T02:12:08.1055555Z git version 2.51.2
2025-11-02T02:12:08.1100020Z Temporarily overriding HOME='/home/runner/work/_temp/61fd1b6d-28e7-4e41-b47f-4e981431754c' before making global git config changes
2025-11-02T02:12:08.1102294Z Adding repository directory to the temporary git global config as a safe directory
2025-11-02T02:12:08.1114729Z [command]/usr/bin/git config --global --add safe.directory /home/runner/work/shouj/shouj
2025-11-02T02:12:08.1151971Z [command]/usr/bin/git config --local --name-only --get-regexp core\.sshCommand
2025-11-02T02:12:08.1189121Z [command]/usr/bin/git submodule foreach --recursive sh -c "git config --local --name-only --get-regexp 'core\.sshCommand' && git config --local --unset-all 'core.sshCommand' || :"
2025-11-02T02:12:08.1460088Z [command]/usr/bin/git config --local --name-only --get-regexp http\.https\:\/\/github\.com\/\.extraheader
2025-11-02T02:12:08.1486259Z http.https://github.com/.extraheader
2025-11-02T02:12:08.1503762Z [command]/usr/bin/git config --local --unset-all http.https://github.com/.extraheader
2025-11-02T02:12:08.1539202Z [command]/usr/bin/git submodule foreach --recursive sh -c "git config --local --name-only --get-regexp 'http\.https\:\/\/github\.com\/\.extraheader' && git config --local --unset-all 'http.https://github.com/.extraheader' || :"
2025-11-02T02:12:08.1907382Z Cleaning up orphan processes
2025-11-02T02:12:08.2278278Z Terminate orphan process: pid (2375) (java)
