2025-11-02T02:10:33.2012781Z Current runner version: '2.329.0'
2025-11-02T02:10:33.2037560Z ##[group]Runner Image Provisioner
2025-11-02T02:10:33.2038347Z Hosted Compute Agent
2025-11-02T02:10:33.2038853Z Version: 20251016.436
2025-11-02T02:10:33.2039531Z Commit: 8ab8ac8bfd662a3739dab9fe09456aba92132568
2025-11-02T02:10:33.2040210Z Build Date: 2025-10-15T20:44:12Z
2025-11-02T02:10:33.2040788Z ##[endgroup]
2025-11-02T02:10:33.2041294Z ##[group]Operating System
2025-11-02T02:10:33.2041976Z Ubuntu
2025-11-02T02:10:33.2042419Z 24.04.3
2025-11-02T02:10:33.2042879Z LTS
2025-11-02T02:10:33.2043398Z ##[endgroup]
2025-11-02T02:10:33.2043849Z ##[group]Runner Image
2025-11-02T02:10:33.2044603Z Image: ubuntu-24.04
2025-11-02T02:10:33.2045327Z Version: 20251030.96.2
2025-11-02T02:10:33.2046349Z Included Software: https://github.com/actions/runner-images/blob/ubuntu24/20251030.96/images/ubuntu/Ubuntu2404-Readme.md
2025-11-02T02:10:33.2047940Z Image Release: https://github.com/actions/runner-images/releases/tag/ubuntu24%2F20251030.96
2025-11-02T02:10:33.2048902Z ##[endgroup]
2025-11-02T02:10:33.2051344Z ##[group]GITHUB_TOKEN Permissions
2025-11-02T02:10:33.2053564Z Actions: write
2025-11-02T02:10:33.2054068Z Attestations: write
2025-11-02T02:10:33.2054933Z Checks: write
2025-11-02T02:10:33.2055387Z Contents: write
2025-11-02T02:10:33.2055879Z Deployments: write
2025-11-02T02:10:33.2056432Z Discussions: write
2025-11-02T02:10:33.2056972Z Issues: write
2025-11-02T02:10:33.2057438Z Metadata: read
2025-11-02T02:10:33.2058020Z Models: read
2025-11-02T02:10:33.2058525Z Packages: write
2025-11-02T02:10:33.2059370Z Pages: write
2025-11-02T02:10:33.2059984Z PullRequests: write
2025-11-02T02:10:33.2060510Z RepositoryProjects: write
2025-11-02T02:10:33.2061072Z SecurityEvents: write
2025-11-02T02:10:33.2061738Z Statuses: write
2025-11-02T02:10:33.2062240Z ##[endgroup]
2025-11-02T02:10:33.2064300Z Secret source: Actions
2025-11-02T02:10:33.2065626Z Prepare workflow directory
2025-11-02T02:10:33.2439888Z Prepare all required actions
2025-11-02T02:10:33.2477383Z Getting action download info
2025-11-02T02:10:33.5617498Z Download action repository 'actions/checkout@v4' (SHA:08eba0b27e820071cde6df949e0beb9ba4906955)
2025-11-02T02:10:33.7279114Z Download action repository 'actions/setup-java@v4' (SHA:c5195efecf7bdfc987ee8bae7a71cb8b11521c00)
2025-11-02T02:10:34.0063493Z Download action repository 'android-actions/setup-android@v3' (SHA:9fc6c4e9069bf8d3d10b2204b1fb8f6ef7065407)
2025-11-02T02:10:34.2003038Z Download action repository 'actions/upload-artifact@v4' (SHA:ea165f8d65b6e75b540449e92b4886f43607fa02)
2025-11-02T02:10:34.3982503Z Complete job name: Build Android APK (universal)
2025-11-02T02:10:34.4705737Z ##[group]Run actions/checkout@v4
2025-11-02T02:10:34.4706737Z with:
2025-11-02T02:10:34.4707222Z   fetch-depth: 0
2025-11-02T02:10:34.4707739Z   repository: xiehaibo11/shouj
2025-11-02T02:10:34.4708490Z   token: ***
2025-11-02T02:10:34.4708972Z   ssh-strict: true
2025-11-02T02:10:34.4709485Z   ssh-user: git
2025-11-02T02:10:34.4709966Z   persist-credentials: true
2025-11-02T02:10:34.4710510Z   clean: true
2025-11-02T02:10:34.4710970Z   sparse-checkout-cone-mode: true
2025-11-02T02:10:34.4711528Z   fetch-tags: false
2025-11-02T02:10:34.4711991Z   show-progress: true
2025-11-02T02:10:34.4712468Z   lfs: false
2025-11-02T02:10:34.4712926Z   submodules: false
2025-11-02T02:10:34.4713394Z   set-safe-directory: true
2025-11-02T02:10:34.4714119Z env:
2025-11-02T02:10:34.4714700Z   CARGO_INCREMENTAL: 0
2025-11-02T02:10:34.4715196Z   RUST_BACKTRACE: short
2025-11-02T02:10:34.4715661Z   HUSKY: 0
2025-11-02T02:10:34.4716076Z ##[endgroup]
2025-11-02T02:10:34.5790959Z Syncing repository: xiehaibo11/shouj
2025-11-02T02:10:34.5793222Z ##[group]Getting Git version info
2025-11-02T02:10:34.5794002Z Working directory is '/home/runner/work/shouj/shouj'
2025-11-02T02:10:34.5795213Z [command]/usr/bin/git version
2025-11-02T02:10:34.5891665Z git version 2.51.2
2025-11-02T02:10:34.5918154Z ##[endgroup]
2025-11-02T02:10:34.5939896Z Temporarily overriding HOME='/home/runner/work/_temp/feb3fbf8-f6eb-421b-97e9-bab5d632db09' before making global git config changes
2025-11-02T02:10:34.5945014Z Adding repository directory to the temporary git global config as a safe directory
2025-11-02T02:10:34.5946249Z [command]/usr/bin/git config --global --add safe.directory /home/runner/work/shouj/shouj
2025-11-02T02:10:34.5983354Z Deleting the contents of '/home/runner/work/shouj/shouj'
2025-11-02T02:10:34.5987709Z ##[group]Initializing the repository
2025-11-02T02:10:34.5991373Z [command]/usr/bin/git init /home/runner/work/shouj/shouj
2025-11-02T02:10:34.6120821Z hint: Using 'master' as the name for the initial branch. This default branch name
2025-11-02T02:10:34.6122073Z hint: is subject to change. To configure the initial branch name to use in all
2025-11-02T02:10:34.6123108Z hint: of your new repositories, which will suppress this warning, call:
2025-11-02T02:10:34.6123862Z hint:
2025-11-02T02:10:34.6124853Z hint: 	git config --global init.defaultBranch <name>
2025-11-02T02:10:34.6125878Z hint:
2025-11-02T02:10:34.6126557Z hint: Names commonly chosen instead of 'master' are 'main', 'trunk' and
2025-11-02T02:10:34.6127566Z hint: 'development'. The just-created branch can be renamed via this command:
2025-11-02T02:10:34.6128334Z hint:
2025-11-02T02:10:34.6128783Z hint: 	git branch -m <name>
2025-11-02T02:10:34.6129277Z hint:
2025-11-02T02:10:34.6129927Z hint: Disable this message with "git config set advice.defaultBranchName false"
2025-11-02T02:10:34.6131238Z Initialized empty Git repository in /home/runner/work/shouj/shouj/.git/
2025-11-02T02:10:34.6136915Z [command]/usr/bin/git remote add origin https://github.com/xiehaibo11/shouj
2025-11-02T02:10:34.6175659Z ##[endgroup]
2025-11-02T02:10:34.6177190Z ##[group]Disabling automatic garbage collection
2025-11-02T02:10:34.6178402Z [command]/usr/bin/git config --local gc.auto 0
2025-11-02T02:10:34.6205786Z ##[endgroup]
2025-11-02T02:10:34.6207290Z ##[group]Setting up auth
2025-11-02T02:10:34.6213562Z [command]/usr/bin/git config --local --name-only --get-regexp core\.sshCommand
2025-11-02T02:10:34.6245089Z [command]/usr/bin/git submodule foreach --recursive sh -c "git config --local --name-only --get-regexp 'core\.sshCommand' && git config --local --unset-all 'core.sshCommand' || :"
2025-11-02T02:10:34.6603788Z [command]/usr/bin/git config --local --name-only --get-regexp http\.https\:\/\/github\.com\/\.extraheader
2025-11-02T02:10:34.6633233Z [command]/usr/bin/git submodule foreach --recursive sh -c "git config --local --name-only --get-regexp 'http\.https\:\/\/github\.com\/\.extraheader' && git config --local --unset-all 'http.https://github.com/.extraheader' || :"
2025-11-02T02:10:34.6858272Z [command]/usr/bin/git config --local http.https://github.com/.extraheader AUTHORIZATION: basic ***
2025-11-02T02:10:34.6900918Z ##[endgroup]
2025-11-02T02:10:34.6901760Z ##[group]Fetching the repository
2025-11-02T02:10:34.6910648Z [command]/usr/bin/git -c protocol.version=2 fetch --prune --no-recurse-submodules origin +refs/heads/*:refs/remotes/origin/* +refs/tags/*:refs/tags/*
2025-11-02T02:10:36.8188721Z From https://github.com/xiehaibo11/shouj
2025-11-02T02:10:36.8190669Z  * [new branch]        main       -> origin/main
2025-11-02T02:10:36.8191149Z  * [new branch]        mobile-app -> origin/mobile-app
2025-11-02T02:10:36.8191551Z  * [new tag]           autobuild  -> autobuild
2025-11-02T02:10:36.8233513Z [command]/usr/bin/git branch --list --remote origin/main
2025-11-02T02:10:36.8256187Z   origin/main
2025-11-02T02:10:36.8265450Z [command]/usr/bin/git rev-parse refs/remotes/origin/main
2025-11-02T02:10:36.8285651Z a5dd40f2a282ae3df8a4539caf543fe109c9809c
2025-11-02T02:10:36.8291080Z ##[endgroup]
2025-11-02T02:10:36.8291921Z ##[group]Determining the checkout info
2025-11-02T02:10:36.8293114Z ##[endgroup]
2025-11-02T02:10:36.8296527Z [command]/usr/bin/git sparse-checkout disable
2025-11-02T02:10:36.8333814Z [command]/usr/bin/git config --local --unset-all extensions.worktreeConfig
2025-11-02T02:10:36.8358607Z ##[group]Checking out the ref
2025-11-02T02:10:36.8362227Z [command]/usr/bin/git checkout --progress --force -B main refs/remotes/origin/main
2025-11-02T02:10:36.9728781Z Switched to a new branch 'main'
2025-11-02T02:10:36.9729644Z branch 'main' set up to track 'origin/main'.
2025-11-02T02:10:36.9743403Z ##[endgroup]
2025-11-02T02:10:36.9780512Z [command]/usr/bin/git log -1 --format=%H
2025-11-02T02:10:36.9801770Z a5dd40f2a282ae3df8a4539caf543fe109c9809c
2025-11-02T02:10:37.0055118Z ##[group]Run actions/setup-java@v4
2025-11-02T02:10:37.0055581Z with:
2025-11-02T02:10:37.0056008Z   distribution: temurin
2025-11-02T02:10:37.0056418Z   java-version: 17
2025-11-02T02:10:37.0056743Z   cache: gradle
2025-11-02T02:10:37.0057175Z   java-package: jdk
2025-11-02T02:10:37.0057528Z   check-latest: false
2025-11-02T02:10:37.0057896Z   server-id: github
2025-11-02T02:10:37.0058233Z   server-username: GITHUB_ACTOR
2025-11-02T02:10:37.0058752Z   server-password: GITHUB_TOKEN
2025-11-02T02:10:37.0059172Z   overwrite-settings: true
2025-11-02T02:10:37.0059583Z   job-status: success
2025-11-02T02:10:37.0060255Z   token: ***
2025-11-02T02:10:37.0060569Z env:
2025-11-02T02:10:37.0060891Z   CARGO_INCREMENTAL: 0
2025-11-02T02:10:37.0061306Z   RUST_BACKTRACE: short
2025-11-02T02:10:37.0061675Z   HUSKY: 0
2025-11-02T02:10:37.0062001Z ##[endgroup]
2025-11-02T02:10:37.2018645Z ##[group]Installed distributions
2025-11-02T02:10:37.2919339Z Resolved Java 17.0.17+10 from tool-cache
2025-11-02T02:10:37.2920532Z Setting Java 17.0.17+10 as the default
2025-11-02T02:10:37.2934126Z Creating toolchains.xml for JDK version 17 from temurin
2025-11-02T02:10:37.3011180Z Writing to /home/runner/.m2/toolchains.xml
2025-11-02T02:10:37.3011615Z 
2025-11-02T02:10:37.3011904Z Java configuration:
2025-11-02T02:10:37.3012838Z   Distribution: temurin
2025-11-02T02:10:37.3013376Z   Version: 17.0.17+10
2025-11-02T02:10:37.3014785Z   Path: /opt/hostedtoolcache/Java_Temurin-Hotspot_jdk/17.0.17-10/x64
2025-11-02T02:10:37.3015396Z 
2025-11-02T02:10:37.3016074Z ##[endgroup]
2025-11-02T02:10:37.3037892Z Creating settings.xml with server-id: github
2025-11-02T02:10:37.3040753Z Writing to /home/runner/.m2/settings.xml
2025-11-02T02:10:37.4996876Z gradle cache is not found
2025-11-02T02:10:37.5123725Z ##[group]Run android-actions/setup-android@v3
2025-11-02T02:10:37.5124021Z with:
2025-11-02T02:10:37.5124201Z   cmdline-tools-version: 12266719
2025-11-02T02:10:37.5124928Z   accept-android-sdk-licenses: true
2025-11-02T02:10:37.5125385Z   log-accepted-android-sdk-licenses: true
2025-11-02T02:10:37.5125815Z   packages: tools platform-tools
2025-11-02T02:10:37.5126167Z env:
2025-11-02T02:10:37.5126418Z   CARGO_INCREMENTAL: 0
2025-11-02T02:10:37.5126733Z   RUST_BACKTRACE: short
2025-11-02T02:10:37.5127024Z   HUSKY: 0
2025-11-02T02:10:37.5127467Z   JAVA_HOME: /opt/hostedtoolcache/Java_Temurin-Hotspot_jdk/17.0.17-10/x64
2025-11-02T02:10:37.5128210Z   JAVA_HOME_17_X64: /opt/hostedtoolcache/Java_Temurin-Hotspot_jdk/17.0.17-10/x64
2025-11-02T02:10:37.5128615Z ##[endgroup]
2025-11-02T02:10:37.6636207Z Found preinstalled sdkmanager in /usr/local/lib/android/sdk/cmdline-tools/latest with following source.properties:
2025-11-02T02:10:37.6638530Z Pkg.Revision=12.0
2025-11-02T02:10:37.6639014Z Pkg.Path=cmdline-tools;12.0
2025-11-02T02:10:37.6639461Z Pkg.Desc=Android SDK Command-line Tools
2025-11-02T02:10:37.6639803Z 
2025-11-02T02:10:37.6639991Z Wrong version in preinstalled sdkmanager
2025-11-02T02:10:37.6641019Z Downloading commandline tools from https://dl.google.com/android/repository/commandlinetools-linux-12266719_latest.zip
2025-11-02T02:10:38.6163895Z [command]/usr/bin/unzip -o -q /home/runner/work/_temp/fcdfde85-21b3-4fbd-bc10-6b8e8e71b4d8
2025-11-02T02:10:39.4434029Z Accepting Android SDK licenses
2025-11-02T02:10:39.4440649Z [command]/usr/local/lib/android/sdk/cmdline-tools/16.0/bin/sdkmanager --licenses
2025-11-02T02:10:48.7290279Z Loading local repository...                                                     
2025-11-02T02:10:48.7291089Z [=========                              ] 25% Loading local repository...       
2025-11-02T02:10:51.2069324Z [=========                              ] 25% Fetch remote repository...        
2025-11-02T02:10:51.6400089Z [==========                             ] 26% Fetch remote repository...        
2025-11-02T02:10:51.6404397Z [============                           ] 31% Fetch remote repository...        
2025-11-02T02:10:51.6690924Z [============                           ] 32% Fetch remote repository...        
2025-11-02T02:10:51.6696435Z [=============                          ] 33% Fetch remote repository...        
2025-11-02T02:10:51.7019874Z [=============                          ] 35% Fetch remote repository...        
2025-11-02T02:10:51.7029117Z [==============                         ] 36% Fetch remote repository...        
2025-11-02T02:10:51.7214403Z [==============                         ] 37% Fetch remote repository...        
2025-11-02T02:10:51.7215244Z [===============                        ] 38% Fetch remote repository...        
2025-11-02T02:10:51.7392208Z [===============                        ] 39% Fetch remote repository...        
2025-11-02T02:10:51.7401772Z [================                       ] 40% Fetch remote repository...        
2025-11-02T02:10:51.7546157Z [================                       ] 41% Fetch remote repository...        
2025-11-02T02:10:51.7547755Z [================                       ] 42% Fetch remote repository...        
2025-11-02T02:10:51.7655216Z [=================                      ] 44% Fetch remote repository...        
2025-11-02T02:10:51.7656164Z [=================                      ] 45% Fetch remote repository...        
2025-11-02T02:10:51.7793798Z [==================                     ] 46% Fetch remote repository...        
2025-11-02T02:10:51.7796260Z [==================                     ] 47% Fetch remote repository...        
2025-11-02T02:10:51.7901371Z [===================                    ] 48% Fetch remote repository...        
2025-11-02T02:10:51.7902270Z [===================                    ] 49% Fetch remote repository...        
2025-11-02T02:10:51.8030055Z [====================                   ] 50% Fetch remote repository...        
2025-11-02T02:10:51.8039389Z [====================                   ] 51% Fetch remote repository...        
2025-11-02T02:10:51.8154253Z [====================                   ] 53% Fetch remote repository...        
2025-11-02T02:10:51.8161858Z [=====================                  ] 54% Fetch remote repository...        
2025-11-02T02:10:51.9017597Z [=====================                  ] 55% Fetch remote repository...        
2025-11-02T02:10:51.9018230Z [======================                 ] 56% Fetch remote repository...        
2025-11-02T02:10:51.9127494Z [======================                 ] 57% Fetch remote repository...        
2025-11-02T02:10:51.9128758Z [=======================                ] 58% Fetch remote repository...        
2025-11-02T02:10:51.9391124Z [=======================                ] 59% Fetch remote repository...        
2025-11-02T02:10:51.9395834Z [========================               ] 60% Fetch remote repository...        
2025-11-02T02:10:51.9517448Z [========================               ] 61% Fetch remote repository...        
2025-11-02T02:10:51.9535537Z [=========================              ] 63% Fetch remote repository...        
2025-11-02T02:10:51.9638037Z [=========================              ] 64% Fetch remote repository...        
2025-11-02T02:10:51.9644948Z [=========================              ] 65% Fetch remote repository...        
2025-11-02T02:10:51.9735500Z [==========================             ] 66% Fetch remote repository...        
2025-11-02T02:10:51.9738149Z [==========================             ] 67% Fetch remote repository...        
2025-11-02T02:10:51.9950709Z [===========================            ] 68% Fetch remote repository...        
2025-11-02T02:10:51.9953286Z [===========================            ] 69% Fetch remote repository...        
2025-11-02T02:10:52.0102966Z [============================           ] 70% Fetch remote repository...        
2025-11-02T02:10:52.0106231Z [============================           ] 72% Fetch remote repository...        
2025-11-02T02:10:52.0601180Z [=============================          ] 73% Fetch remote repository...        
2025-11-02T02:10:52.0604043Z [=============================          ] 74% Fetch remote repository...        
2025-11-02T02:10:52.0727397Z [=============================          ] 75% Fetch remote repository...        
2025-11-02T02:10:52.0826889Z [=============================          ] 75% Computing updates...              
2025-11-02T02:10:52.0827792Z [=======================================] 100% Computing updates...             
2025-11-02T02:10:52.1324165Z 6 of 7 SDK package licenses not accepted.
2025-11-02T02:10:52.1329263Z Review licenses that have not been accepted (y/N)? 
2025-11-02T02:10:52.1332583Z 1/6: License android-googletv-license:
2025-11-02T02:10:52.1333876Z ---------------------------------------
2025-11-02T02:10:52.1339948Z Terms and Conditions
2025-11-02T02:10:52.1340763Z 
2025-11-02T02:10:52.1341278Z This is the Google TV Add-on for the Android Software Development Kit License Agreement.
2025-11-02T02:10:52.1342117Z 
2025-11-02T02:10:52.1353514Z 1. Introduction
2025-11-02T02:10:52.1353722Z 
2025-11-02T02:10:52.1356053Z 1.1 The Google TV Add-on for the Android Software Development Kit (referred to in this License Agreement as the "Google TV Add-on" and specifically including the Android system files, packaged APIs, and Google APIs add-ons) is licensed to you subject to the terms of this License Agreement. This License Agreement forms a legally binding contract between you and Google in relation to your use of the Google TV Add-on.
2025-11-02T02:10:52.1358319Z 
2025-11-02T02:10:52.1359065Z 1.2 "Google" means Google Inc., a Delaware corporation with principal place of business at 1600 Amphitheatre Parkway, Mountain View, CA 94043, United States.
2025-11-02T02:10:52.1359960Z 
2025-11-02T02:10:52.1360108Z 2. Accepting this License Agreement
2025-11-02T02:10:52.1360396Z 
2025-11-02T02:10:52.1361440Z 2.1 In order to use the Google TV Add-on, you must first agree to this License Agreement. You may not use the Google TV Add-on if you do not accept this License Agreement.
2025-11-02T02:10:52.1362336Z 
2025-11-02T02:10:52.1362509Z 2.2 You can accept this License Agreement by:
2025-11-02T02:10:52.1362829Z 
2025-11-02T02:10:52.1363292Z (A) clicking to accept or agree to this License Agreement, where this option is made available to you; or
2025-11-02T02:10:52.1363886Z 
2025-11-02T02:10:52.1364800Z (B) by actually using the Google TV Add-on. In this case, you agree that use of the Google TV Add-on constitutes acceptance of the License Agreement from that point onwards.
2025-11-02T02:10:52.1365727Z 
2025-11-02T02:10:52.1367084Z 2.3 You may not use the Google TV Add-on and may not accept the Licensing Agreement if you are a person barred from receiving the Google TV Add-on under the laws of the United States or other countries including the country in which you are resident or from which you use the Google TV Add-on.
2025-11-02T02:10:52.1368700Z 
2025-11-02T02:10:52.1370622Z 2.4 If you are agreeing to be bound by this License Agreement on behalf of your employer or other entity, you represent and warrant that you have full legal authority to bind your employer or such entity to this License Agreement. If you do not have the requisite authority, you may not accept the Licensing Agreement or use the Google TV Add-on on behalf of your employer or other entity.
2025-11-02T02:10:52.1372691Z 
2025-11-02T02:10:52.1372872Z 3. Google TV Add-on License from Google
2025-11-02T02:10:52.1373169Z 
2025-11-02T02:10:52.1374322Z 3.1 Subject to the terms of this License Agreement, Google grants you a limited, worldwide, royalty-free, non- assignable and non-exclusive license to use the Google TV Add-on solely to develop applications to run on the Google TV platform.
2025-11-02T02:10:52.1375833Z 
2025-11-02T02:10:52.1377980Z 3.2 You agree that Google or third parties own all legal right, title and interest in and to the Google TV Add-on, including any Intellectual Property Rights that subsist in the Google TV Add-on. "Intellectual Property Rights" means any and all rights under patent law, copyright law, trade secret law, trademark law, and any and all other proprietary rights. Google reserves all rights not expressly granted to you.
2025-11-02T02:10:52.1380408Z 
2025-11-02T02:10:52.1383544Z 3.3 Except to the extent required by applicable third party licenses, you may not copy (except for backup purposes), modify, adapt, redistribute, decompile, reverse engineer, disassemble, or create derivative works of the Google TV Add-on or any part of the Google TV Add-on. Except to the extent required by applicable third party licenses, you may not load any part of the Google TV Add-on onto a mobile handset, television, or any other hardware device except a personal computer, combine any part of the Google TV Add-on with other software, or distribute any software or device incorporating a part of the Google TV Add-on.
2025-11-02T02:10:52.1386979Z 
2025-11-02T02:10:52.1388132Z 3.4 Use, reproduction and distribution of components of the Google TV Add-on licensed under an open source software license are governed solely by the terms of that open source software license and not this License Agreement.
2025-11-02T02:10:52.1389444Z 
2025-11-02T02:10:52.1391924Z 3.5 You agree that the form and nature of the Google TV Add-on that Google provides may change without prior notice to you and that future versions of the Google TV Add-on may be incompatible with applications developed on previous versions of the Google TV Add-on. You agree that Google may stop (permanently or temporarily) providing the Google TV Add-on (or any features within the Google TV Add-on) to you or to users generally at Google's sole discretion, without prior notice to you.
2025-11-02T02:10:52.1394722Z 
2025-11-02T02:10:52.1396495Z 3.6 Nothing in this License Agreement gives you a right to use any of Google's or it’s licensors’ trade names, trademarks, service marks, logos, domain names, or other distinctive brand features.
2025-11-02T02:10:52.1397890Z 
2025-11-02T02:10:52.1398877Z 3.7 You agree that you will not remove, obscure, or alter any proprietary rights notices (including copyright and trademark notices) that may be affixed to or contained within the Google TV Add-on.
2025-11-02T02:10:52.1400040Z 
2025-11-02T02:10:52.1400207Z 4. Use of the Google TV Add-on by You
2025-11-02T02:10:52.1400493Z 
2025-11-02T02:10:52.1401898Z 4.1 Google agrees that it obtains no right, title or interest from you (or your licensors) under this License Agreement in or to any software applications that you develop using the Google TV Add-on, including any intellectual property rights that subsist in those applications.
2025-11-02T02:10:52.1403494Z 
2025-11-02T02:10:52.1405641Z 4.2 You agree to use the Google TV Add-on and write applications only for purposes that are permitted by (a) this License Agreement and (b) any applicable law, regulation or generally accepted practices or guidelines in the relevant jurisdictions (including any laws regarding the export of data or software to and from the United States or other relevant countries).
2025-11-02T02:10:52.1407648Z 
2025-11-02T02:10:52.1411770Z 4.3 You agree that if you use the Google TV Add-on to develop applications for general public users, you will protect the privacy and legal rights of those users. If the users provide you with user names, passwords, or other login information or personal information, your must make the users aware that the information will be available to your application, and you must provide legally adequate privacy notice and protection for those users. If your application stores personal or sensitive information provided by users, it must do so securely. If the user provides your application with Google Account information, your application may only use that information to access the user's Google Account when, and for the limited purposes for which, the user has given you explicit permission to do so.
2025-11-02T02:10:52.1416321Z 
2025-11-02T02:10:52.1418445Z 4.4 You agree that you will not engage in any activity with the Google TV Add-on, including the development or distribution of an application, that interferes with, disrupts, damages, or accesses in an unauthorized manner the servers, networks, or other properties or services of any third party including, but not limited to, Google, Multichannel Video Program Distributors or any mobile communications carrier.
2025-11-02T02:10:52.1420738Z 
2025-11-02T02:10:52.1422614Z 4.5 You agree that you are solely responsible for (and that Google has no responsibility to you or to any third party for) any data, content, or resources that you create, transmit or display through the Google TV platform and/or applications for the Google TV platform, and for the consequences of your actions (including any loss or damage which Google may suffer) by doing so.
2025-11-02T02:10:52.1424784Z 
2025-11-02T02:10:52.1426821Z 4.6 You agree that you are solely responsible for (and that Google has no responsibility to you or to any third party for) any breach of your obligations under this License Agreement, any applicable third party contract or Terms of Service, or any applicable law or regulation, and for the consequences (including any loss or damage which Google or any third party may suffer) of any such breach.
2025-11-02T02:10:52.1429064Z 
2025-11-02T02:10:52.1429230Z 5. Your Developer Credentials
2025-11-02T02:10:52.1429506Z 
2025-11-02T02:10:52.1430958Z 5.1 You agree that you are responsible for maintaining the confidentiality of any developer credentials that may be issued to you by Google or which you may choose yourself and that you will be solely responsible for all applications that are developed under your developer credentials.
2025-11-02T02:10:52.1432590Z 
2025-11-02T02:10:52.1432766Z 6. Privacy and Information
2025-11-02T02:10:52.1433028Z 
2025-11-02T02:10:52.1436031Z 6.1 In order to continually innovate and improve the Google TV Add-on, Google may collect certain usage statistics from the software including but not limited to a unique identifier, associated IP address, version number of the software, and information on which tools and/or services in the Google TV Add-on are being used and how they are being used. Before any of this information is collected, the Google TV Add-on will notify you and seek your consent. If you withhold consent, the information will not be collected.
2025-11-02T02:10:52.1438799Z 
2025-11-02T02:10:52.1439476Z 6.2 The data collected is examined in the aggregate to improve the Google TV Add-on and is maintained in accordance with Google's Privacy Policy.
2025-11-02T02:10:52.1440295Z 
2025-11-02T02:10:52.1440507Z 7. Third Party Applications for the Google TV Platform
2025-11-02T02:10:52.1440862Z 
2025-11-02T02:10:52.1443944Z 7.1 If you use the Google TV Add-on to run applications developed by a third party or that access data, content or resources provided by a third party, you agree that Google is not responsible for those applications, data, content, or resources. You understand that all data, content or resources which you may access through such third party applications are the sole responsibility of the person from which they originated and that Google is not liable for any loss or damage that you may experience as a result of the use or access of any of those third party applications, data, content, or resources.
2025-11-02T02:10:52.1447398Z 
2025-11-02T02:10:52.1449894Z 7.2 You should be aware the data, content, and resources presented to you through such a third party application may be protected by intellectual property rights which are owned by the providers (or by other persons or companies on their behalf). You may not modify, rent, lease, loan, sell, distribute or create derivative works based on these data, content, or resources (either in whole or in part) unless you have been specifically given permission to do so by the relevant owners.
2025-11-02T02:10:52.1452536Z 
2025-11-02T02:10:52.1453978Z 7.3 You acknowledge that your use of such third party applications, data, content, or resources may be subject to separate terms between you and the relevant third party. In that case, this License Agreement does not affect your legal relationship with these third parties.
2025-11-02T02:10:52.1455992Z 
2025-11-02T02:10:52.1456133Z 8. Using Google TV APIs
2025-11-02T02:10:52.1456356Z 
2025-11-02T02:10:52.1460497Z 8.1 If you use any Google TV API to retrieve data from Google, you acknowledge that the data (“Google TV API Content”) may be protected by intellectual property rights which are owned by Google or those parties that provide the data (or by other persons or companies on their behalf). Your use of any such API may be subject to additional Terms of Service. You may not modify, rent, lease, loan, sell, distribute or create derivative works based on this data (either in whole or in part) unless allowed by the relevant Terms of Service. Some portions of the Google TV API Content are licensed to Google by third parties, including but not limited to Tribune Media Services
2025-11-02T02:10:52.1463945Z 
2025-11-02T02:10:52.1465252Z 8.2 If you use any API to retrieve a user's data from Google, you acknowledge and agree that you shall retrieve data only with the user's explicit consent and only when, and for the limited purposes for which, the user has given you permission to do so.
2025-11-02T02:10:52.1466579Z 
2025-11-02T02:10:52.1467009Z 8.3 Except as explicitly permitted in Section 3 (Google TV Add-on License from Google), you must:
2025-11-02T02:10:52.1467589Z 
2025-11-02T02:10:52.1468466Z (a) not modify nor format the Google TV API Content except to the extent reasonably and technically necessary to optimize the display such Google TV API Content in your application;
2025-11-02T02:10:52.1469485Z 
2025-11-02T02:10:52.1470455Z (b) not edit the Google TV API Content in a manner that renders the Google TV API Content inaccurate of alters its inherent meaning (provided that displaying excerpts will not violate the foregoing); or
2025-11-02T02:10:52.1471614Z 
2025-11-02T02:10:52.1472320Z (c) not create any commercial audience measurement tool or service using the Google TV API Content
2025-11-02T02:10:52.1472991Z 
2025-11-02T02:10:52.1473170Z 9. Terminating this License Agreement
2025-11-02T02:10:52.1473488Z 
2025-11-02T02:10:52.1473999Z 9.1 This License Agreement will continue to apply until terminated by either you or Google as set out below.
2025-11-02T02:10:52.1474865Z 
2025-11-02T02:10:52.1475552Z 9.2 If you want to terminate this License Agreement, you may do so by ceasing your use of the Google TV Add-on and any relevant developer credentials.
2025-11-02T02:10:52.1476415Z 
2025-11-02T02:10:52.1476728Z 9.3 Google may at any time, terminate this License Agreement with you if:
2025-11-02T02:10:52.1477288Z 
2025-11-02T02:10:52.1477575Z (A) you have breached any provision of this License Agreement; or
2025-11-02T02:10:52.1478036Z 
2025-11-02T02:10:52.1478215Z (B) Google is required to do so by law; or
2025-11-02T02:10:52.1478560Z 
2025-11-02T02:10:52.1479575Z (C) the partner with whom Google offered certain parts of Google TV Add-on (such as APIs) to you has terminated its relationship with Google or ceased to offer certain parts of the Google TV Add-on to you; or
2025-11-02T02:10:52.1480765Z 
2025-11-02T02:10:52.1482348Z (D) Google decides to no longer providing the Google TV Add-on or certain parts of the Google TV Add-on to users in the country in which you are resident or from which you use the service, or the provision of the Google TV Add-on or certain Google TV Add-on services to you by Google is, in Google's sole discretion, no longer commercially viable.
2025-11-02T02:10:52.1484129Z 
2025-11-02T02:10:52.1486580Z 9.4 When this License Agreement comes to an end, all of the legal rights, obligations and liabilities that you and Google have benefited from, been subject to (or which have accrued over time whilst this License Agreement has been in force) or which are expressed to continue indefinitely, shall be unaffected by this cessation, and the provisions of paragraph 14.7 shall continue to apply to such rights, obligations and liabilities indefinitely.
2025-11-02T02:10:52.1489267Z 
2025-11-02T02:10:52.1489439Z 10. DISCLAIMER OF WARRANTIES
2025-11-02T02:10:52.1489705Z 
2025-11-02T02:10:52.1490633Z 10.1 YOU EXPRESSLY UNDERSTAND AND AGREE THAT YOUR USE OF THE GOOGLE TV ADD-ON IS AT YOUR SOLE RISK AND THAT THE GOOGLE TV ADD-ON IS PROVIDED "AS IS" AND "AS AVAILABLE" WITHOUT WARRANTY OF ANY KIND FROM GOOGLE.
2025-11-02T02:10:52.1491755Z 
2025-11-02T02:10:52.1493133Z 10.2 YOUR USE OF THE GOOGLE TV ADD-ON AND ANY MATERIAL DOWNLOADED OR OTHERWISE OBTAINED THROUGH THE USE OF THE GOOGLE TV ADD-ON IS AT YOUR OWN DISCRETION AND RISK AND YOU ARE SOLELY RESPONSIBLE FOR ANY DAMAGE TO YOUR COMPUTER SYSTEM OR OTHER DEVICE OR LOSS OF DATA THAT RESULTS FROM SUCH USE.
2025-11-02T02:10:52.1494852Z 
2025-11-02T02:10:52.1496202Z 10.3 GOOGLE FURTHER EXPRESSLY DISCLAIMS ALL WARRANTIES AND CONDITIONS OF ANY KIND, WHETHER EXPRESS OR IMPLIED, INCLUDING, BUT NOT LIMITED TO THE IMPLIED WARRANTIES AND CONDITIONS OF MERCHANTABILITY, FITNESS FOR A PARTICULAR PURPOSE AND NON-INFRINGEMENT.
2025-11-02T02:10:52.1497726Z 
2025-11-02T02:10:52.1497886Z 11. LIMITATION OF LIABILITY
2025-11-02T02:10:52.1498127Z 
2025-11-02T02:10:52.1500321Z 11.1 YOU EXPRESSLY UNDERSTAND AND AGREE THAT GOOGLE, ITS SUBSIDIARIES AND AFFILIATES, AND ITS LICENSORS SHALL NOT BE LIABLE TO YOU UNDER ANY THEORY OF LIABILITY FOR ANY DIRECT, INDIRECT, INCIDENTAL, SPECIAL CONSEQUENTIAL OR EXEMPLARY DAMAGES THAT MAY BE INCURRED BY YOU, INCLUDING ANY LOSS OF DATA, WHETHER OR NOT GOOGLE OR ITS REPRESENTATIVES HAVE BEEN ADVISED OF OR SHOULD HAVE BEEN AWARE OF THE POSSIBILITY OF ANY SUCH LOSSES ARISING.
2025-11-02T02:10:52.1502647Z 
2025-11-02T02:10:52.1502768Z 12. Indemnification
2025-11-02T02:10:52.1502957Z 
2025-11-02T02:10:52.1507183Z 12.1 To the maximum extent permitted by law, you agree to defend, indemnify and hold harmless Google, its affiliates and their respective directors, officers, employees and agents from and against any and all claims, actions, suits or proceedings, as well as any and all losses, liabilities, damages, costs and expenses (including reasonable attorneys fees) arising out of or accruing from (a) your use of the Google TV Add-on, (b) any application you develop on the Google TV Add-on that infringes any copyright, trademark, trade secret, trade dress, patent or other intellectual property right of any person or defames any person or violates their rights of publicity or privacy, and (c) any non-compliance by you with this License Agreement.
2025-11-02T02:10:52.1511101Z 
2025-11-02T02:10:52.1511247Z 13. Changes to the License Agreement
2025-11-02T02:10:52.1511554Z 
2025-11-02T02:10:52.1512028Z 13.1 Google may make changes to the License Agreement as it distributes new versions of the Google TV Add-on.
2025-11-02T02:10:52.1512644Z 
2025-11-02T02:10:52.1512763Z 14. General Legal Terms
2025-11-02T02:10:52.1512967Z 
2025-11-02T02:10:52.1514808Z 14.1 This License Agreement constitute the whole legal agreement between you and Google and govern your use of the Google TV Add-on (excluding any services which Google may provide to you under a separate written agreement), and completely replace any prior agreements between you and Google in relation to the Google TV Add-on.
2025-11-02T02:10:52.1516658Z 
2025-11-02T02:10:52.1518248Z 14.2 You agree that if Google does not exercise or enforce any legal right or remedy which is contained in this License Agreement (or which Google has the benefit of under any applicable law), this will not be taken to be a formal waiver of Google's rights and that those rights or remedies will still be available to Google.
2025-11-02T02:10:52.1520029Z 
2025-11-02T02:10:52.1521838Z 14.3 If any court of law, having the jurisdiction to decide on this matter, rules that any provision of this License Agreement is invalid, then that provision will be removed from this License Agreement without affecting the rest of this License Agreement. The remaining provisions of this License Agreement will continue to be valid and enforceable.
2025-11-02T02:10:52.1524037Z 
2025-11-02T02:10:52.1527414Z 14.4 You acknowledge and agree that Google’s API data licensors and each member of the group of companies of which Google is the parent shall be third party beneficiaries to this License Agreement and that such other companies shall be entitled to directly enforce, and rely upon, any provision of this License Agreement that confers a benefit on (or rights in favor of) them. Other than this, no other person or company shall be third party beneficiaries to this License Agreement.
2025-11-02T02:10:52.1530065Z 
2025-11-02T02:10:52.1531569Z 14.5 EXPORT RESTRICTIONS. THE GOOGLE TV ADD-ON IS SUBJECT TO UNITED STATES EXPORT LAWS AND REGULATIONS. YOU MUST COMPLY WITH ALL DOMESTIC AND INTERNATIONAL EXPORT LAWS AND REGULATIONS THAT APPLY TO THE GOOGLE TV ADD-ON. THESE LAWS INCLUDE RESTRICTIONS ON DESTINATIONS, END USERS AND END USE.
2025-11-02T02:10:52.1533250Z 
2025-11-02T02:10:52.1535277Z 14.6 The rights granted in this License Agreement may not be assigned or transferred by either you or Google without the prior written approval of the other party. Neither you nor Google shall be permitted to delegate their responsibilities or obligations under this License Agreement without the prior written approval of the other party.
2025-11-02T02:10:52.1537255Z 
2025-11-02T02:10:52.1540163Z 14.7 This License Agreement, and your relationship with Google under this License Agreement, shall be governed by the laws of the State of California without regard to its conflict of laws provisions. You and Google agree to submit to the exclusive jurisdiction of the courts located within the county of Santa Clara, California to resolve any legal matter arising from this License Agreement. Notwithstanding this, you agree that Google shall still be allowed to apply for injunctive remedies (or an equivalent type of urgent legal relief) in any jurisdiction.
2025-11-02T02:10:52.1543168Z 
2025-11-02T02:10:52.1543177Z 
2025-11-02T02:10:52.1543322Z August 15, 2011
2025-11-02T02:10:52.1543632Z ---------------------------------------
2025-11-02T02:10:52.1545556Z Accept? (y/N): 
2025-11-02T02:10:52.1546068Z 2/6: License android-googlexr-license:
2025-11-02T02:10:52.1546745Z ---------------------------------------
2025-11-02T02:10:52.1548504Z To get started with the Android XR Emulator System Image SDK, you must agree to the following terms and conditions. As described below, please note that this is a preview, emulated version of the Android XR OS, subject to change, that you use at your own risk.
2025-11-02T02:10:52.1550098Z 
2025-11-02T02:10:52.1550506Z This is the Android XR Emulator System Image SDK License Agreement
2025-11-02T02:10:52.1559111Z 
2025-11-02T02:10:52.1559436Z 1. Introduction
2025-11-02T02:10:52.1561134Z 
2025-11-02T02:10:52.1565598Z 1.1 The Android Android XR Emulator System Image SDK (referred to in the License Agreement as the "SDK" and specifically including the Android system files,, packaged APIs, library files (if and when they are made available), and Google applications and APIs add-ons) is licensed to you subject to the terms of the License Agreement. The License Agreement forms a legally binding contract between you and Google in relation to your use of the SDK.
2025-11-02T02:10:52.1567274Z 
2025-11-02T02:10:52.1567911Z 1.2 "Android" means the Android software stack for devices, as made available under the Android Open Source Project, which is located at the following URL: https://source.android.com/, as updated from time to time.
2025-11-02T02:10:52.1568570Z 
2025-11-02T02:10:52.1569131Z 1.3 "Google" means Google LLC, organized under the laws of the State of Delaware, USA, and operating under the laws of the USA with principal place of business at 1600 Amphitheatre Parkway, Mountain View, CA 94043, USA.
2025-11-02T02:10:52.1569755Z 
2025-11-02T02:10:52.1569842Z 2. Accepting this License Agreement
2025-11-02T02:10:52.1570005Z 
2025-11-02T02:10:52.1570338Z 2.1 In order to use the SDK, you must first agree to the License Agreement. You may not use the SDK if you do not accept the License Agreement.
2025-11-02T02:10:52.1570929Z 
2025-11-02T02:10:52.1571185Z 2.2 By clicking to accept and/or using this SDK, you hereby agree to the terms of the License Agreement.
2025-11-02T02:10:52.1571525Z 
2025-11-02T02:10:52.1572169Z 2.3 You may not use the SDK and may not accept the License Agreement if you are a person barred from receiving the SDK under the laws of the United States or other countries, including the country in which you are resident or from which you use the SDK.
2025-11-02T02:10:52.1572898Z 
2025-11-02T02:10:52.1573866Z 2.4 If you are agreeing to be bound by the License Agreement on behalf of your employer or other entity, you represent and warrant that you have full legal authority to bind your employer or such entity to the License Agreement. If you do not have the requisite authority, you may not accept the License Agreement or use the SDK on behalf of your employer or other entity.
2025-11-02T02:10:52.1575154Z 
2025-11-02T02:10:52.1575246Z 3. SDK License from Google
2025-11-02T02:10:52.1575381Z 
2025-11-02T02:10:52.1576023Z 3.1 Subject to the terms of the License Agreement, Google grants you a limited, worldwide, royalty-free, non-assignable, non-exclusive, and non-sublicensable license to use the SDK solely to develop applications for Android XR.
2025-11-02T02:10:52.1576724Z 
2025-11-02T02:10:52.1577294Z 3.2 You may not use this SDK to develop applications for other platforms or to develop another SDK. You are of course free to develop applications for other platforms provided that this SDK is not used for that purpose.
2025-11-02T02:10:52.1577951Z 
2025-11-02T02:10:52.1579032Z 3.3 You agree that Google or third parties own all legal right, title and interest in and to the SDK, including any Intellectual Property Rights that subsist in the SDK. "Intellectual Property Rights" means any and all rights under patent law, copyright law, trade secret law, trademark law, and any and all other proprietary rights. Google reserves all rights not expressly granted to you.
2025-11-02T02:10:52.1580199Z 
2025-11-02T02:10:52.1581919Z 3.4 You may not use the SDK for any purpose not expressly permitted by the License Agreement. Except to the extent required by applicable third party licenses, you may not (a) copy (except for backup purposes), modify, adapt, redistribute, decompile, reverse engineer, disassemble, or create derivative works of the SDK or any part of the SDK; or (b) load any part of the SDK onto a mobile handset or any other hardware device except a personal computer, combine any part of the SDK with other software, or distribute any software or device incorporating a part of the SDK.
2025-11-02T02:10:52.1583557Z 
2025-11-02T02:10:52.1584898Z 3.5 Use, reproduction and distribution of components of the SDK licensed under an open source software license are governed solely by the terms of that open source software license and not the License Agreement. You agree to remain a licensee in good standing in regard to such open source software licenses under all the rights granted and to refrain from any actions that may terminate, suspend, or breach such rights.
2025-11-02T02:10:52.1586132Z 
2025-11-02T02:10:52.1587266Z 3.6 You agree that the form and nature of the SDK that Google provides may change without prior notice to you and that future versions of the SDK may be incompatible with applications developed on previous versions of the SDK. You agree that Google may stop (permanently or temporarily) providing the SDK (or any features within the SDK) to you or to users generally at Google's sole discretion, without prior notice to you.
2025-11-02T02:10:52.1588475Z 
2025-11-02T02:10:52.1588918Z 3.7 Nothing in the License Agreement gives you a right to use any of Google's trade names, trademarks, service marks, logos, domain names, or other distinctive brand features.
2025-11-02T02:10:52.1589441Z 
2025-11-02T02:10:52.1589924Z 3.8 You agree that you will not remove, obscure, or alter any proprietary rights notices (including copyright and trademark notices) that may be affixed to or contained within the SDK.
2025-11-02T02:10:52.1590613Z 
2025-11-02T02:10:52.1590694Z 4. Use of the SDK by You
2025-11-02T02:10:52.1590827Z 
2025-11-02T02:10:52.1591534Z 4.1 Google agrees that it obtains no right, title or interest from you (or your licensors) under the License Agreement in or to any software applications that you develop using the SDK, including any intellectual property rights that subsist in those applications.
2025-11-02T02:10:52.1592315Z 
2025-11-02T02:10:52.1593280Z 4.2 You agree to use the SDK and write applications only for purposes that are permitted by (a) the License Agreement and (b) any applicable law, regulation or generally accepted practices or guidelines in the relevant jurisdictions (including any laws regarding the export of data or software to and from the United States or other relevant countries).
2025-11-02T02:10:52.1594319Z 
2025-11-02T02:10:52.1596739Z 4.3 You agree that if you use the SDK to develop applications for general public users, you will protect the privacy and legal rights of those users. If the users provide you with user names, passwords, or other login information or personal information, you must make the users aware that the information will be available to your application, and you must provide legally adequate privacy notice and protection for those users. If your application stores personal or sensitive information provided by users, it must do so securely. If the user provides your application with Google Account information, your application may only use that information to access the user's Google Account when, and for the limited purposes for which, the user has given you permission to do so.
2025-11-02T02:10:52.1599005Z 
2025-11-02T02:10:52.1599985Z 4.4 You agree that you will not engage in any activity with the SDK, including the development or distribution of an application, that interferes with, disrupts, damages, or accesses in an unauthorized manner the servers, networks, or other properties or services of any third party including, but not limited to, Google or any mobile communications carrier.
2025-11-02T02:10:52.1601041Z 
2025-11-02T02:10:52.1602089Z 4.5 You agree that you are solely responsible for (and that Google has no responsibility to you or to any third party for) any data, content, or resources that you create, transmit or display through Android and/or applications for Android, and for the consequences of your actions (including any loss or damage which Google may suffer) by doing so.
2025-11-02T02:10:52.1603104Z 
2025-11-02T02:10:52.1604161Z 4.6 You agree that you are solely responsible for (and that Google has no responsibility to you or to any third party for) any breach of your obligations under the License Agreement, any applicable third party contract or Terms of Service, or any applicable law or regulation, and for the consequences (including any loss or damage which Google or any third party may suffer) of any such breach.
2025-11-02T02:10:52.1605511Z 
2025-11-02T02:10:52.1606317Z 4.7 The SDK is in development, and your testing and feedback are an important part of the development process. By using the SDK, you acknowledge that implementation of some features are still under development and that you should not rely on the SDK having the full functionality of a stable release.
2025-11-02T02:10:52.1607207Z 
2025-11-02T02:10:52.1607288Z 5. Your Developer Credentials
2025-11-02T02:10:52.1607427Z 
2025-11-02T02:10:52.1608203Z 5.1 You agree that you are responsible for maintaining the confidentiality of any developer credentials that may be issued to you by Google or which you may choose yourself and that you will be solely responsible for all applications that are developed under your developer credentials.
2025-11-02T02:10:52.1609051Z 
2025-11-02T02:10:52.1609128Z 6. Privacy and Information
2025-11-02T02:10:52.1609264Z 
2025-11-02T02:10:52.1610603Z 6.1 In order to continually innovate and improve the SDK, Google may collect certain usage statistics from the software including but not limited to a unique identifier, associated IP address, version number of the software, and information on which tools and/or services in the SDK are being used and how they are being used. Before any of this information is collected, the SDK will notify you and seek your consent. If you withhold consent, the information will not be collected.
2025-11-02T02:10:52.1612109Z 
2025-11-02T02:10:52.1612913Z 6.2 The data collected is examined in the aggregate to improve the SDK and is maintained in accordance with Google's Privacy Policy, which is located at the following URL: https://policies.google.com/privacy
2025-11-02T02:10:52.1613559Z 
2025-11-02T02:10:52.1613810Z 6.3 Anonymized and aggregated sets of the data may be shared with Google partners to improve the SDK.
2025-11-02T02:10:52.1614139Z 
2025-11-02T02:10:52.1614217Z 7. Third Party Applications
2025-11-02T02:10:52.1614350Z 
2025-11-02T02:10:52.1616142Z 7.1 If you use the SDK to run applications developed by a third party or that access data, content or resources provided by a third party, you agree that Google is not responsible for those applications, data, content, or resources. You understand that all data, content or resources which you may access through such third party applications are the sole responsibility of the person from which they originated and that Google is not liable for any loss or damage that you may experience as a result of the use or access of any of those third party applications, data, content, or resources.
2025-11-02T02:10:52.1617857Z 
2025-11-02T02:10:52.1619190Z 7.2 You should be aware that the data, content, and resources presented to you through such a third party application may be protected by intellectual property rights which are owned by the providers (or by other persons or companies on their behalf). You may not modify, rent, lease, loan, sell, distribute or create derivative works based on these data, content, or resources (either in whole or in part) unless you have been specifically given permission to do so by the relevant owners.
2025-11-02T02:10:52.1620589Z 
2025-11-02T02:10:52.1621448Z 7.3 You acknowledge that your use of such third party applications, data, content, or resources may be subject to separate terms between you and the relevant third party. In that case, the License Agreement does not affect your legal relationship with these third parties.
2025-11-02T02:10:52.1622253Z 
2025-11-02T02:10:52.1622323Z 8. Using Android APIs
2025-11-02T02:10:52.1622442Z 
2025-11-02T02:10:52.1622509Z 8.1 Google Data APIs
2025-11-02T02:10:52.1622619Z 
2025-11-02T02:10:52.1623955Z 8.1.1 If you use any API to retrieve data from Google, you acknowledge that the data may be protected by intellectual property rights which are owned by Google or those parties that provide the data (or by other persons or companies on their behalf). Your use of any such API may be subject to additional Terms of Service. You may not modify, rent, lease, loan, sell, distribute or create derivative works based on this data (either in whole or in part) unless allowed by the relevant Terms of Service.
2025-11-02T02:10:52.1625506Z 
2025-11-02T02:10:52.1627884Z 8.1.2 If you use any API to retrieve a user's data from Google, you acknowledge and agree that you shall retrieve data only with the user's explicit consent and only when, and for the limited purposes for which, the user has given you permission to do so. If you use the Android Recognition Service API, documented at the following URL: https://developer.android.com/reference/android/speech/RecognitionService, as updated from time to time, you acknowledge that the use of the API is subject to the Data Processing Addendum for Products where Google is a Data Processor, which is located at the following URL: https://privacy.google.com/businesses/gdprprocessorterms/, as updated from time to time. By clicking to accept, you hereby agree to the terms of the Data Processing Addendum for Products where Google is a Data Processor.
2025-11-02T02:10:52.1630301Z 
2025-11-02T02:10:52.1630396Z 9. Terminating this License Agreement
2025-11-02T02:10:52.1630672Z 
2025-11-02T02:10:52.1630945Z 9.1 The License Agreement will continue to apply until terminated by either you or Google as set out below.
2025-11-02T02:10:52.1631303Z 
2025-11-02T02:10:52.1631621Z 9.2 If you want to terminate the License Agreement, you may do so by ceasing your use of the SDK and any relevant developer credentials.
2025-11-02T02:10:52.1632022Z 
2025-11-02T02:10:52.1633710Z 9.3 Google may at any time, terminate the License Agreement with you if: (A) you have breached any provision of the License Agreement; or (B) Google is required to do so by law; or (C) the partner with whom Google offered certain parts of SDK (such as APIs) to you has terminated its relationship with Google or ceased to offer certain parts of the SDK to you; or (D) Google decides to no longer provide the SDK or certain parts of the SDK to users in the country in which you are resident or from which you use the service, or the provision of the SDK or certain SDK services to you by Google is, in Google's sole discretion, no longer commercially viable.
2025-11-02T02:10:52.1635846Z 
2025-11-02T02:10:52.1637090Z 9.4 When the License Agreement comes to an end, all of the legal rights, obligations and liabilities that you and Google have benefited from, been subject to (or which have accrued over time whilst the License Agreement has been in force) or which are expressed to continue indefinitely, shall be unaffected by this cessation, and the provisions of paragraph 14.7 shall continue to apply to such rights, obligations and liabilities indefinitely.
2025-11-02T02:10:52.1638379Z 
2025-11-02T02:10:52.1638465Z 10. DISCLAIMER OF WARRANTIES
2025-11-02T02:10:52.1638603Z 
2025-11-02T02:10:52.1639036Z 10.1 YOU EXPRESSLY UNDERSTAND AND AGREE THAT YOUR USE OF THE SDK IS AT YOUR SOLE RISK AND THAT THE SDK IS PROVIDED "AS IS" AND "AS AVAILABLE" WITHOUT WARRANTY OF ANY KIND FROM GOOGLE.
2025-11-02T02:10:52.1639555Z 
2025-11-02T02:10:52.1640358Z 10.2 YOUR USE OF THE SDK AND ANY MATERIAL DOWNLOADED OR OTHERWISE OBTAINED THROUGH THE USE OF THE SDK IS AT YOUR OWN DISCRETION AND RISK AND YOU ARE SOLELY RESPONSIBLE FOR ANY DAMAGE TO YOUR COMPUTER SYSTEM OR OTHER DEVICE OR LOSS OF DATA THAT RESULTS FROM SUCH USE.
2025-11-02T02:10:52.1641129Z 
2025-11-02T02:10:52.1641848Z 10.3 GOOGLE FURTHER EXPRESSLY DISCLAIMS ALL WARRANTIES AND CONDITIONS OF ANY KIND, WHETHER EXPRESS OR IMPLIED, INCLUDING, BUT NOT LIMITED TO THE IMPLIED WARRANTIES AND CONDITIONS OF MERCHANTABILITY, FITNESS FOR A PARTICULAR PURPOSE AND NON-INFRINGEMENT.
2025-11-02T02:10:52.1642629Z 
2025-11-02T02:10:52.1642705Z 11. LIMITATION OF LIABILITY
2025-11-02T02:10:52.1642841Z 
2025-11-02T02:10:52.1644053Z 11.1 YOU EXPRESSLY UNDERSTAND AND AGREE THAT GOOGLE, ITS SUBSIDIARIES AND AFFILIATES, AND ITS LICENSORS SHALL NOT BE LIABLE TO YOU UNDER ANY THEORY OF LIABILITY FOR ANY DIRECT, INDIRECT, INCIDENTAL, SPECIAL, CONSEQUENTIAL OR EXEMPLARY DAMAGES THAT MAY BE INCURRED BY YOU, INCLUDING ANY LOSS OF DATA, WHETHER OR NOT GOOGLE OR ITS REPRESENTATIVES HAVE BEEN ADVISED OF OR SHOULD HAVE BEEN AWARE OF THE POSSIBILITY OF ANY SUCH LOSSES ARISING.
2025-11-02T02:10:52.1645512Z 
2025-11-02T02:10:52.1645590Z 12. Indemnification
2025-11-02T02:10:52.1645697Z 
2025-11-02T02:10:52.1647709Z 12.1 To the maximum extent permitted by law, you agree to defend, indemnify and hold harmless Google, its affiliates and their respective directors, officers, employees and agents from and against any and all claims, actions, suits or proceedings, as well as any and all losses, liabilities, damages, costs and expenses (including reasonable attorneys fees) arising out of or accruing from (a) your use of the SDK, (b) any application you develop on the SDK that infringes any copyright, trademark, trade secret, trade dress, patent or other intellectual property right of any person or defames any person or violates their rights of publicity or privacy, and (c) any non-compliance by you with the License Agreement.
2025-11-02T02:10:52.1649771Z 
2025-11-02T02:10:52.1649864Z 13. Changes to the License Agreement
2025-11-02T02:10:52.1650135Z 
2025-11-02T02:10:52.1650758Z 13.1 Google may make changes to the License Agreement as it distributes new versions of the SDK. When these changes are made, Google will make a new version of the License Agreement available on the website where the SDK is made available.
2025-11-02T02:10:52.1651463Z 
2025-11-02T02:10:52.1651534Z 14. General Legal Terms
2025-11-02T02:10:52.1651652Z 
2025-11-02T02:10:52.1652494Z 14.1 The License Agreement constitutes the whole legal agreement between you and Google and governs your use of the SDK (excluding any services which Google may provide to you under a separate written agreement), and completely replaces any prior agreements between you and Google in relation to the SDK.
2025-11-02T02:10:52.1653410Z 
2025-11-02T02:10:52.1654255Z 14.2 You agree that if Google does not exercise or enforce any legal right or remedy which is contained in the License Agreement (or which Google has the benefit of under any applicable law), this will not be taken to be a formal waiver of Google's rights and that those rights or remedies will still be available to Google.
2025-11-02T02:10:52.1655284Z 
2025-11-02T02:10:52.1656231Z 14.3 If any court of law, having the jurisdiction to decide on this matter, rules that any provision of the License Agreement is invalid, then that provision will be removed from the License Agreement without affecting the rest of the License Agreement. The remaining provisions of the License Agreement will continue to be valid and enforceable.
2025-11-02T02:10:52.1657264Z 
2025-11-02T02:10:52.1658478Z 14.4 You acknowledge and agree that each member of the group of companies of which Google is the parent shall be third party beneficiaries to the License Agreement and that such other companies shall be entitled to directly enforce, and rely upon, any provision of the License Agreement that confers a benefit on (or rights in favor of) them. Other than this, no other person or company shall be third party beneficiaries to the License Agreement.
2025-11-02T02:10:52.1659772Z 
2025-11-02T02:10:52.1660600Z 14.5 EXPORT RESTRICTIONS. THE SDK IS SUBJECT TO UNITED STATES EXPORT LAWS AND REGULATIONS. YOU MUST COMPLY WITH ALL DOMESTIC AND INTERNATIONAL EXPORT LAWS AND REGULATIONS THAT APPLY TO THE SDK. THESE LAWS INCLUDE RESTRICTIONS ON DESTINATIONS, END USERS AND END USE.
2025-11-02T02:10:52.1661412Z 
2025-11-02T02:10:52.1662356Z 14.6 The rights granted in the License Agreement may not be assigned or transferred by either you or Google without the prior written approval of the other party. Neither you nor Google shall be permitted to delegate their responsibilities or obligations under the License Agreement without the prior written approval of the other party.
2025-11-02T02:10:52.1663370Z 
2025-11-02T02:10:52.1665035Z 14.7 The License Agreement, and your relationship with Google under the License Agreement, shall be governed by the laws of the State of California without regard to its conflict of laws provisions. You and Google agree to submit to the exclusive jurisdiction of the courts located within the county of Santa Clara, California to resolve any legal matter arising from the License Agreement. Notwithstanding this, you agree that Google shall still be allowed to apply for injunctive remedies (or an equivalent type of urgent legal relief) in any jurisdiction.
2025-11-02T02:10:52.1666917Z ---------------------------------------
2025-11-02T02:10:52.1667282Z Accept? (y/N): 
2025-11-02T02:10:52.1667495Z 3/6: License android-sdk-arm-dbt-license:
2025-11-02T02:10:52.1667742Z ---------------------------------------
2025-11-02T02:10:52.1667962Z Terms and Conditions
2025-11-02T02:10:52.1668075Z 
2025-11-02T02:10:52.1668218Z This is the Android Software Development Kit License Agreement
2025-11-02T02:10:52.1668449Z 
2025-11-02T02:10:52.1668513Z 1. Introduction
2025-11-02T02:10:52.1668615Z 
2025-11-02T02:10:52.1669632Z 1.1 The Android Software Development Kit (referred to in the License Agreement as the "SDK" and specifically including the Android system files, packaged APIs, and Google APIs add-ons) is licensed to you subject to the terms of the License Agreement. The License Agreement forms a legally binding contract between you and Google in relation to your use of the SDK.
2025-11-02T02:10:52.1670852Z 
2025-11-02T02:10:52.1671430Z 1.2 "Android" means the Android software stack for devices, as made available under the Android Open Source Project, which is located at the following URL: http://source.android.com/, as updated from time to time.
2025-11-02T02:10:52.1672085Z 
2025-11-02T02:10:52.1673057Z 1.3 A "compatible implementation" means any Android device that (i) complies with the Android Compatibility Definition document, which can be found at the Android compatibility website (http://source.android.com/compatibility) and which may be updated from time to time; and (ii) successfully passes the Android Compatibility Test Suite (CTS).
2025-11-02T02:10:52.1674105Z 
2025-11-02T02:10:52.1674724Z 1.4 "Google" means Google Inc., a Delaware corporation with principal place of business at 1600 Amphitheatre Parkway, Mountain View, CA 94043, United States.
2025-11-02T02:10:52.1675230Z 
2025-11-02T02:10:52.1675239Z 
2025-11-02T02:10:52.1675329Z 2. Accepting the License Agreement
2025-11-02T02:10:52.1675481Z 
2025-11-02T02:10:52.1675813Z 2.1 In order to use the SDK, you must first agree to the License Agreement. You may not use the SDK if you do not accept the License Agreement.
2025-11-02T02:10:52.1676228Z 
2025-11-02T02:10:52.1676410Z 2.2 By clicking to accept, you hereby agree to the terms of the License Agreement.
2025-11-02T02:10:52.1676679Z 
2025-11-02T02:10:52.1677327Z 2.3 You may not use the SDK and may not accept the License Agreement if you are a person barred from receiving the SDK under the laws of the United States or other countries, including the country in which you are resident or from which you use the SDK.
2025-11-02T02:10:52.1678312Z 
2025-11-02T02:10:52.1679942Z 2.4 If you are agreeing to be bound by the License Agreement on behalf of your employer or other entity, you represent and warrant that you have full legal authority to bind your employer or such entity to the License Agreement. If you do not have the requisite authority, you may not accept the License Agreement or use the SDK on behalf of your employer or other entity.
2025-11-02T02:10:52.1681595Z 
2025-11-02T02:10:52.1681600Z 
2025-11-02T02:10:52.1681688Z 3. SDK License from Google
2025-11-02T02:10:52.1681826Z 
2025-11-02T02:10:52.1682538Z 3.1 Subject to the terms of the License Agreement, Google grants you a limited, worldwide, royalty-free, non-assignable, non-exclusive, and non-sublicensable license to use the SDK solely to develop applications for compatible implementations of Android.
2025-11-02T02:10:52.1683325Z 
2025-11-02T02:10:52.1684248Z 3.2 You may not use this SDK to develop applications for other platforms (including non-compatible implementations of Android) or to develop another SDK. You are of course free to develop applications for other platforms, including non-compatible implementations of Android, provided that this SDK is not used for that purpose.
2025-11-02T02:10:52.1685433Z 
2025-11-02T02:10:52.1686512Z 3.3 You agree that Google or third parties own all legal right, title and interest in and to the SDK, including any Intellectual Property Rights that subsist in the SDK. "Intellectual Property Rights" means any and all rights under patent law, copyright law, trade secret law, trademark law, and any and all other proprietary rights. Google reserves all rights not expressly granted to you.
2025-11-02T02:10:52.1687668Z 
2025-11-02T02:10:52.1688599Z 3.4 You may not use the SDK for any purpose not expressly permitted by the License Agreement. Except to the extent required by applicable third party licenses, you may not copy (except for backup purposes), modify, adapt, redistribute, decompile, reverse engineer, disassemble, or create derivative works of the SDK or any part of the SDK.
2025-11-02T02:10:52.1689614Z 
2025-11-02T02:10:52.1690475Z 3.5 Use, reproduction and distribution of components of the SDK licensed under an open source software license are governed solely by the terms of that open source software license and not the License Agreement.
2025-11-02T02:10:52.1691559Z 
2025-11-02T02:10:52.1692712Z 3.6 You agree that the form and nature of the SDK that Google provides may change without prior notice to you and that future versions of the SDK may be incompatible with applications developed on previous versions of the SDK. You agree that Google may stop (permanently or temporarily) providing the SDK (or any features within the SDK) to you or to users generally at Google's sole discretion, without prior notice to you.
2025-11-02T02:10:52.1693963Z 
2025-11-02T02:10:52.1694410Z 3.7 Nothing in the License Agreement gives you a right to use any of Google's trade names, trademarks, service marks, logos, domain names, or other distinctive brand features.
2025-11-02T02:10:52.1695171Z 
2025-11-02T02:10:52.1695659Z 3.8 You agree that you will not remove, obscure, or alter any proprietary rights notices (including copyright and trademark notices) that may be affixed to or contained within the SDK.
2025-11-02T02:10:52.1696244Z 
2025-11-02T02:10:52.1696253Z 
2025-11-02T02:10:52.1696327Z 4. Use of the SDK by You
2025-11-02T02:10:52.1696452Z 
2025-11-02T02:10:52.1697164Z 4.1 Google agrees that it obtains no right, title or interest from you (or your licensors) under the License Agreement in or to any software applications that you develop using the SDK, including any intellectual property rights that subsist in those applications.
2025-11-02T02:10:52.1697949Z 
2025-11-02T02:10:52.1698920Z 4.2 You agree to use the SDK and write applications only for purposes that are permitted by (a) the License Agreement and (b) any applicable law, regulation or generally accepted practices or guidelines in the relevant jurisdictions (including any laws regarding the export of data or software to and from the United States or other relevant countries).
2025-11-02T02:10:52.1699964Z 
2025-11-02T02:10:52.1702308Z 4.3 You agree that if you use the SDK to develop applications for general public users, you will protect the privacy and legal rights of those users. If the users provide you with user names, passwords, or other login information or personal information, you must make the users aware that the information will be available to your application, and you must provide legally adequate privacy notice and protection for those users. If your application stores personal or sensitive information provided by users, it must do so securely. If the user provides your application with Google Account information, your application may only use that information to access the user's Google Account when, and for the limited purposes for which, the user has given you permission to do so.
2025-11-02T02:10:52.1704775Z 
2025-11-02T02:10:52.1705806Z 4.4 You agree that you will not engage in any activity with the SDK, including the development or distribution of an application, that interferes with, disrupts, damages, or accesses in an unauthorized manner the servers, networks, or other properties or services of any third party including, but not limited to, Google or any mobile communications carrier.
2025-11-02T02:10:52.1706872Z 
2025-11-02T02:10:52.1707805Z 4.5 You agree that you are solely responsible for (and that Google has no responsibility to you or to any third party for) any data, content, or resources that you create, transmit or display through Android and/or applications for Android, and for the consequences of your actions (including any loss or damage which Google may suffer) by doing so.
2025-11-02T02:10:52.1708820Z 
2025-11-02T02:10:52.1709881Z 4.6 You agree that you are solely responsible for (and that Google has no responsibility to you or to any third party for) any breach of your obligations under the License Agreement, any applicable third party contract or Terms of Service, or any applicable law or regulation, and for the consequences (including any loss or damage which Google or any third party may suffer) of any such breach.
2025-11-02T02:10:52.1711182Z 
2025-11-02T02:10:52.1712571Z 4.7 This software enables the execution of intellectual property owned by Arm Limited. You agree that your use of the software, that allows execution of ARM Instruction Set Architecture (“ISA”) compliant executables for application development and debug only on x86 desktop, laptop, customer on-premise servers, and customer-procured cloud-based environments.
2025-11-02T02:10:52.1713691Z 
2025-11-02T02:10:52.1713774Z 5. Your Developer Credentials
2025-11-02T02:10:52.1713942Z 
2025-11-02T02:10:52.1714907Z 5.1 You agree that you are responsible for maintaining the confidentiality of any developer credentials that may be issued to you by Google or which you may choose yourself and that you will be solely responsible for all applications that are developed under your developer credentials.
2025-11-02T02:10:52.1715768Z 
2025-11-02T02:10:52.1715854Z 6. Privacy and Information
2025-11-02T02:10:52.1715986Z 
2025-11-02T02:10:52.1717315Z 6.1 In order to continually innovate and improve the SDK, Google may collect certain usage statistics from the software including but not limited to a unique identifier, associated IP address, version number of the software, and information on which tools and/or services in the SDK are being used and how they are being used. Before any of this information is collected, the SDK will notify you and seek your consent. If you withhold consent, the information will not be collected.
2025-11-02T02:10:52.1718725Z 
2025-11-02T02:10:52.1719052Z 6.2 The data collected is examined in the aggregate to improve the SDK and is maintained in accordance with Google's Privacy Policy.
2025-11-02T02:10:52.1719486Z 
2025-11-02T02:10:52.1719491Z 
2025-11-02T02:10:52.1719573Z 7. Third Party Applications
2025-11-02T02:10:52.1719708Z 
2025-11-02T02:10:52.1721464Z 7.1 If you use the SDK to run applications developed by a third party or that access data, content or resources provided by a third party, you agree that Google is not responsible for those applications, data, content, or resources. You understand that all data, content or resources which you may access through such third party applications are the sole responsibility of the person from which they originated and that Google is not liable for any loss or damage that you may experience as a result of the use or access of any of those third party applications, data, content, or resources.
2025-11-02T02:10:52.1723157Z 
2025-11-02T02:10:52.1724651Z 7.2 You should be aware the data, content, and resources presented to you through such a third party application may be protected by intellectual property rights which are owned by the providers (or by other persons or companies on their behalf). You may not modify, rent, lease, loan, sell, distribute or create derivative works based on these data, content, or resources (either in whole or in part) unless you have been specifically given permission to do so by the relevant owners.
2025-11-02T02:10:52.1726049Z 
2025-11-02T02:10:52.1726788Z 7.3 You acknowledge that your use of such third party applications, data, content, or resources may be subject to separate terms between you and the relevant third party. In that case, the License Agreement does not affect your legal relationship with these third parties.
2025-11-02T02:10:52.1727595Z 
2025-11-02T02:10:52.1727599Z 
2025-11-02T02:10:52.1727670Z 8. Using Android APIs
2025-11-02T02:10:52.1727794Z 
2025-11-02T02:10:52.1727863Z 8.1 Google Data APIs
2025-11-02T02:10:52.1727974Z 
2025-11-02T02:10:52.1729317Z 8.1.1 If you use any API to retrieve data from Google, you acknowledge that the data may be protected by intellectual property rights which are owned by Google or those parties that provide the data (or by other persons or companies on their behalf). Your use of any such API may be subject to additional Terms of Service. You may not modify, rent, lease, loan, sell, distribute or create derivative works based on this data (either in whole or in part) unless allowed by the relevant Terms of Service.
2025-11-02T02:10:52.1730726Z 
2025-11-02T02:10:52.1733237Z 8.1.2 If you use any API to retrieve a user's data from Google, you acknowledge and agree that you shall retrieve data only with the user's explicit consent and only when, and for the limited purposes for which, the user has given you permission to do so. If you use the Android Recognition Service API, documented at the following URL: https://developer.android.com/reference/android/speech/RecognitionService, as updated from time to time, you acknowledge that the use of the API is subject to the Data Processing Addendum for Products where Google is a Data Processor, which is located at the following URL: https://privacy.google.com/businesses/gdprprocessorterms/, as updated from time to time. By clicking to accept, you hereby agree to the terms of the Data Processing Addendum for Products where Google is a Data Processor.
2025-11-02T02:10:52.1735894Z 
2025-11-02T02:10:52.1735902Z 
2025-11-02T02:10:52.1736002Z 9. Terminating the License Agreement
2025-11-02T02:10:52.1736166Z 
2025-11-02T02:10:52.1736450Z 9.1 The License Agreement will continue to apply until terminated by either you or Google as set out below.
2025-11-02T02:10:52.1736810Z 
2025-11-02T02:10:52.1737133Z 9.2 If you want to terminate the License Agreement, you may do so by ceasing your use of the SDK and any relevant developer credentials.
2025-11-02T02:10:52.1737537Z 
2025-11-02T02:10:52.1739226Z 9.3 Google may at any time, terminate the License Agreement with you if: (A) you have breached any provision of the License Agreement; or (B) Google is required to do so by law; or (C) the partner with whom Google offered certain parts of SDK (such as APIs) to you has terminated its relationship with Google or ceased to offer certain parts of the SDK to you; or (D) Google decides to no longer provide the SDK or certain parts of the SDK to users in the country in which you are resident or from which you use the service, or the provision of the SDK or certain SDK services to you by Google is, in Google's sole discretion, no longer commercially viable.
2025-11-02T02:10:52.1740979Z 
2025-11-02T02:10:52.1742322Z 9.4 When the License Agreement comes to an end, all of the legal rights, obligations and liabilities that you and Google have benefited from, been subject to (or which have accrued over time whilst the License Agreement has been in force) or which are expressed to continue indefinitely, shall be unaffected by this cessation, and the provisions of paragraph 14.7 shall continue to apply to such rights, obligations and liabilities indefinitely.
2025-11-02T02:10:52.1743614Z 
2025-11-02T02:10:52.1743618Z 
2025-11-02T02:10:52.1743701Z 10. DISCLAIMER OF WARRANTIES
2025-11-02T02:10:52.1743836Z 
2025-11-02T02:10:52.1744266Z 10.1 YOU EXPRESSLY UNDERSTAND AND AGREE THAT YOUR USE OF THE SDK IS AT YOUR SOLE RISK AND THAT THE SDK IS PROVIDED "AS IS" AND "AS AVAILABLE" WITHOUT WARRANTY OF ANY KIND FROM GOOGLE.
2025-11-02T02:10:52.1744964Z 
2025-11-02T02:10:52.1745648Z 10.2 YOUR USE OF THE SDK AND ANY MATERIAL DOWNLOADED OR OTHERWISE OBTAINED THROUGH THE USE OF THE SDK IS AT YOUR OWN DISCRETION AND RISK AND YOU ARE SOLELY RESPONSIBLE FOR ANY DAMAGE TO YOUR COMPUTER SYSTEM OR OTHER DEVICE OR LOSS OF DATA THAT RESULTS FROM SUCH USE.
2025-11-02T02:10:52.1746413Z 
2025-11-02T02:10:52.1747125Z 10.3 GOOGLE FURTHER EXPRESSLY DISCLAIMS ALL WARRANTIES AND CONDITIONS OF ANY KIND, WHETHER EXPRESS OR IMPLIED, INCLUDING, BUT NOT LIMITED TO THE IMPLIED WARRANTIES AND CONDITIONS OF MERCHANTABILITY, FITNESS FOR A PARTICULAR PURPOSE AND NON-INFRINGEMENT.
2025-11-02T02:10:52.1747926Z 
2025-11-02T02:10:52.1747930Z 
2025-11-02T02:10:52.1748014Z 11. LIMITATION OF LIABILITY
2025-11-02T02:10:52.1748149Z 
2025-11-02T02:10:52.1749358Z 11.1 YOU EXPRESSLY UNDERSTAND AND AGREE THAT GOOGLE, ITS SUBSIDIARIES AND AFFILIATES, AND ITS LICENSORS SHALL NOT BE LIABLE TO YOU UNDER ANY THEORY OF LIABILITY FOR ANY DIRECT, INDIRECT, INCIDENTAL, SPECIAL, CONSEQUENTIAL OR EXEMPLARY DAMAGES THAT MAY BE INCURRED BY YOU, INCLUDING ANY LOSS OF DATA, WHETHER OR NOT GOOGLE OR ITS REPRESENTATIVES HAVE BEEN ADVISED OF OR SHOULD HAVE BEEN AWARE OF THE POSSIBILITY OF ANY SUCH LOSSES ARISING.
2025-11-02T02:10:52.1750763Z 
2025-11-02T02:10:52.1750773Z 
2025-11-02T02:10:52.1750842Z 12. Indemnification
2025-11-02T02:10:52.1750954Z 
2025-11-02T02:10:52.1752974Z 12.1 To the maximum extent permitted by law, you agree to defend, indemnify and hold harmless Google, its affiliates and their respective directors, officers, employees and agents from and against any and all claims, actions, suits or proceedings, as well as any and all losses, liabilities, damages, costs and expenses (including reasonable attorneys fees) arising out of or accruing from (a) your use of the SDK, (b) any application you develop on the SDK that infringes any copyright, trademark, trade secret, trade dress, patent or other intellectual property right of any person or defames any person or violates their rights of publicity or privacy, and (c) any non-compliance by you with the License Agreement.
2025-11-02T02:10:52.1755562Z 
2025-11-02T02:10:52.1755585Z 
2025-11-02T02:10:52.1755677Z 13. Changes to the License Agreement
2025-11-02T02:10:52.1755840Z 
2025-11-02T02:10:52.1756467Z 13.1 Google may make changes to the License Agreement as it distributes new versions of the SDK. When these changes are made, Google will make a new version of the License Agreement available on the website where the SDK is made available.
2025-11-02T02:10:52.1757175Z 
2025-11-02T02:10:52.1757179Z 
2025-11-02T02:10:52.1757250Z 14. General Legal Terms
2025-11-02T02:10:52.1757377Z 
2025-11-02T02:10:52.1758217Z 14.1 The License Agreement constitutes the whole legal agreement between you and Google and governs your use of the SDK (excluding any services which Google may provide to you under a separate written agreement), and completely replaces any prior agreements between you and Google in relation to the SDK.
2025-11-02T02:10:52.1759132Z 
2025-11-02T02:10:52.1760116Z 14.2 You agree that if Google does not exercise or enforce any legal right or remedy which is contained in the License Agreement (or which Google has the benefit of under any applicable law), this will not be taken to be a formal waiver of Google's rights and that those rights or remedies will still be available to Google.
2025-11-02T02:10:52.1761048Z 
2025-11-02T02:10:52.1761985Z 14.3 If any court of law, having the jurisdiction to decide on this matter, rules that any provision of the License Agreement is invalid, then that provision will be removed from the License Agreement without affecting the rest of the License Agreement. The remaining provisions of the License Agreement will continue to be valid and enforceable.
2025-11-02T02:10:52.1763005Z 
2025-11-02T02:10:52.1764215Z 14.4 You acknowledge and agree that each member of the group of companies of which Google is the parent shall be third party beneficiaries to the License Agreement and that such other companies shall be entitled to directly enforce, and rely upon, any provision of the License Agreement that confers a benefit on (or rights in favor of) them. Other than this, no other person or company shall be third party beneficiaries to the License Agreement.
2025-11-02T02:10:52.1765785Z 
2025-11-02T02:10:52.1766642Z 14.5 EXPORT RESTRICTIONS. THE SDK IS SUBJECT TO UNITED STATES EXPORT LAWS AND REGULATIONS. YOU MUST COMPLY WITH ALL DOMESTIC AND INTERNATIONAL EXPORT LAWS AND REGULATIONS THAT APPLY TO THE SDK. THESE LAWS INCLUDE RESTRICTIONS ON DESTINATIONS, END USERS AND END USE.
2025-11-02T02:10:52.1767978Z 
2025-11-02T02:10:52.1769658Z 14.6 The rights granted in the License Agreement may not be assigned or transferred by either you or Google without the prior written approval of the other party. Neither you nor Google shall be permitted to delegate their responsibilities or obligations under the License Agreement without the prior written approval of the other party.
2025-11-02T02:10:52.1771509Z 
2025-11-02T02:10:52.1774179Z 14.7 The License Agreement, and your relationship with Google under the License Agreement, shall be governed by the laws of the State of California without regard to its conflict of laws provisions. You and Google agree to submit to the exclusive jurisdiction of the courts located within the county of Santa Clara, California to resolve any legal matter arising from the License Agreement. Notwithstanding this, you agree that Google shall still be allowed to apply for injunctive remedies (or an equivalent type of urgent legal relief) in any jurisdiction.
2025-11-02T02:10:52.1777503Z 
2025-11-02T02:10:52.1777512Z 
2025-11-02T02:10:52.1777649Z January 16, 2019
2025-11-02T02:10:52.1777956Z ---------------------------------------
2025-11-02T02:10:52.1778343Z Accept? (y/N): 
2025-11-02T02:10:52.1778675Z 4/6: License android-sdk-preview-license:
2025-11-02T02:10:52.1779126Z ---------------------------------------
2025-11-02T02:10:52.1781331Z To get started with the Android SDK Preview, you must agree to the following terms and conditions. As described below, please note that this is a preview version of the Android SDK, subject to change, that you use at your own risk. The Android SDK Preview is not a stable release, and may contain errors and defects that can result in serious damage to your computer systems, devices and data.
2025-11-02T02:10:52.1783261Z 
2025-11-02T02:10:52.1783580Z This is the Android SDK Preview License Agreement (the "License Agreement").
2025-11-02T02:10:52.1784048Z 
2025-11-02T02:10:52.1784163Z 1. Introduction
2025-11-02T02:10:52.1784339Z 
2025-11-02T02:10:52.1787040Z 1.1 The Android SDK Preview (referred to in the License Agreement as the “Preview” and specifically including the Android system files, packaged APIs, and Preview library files, if and when they are made available) is licensed to you subject to the terms of the License Agreement. The License Agreement forms a legally binding contract between you and Google in relation to your use of the Preview.
2025-11-02T02:10:52.1789004Z 
2025-11-02T02:10:52.1790007Z 1.2 "Android" means the Android software stack for devices, as made available under the Android Open Source Project, which is located at the following URL: http://source.android.com/, as updated from time to time.
2025-11-02T02:10:52.1791162Z 
2025-11-02T02:10:52.1791912Z 1.3 "Google" means Google Inc., a Delaware corporation with principal place of business at 1600 Amphitheatre Parkway, Mountain View, CA 94043, United States.
2025-11-02T02:10:52.1792443Z 
2025-11-02T02:10:52.1792534Z 2. Accepting the License Agreement
2025-11-02T02:10:52.1792704Z 
2025-11-02T02:10:52.1793077Z 2.1 In order to use the Preview, you must first agree to the License Agreement. You may not use the Preview if you do not accept the License Agreement.
2025-11-02T02:10:52.1793532Z 
2025-11-02T02:10:52.1793786Z 2.2 By clicking to accept and/or using the Preview, you hereby agree to the terms of the License Agreement.
2025-11-02T02:10:52.1794123Z 
2025-11-02T02:10:52.1795062Z 2.3 You may not use the Preview and may not accept the License Agreement if you are a person barred from receiving the Preview under the laws of the United States or other countries including the country in which you are resident or from which you use the Preview.
2025-11-02T02:10:52.1795849Z 
2025-11-02T02:10:52.1797063Z 2.4 If you will use the Preview internally within your company or organization you agree to be bound by the License Agreement on behalf of your employer or other entity, and you represent and warrant that you have full legal authority to bind your employer or such entity to the License Agreement. If you do not have the requisite authority, you may not accept the License Agreement or use the Preview on behalf of your employer or other entity.
2025-11-02T02:10:52.1798414Z 
2025-11-02T02:10:52.1798498Z 3. Preview License from Google
2025-11-02T02:10:52.1798651Z 
2025-11-02T02:10:52.1799526Z 3.1 Subject to the terms of the License Agreement, Google grants you a royalty-free, non-assignable, non-exclusive, non-sublicensable, limited, revocable license to use the Preview, personally or internally within your company or organization, solely to develop applications to run on the Android platform.
2025-11-02T02:10:52.1800892Z 
2025-11-02T02:10:52.1802059Z 3.2 You agree that Google or third parties owns all legal right, title and interest in and to the Preview, including any Intellectual Property Rights that subsist in the Preview. "Intellectual Property Rights" means any and all rights under patent law, copyright law, trade secret law, trademark law, and any and all other proprietary rights. Google reserves all rights not expressly granted to you.
2025-11-02T02:10:52.1803764Z 
2025-11-02T02:10:52.1807037Z 3.3 You may not use the Preview for any purpose not expressly permitted by the License Agreement. Except to the extent required by applicable third party licenses, you may not: (a) copy (except for backup purposes), modify, adapt, redistribute, decompile, reverse engineer, disassemble, or create derivative works of the Preview or any part of the Preview; or (b) load any part of the Preview onto a mobile handset or any other hardware device except a personal computer, combine any part of the Preview with other software, or distribute any software or device incorporating a part of the Preview.
2025-11-02T02:10:52.1809318Z 
2025-11-02T02:10:52.1810045Z 3.4 You agree that you will not take any actions that may cause or result in the fragmentation of Android, including but not limited to distributing, participating in the creation of, or promoting in any way a software development kit derived from the Preview.
2025-11-02T02:10:52.1810820Z 
2025-11-02T02:10:52.1812006Z 3.5 Use, reproduction and distribution of components of the Preview licensed under an open source software license are governed solely by the terms of that open source software license and not the License Agreement. You agree to remain a licensee in good standing in regard to such open source software licenses under all the rights granted and to refrain from any actions that may terminate, suspend, or breach such rights.
2025-11-02T02:10:52.1813242Z 
2025-11-02T02:10:52.1814844Z 3.6 You agree that the form and nature of the Preview that Google provides may change without prior notice to you and that future versions of the Preview may be incompatible with applications developed on previous versions of the Preview. You agree that Google may stop (permanently or temporarily) providing the Preview (or any features within the Preview) to you or to users generally at Google's sole discretion, without prior notice to you.
2025-11-02T02:10:52.1816205Z 
2025-11-02T02:10:52.1816651Z 3.7 Nothing in the License Agreement gives you a right to use any of Google's trade names, trademarks, service marks, logos, domain names, or other distinctive brand features.
2025-11-02T02:10:52.1817183Z 
2025-11-02T02:10:52.1817687Z 3.8 You agree that you will not remove, obscure, or alter any proprietary rights notices (including copyright and trademark notices) that may be affixed to or contained within the Preview.
2025-11-02T02:10:52.1818265Z 
2025-11-02T02:10:52.1818352Z 4. Use of the Preview by You
2025-11-02T02:10:52.1818492Z 
2025-11-02T02:10:52.1819339Z 4.1 Google agrees that nothing in the License Agreement gives Google any right, title or interest from you (or your licensors) under the License Agreement in or to any software applications that you develop using the Preview, including any intellectual property rights that subsist in those applications.
2025-11-02T02:10:52.1820258Z 
2025-11-02T02:10:52.1821251Z 4.2 You agree to use the Preview and write applications only for purposes that are permitted by (a) the License Agreement, and (b) any applicable law, regulation or generally accepted practices or guidelines in the relevant jurisdictions (including any laws regarding the export of data or software to and from the United States or other relevant countries).
2025-11-02T02:10:52.1822312Z 
2025-11-02T02:10:52.1824381Z 4.3 You agree that if you use the Preview to develop applications, you will protect the privacy and legal rights of users. If users provide you with user names, passwords, or other login information or personal information, you must make the users aware that the information will be available to your application, and you must provide legally adequate privacy notice and protection for those users. If your application stores personal or sensitive information provided by users, it must do so securely. If users provide you with Google Account information, your application may only use that information to access the user's Google Account when, and for the limited purposes for which, each user has given you permission to do so.
2025-11-02T02:10:52.1826842Z 
2025-11-02T02:10:52.1827667Z 4.4 You agree that you will not engage in any activity with the Preview, including the development or distribution of an application, that interferes with, disrupts, damages, or accesses in an unauthorized manner the servers, networks, or other properties or services of Google or any third party.
2025-11-02T02:10:52.1828564Z 
2025-11-02T02:10:52.1829515Z 4.5 You agree that you are solely responsible for (and that Google has no responsibility to you or to any third party for) any data, content, or resources that you create, transmit or display through Android and/or applications for Android, and for the consequences of your actions (including any loss or damage which Google may suffer) by doing so.
2025-11-02T02:10:52.1830533Z 
2025-11-02T02:10:52.1831607Z 4.6 You agree that you are solely responsible for (and that Google has no responsibility to you or to any third party for) any breach of your obligations under the License Agreement, any applicable third party contract or Terms of Service, or any applicable law or regulation, and for the consequences (including any loss or damage which Google or any third party may suffer) of any such breach.
2025-11-02T02:10:52.1832753Z 
2025-11-02T02:10:52.1834198Z 4.7 The Preview is in development, and your testing and feedback are an important part of the development process. By using the Preview, you acknowledge that implementation of some features are still under development and that you should not rely on the Preview having the full functionality of a stable release. You agree not to publicly distribute or ship any application using this Preview as this Preview will no longer be supported after the official Android SDK is released.
2025-11-02T02:10:52.1835894Z 
2025-11-02T02:10:52.1835983Z 5. Your Developer Credentials
2025-11-02T02:10:52.1836134Z 
2025-11-02T02:10:52.1836909Z 5.1 You agree that you are responsible for maintaining the confidentiality of any developer credentials that may be issued to you by Google or which you may choose yourself and that you will be solely responsible for all applications that are developed under your developer credentials.
2025-11-02T02:10:52.1837767Z 
2025-11-02T02:10:52.1837852Z 6. Privacy and Information
2025-11-02T02:10:52.1837993Z 
2025-11-02T02:10:52.1839378Z 6.1 In order to continually innovate and improve the Preview, Google may collect certain usage statistics from the software including but not limited to a unique identifier, associated IP address, version number of the software, and information on which tools and/or services in the Preview are being used and how they are being used. Before any of this information is collected, the Preview will notify you and seek your consent. If you withhold consent, the information will not be collected.
2025-11-02T02:10:52.1840829Z 
2025-11-02T02:10:52.1841338Z 6.2 The data collected is examined in the aggregate to improve the Preview and is maintained in accordance with Google's Privacy Policy located at http://www.google.com/policies/privacy/.
2025-11-02T02:10:52.1841928Z 
2025-11-02T02:10:52.1842007Z 7. Third Party Applications
2025-11-02T02:10:52.1842140Z 
2025-11-02T02:10:52.1843789Z 7.1 If you use the Preview to run applications developed by a third party or that access data, content or resources provided by a third party, you agree that Google is not responsible for those applications, data, content, or resources. You understand that all data, content or resources which you may access through such third party applications are the sole responsibility of the person from which they originated and that Google is not liable for any loss or damage that you may experience as a result of the use or access of any of those third party applications, data, content, or resources.
2025-11-02T02:10:52.1845922Z 
2025-11-02T02:10:52.1847253Z 7.2 You should be aware the data, content, and resources presented to you through such a third party application may be protected by intellectual property rights which are owned by the providers (or by other persons or companies on their behalf). You may not modify, rent, lease, loan, sell, distribute or create derivative works based on these data, content, or resources (either in whole or in part) unless you have been specifically given permission to do so by the relevant owners.
2025-11-02T02:10:52.1848651Z 
2025-11-02T02:10:52.1849092Z 7.3 You acknowledge that your use of such third party applications, data, content, or resources may be subject to separate terms between you and the relevant third party.
2025-11-02T02:10:52.1849620Z 
2025-11-02T02:10:52.1849689Z 8. Using Google APIs
2025-11-02T02:10:52.1849810Z 
2025-11-02T02:10:52.1849878Z 8.1 Google APIs
2025-11-02T02:10:52.1849979Z 
2025-11-02T02:10:52.1851322Z 8.1.1 If you use any API to retrieve data from Google, you acknowledge that the data may be protected by intellectual property rights which are owned by Google or those parties that provide the data (or by other persons or companies on their behalf). Your use of any such API may be subject to additional Terms of Service. You may not modify, rent, lease, loan, sell, distribute or create derivative works based on this data (either in whole or in part) unless allowed by the relevant Terms of Service.
2025-11-02T02:10:52.1852736Z 
2025-11-02T02:10:52.1853382Z 8.1.2 If you use any API to retrieve a user's data from Google, you acknowledge and agree that you shall retrieve data only with the user's explicit consent and only when, and for the limited purposes for which, the user has given you permission to do so.
2025-11-02T02:10:52.1854129Z 
2025-11-02T02:10:52.1854215Z 9. Terminating the License Agreement
2025-11-02T02:10:52.1854371Z 
2025-11-02T02:10:52.1854995Z 9.1 the License Agreement will continue to apply until terminated by either you or Google as set out below.
2025-11-02T02:10:52.1855362Z 
2025-11-02T02:10:52.1855895Z 9.2 If you want to terminate the License Agreement, you may do so by ceasing your use of the Preview and any relevant developer credentials.
2025-11-02T02:10:52.1856662Z 
2025-11-02T02:10:52.1857095Z 9.3 Google may at any time, terminate the License Agreement, with or without cause, upon notice to you.
2025-11-02T02:10:52.1857503Z 
2025-11-02T02:10:52.1858399Z 9.4 The License Agreement will automatically terminate without notice or other action upon the earlier of: (A) when Google ceases to provide the Preview or certain parts of the Preview to users in the country in which you are resident or from which you use the service; and (B) Google issues a final release version of the Android SDK.
2025-11-02T02:10:52.1859383Z 
2025-11-02T02:10:52.1860029Z 9.5 When the License Agreement is terminated, the license granted to you in the License Agreement will terminate, you will immediately cease all use of the Preview, and the provisions of paragraphs 10, 11, 12 and 14 shall survive indefinitely.
2025-11-02T02:10:52.1860749Z 
2025-11-02T02:10:52.1860815Z 10. DISCLAIMERS
2025-11-02T02:10:52.1860921Z 
2025-11-02T02:10:52.1861385Z 10.1 YOU EXPRESSLY UNDERSTAND AND AGREE THAT YOUR USE OF THE PREVIEW IS AT YOUR SOLE RISK AND THAT THE PREVIEW IS PROVIDED "AS IS" AND "AS AVAILABLE" WITHOUT WARRANTY OF ANY KIND FROM GOOGLE.
2025-11-02T02:10:52.1861925Z 
2025-11-02T02:10:52.1863474Z 10.2 YOUR USE OF THE PREVIEW AND ANY MATERIAL DOWNLOADED OR OTHERWISE OBTAINED THROUGH THE USE OF THE PREVIEW IS AT YOUR OWN DISCRETION AND RISK AND YOU ARE SOLELY RESPONSIBLE FOR ANY DAMAGE TO YOUR COMPUTER SYSTEM OR OTHER DEVICE OR LOSS OF DATA THAT RESULTS FROM SUCH USE. WITHOUT LIMITING THE FOREGOING, YOU UNDERSTAND THAT THE PREVIEW IS NOT A STABLE RELEASE AND MAY CONTAIN ERRORS, DEFECTS AND SECURITY VULNERABILITIES THAT CAN RESULT IN SIGNIFICANT DAMAGE, INCLUDING THE COMPLETE, IRRECOVERABLE LOSS OF USE OF YOUR COMPUTER SYSTEM OR OTHER DEVICE.
2025-11-02T02:10:52.1865429Z 
2025-11-02T02:10:52.1866144Z 10.3 GOOGLE FURTHER EXPRESSLY DISCLAIMS ALL WARRANTIES AND CONDITIONS OF ANY KIND, WHETHER EXPRESS OR IMPLIED, INCLUDING, BUT NOT LIMITED TO THE IMPLIED WARRANTIES AND CONDITIONS OF MERCHANTABILITY, FITNESS FOR A PARTICULAR PURPOSE AND NON-INFRINGEMENT.
2025-11-02T02:10:52.1866926Z 
2025-11-02T02:10:52.1867003Z 11. LIMITATION OF LIABILITY
2025-11-02T02:10:52.1867139Z 
2025-11-02T02:10:52.1868438Z 11.1 YOU EXPRESSLY UNDERSTAND AND AGREE THAT GOOGLE, ITS SUBSIDIARIES AND AFFILIATES, AND ITS LICENSORS SHALL NOT BE LIABLE TO YOU UNDER ANY THEORY OF LIABILITY FOR ANY DIRECT, INDIRECT, INCIDENTAL, SPECIAL, CONSEQUENTIAL OR EXEMPLARY DAMAGES THAT MAY BE INCURRED BY YOU, INCLUDING ANY LOSS OF DATA, WHETHER OR NOT GOOGLE OR ITS REPRESENTATIVES HAVE BEEN ADVISED OF OR SHOULD HAVE BEEN AWARE OF THE POSSIBILITY OF ANY SUCH LOSSES ARISING.
2025-11-02T02:10:52.1870492Z 
2025-11-02T02:10:52.1870604Z 12. Indemnification
2025-11-02T02:10:52.1870724Z 
2025-11-02T02:10:52.1873049Z 12.1 To the maximum extent permitted by law, you agree to defend, indemnify and hold harmless Google, its affiliates and their respective directors, officers, employees and agents from and against any and all claims, actions, suits or proceedings, as well as any and all losses, liabilities, damages, costs and expenses (including reasonable attorneys’ fees) arising out of or accruing from (a) your use of the Preview, (b) any application you develop on the Preview that infringes any Intellectual Property Rights of any person or defames any person or violates their rights of publicity or privacy, and (c) any non-compliance by you of the License Agreement.
2025-11-02T02:10:52.1875267Z 
2025-11-02T02:10:52.1875361Z 13. Changes to the License Agreement
2025-11-02T02:10:52.1875523Z 
2025-11-02T02:10:52.1876357Z 13.1 Google may make changes to the License Agreement as it distributes new versions of the Preview. When these changes are made, Google will make a new version of the License Agreement available on the website where the Preview is made available.
2025-11-02T02:10:52.1877103Z 
2025-11-02T02:10:52.1877182Z 14. General Legal Terms
2025-11-02T02:10:52.1877305Z 
2025-11-02T02:10:52.1878311Z 14.1 the License Agreement constitutes the whole legal agreement between you and Google and governs your use of the Preview (excluding any services which Google may provide to you under a separate written agreement), and completely replaces any prior agreements between you and Google in relation to the Preview.
2025-11-02T02:10:52.1879726Z 
2025-11-02T02:10:52.1880822Z 14.2 You agree that if Google does not exercise or enforce any legal right or remedy which is contained in the License Agreement (or which Google has the benefit of under any applicable law), this will not be taken to be a formal waiver of Google's rights and that those rights or remedies will still be available to Google.
2025-11-02T02:10:52.1881762Z 
2025-11-02T02:10:52.1882934Z 14.3 If any court of law, having the jurisdiction to decide on this matter, rules that any provision of the License Agreement is invalid, then that provision will be removed from the License Agreement without affecting the rest of the License Agreement. The remaining provisions of the License Agreement will continue to be valid and enforceable.
2025-11-02T02:10:52.1884960Z 
2025-11-02T02:10:52.1887297Z 14.4 You acknowledge and agree that each member of the group of companies of which Google is the parent shall be third party beneficiaries to the License Agreement and that such other companies shall be entitled to directly enforce, and rely upon, any provision of the License Agreement that confers a benefit on (or rights in favor of) them. Other than this, no other person or company shall be third party beneficiaries to the License Agreement.
2025-11-02T02:10:52.1889620Z 
2025-11-02T02:10:52.1891288Z 14.5 EXPORT RESTRICTIONS. THE PREVIEW IS SUBJECT TO UNITED STATES EXPORT LAWS AND REGULATIONS. YOU MUST COMPLY WITH ALL DOMESTIC AND INTERNATIONAL EXPORT LAWS AND REGULATIONS THAT APPLY TO THE PREVIEW. THESE LAWS INCLUDE RESTRICTIONS ON DESTINATIONS, END USERS AND END USE.
2025-11-02T02:10:52.1892801Z 
2025-11-02T02:10:52.1894622Z 14.6 The License Agreement may not be assigned or transferred by you without the prior written approval of Google, and any attempted assignment without such approval will be void. You shall not delegate your responsibilities or obligations under the License Agreement without the prior written approval of Google.
2025-11-02T02:10:52.1896403Z 
2025-11-02T02:10:52.1899239Z 14.7 The License Agreement, and your relationship with Google under the License Agreement, shall be governed by the laws of the State of California without regard to its conflict of laws provisions. You and Google agree to submit to the exclusive jurisdiction of the courts located within the county of Santa Clara, California to resolve any legal matter arising from the License Agreement. Notwithstanding this, you agree that Google shall still be allowed to apply for injunctive remedies (or an equivalent type of urgent legal relief) in any jurisdiction.
2025-11-02T02:10:52.1902204Z 
2025-11-02T02:10:52.1902326Z June 2014.
2025-11-02T02:10:52.1902639Z ---------------------------------------
2025-11-02T02:10:52.1902881Z Accept? (y/N): 
2025-11-02T02:10:52.1903077Z 5/6: License google-gdk-license:
2025-11-02T02:10:52.1903298Z ---------------------------------------
2025-11-02T02:10:52.1903603Z This is a Developer Preview of the GDK that is subject to change.
2025-11-02T02:10:52.1903838Z 
2025-11-02T02:10:52.1903921Z Terms and Conditions
2025-11-02T02:10:52.1904040Z 
2025-11-02T02:10:52.1904154Z This is the Glass Development Kit License Agreement.
2025-11-02T02:10:52.1904354Z 
2025-11-02T02:10:52.1904623Z 1. Introduction
2025-11-02T02:10:52.1904821Z 
2025-11-02T02:10:52.1906097Z 1.1 The Glass Development Kit (referred to in this License Agreement as the "GDK" and specifically including the Android system files, packaged APIs, and GDK library files, if and when they are made available) is licensed to you subject to the terms of this License Agreement. This License Agreement forms a legally binding contract between you and Google in relation to your use of the GDK.
2025-11-02T02:10:52.1907262Z 
2025-11-02T02:10:52.1907462Z 1.2 "Glass" means Glass devices and the Glass software stack for use on Glass devices.
2025-11-02T02:10:52.1907751Z 
2025-11-02T02:10:52.1907755Z 
2025-11-02T02:10:52.1908338Z 1.3 "Android" means the Android software stack for devices, as made available under the Android Open Source Project, which is located at the following URL: http://source.android.com/, as updated from time to time.
2025-11-02T02:10:52.1908984Z 
2025-11-02T02:10:52.1909408Z 1.4 "Google" means Google Inc., a Delaware corporation with principal place of business at 1600 Amphitheatre Parkway, Mountain View, CA 94043, United States.
2025-11-02T02:10:52.1909928Z 
2025-11-02T02:10:52.1910018Z 2. Accepting this License Agreement
2025-11-02T02:10:52.1910182Z 
2025-11-02T02:10:52.1910525Z 2.1 In order to use the GDK, you must first agree to this License Agreement. You may not use the GDK if you do not accept this License Agreement.
2025-11-02T02:10:52.1910941Z 
2025-11-02T02:10:52.1911134Z 2.2 By clicking to accept, you hereby agree to the terms of this License Agreement.
2025-11-02T02:10:52.1911406Z 
2025-11-02T02:10:52.1912046Z 2.3 You may not use the GDK and may not accept the License Agreement if you are a person barred from receiving the GDK under the laws of the United States or other countries including the country in which you are resident or from which you use the GDK.
2025-11-02T02:10:52.1912775Z 
2025-11-02T02:10:52.1913762Z 2.4 If you are agreeing to be bound by this License Agreement on behalf of your employer or other entity, you represent and warrant that you have full legal authority to bind your employer or such entity to this License Agreement. If you do not have the requisite authority, you may not accept the License Agreement or use the GDK on behalf of your employer or other entity.
2025-11-02T02:10:52.1915172Z 
2025-11-02T02:10:52.1915255Z 3. GDK License from Google
2025-11-02T02:10:52.1915385Z 
2025-11-02T02:10:52.1916047Z 3.1 Subject to the terms of this License Agreement, Google grants you a limited, worldwide, royalty-free, non-assignable and non-exclusive license to use the GDK solely to develop applications to run on the Glass platform for Glass devices.
2025-11-02T02:10:52.1916787Z 
2025-11-02T02:10:52.1917853Z 3.2 You agree that Google or third parties own all legal right, title and interest in and to the GDK, including any Intellectual Property Rights that subsist in the GDK. "Intellectual Property Rights" means any and all rights under patent law, copyright law, trade secret law, trademark law, and any and all other proprietary rights. Google reserves all rights not expressly granted to you.
2025-11-02T02:10:52.1919011Z 
2025-11-02T02:10:52.1920697Z 3.3 You may not use the GDK for any purpose not expressly permitted by this License Agreement. Except to the extent required by applicable third party licenses, you may not: (a) copy (except for backup purposes), modify, adapt, redistribute, decompile, reverse engineer, disassemble, or create derivative works of the GDK or any part of the GDK; or (b) load any part of the GDK onto a mobile handset or wearable computing device or any other hardware device except a Glass device personal computer, combine any part of the GDK with other software, or distribute any software or device incorporating a part of the GDK.
2025-11-02T02:10:52.1922447Z 
2025-11-02T02:10:52.1923107Z 3.4 You agree that you will not take any actions that may cause or result in the fragmentation of Glass, including but not limited to distributing, participating in the creation of, or promoting in any way a software development kit derived from the GDK.
2025-11-02T02:10:52.1923852Z 
2025-11-02T02:10:52.1924804Z 3.5 Use, reproduction and distribution of components of the GDK licensed under an open source software license are governed solely by the terms of that open source software license and not this License Agreement.
2025-11-02T02:10:52.1925508Z 
2025-11-02T02:10:52.1926675Z 3.6 You agree that the form and nature of the GDK that Google provides may change without prior notice to you and that future versions of the GDK may be incompatible with applications developed on previous versions of the GDK. You agree that Google may stop (permanently or temporarily) providing the GDK (or any features within the GDK) to you or to users generally at Google's sole discretion, without prior notice to you.
2025-11-02T02:10:52.1927903Z 
2025-11-02T02:10:52.1928353Z 3.7 Nothing in this License Agreement gives you a right to use any of Google's trade names, trademarks, service marks, logos, domain names, or other distinctive brand features.
2025-11-02T02:10:52.1928889Z 
2025-11-02T02:10:52.1929391Z 3.8 You agree that you will not remove, obscure, or alter any proprietary rights notices (including copyright and trademark notices) that may be affixed to or contained within the GDK.
2025-11-02T02:10:52.1929967Z 
2025-11-02T02:10:52.1929971Z 
2025-11-02T02:10:52.1930984Z 3.9 Your use of any Android system files, packaged APIs, or other components of the GDK which are part of the Android Software Development Kit is subject to the terms of the Android Software Development Kit License Agreement located at http://developer.android.com/sdk/terms.html. These terms are hereby incorporated by reference into this License Agreement.
2025-11-02T02:10:52.1932059Z 
2025-11-02T02:10:52.1932138Z 4. Use of the GDK by You
2025-11-02T02:10:52.1932263Z 
2025-11-02T02:10:52.1932983Z 4.1 Google agrees that it obtains no right, title or interest from you (or your licensors) under this License Agreement in or to any software applications that you develop using the GDK, including any intellectual property rights that subsist in those applications.
2025-11-02T02:10:52.1933886Z 
2025-11-02T02:10:52.1935713Z 4.2 You agree to use the GDK and write applications only for purposes that are permitted by (a) this License Agreement, (b) the Glass Platform Developer Policies (located at https://developers.google.com/glass/policies, and hereby incorporated into this License Agreement by reference), and (c) any applicable law, regulation or generally accepted practices or guidelines in the relevant jurisdictions (including any laws regarding the export of data or software to and from the United States or other relevant countries).
2025-11-02T02:10:52.1937274Z 
2025-11-02T02:10:52.1939477Z 4.3 You agree that if you use the GDK to develop applications for general public users, you will protect the privacy and legal rights of those users. If the users provide you with user names, passwords, or other login information or personal information, you must make the users aware that the information will be available to your application, and you must provide legally adequate privacy notice and protection for those users. If your application stores personal or sensitive information provided by users, it must do so securely. If the user provides your application with Google Account information, your application may only use that information to access the user's Google Account when, and for the limited purposes for which, the user has given you permission to do so.
2025-11-02T02:10:52.1942077Z 
2025-11-02T02:10:52.1943528Z 4.4 You agree that you will not engage in any activity with the GDK, including the development or distribution of an application, that interferes with, disrupts, damages, or accesses in an unauthorized manner the servers, networks, or other properties or services of any third party including, but not limited to, Google.
2025-11-02T02:10:52.1945217Z 
2025-11-02T02:10:52.1947095Z 4.5 You agree that you are solely responsible for (and that Google has no responsibility to you or to any third party for) any data, content, or resources that you create, transmit or display through Glass and/or applications for Glass, and for the consequences of your actions (including any loss or damage which Google may suffer) by doing so.
2025-11-02T02:10:52.1948972Z 
2025-11-02T02:10:52.1951065Z 4.6 You agree that you are solely responsible for (and that Google has no responsibility to you or to any third party for) any breach of your obligations under this License Agreement, any applicable third party contract or Terms of Service, or any applicable law or regulation, and for the consequences (including any loss or damage which Google or any third party may suffer) of any such breach.
2025-11-02T02:10:52.1953200Z 
2025-11-02T02:10:52.1953207Z 
2025-11-02T02:10:52.1955338Z 4.7 The GDK is in development, and your testing and feedback are an important part of the development process. By using the GDK, you acknowledge that implementation of some features are still under development and that you should not rely on the GDK, Glass devices, Glass system software, Google Mirror API, or Glass services having the full functionality of a stable release.
2025-11-02T02:10:52.1957408Z 
2025-11-02T02:10:52.1957579Z 5. Your Developer Credentials
2025-11-02T02:10:52.1957877Z 
2025-11-02T02:10:52.1959264Z 5.1 You agree that you are responsible for maintaining the confidentiality of any developer credentials that may be issued to you by Google or which you may choose yourself and that you will be solely responsible for all applications that are developed under your developer credentials.
2025-11-02T02:10:52.1960153Z 
2025-11-02T02:10:52.1960242Z 6. Privacy and Information
2025-11-02T02:10:52.1960381Z 
2025-11-02T02:10:52.1960392Z 
2025-11-02T02:10:52.1961720Z 6.1 In order to continually innovate and improve the GDK, Google may collect certain usage statistics from the software including but not limited to a unique identifier, associated IP address, version number of the software, and information on which tools and/or services in the GDK are being used and how they are being used. Before any of this information is collected, the GDK will notify you and seek your consent. If you withhold consent, the information will not be collected.
2025-11-02T02:10:52.1963272Z 
2025-11-02T02:10:52.1963611Z 6.2 The data collected is examined in the aggregate to improve the GDK and is maintained in accordance with Google's Privacy Policy.
2025-11-02T02:10:52.1964031Z 
2025-11-02T02:10:52.1964116Z 7. Third Party Applications
2025-11-02T02:10:52.1964259Z 
2025-11-02T02:10:52.1966139Z 7.1 If you use the GDK to run applications developed by a third party or that access data, content or resources provided by a third party, you agree that Google is not responsible for those applications, data, content, or resources. You understand that all data, content or resources which you may access through such third party applications are the sole responsibility of the person from which they originated and that Google is not liable for any loss or damage that you may experience as a result of the use or access of any of those third party applications, data, content, or resources.
2025-11-02T02:10:52.1967836Z 
2025-11-02T02:10:52.1969161Z 7.2 You should be aware the data, content, and resources presented to you through such a third party application may be protected by intellectual property rights which are owned by the providers (or by other persons or companies on their behalf). You may not modify, rent, lease, loan, sell, distribute or create derivative works based on these data, content, or resources (either in whole or in part) unless you have been specifically given permission to do so by the relevant owners.
2025-11-02T02:10:52.1970555Z 
2025-11-02T02:10:52.1971284Z 7.3 You acknowledge that your use of such third party applications, data, content, or resources may be subject to separate terms between you and the relevant third party. In that case, this License Agreement does not affect your legal relationship with these third parties.
2025-11-02T02:10:52.1972092Z 
2025-11-02T02:10:52.1972170Z 8. Using Google APIs
2025-11-02T02:10:52.1972285Z 
2025-11-02T02:10:52.1972357Z 8.1 Google APIs
2025-11-02T02:10:52.1972474Z 
2025-11-02T02:10:52.1974104Z 8.1.1 If you use any API to retrieve data from Google, you acknowledge that the data may be protected by intellectual property rights which are owned by Google or those parties that provide the data (or by other persons or companies on their behalf). Your use of any such API may be subject to additional Terms of Service. You may not modify, rent, lease, loan, sell, distribute or create derivative works based on this data (either in whole or in part) unless allowed by the relevant Terms of Service.
2025-11-02T02:10:52.1975809Z 
2025-11-02T02:10:52.1976462Z 8.1.2 If you use any API to retrieve a user's data from Google, you acknowledge and agree that you shall retrieve data only with the user's explicit consent and only when, and for the limited purposes for which, the user has given you permission to do so.
2025-11-02T02:10:52.1977192Z 
2025-11-02T02:10:52.1977291Z 9. Terminating this License Agreement
2025-11-02T02:10:52.1977462Z 
2025-11-02T02:10:52.1977745Z 9.1 This License Agreement will continue to apply until terminated by either you or Google as set out below.
2025-11-02T02:10:52.1978112Z 
2025-11-02T02:10:52.1978439Z 9.2 If you want to terminate this License Agreement, you may do so by ceasing your use of the GDK and any relevant developer credentials.
2025-11-02T02:10:52.1978847Z 
2025-11-02T02:10:52.1980549Z 9.3 Google may at any time, terminate this License Agreement with you if: (A) you have breached any provision of this License Agreement; or (B) Google is required to do so by law; or (C) the partner with whom Google offered certain parts of GDK (such as APIs) to you has terminated its relationship with Google or ceased to offer certain parts of the GDK to you; or (D) Google decides to no longer provide the GDK or certain parts of the GDK to users in the country in which you are resident or from which you use the service, or the provision of the GDK or certain GDK services to you by Google is, in Google's sole discretion, no longer commercially viable.
2025-11-02T02:10:52.1982418Z 
2025-11-02T02:10:52.1983648Z 9.4 When this License Agreement comes to an end, all of the legal rights, obligations and liabilities that you and Google have benefited from, been subject to (or which have accrued over time whilst this License Agreement has been in force) or which are expressed to continue indefinitely, shall be unaffected by this cessation, and the provisions of paragraph 14.7 shall continue to apply to such rights, obligations and liabilities indefinitely.
2025-11-02T02:10:52.1985117Z 
2025-11-02T02:10:52.1985203Z 10. DISCLAIMER OF WARRANTIES
2025-11-02T02:10:52.1985348Z 
2025-11-02T02:10:52.1985780Z 10.1 YOU EXPRESSLY UNDERSTAND AND AGREE THAT YOUR USE OF THE GDK IS AT YOUR SOLE RISK AND THAT THE GDK IS PROVIDED "AS IS" AND "AS AVAILABLE" WITHOUT WARRANTY OF ANY KIND FROM GOOGLE.
2025-11-02T02:10:52.1986299Z 
2025-11-02T02:10:52.1986990Z 10.2 YOUR USE OF THE GDK AND ANY MATERIAL DOWNLOADED OR OTHERWISE OBTAINED THROUGH THE USE OF THE GDK IS AT YOUR OWN DISCRETION AND RISK AND YOU ARE SOLELY RESPONSIBLE FOR ANY DAMAGE TO YOUR COMPUTER SYSTEM OR OTHER DEVICE OR LOSS OF DATA THAT RESULTS FROM SUCH USE.
2025-11-02T02:10:52.1987763Z 
2025-11-02T02:10:52.1988473Z 10.3 GOOGLE FURTHER EXPRESSLY DISCLAIMS ALL WARRANTIES AND CONDITIONS OF ANY KIND, WHETHER EXPRESS OR IMPLIED, INCLUDING, BUT NOT LIMITED TO THE IMPLIED WARRANTIES AND CONDITIONS OF MERCHANTABILITY, FITNESS FOR A PARTICULAR PURPOSE AND NON-INFRINGEMENT.
2025-11-02T02:10:52.1989258Z 
2025-11-02T02:10:52.1989335Z 11. LIMITATION OF LIABILITY
2025-11-02T02:10:52.1989469Z 
2025-11-02T02:10:52.1990668Z 11.1 YOU EXPRESSLY UNDERSTAND AND AGREE THAT GOOGLE, ITS SUBSIDIARIES AND AFFILIATES, AND ITS LICENSORS SHALL NOT BE LIABLE TO YOU UNDER ANY THEORY OF LIABILITY FOR ANY DIRECT, INDIRECT, INCIDENTAL, SPECIAL, CONSEQUENTIAL OR EXEMPLARY DAMAGES THAT MAY BE INCURRED BY YOU, INCLUDING ANY LOSS OF DATA, WHETHER OR NOT GOOGLE OR ITS REPRESENTATIVES HAVE BEEN ADVISED OF OR SHOULD HAVE BEEN AWARE OF THE POSSIBILITY OF ANY SUCH LOSSES ARISING.
2025-11-02T02:10:52.1991945Z 
2025-11-02T02:10:52.1992159Z 12. Indemnification
2025-11-02T02:10:52.1992280Z 
2025-11-02T02:10:52.1994282Z 12.1 To the maximum extent permitted by law, you agree to defend, indemnify and hold harmless Google, its affiliates and their respective directors, officers, employees and agents from and against any and all claims, actions, suits or proceedings, as well as any and all losses, liabilities, damages, costs and expenses (including reasonable attorneys fees) arising out of or accruing from (a) your use of the GDK, (b) any application you develop on the GDK that infringes any copyright, trademark, trade secret, trade dress, patent or other intellectual property right of any person or defames any person or violates their rights of publicity or privacy, and (c) any non-compliance by you with this License Agreement.
2025-11-02T02:10:52.1996510Z 
2025-11-02T02:10:52.1996596Z 13. Changes to the License Agreement
2025-11-02T02:10:52.1996760Z 
2025-11-02T02:10:52.1997395Z 13.1 Google may make changes to the License Agreement as it distributes new versions of the GDK. When these changes are made, Google will make a new version of the License Agreement available on the website where the GDK is made available.
2025-11-02T02:10:52.1998090Z 
2025-11-02T02:10:52.1998164Z 14. General Legal Terms
2025-11-02T02:10:52.1998292Z 
2025-11-02T02:10:52.1999136Z 14.1 This License Agreement constitutes the whole legal agreement between you and Google and governs your use of the GDK (excluding any services which Google may provide to you under a separate written agreement), and completely replaces any prior agreements between you and Google in relation to the GDK.
2025-11-02T02:10:52.2000116Z 
2025-11-02T02:10:52.2000962Z 14.2 You agree that if Google does not exercise or enforce any legal right or remedy which is contained in this License Agreement (or which Google has the benefit of under any applicable law), this will not be taken to be a formal waiver of Google's rights and that those rights or remedies will still be available to Google.
2025-11-02T02:10:52.2002002Z 
2025-11-02T02:10:52.2002968Z 14.3 If any court of law, having the jurisdiction to decide on this matter, rules that any provision of this License Agreement is invalid, then that provision will be removed from this License Agreement without affecting the rest of this License Agreement. The remaining provisions of this License Agreement will continue to be valid and enforceable.
2025-11-02T02:10:52.2003992Z 
2025-11-02T02:10:52.2005445Z 14.4 You acknowledge and agree that each member of the group of companies of which Google is the parent shall be third party beneficiaries to this License Agreement and that such other companies shall be entitled to directly enforce, and rely upon, any provision of this License Agreement that confers a benefit on (or rights in favor of) them. Other than this, no other person or company shall be third party beneficiaries to this License Agreement.
2025-11-02T02:10:52.2006740Z 
2025-11-02T02:10:52.2007469Z 14.5 EXPORT RESTRICTIONS. THE GDK IS SUBJECT TO UNITED STATES EXPORT LAWS AND REGULATIONS. YOU MUST COMPLY WITH ALL DOMESTIC AND INTERNATIONAL EXPORT LAWS AND REGULATIONS THAT APPLY TO THE GDK. THESE LAWS INCLUDE RESTRICTIONS ON DESTINATIONS, END USERS AND END USE.
2025-11-02T02:10:52.2008273Z 
2025-11-02T02:10:52.2009218Z 14.6 The rights granted in this License Agreement may not be assigned or transferred by either you or Google without the prior written approval of the other party. Neither you nor Google shall be permitted to delegate their responsibilities or obligations under this License Agreement without the prior written approval of the other party.
2025-11-02T02:10:52.2010244Z 
2025-11-02T02:10:52.2011944Z 14.7 This License Agreement, and your relationship with Google under this License Agreement, shall be governed by the laws of the State of California without regard to its conflict of laws provisions. You and Google agree to submit to the exclusive jurisdiction of the courts located within the county of Santa Clara, California to resolve any legal matter arising from this License Agreement. Notwithstanding this, you agree that Google shall still be allowed to apply for injunctive remedies (or an equivalent type of urgent legal relief) in any jurisdiction.
2025-11-02T02:10:52.2013605Z 
2025-11-02T02:10:52.2013674Z November 19, 2013
2025-11-02T02:10:52.2013860Z ---------------------------------------
2025-11-02T02:10:52.2014083Z Accept? (y/N): 
2025-11-02T02:10:52.2014290Z 6/6: License mips-android-sysimage-license:
2025-11-02T02:10:52.2014773Z ---------------------------------------
2025-11-02T02:10:52.2016731Z MIPS Technologies, Inc. (“MIPS”) Internal Evaluation License Agreement for MIPS Android™ System Images for Android Software Development Kit (SDK): This Internal Evaluation License Agreement (this "Agreement") is entered into by and between MIPS and you (as an individual developer or a legal entity -- identified below as “Recipient”). MIPS shall make the Evaluation Software available to Recipient as described in accordance with the terms and conditions set forth below.
2025-11-02T02:10:52.2018191Z 
2025-11-02T02:10:52.2019959Z By clicking on the “Accept” button, downloading, installing, or otherwise using the Evaluation Materials (defined below), you agree to be bound by the terms of this Agreement effective as of the date you click “Accept” (the “Effective Date”), and if doing so on behalf of an entity, you represent that you are authorized to bind the entity to the terms and conditions of this Agreement. If you do not agree to be bound by the terms and conditions of this Agreement, do not download, install, or use the Evaluation Materials.
2025-11-02T02:10:52.2021428Z 
2025-11-02T02:10:52.2021582Z 1. DEFINITIONS. These terms shall have the following meanings:
2025-11-02T02:10:52.2021814Z 
2025-11-02T02:10:52.2022320Z 1.1 “MIPS” shall mean MIPS Technologies, Inc., a Delaware corporation having a principal place of business at: 955 East Arques Ave., Sunnyvale, CA 94085
2025-11-02T02:10:52.2022943Z 
2025-11-02T02:10:52.2023467Z 1.2 “Evaluation Software” shall mean MIPS Android™ emulator system images for Android Software Development Kit (SDK), as made available to Recipient.
2025-11-02T02:10:52.2023961Z 
2025-11-02T02:10:52.2025269Z 1.3 “Evaluation Materials" means, collectively, the Evaluation Software (in source and/or object code form) and documentation (including, without limitation, any design documents, specifications, reference manuals, and other related materials) related to the Evaluation Software as made available to Recipient.
2025-11-02T02:10:52.2026251Z 
2025-11-02T02:10:52.2029593Z 1.4 “Open Source Software” means any software that requires (as a condition of use, modification and/or distribution of such software) that such software or other software incorporated into, derived from or distributed with such software (a) be disclosed or distributed in source code form; or (b) be licensed by the user to third parties for the purpose of making and/or distributing derivative works; or (c) be redistributable at no charge. Open Source Software includes, without limitation, software licensed or distributed under any of the following licenses or distribution models, or licenses or distribution models substantially similar to any of the following: (a) GNU’s General Public License (GPL) or Lesser/Library GPL (LGPL), (b) the Artistic License (e.g., PERL), (c) the Mozilla Public License, (d) the Netscape Public License, (e) the Sun Community Source License (SCSL), (f) the Sun Industry Source License (SISL), (g) the Apache Software license and (h) the Common Public License (CPL).
2025-11-02T02:10:52.2032444Z 
2025-11-02T02:10:52.2033442Z 1.5 “Pre-Release Materials” means “alpha” or “beta” designated pre-release features, which may not be fully functional, which MIPS may substantially modify in producing any production version of the Evaluation Materials, and/or which is still under development by MIPS and/or MIPS’ suppliers.
2025-11-02T02:10:52.2034351Z 
2025-11-02T02:10:52.2036325Z 2. PURPOSE. MIPS desires to make the Evaluation Materials available to Recipient solely for Recipient's internal evaluation of the Evaluation Software to evaluate the desirability of cooperating with MIPS in developing products that are compatible with the Evaluation Software and/or to advise MIPS as to possible modifications to the Evaluation Software. Recipient may not disclose, distribute, modify (except to facilitate the above-mentioned internal evaluation), or make commercial use of the Evaluation Materials or any modifications of the Evaluation Materials.
2025-11-02T02:10:52.2038093Z 
2025-11-02T02:10:52.2039347Z THE EVALUATION MATERIALS ARE PROVIDED FOR EVALUATION PURPOSES ONLY AND MAY NOT BE MODIFIED (EXCEPT TO FACILITATE THE INTERNAL EVALUATION) OR DISTRIBUTED BY RECIPIENT OR INCORPORATED INTO RECIPIENT’S PRODUCTS OR SOFTWARE. PLEASE CONTACT A MIPS SALES REPRESENTATIVE TO LEARN ABOUT THE AVAILABILITY AND COST OF A COMMERCIAL VERSION OF THE EVALUATION SOFTWARE.
2025-11-02T02:10:52.2040470Z 
2025-11-02T02:10:52.2041297Z 3. TITLE. Title to the Evaluation Materials remains with MIPS or its suppliers. Recipient shall not mortgage, pledge or encumber the Evaluation Materials in any way. Recipient shall return all Evaluation Materials, keeping no copies, upon termination or expiration of this Agreement.
2025-11-02T02:10:52.2042163Z 
2025-11-02T02:10:52.2045713Z 4. LICENSE. MIPS grants Recipient a royalty-free, personal, nontransferable, nonexclusive license under its copyrights to use the Evaluation Software only for the purposes described in paragraph 2 above and only for a period beginning on the Effective Date and extending to the first anniversary of the Effective Date (the “Evaluation Period”). Unless otherwise communicated in writing by MIPS to Recipient, to the extent the Evaluation Software is provided in more than one delivery or release (each, a “Release”) the license grant in this Section 4 and the Evaluation Period shall apply to each Release, in which case the Evaluation Period shall begin on the date that the Release is made generally available and continue to the first anniversary of such date. Recipient may not make modifications to the Evaluation Software. Recipient shall not disassemble, reverse-engineer, or decompile any software that is not provided to Recipient in source code form.
2025-11-02T02:10:52.2048691Z 
2025-11-02T02:10:52.2048695Z 
2025-11-02T02:10:52.2049634Z EXCEPT AS PROVIDED HEREIN, NO OTHER LICENSE, EXPRESS OR IMPLIED, BY ESTOPPEL OR OTHERWISE, TO ANY OTHER MIPS INTELLECTUAL PROPERTY RIGHTS IS GRANTED TO THE RECIPIENT. OTHER THAN AS EXPLICITLY SET FORTH IN PARAGRAPH 2 ABOVE, NO RIGHT TO COPY, TO REPRODUCE, TO MODIFY, OR TO CREATE DERIVATIVE WORKS OF, THE EVALUATION MATERIALS IS GRANTED HEREIN.
2025-11-02T02:10:52.2050641Z 
2025-11-02T02:10:52.2051345Z 5. NO OBLIGATION. Recipient shall have no duty to purchase or license any product from MIPS. MIPS and its suppliers shall have no obligation to provide support for, or develop a non-evaluation version of, the Evaluation Software or to license any version of it.
2025-11-02T02:10:52.2052129Z 
2025-11-02T02:10:52.2055690Z 6. MODIFICATIONS. This Agreement does not obligate Recipient to provide MIPS with comments or suggestions regarding Evaluation Materials. However, should Recipient provide MIPS with comments or suggestions for the modification, correction, improvement or enhancement of (a) the Evaluation Materials or (b) MIPS products or processes which may embody the Evaluation Materials, then Recipient agrees to grant and hereby grants to MIPS a non-exclusive, irrevocable, worldwide, fully paid-up, royalty-free license, with the right to sublicense MIPS’ licensees and customers, under Recipient’s Intellectual property rights, to use and disclose such comments and suggestions in any manner MIPS chooses and to display, perform, copy, make, have made, use, sell, offer to sell, import, and otherwise dispose of MIPS’ and its sublicensee’s products embodying such comments and suggestions in any manner and via any media MIPS chooses, without reference to the source.
2025-11-02T02:10:52.2058571Z 
2025-11-02T02:10:52.2060263Z 7. WARRANTY DISCLAIMER. MIPS AND ITS SUPPLIERS MAKE NO WARRANTIES WITH RESPECT TO EVALUATION MATERIALS, EITHER EXPRESS OR IMPLIED, INCLUDING ANY IMPLIED WARRANTIES OF MERCHANTABILITY OR FITNESS FOR A PARTICULAR PURPOSE, OR ANY IMPLIED WARRANTY OF NONINFRINGEMENT WITH RESPECT TO THIRD PARTY INTELLECTUAL PROPERTY. RECIPIENT ACKNOWLEDGES AND AGREES THAT THE EVALUATION MATERIALS ARE PROVIDED “AS IS,” WITHOUT WARRANTY OF ANY KIND.
2025-11-02T02:10:52.2061608Z 
2025-11-02T02:10:52.2063270Z 8. LIMITATION OF LIABILITY. MIPS AND ITS SUPPLIERS SHALL NOT BE LIABLE FOR ANY PROPERTY DAMAGE, PERSONAL INJURY, LOSS OF PROFITS, INTERRUPTION OF BUSINESS OR FOR ANY DIRECT, INDIRECT, SPECIAL, CONSEQUENTIAL OR INCIDENTAL DAMAGES, HOWEVER CAUSED OR ALLEGED, WHETHER FOR BREACH OF WARRANTY, CONTRACT, STRICT LIABILITY OR OTHERWISE, INCLUDING WITHOUT LIMITATION, UNDER TORT OR OTHER LEGAL THEORY. MIPS AND ITS SUPPLIERS DISCLAIM ANY AND ALL LIABILITY, INCLUDING LIABILITY FOR INFRINGEMENT OF ANY INTELLECTUAL PROPERTY RIGHTS OF ANY KIND RELATING TO THE EVALUATION MATERIALS.
2025-11-02T02:10:52.2065110Z 
2025-11-02T02:10:52.2065744Z 9. EXPIRATION. MIPS may terminate this Agreement immediately after a breach by Recipient or otherwise at MIPS’ reasonable discretion and upon five (5) business days’ notice to Recipient.
2025-11-02T02:10:52.2066334Z 
2025-11-02T02:10:52.2066400Z 10. GENERAL.
2025-11-02T02:10:52.2066506Z 
2025-11-02T02:10:52.2069436Z 10.1 Controlling Law. This Agreement shall be governed by California law excluding its choice of law rules. With the exception of MIPS’ rights to enforce its intellectual property rights and any confidentiality obligations under this Agreement or any licenses distributed with the Evaluation Materials, all disputes and any claims arising under or relating to this Agreement shall be subject to the exclusive jurisdiction and venue of the state and federal courts located in Santa Clara County, California. Each party hereby agrees to jurisdiction and venue in the courts set forth in the preceding sentence. The parties agree that the United Nations Convention on Contracts for the International Sale of Goods is specifically excluded from application to this Agreement. The parties consent to the personal jurisdiction of the above courts.
2025-11-02T02:10:52.2072059Z 
2025-11-02T02:10:52.2073462Z 10.2 Remedies. Recipient acknowledges and agrees that any breach of confidentiality obligations under this Agreement or any licenses distributed with the Evaluation Materials, as well as any disclosure, commercialization, or public use of the Evaluation Materials, would cause irreparable injury to MIPS, and therefore Recipient agrees to consent to, and hereby consents to, the grant of an injunction by any court of competent jurisdiction in the event of an actual or threatened breach.
2025-11-02T02:10:52.2075076Z 
2025-11-02T02:10:52.2076864Z 10.3 Assignment. Recipient may not delegate, assign or transfer this Agreement, the license granted or any of Recipient’s rights, obligations, or duties hereunder, expressly, by implication, by operation of law, by way of merger (regardless of whether Recipient is the surviving entity) or acquisition, or otherwise and any attempt to do so, without MIPS’ express prior written consent, shall be ineffective, null and void. MIPS may freely assign this Agreement, and its rights and obligations hereunder, in its sole discretion.
2025-11-02T02:10:52.2078421Z 
2025-11-02T02:10:52.2079738Z 10.4 Entire Agreement. This Agreement constitutes the entire agreement between Recipient and MIPS and supersedes in their entirety any and all oral or written agreements previously existing between Recipient and MIPS with respect to the subject matter hereof. This Agreement may only be amended or supplemented by a writing that refers explicitly to this Agreement and that is signed or otherwise accepted by duly authorized representatives of Recipient and MIPS.
2025-11-02T02:10:52.2081142Z 
2025-11-02T02:10:52.2082567Z 10.5 Severability. In the event that any provision of this Agreement is finally adjudicated to be unenforceable or invalid under any applicable law, such unenforceability or invalidity shall not render this Agreement unenforceable or invalid as a whole, and, in such event, such unenforceable or invalid provision shall be interpreted so as to best accomplish the objectives of such provision within the limits of applicable law or applicable court decisions.
2025-11-02T02:10:52.2083943Z 
2025-11-02T02:10:52.2090564Z 10.6 Export Regulations / Export Control. Recipient shall not export, either directly or indirectly, any product, service or technical data or system incorporating the Evaluation Materials without first obtaining any required license or other necessary approval from the U.S. Department of Commerce or any other governing agency or department of the United States Government. In the event any product is exported from the United States or re-exported from a foreign destination by Recipient, Recipient shall ensure that the distribution and export/re-export or import of the product is in compliance with all applicable laws, regulations, orders, or other restrictions of the U.S. Export Administration Regulations and the appropriate foreign government. Recipient agrees that neither it nor any of its subsidiaries will export/re-export any technical data, process, product, or service, directly or indirectly, to any country for which the United States government or any agency thereof or the foreign government from where it is shipping requires an export license, or other governmental approval, without first obtaining such license or approval. Recipient also agrees to implement measures to ensure that foreign national employees are authorized to receive any information controlled by U.S. export control laws. An export is "deemed" to take place when information is released to a foreign national wherever located.
2025-11-02T02:10:52.2096896Z 
2025-11-02T02:10:52.2100267Z 10.7 Special Terms for Pre-Release Materials. If so indicated in the description of the Evaluation Software, the Evaluation Software may contain Pre-Release Materials. Recipient hereby understands, acknowledges and agrees that: (i) Pre-Release Materials may not be fully tested and may contain bugs or errors; (ii) Pre-Release materials are not suitable for commercial release in their current state; (iii) regulatory approvals for Pre-Release Materials (such as UL or FCC) have not been obtained, and Pre-Release Materials may therefore not be certified for use in certain countries or environments or may not be suitable for certain applications and (iv) MIPS can provide no assurance that it will ever produce or make generally available a production version of the Pre-Release Materials . MIPS is not under any obligation to develop and/or release or offer for sale or license a final product based upon the Pre-Release Materials and may unilaterally elect to abandon the Pre-Release Materials or any such development platform at any time and without any obligation or liability whatsoever to Recipient or any other person.
2025-11-02T02:10:52.2103878Z 
2025-11-02T02:10:52.2104726Z ANY PRE-RELEASE MATERIALS ARE NON-QUALIFIED AND, AS SUCH, ARE PROVIDED “AS IS” AND “AS AVAILABLE”, POSSIBLY WITH FAULTS, AND WITHOUT REPRESENTATION OR WARRANTY OF ANY KIND.
2025-11-02T02:10:52.2105312Z 
2025-11-02T02:10:52.2107147Z 10.8 Open Source Software. In the event Open Source software is included with Evaluation Software, such Open Source software is licensed pursuant to the applicable Open Source software license agreement identified in the Open Source software comments in the applicable source code file(s) and/or file header as indicated in the Evaluation Software. Additional detail may be available (where applicable) in the accompanying on-line documentation. With respect to the Open Source software, nothing in this Agreement limits any rights under, or grants rights that supersede, the terms of any applicable Open Source software license agreement.
2025-11-02T02:10:52.2109139Z ---------------------------------------
2025-11-02T02:10:52.2109428Z Accept? (y/N): All SDK package licenses accepted
2025-11-02T02:10:52.2109747Z 
2025-11-02T02:10:52.2109950Z [command]/usr/local/lib/android/sdk/cmdline-tools/16.0/bin/sdkmanager tools
2025-11-02T02:10:52.9276490Z Loading package information...                                                  
2025-11-02T02:10:53.0271270Z Loading local repository...                                                     
2025-11-02T02:10:53.0275326Z [                                       ] 3% Loading local repository...        
2025-11-02T02:10:53.0391943Z [                                       ] 3% Fetch remote repository...         
2025-11-02T02:10:53.3745425Z [=                                      ] 3% Fetch remote repository...         
2025-11-02T02:10:53.4475169Z [=                                      ] 4% Fetch remote repository...         
2025-11-02T02:10:53.4803487Z [=                                      ] 5% Fetch remote repository...         
2025-11-02T02:10:53.5487683Z [==                                     ] 5% Fetch remote repository...         
2025-11-02T02:10:53.6225078Z [==                                     ] 6% Fetch remote repository...         
2025-11-02T02:10:53.6783276Z [==                                     ] 7% Fetch remote repository...         
2025-11-02T02:10:53.6805598Z [==                                     ] 7% Computing updates...               
2025-11-02T02:10:53.6921590Z [===                                    ] 8% Computing updates...               
2025-11-02T02:10:53.7115317Z [===                                    ] 10% Computing updates...              
2025-11-02T02:10:54.1150629Z [===                                    ] 10% Installing Android Emulator       
2025-11-02T02:10:54.2392125Z [===                                    ] 10% Downloading emulator-linux_x64-142
2025-11-02T02:10:54.4207942Z [====                                   ] 10% Downloading emulator-linux_x64-142
2025-11-02T02:10:54.5875276Z [====                                   ] 11% Downloading emulator-linux_x64-142
2025-11-02T02:10:54.7432879Z [====                                   ] 12% Downloading emulator-linux_x64-142
2025-11-02T02:10:54.8606774Z [=====                                  ] 13% Downloading emulator-linux_x64-142
2025-11-02T02:10:54.9435237Z [=====                                  ] 14% Downloading emulator-linux_x64-142
2025-11-02T02:10:55.0127300Z [=====                                  ] 15% Downloading emulator-linux_x64-142
2025-11-02T02:10:55.0736514Z [======                                 ] 15% Downloading emulator-linux_x64-142
2025-11-02T02:10:55.2163822Z [======                                 ] 16% Downloading emulator-linux_x64-142
2025-11-02T02:10:55.3535782Z [======                                 ] 17% Downloading emulator-linux_x64-142
2025-11-02T02:10:55.4993512Z [=======                                ] 18% Downloading emulator-linux_x64-142
2025-11-02T02:10:55.6401098Z [=======                                ] 19% Downloading emulator-linux_x64-142
2025-11-02T02:10:55.6986934Z [=======                                ] 20% Downloading emulator-linux_x64-142
2025-11-02T02:10:55.7603728Z [========                               ] 20% Downloading emulator-linux_x64-142
2025-11-02T02:10:55.8577154Z [========                               ] 21% Downloading emulator-linux_x64-142
2025-11-02T02:10:55.9377391Z [========                               ] 21% Unzipping...                      
2025-11-02T02:10:55.9380580Z [========                               ] 21% Unzipping... emulator/            
2025-11-02T02:10:55.9408037Z [========                               ] 21% Unzipping... emulator/NOTICE.csv  
2025-11-02T02:10:55.9411354Z [========                               ] 21% Unzipping... emulator/bin64/      
2025-11-02T02:10:55.9413016Z [========                               ] 21% Unzipping... emulator/android-info
2025-11-02T02:10:55.9458371Z [========                               ] 21% Unzipping... emulator/NOTICE.txt  
2025-11-02T02:10:55.9459248Z [========                               ] 21% Unzipping... emulator/qemu/       
2025-11-02T02:10:55.9557311Z [========                               ] 21% Unzipping... emulator/mksdcard    
2025-11-02T02:10:55.9558272Z [========                               ] 21% Unzipping... emulator/lib64/      
2025-11-02T02:10:55.9918650Z [========                               ] 21% Unzipping... emulator/qsn         
2025-11-02T02:10:56.0179402Z [========                               ] 21% Unzipping... emulator/crashreport 
2025-11-02T02:10:56.0398701Z [========                               ] 21% Unzipping... emulator/crashpad_han
2025-11-02T02:10:56.0399732Z [========                               ] 21% Unzipping... emulator/lib/        
2025-11-02T02:10:56.0570493Z [========                               ] 21% Unzipping... emulator/emulator-che
2025-11-02T02:10:56.0660796Z [========                               ] 21% Unzipping... emulator/qemu-img    
2025-11-02T02:10:56.0673294Z [========                               ] 21% Unzipping... emulator/LICENSE     
2025-11-02T02:10:56.0677660Z [========                               ] 21% Unzipping... emulator/source.prope
2025-11-02T02:10:56.0681663Z [========                               ] 21% Unzipping... emulator/resources/  
2025-11-02T02:10:56.0732551Z [========                               ] 21% Unzipping... emulator/nimble_bridg
2025-11-02T02:10:56.1139016Z [========                               ] 22% Unzipping... emulator/nimble_bridg
2025-11-02T02:10:56.2407322Z [========                               ] 22% Unzipping... emulator/netsimd     
2025-11-02T02:10:56.2409444Z [========                               ] 22% Unzipping... emulator/include/    
2025-11-02T02:10:56.2496744Z [========                               ] 22% Unzipping... emulator/emulator    
2025-11-02T02:10:56.2522250Z [========                               ] 22% Unzipping... emulator/bin64/mkfs.e
2025-11-02T02:10:56.2558064Z [========                               ] 22% Unzipping... emulator/bin64/e2fsck
2025-11-02T02:10:56.2572819Z [========                               ] 22% Unzipping... emulator/bin64/resize
2025-11-02T02:10:56.2608423Z [========                               ] 22% Unzipping... emulator/bin64/fsck.e
2025-11-02T02:10:56.2631329Z [========                               ] 22% Unzipping... emulator/bin64/tune2f
2025-11-02T02:10:56.4258237Z [========                               ] 22% Unzipping... emulator/qemu/linux-x
2025-11-02T02:10:56.7758880Z [=========                              ] 23% Unzipping... emulator/qemu/linux-x
2025-11-02T02:10:57.1035836Z [=========                              ] 24% Unzipping... emulator/qemu/linux-x
2025-11-02T02:10:57.2843363Z [=========                              ] 25% Unzipping... emulator/qemu/linux-x
2025-11-02T02:10:57.3218082Z [==========                             ] 25% Unzipping... emulator/qemu/linux-x
2025-11-02T02:10:57.3221994Z [==========                             ] 25% Unzipping... emulator/lib64/libemu
2025-11-02T02:10:57.4656312Z [==========                             ] 25% Unzipping... emulator/lib64/liband
2025-11-02T02:10:57.4656901Z [==========                             ] 25% Unzipping... emulator/lib64/gles_a
2025-11-02T02:10:57.4746113Z [==========                             ] 25% Unzipping... emulator/lib64/libgfx
2025-11-02T02:10:57.5371064Z [==========                             ] 26% Unzipping... emulator/lib64/libgfx
2025-11-02T02:10:57.5505355Z [==========                             ] 26% Unzipping... emulator/lib64/libpro
2025-11-02T02:10:57.5506065Z [==========                             ] 26% Unzipping... emulator/lib64/qt/   
2025-11-02T02:10:57.5512520Z [==========                             ] 26% Unzipping... emulator/lib64/liband
2025-11-02T02:10:57.5638128Z [==========                             ] 26% Unzipping... emulator/lib64/libpro
2025-11-02T02:10:57.5794973Z [==========                             ] 26% Unzipping... emulator/lib64/liband
2025-11-02T02:10:57.5798777Z [==========                             ] 26% Unzipping... emulator/lib64/libima
2025-11-02T02:10:57.5800289Z [==========                             ] 26% Unzipping... emulator/lib64/gles_m
2025-11-02T02:10:57.5819949Z [==========                             ] 26% Unzipping... emulator/lib64/libtcm
2025-11-02T02:10:57.5858943Z [==========                             ] 26% Unzipping... emulator/lib64/liband
2025-11-02T02:10:57.5867137Z [==========                             ] 26% Unzipping... emulator/lib64/libdrm
2025-11-02T02:10:57.6095332Z [==========                             ] 26% Unzipping... emulator/lib64/liband
2025-11-02T02:10:57.6157952Z [==========                             ] 26% Unzipping... emulator/lib64/libc++
2025-11-02T02:10:57.6368596Z [==========                             ] 26% Unzipping... emulator/lib64/liband
2025-11-02T02:10:57.6440379Z [==========                             ] 26% Unzipping... emulator/lib64/libsha
2025-11-02T02:10:57.6440986Z [==========                             ] 26% Unzipping... emulator/lib64/gles_s
2025-11-02T02:10:57.6488943Z [==========                             ] 26% Unzipping... emulator/lib64/libabs
2025-11-02T02:10:57.6496670Z [==========                             ] 26% Unzipping... emulator/lib64/liband
2025-11-02T02:10:57.6551074Z [==========                             ] 26% Unzipping... emulator/lib64/libzst
2025-11-02T02:10:57.6624042Z [==========                             ] 26% Unzipping... emulator/lib64/libgli
2025-11-02T02:10:57.6625104Z [==========                             ] 26% Unzipping... emulator/lib64/vulkan
2025-11-02T02:10:57.6689758Z [==========                             ] 26% Unzipping... emulator/lib64/libc++
2025-11-02T02:10:57.7302728Z [==========                             ] 26% Unzipping... emulator/lib64/gles_a
2025-11-02T02:10:57.7303332Z [==========                             ] 26% Unzipping... emulator/lib64/qt/lib
2025-11-02T02:10:57.7304213Z [==========                             ] 26% Unzipping... emulator/lib64/qt/plu
2025-11-02T02:10:57.7305355Z [==========                             ] 26% Unzipping... emulator/lib64/qt/tra
2025-11-02T02:10:57.7306150Z [==========                             ] 26% Unzipping... emulator/lib64/qt/res
2025-11-02T02:10:57.7554733Z [==========                             ] 26% Unzipping... emulator/lib64/qt/lib
2025-11-02T02:10:58.1312182Z [==========                             ] 27% Unzipping... emulator/lib64/qt/lib
2025-11-02T02:10:58.5095736Z [===========                            ] 28% Unzipping... emulator/lib64/qt/lib
2025-11-02T02:10:58.8949612Z [===========                            ] 29% Unzipping... emulator/lib64/qt/lib
2025-11-02T02:10:58.9672538Z [===========                            ] 30% Unzipping... emulator/lib64/qt/lib
2025-11-02T02:10:58.9800782Z [===========                            ] 30% Unzipping... emulator/lib64/qt/plu
2025-11-02T02:10:59.0953090Z [===========                            ] 30% Unzipping... emulator/lib64/qt/tra
2025-11-02T02:10:59.1001312Z [===========                            ] 30% Unzipping... emulator/lib64/qt/res
2025-11-02T02:10:59.1715972Z [============                           ] 30% Unzipping... emulator/lib64/qt/res
2025-11-02T02:10:59.1777684Z [============                           ] 30% Unzipping... emulator/lib64/gles_m
2025-11-02T02:10:59.3607968Z [============                           ] 31% Unzipping... emulator/lib64/gles_m
2025-11-02T02:10:59.4295304Z [============                           ] 31% Unzipping... emulator/lib64/gles_s
2025-11-02T02:10:59.5359196Z [============                           ] 31% Unzipping... emulator/lib64/vulkan
2025-11-02T02:10:59.7642760Z [============                           ] 32% Unzipping... emulator/lib64/vulkan
2025-11-02T02:10:59.7646409Z [============                           ] 32% Unzipping... emulator/lib/ice_conf
2025-11-02T02:10:59.7649406Z [============                           ] 32% Unzipping... emulator/lib/emulator
2025-11-02T02:10:59.7683846Z [============                           ] 32% Unzipping... emulator/lib/rtc_serv
2025-11-02T02:10:59.7684916Z [============                           ] 32% Unzipping... emulator/lib/pc-bios/
2025-11-02T02:10:59.7685480Z [============                           ] 32% Unzipping... emulator/lib/cmake/  
2025-11-02T02:10:59.7685994Z [============                           ] 32% Unzipping... emulator/lib/snapshot
2025-11-02T02:10:59.7686496Z [============                           ] 32% Unzipping... emulator/lib/pkgconfi
2025-11-02T02:10:59.7687012Z [============                           ] 32% Unzipping... emulator/lib/emulator
2025-11-02T02:10:59.7981809Z [============                           ] 32% Unzipping... emulator/lib/libflatb
2025-11-02T02:10:59.7985926Z [============                           ] 32% Unzipping... emulator/lib/snapshot
2025-11-02T02:10:59.7988655Z [============                           ] 32% Unzipping... emulator/lib/control_
2025-11-02T02:10:59.7993482Z [============                           ] 32% Unzipping... emulator/lib/emulated
2025-11-02T02:10:59.7995803Z [============                           ] 32% Unzipping... emulator/lib/grpc_end
2025-11-02T02:10:59.7998637Z [============                           ] 32% Unzipping... emulator/lib/emu-orig
2025-11-02T02:10:59.8015248Z [============                           ] 32% Unzipping... emulator/lib/ca-bundl
2025-11-02T02:10:59.8021274Z [============                           ] 32% Unzipping... emulator/lib/hostapd.
2025-11-02T02:10:59.8024340Z [============                           ] 32% Unzipping... emulator/lib/rtc_serv
2025-11-02T02:10:59.8028931Z [============                           ] 32% Unzipping... emulator/lib/hardware
2025-11-02T02:10:59.8033837Z [============                           ] 32% Unzipping... emulator/lib/advanced
2025-11-02T02:10:59.8036845Z [============                           ] 32% Unzipping... emulator/lib/ui_contr
2025-11-02T02:10:59.8039222Z [============                           ] 32% Unzipping... emulator/lib/waterfal
2025-11-02T02:10:59.8041514Z [============                           ] 32% Unzipping... emulator/lib/adb_serv
2025-11-02T02:10:59.8047353Z [============                           ] 32% Unzipping... emulator/lib/emulator
2025-11-02T02:10:59.8198781Z [============                           ] 32% Unzipping... emulator/lib/pc-bios/
2025-11-02T02:10:59.8206783Z [============                           ] 32% Unzipping... emulator/lib/cmake/fl
2025-11-02T02:10:59.8208672Z [============                           ] 32% Unzipping... emulator/lib/pkgconfi
2025-11-02T02:10:59.8515892Z [============                           ] 32% Unzipping... emulator/resources/To
2025-11-02T02:10:59.8516555Z [============                           ] 32% Unzipping... emulator/resources/ma
2025-11-02T02:10:59.8527356Z [============                           ] 32% Unzipping... emulator/resources/po
2025-11-02T02:10:59.8598173Z [============                           ] 32% Unzipping... emulator/resources/ma
2025-11-02T02:10:59.8660983Z [============                           ] 32% Unzipping... emulator/include/flat
2025-11-02T02:10:59.9324799Z [=============                          ] 33% Unzipping... emulator/include/flat
2025-11-02T02:11:01.1412373Z [=====================                  ] 55% Unzipping... emulator/include/flat
2025-11-02T02:11:01.1869768Z [=====================                  ] 55% Installing Android SDK Tools emula
2025-11-02T02:11:01.2235157Z [=====================                  ] 55% Downloading sdk-tools-linux-433379
2025-11-02T02:11:01.2571378Z [======================                 ] 55% Downloading sdk-tools-linux-433379
2025-11-02T02:11:01.3164772Z [======================                 ] 56% Downloading sdk-tools-linux-433379
2025-11-02T02:11:01.3734862Z [======================                 ] 57% Downloading sdk-tools-linux-433379
2025-11-02T02:11:01.4175500Z [=======================                ] 58% Downloading sdk-tools-linux-433379
2025-11-02T02:11:01.4487781Z [=======================                ] 59% Downloading sdk-tools-linux-433379
2025-11-02T02:11:01.4681262Z [=======================                ] 60% Downloading sdk-tools-linux-433379
2025-11-02T02:11:01.4853502Z [========================               ] 60% Downloading sdk-tools-linux-433379
2025-11-02T02:11:01.5223345Z [========================               ] 61% Downloading sdk-tools-linux-433379
2025-11-02T02:11:01.5596264Z [========================               ] 62% Downloading sdk-tools-linux-433379
2025-11-02T02:11:01.5986531Z [=========================              ] 63% Downloading sdk-tools-linux-433379
2025-11-02T02:11:01.6349956Z [=========================              ] 64% Downloading sdk-tools-linux-433379
2025-11-02T02:11:01.6511762Z [=========================              ] 65% Downloading sdk-tools-linux-433379
2025-11-02T02:11:01.6706183Z [==========================             ] 65% Downloading sdk-tools-linux-433379
2025-11-02T02:11:01.6951400Z [==========================             ] 66% Downloading sdk-tools-linux-433379
2025-11-02T02:11:01.7500580Z [==========================             ] 66% Unzipping... emulator/include/flat
2025-11-02T02:11:01.7501549Z [==========================             ] 66% Unzipping... tools/               
2025-11-02T02:11:01.7502090Z [==========================             ] 66% Unzipping... tools/proguard/      
2025-11-02T02:11:01.7505160Z [==========================             ] 66% Unzipping... tools/proguard/licens
2025-11-02T02:11:01.7506428Z [==========================             ] 66% Unzipping... tools/proguard/lib/  
2025-11-02T02:11:01.7556573Z [==========================             ] 66% Unzipping... tools/proguard/lib/pr
2025-11-02T02:11:01.7559520Z [==========================             ] 66% Unzipping... tools/proguard/lib/re
2025-11-02T02:11:01.7569153Z [==========================             ] 66% Unzipping... tools/proguard/lib/pr
2025-11-02T02:11:01.7569763Z [==========================             ] 66% Unzipping... tools/proguard/ant/  
2025-11-02T02:11:01.7571786Z [==========================             ] 66% Unzipping... tools/proguard/ant/ta
2025-11-02T02:11:01.7572750Z [==========================             ] 66% Unzipping... tools/proguard/docs/ 
2025-11-02T02:11:01.7577099Z [==========================             ] 66% Unzipping... tools/proguard/docs/f
2025-11-02T02:11:01.7585009Z [==========================             ] 66% Unzipping... tools/proguard/docs/s
2025-11-02T02:11:01.7586731Z [==========================             ] 66% Unzipping... tools/proguard/docs/d
2025-11-02T02:11:01.7590652Z [==========================             ] 66% Unzipping... tools/proguard/docs/s
2025-11-02T02:11:01.7593348Z [==========================             ] 66% Unzipping... tools/proguard/docs/F
2025-11-02T02:11:01.7597829Z [==========================             ] 66% Unzipping... tools/proguard/docs/s
2025-11-02T02:11:01.7603650Z [==========================             ] 66% Unzipping... tools/proguard/docs/l
2025-11-02T02:11:01.7604695Z [==========================             ] 66% Unzipping... tools/proguard/docs/s
2025-11-02T02:11:01.7608478Z [==========================             ] 66% Unzipping... tools/proguard/docs/d
2025-11-02T02:11:01.7613833Z [==========================             ] 66% Unzipping... tools/proguard/docs/s
2025-11-02T02:11:01.7616404Z [==========================             ] 66% Unzipping... tools/proguard/docs/r
2025-11-02T02:11:01.7618251Z [==========================             ] 66% Unzipping... tools/proguard/docs/d
2025-11-02T02:11:01.7620630Z [==========================             ] 66% Unzipping... tools/proguard/docs/t
2025-11-02T02:11:01.7622918Z [==========================             ] 66% Unzipping... tools/proguard/docs/f
2025-11-02T02:11:01.7628293Z [==========================             ] 66% Unzipping... tools/proguard/docs/s
2025-11-02T02:11:01.7630746Z [==========================             ] 66% Unzipping... tools/proguard/docs/t
2025-11-02T02:11:01.7633457Z [==========================             ] 66% Unzipping... tools/proguard/docs/i
2025-11-02T02:11:01.7638323Z [==========================             ] 66% Unzipping... tools/proguard/docs/s
2025-11-02T02:11:01.7641125Z [==========================             ] 66% Unzipping... tools/proguard/docs/m
2025-11-02T02:11:01.7643169Z [==========================             ] 66% Unzipping... tools/proguard/docs/s
2025-11-02T02:11:01.7645508Z [==========================             ] 66% Unzipping... tools/proguard/docs/q
2025-11-02T02:11:01.7648489Z [==========================             ] 66% Unzipping... tools/proguard/docs/G
2025-11-02T02:11:01.7650742Z [==========================             ] 66% Unzipping... tools/proguard/docs/t
2025-11-02T02:11:01.7662214Z [==========================             ] 66% Unzipping... tools/proguard/docs/s
2025-11-02T02:11:01.7702012Z [==========================             ] 66% Unzipping... tools/proguard/docs/m
2025-11-02T02:11:01.7704868Z [==========================             ] 66% Unzipping... tools/proguard/docs/s
2025-11-02T02:11:01.7708871Z [==========================             ] 66% Unzipping... tools/proguard/docs/G
2025-11-02T02:11:01.7709466Z [==========================             ] 66% Unzipping... tools/proguard/docs/c
2025-11-02T02:11:01.7713826Z [==========================             ] 66% Unzipping... tools/proguard/docs/a
2025-11-02T02:11:01.7721777Z [==========================             ] 66% Unzipping... tools/proguard/docs/s
2025-11-02T02:11:01.7724415Z [==========================             ] 66% Unzipping... tools/proguard/docs/d
2025-11-02T02:11:01.7795720Z [==========================             ] 66% Unzipping... tools/proguard/exampl
2025-11-02T02:11:01.7796406Z [==========================             ] 66% Unzipping... tools/proguard/bin/  
2025-11-02T02:11:01.7800367Z [==========================             ] 66% Unzipping... tools/proguard/bin/pr
2025-11-02T02:11:01.7803092Z [==========================             ] 66% Unzipping... tools/proguard/bin/re
2025-11-02T02:11:01.7805429Z [==========================             ] 66% Unzipping... tools/proguard/README
2025-11-02T02:11:01.7810342Z [==========================             ] 66% Unzipping... tools/proguard/progua
2025-11-02T02:11:01.7811141Z [==========================             ] 66% Unzipping... tools/lib/           
2025-11-02T02:11:01.7845843Z [==========================             ] 66% Unzipping... tools/lib/bcpkix-jdk1
2025-11-02T02:11:01.7853315Z [==========================             ] 66% Unzipping... tools/lib/org-eclipse
2025-11-02T02:11:01.7863380Z [==========================             ] 66% Unzipping... tools/lib/manifest-me
2025-11-02T02:11:01.7869237Z [==========================             ] 66% Unzipping... tools/lib/jcommander-
2025-11-02T02:11:01.7882082Z [==========================             ] 66% Unzipping... tools/lib/gson-2.3.ja
2025-11-02T02:11:01.7884239Z [==========================             ] 66% Unzipping... tools/lib/ddms-26.0.0
2025-11-02T02:11:01.7887682Z [==========================             ] 66% Unzipping... tools/lib/asm-tree-5.
2025-11-02T02:11:01.7933305Z [==========================             ] 66% Unzipping... tools/lib/uast-26.0.0
2025-11-02T02:11:01.7942488Z [==========================             ] 66% Unzipping... tools/lib/dexlib2-2.2
2025-11-02T02:11:01.7981434Z [==========================             ] 67% Unzipping... tools/lib/dexlib2-2.2
2025-11-02T02:11:01.7986456Z [==========================             ] 67% Unzipping... tools/lib/android.el 
2025-11-02T02:11:01.7989938Z [==========================             ] 67% Unzipping... tools/lib/apkanalyzer
2025-11-02T02:11:01.8111621Z [==========================             ] 67% Unzipping... tools/lib/guava-22.0.
2025-11-02T02:11:01.8140719Z [==========================             ] 67% Unzipping... tools/lib/lint-api-26
2025-11-02T02:11:01.8149765Z [==========================             ] 67% Unzipping... tools/lib/baksmali-2.
2025-11-02T02:11:01.8153732Z [==========================             ] 67% Unzipping... tools/lib/shared.jar 
2025-11-02T02:11:01.8162507Z [==========================             ] 67% Unzipping... tools/lib/jsr305-1.3.
2025-11-02T02:11:01.8183887Z [==========================             ] 67% Unzipping... tools/lib/httpclient-
2025-11-02T02:11:01.8293663Z [==========================             ] 67% Unzipping... tools/lib/ecj-4.6.1.j
2025-11-02T02:11:01.8298203Z [==========================             ] 67% Unzipping... tools/lib/jobb-26.0.0
2025-11-02T02:11:01.8316857Z [==========================             ] 67% Unzipping... tools/lib/jcommon-1.0
2025-11-02T02:11:01.8321950Z [==========================             ] 67% Unzipping... tools/lib/kxml2-2.3.0
2025-11-02T02:11:01.8385756Z [==========================             ] 67% Unzipping... tools/lib/jfreechart-
2025-11-02T02:11:01.8398612Z [==========================             ] 67% Unzipping... tools/lib/common-26.0
2025-11-02T02:11:01.8451695Z [==========================             ] 67% Unzipping... tools/lib/lint-checks
2025-11-02T02:11:01.8576581Z [==========================             ] 67% Unzipping... tools/lib/kotlin-refl
2025-11-02T02:11:01.8577151Z [==========================             ] 67% Unzipping... tools/lib/builder-mod
2025-11-02T02:11:01.8610245Z [==========================             ] 67% Unzipping... tools/lib/sdklib-26.0
2025-11-02T02:11:01.8617658Z [==========================             ] 67% Unzipping... tools/lib/layoutlib-a
2025-11-02T02:11:01.8621946Z [==========================             ] 67% Unzipping... tools/lib/annotations
2025-11-02T02:11:01.8629907Z [==========================             ] 67% Unzipping... tools/lib/fat32lib.ja
2025-11-02T02:11:01.8633308Z [==========================             ] 67% Unzipping... tools/lib/jsr305-3.0.
2025-11-02T02:11:01.8687547Z [==========================             ] 67% Unzipping... tools/lib/org-eclipse
2025-11-02T02:11:01.8690383Z [==========================             ] 67% Unzipping... tools/lib/error_prone
2025-11-02T02:11:01.8698370Z [==========================             ] 67% Unzipping... tools/lib/org-eclipse
2025-11-02T02:11:01.8702003Z [==========================             ] 67% Unzipping... tools/lib/animal-snif
2025-11-02T02:11:01.8736847Z [==========================             ] 67% Unzipping... tools/lib/asset-studi
2025-11-02T02:11:01.8773809Z [===========================            ] 68% Unzipping... tools/lib/asset-studi
2025-11-02T02:11:01.8781946Z [===========================            ] 68% Unzipping... tools/lib/repository-
2025-11-02T02:11:01.8785729Z [===========================            ] 68% Unzipping... tools/lib/dvlib-26.0.
2025-11-02T02:11:01.8815031Z [===========================            ] 68% Unzipping... tools/lib/jsilver-1.0
2025-11-02T02:11:01.8820125Z [===========================            ] 68% Unzipping... tools/lib/asm-5.1.jar
2025-11-02T02:11:01.8822987Z [===========================            ] 68% Unzipping... tools/lib/devices.xml
2025-11-02T02:11:01.8826421Z [===========================            ] 68% Unzipping... tools/lib/asm-analysi
2025-11-02T02:11:01.8848400Z [===========================            ] 68% Unzipping... tools/lib/hierarchyvi
2025-11-02T02:11:01.8855873Z [===========================            ] 68% Unzipping... tools/lib/monkeyrunne
2025-11-02T02:11:01.8862125Z [===========================            ] 68% Unzipping... tools/lib/uiautomator
2025-11-02T02:11:01.8864925Z [===========================            ] 68% Unzipping... tools/lib/archquery-2
2025-11-02T02:11:01.8870200Z [===========================            ] 68% Unzipping... tools/lib/chimpchat-2
2025-11-02T02:11:01.8874584Z [===========================            ] 68% Unzipping... tools/lib/explainer.j
2025-11-02T02:11:01.8893513Z [===========================            ] 68% Unzipping... tools/lib/ddmlib-26.0
2025-11-02T02:11:01.8896796Z [===========================            ] 68% Unzipping... tools/lib/swtmenubar-
2025-11-02T02:11:01.8967398Z [===========================            ] 68% Unzipping... tools/lib/osgi-4.0.0.
2025-11-02T02:11:01.8968269Z [===========================            ] 68% Unzipping... tools/lib/x86_64/    
2025-11-02T02:11:01.9041952Z [===========================            ] 68% Unzipping... tools/lib/x86_64/swt.
2025-11-02T02:11:01.9501623Z [===========================            ] 68% Unzipping... tools/lib/monitor-x86
2025-11-02T02:11:02.0320797Z [===========================            ] 69% Unzipping... tools/lib/monitor-x86
2025-11-02T02:11:02.0785477Z [===========================            ] 70% Unzipping... tools/lib/monitor-x86
2025-11-02T02:11:02.1175215Z [============================           ] 70% Unzipping... tools/lib/monitor-x86
2025-11-02T02:11:02.2687722Z [============================           ] 71% Unzipping... tools/lib/monitor-x86
2025-11-02T02:11:02.2689132Z [============================           ] 71% Unzipping... tools/lib/httpmime-4.
2025-11-02T02:11:02.2691976Z [============================           ] 71% Unzipping... tools/lib/annotations
2025-11-02T02:11:02.2705709Z [============================           ] 71% Unzipping... tools/lib/lint-26.0.0
2025-11-02T02:11:02.2712072Z [============================           ] 71% Unzipping... tools/lib/apkanalyzer
2025-11-02T02:11:02.2717987Z [============================           ] 71% Unzipping... tools/lib/binary-reso
2025-11-02T02:11:02.2723294Z [============================           ] 71% Unzipping... tools/lib/jopt-simple
2025-11-02T02:11:02.2729227Z [============================           ] 71% Unzipping... tools/lib/util-2.2.1.
2025-11-02T02:11:02.2748570Z [============================           ] 71% Unzipping... tools/lib/ddmuilib-26
2025-11-02T02:11:02.2763116Z [============================           ] 72% Unzipping... tools/lib/ddmuilib-26
2025-11-02T02:11:02.2828249Z [============================           ] 72% Unzipping... tools/lib/sdk-common-
2025-11-02T02:11:02.2840322Z [============================           ] 72% Unzipping... tools/lib/traceview-2
2025-11-02T02:11:02.2858600Z [============================           ] 72% Unzipping... tools/lib/httpcore-4.
2025-11-02T02:11:02.2861576Z [============================           ] 72% Unzipping... tools/lib/screenshot2
2025-11-02T02:11:02.2879634Z [============================           ] 72% Unzipping... tools/lib/commons-cod
2025-11-02T02:11:02.2882134Z [============================           ] 72% Unzipping... tools/lib/proguard-pr
2025-11-02T02:11:02.3443262Z [============================           ] 72% Unzipping... tools/lib/jython-stan
2025-11-02T02:11:02.3501549Z [=============================          ] 73% Unzipping... tools/lib/jython-stan
2025-11-02T02:11:02.3505582Z [=============================          ] 73% Unzipping... tools/lib/annotations
2025-11-02T02:11:02.3510545Z [=============================          ] 73% Unzipping... tools/lib/commons-log
2025-11-02T02:11:02.3574735Z [=============================          ] 73% Unzipping... tools/lib/protobuf-ja
2025-11-02T02:11:02.3579362Z [=============================          ] 73% Unzipping... tools/lib/fakeadbserv
2025-11-02T02:11:02.3730016Z [=============================          ] 73% Unzipping... tools/lib/bcprov-jdk1
2025-11-02T02:11:02.3730744Z [=============================          ] 73% Unzipping... tools/lib/x86/       
2025-11-02T02:11:02.3797701Z [=============================          ] 73% Unzipping... tools/lib/x86/swt.jar
2025-11-02T02:11:02.3840843Z [=============================          ] 73% Unzipping... tools/lib/kotlin-stdl
2025-11-02T02:11:02.3864084Z [=============================          ] 73% Unzipping... tools/lib/commons-com
2025-11-02T02:11:02.3900757Z [=============================          ] 73% Unzipping... tools/lib/lombok-ast-
2025-11-02T02:11:02.3930909Z [=============================          ] 73% Unzipping... tools/lib/trove4j-201
2025-11-02T02:11:02.4160492Z [=============================          ] 73% Unzipping... tools/lib/intellij-co
2025-11-02T02:11:02.4309722Z [=============================          ] 74% Unzipping... tools/lib/intellij-co
2025-11-02T02:11:02.4321838Z [=============================          ] 74% Unzipping... tools/lib/jimfs-1.1.j
2025-11-02T02:11:02.4324775Z [=============================          ] 74% Unzipping... tools/lib/j2objc-anno
2025-11-02T02:11:02.4330964Z [=============================          ] 74% Unzipping... tools/lib/jfreechart-
2025-11-02T02:11:02.4792054Z [=============================          ] 74% Unzipping... tools/lib/monitor-x86
2025-11-02T02:11:02.5191116Z [=============================          ] 75% Unzipping... tools/lib/monitor-x86
2025-11-02T02:11:02.5552083Z [==============================         ] 75% Unzipping... tools/lib/monitor-x86
2025-11-02T02:11:02.6370796Z [==============================         ] 76% Unzipping... tools/lib/monitor-x86
2025-11-02T02:11:02.7730728Z [==============================         ] 77% Unzipping... tools/lib/monitor-x86
2025-11-02T02:11:02.7735053Z [==============================         ] 77% Unzipping... tools/lib/generator.j
2025-11-02T02:11:02.7736727Z [==============================         ] 77% Unzipping... tools/source.properti
2025-11-02T02:11:02.7737350Z [==============================         ] 77% Unzipping... tools/bin/           
2025-11-02T02:11:02.7740019Z [==============================         ] 77% Unzipping... tools/bin/avdmanager 
2025-11-02T02:11:02.7742495Z [==============================         ] 77% Unzipping... tools/bin/jobb       
2025-11-02T02:11:02.7744757Z [==============================         ] 77% Unzipping... tools/bin/uiautomator
2025-11-02T02:11:02.7747036Z [==============================         ] 77% Unzipping... tools/bin/apkanalyzer
2025-11-02T02:11:02.7750368Z [==============================         ] 77% Unzipping... tools/bin/monkeyrunne
2025-11-02T02:11:02.7751395Z [==============================         ] 77% Unzipping... tools/bin/archquery  
2025-11-02T02:11:02.7754236Z [==============================         ] 77% Unzipping... tools/bin/sdkmanager 
2025-11-02T02:11:02.7756972Z [==============================         ] 77% Unzipping... tools/bin/lint       
2025-11-02T02:11:02.7759205Z [==============================         ] 77% Unzipping... tools/bin/screenshot2
2025-11-02T02:11:02.7783023Z [==============================         ] 77% Unzipping... tools/NOTICE.txt     
2025-11-02T02:11:02.7819909Z [==============================         ] 77% Unzipping... tools/emulator       
2025-11-02T02:11:02.7844109Z [==============================         ] 77% Unzipping... tools/emulator-check 
2025-11-02T02:11:02.7846715Z [==============================         ] 77% Unzipping... tools/monitor        
2025-11-02T02:11:02.7848886Z [==============================         ] 77% Unzipping... tools/android        
2025-11-02T02:11:02.7851484Z [==============================         ] 77% Unzipping... tools/mksdcard       
2025-11-02T02:11:02.7851939Z [==============================         ] 77% Unzipping... tools/support/       
2025-11-02T02:11:02.7858247Z [==============================         ] 77% Unzipping... tools/support/typos-d
2025-11-02T02:11:02.7861564Z [==============================         ] 77% Unzipping... tools/support/typos-e
2025-11-02T02:11:02.7863369Z [==============================         ] 77% Unzipping... tools/support/annotat
2025-11-02T02:11:02.7871070Z [==============================         ] 77% Unzipping... tools/support/typos-e
2025-11-02T02:11:02.7874781Z [==============================         ] 77% Unzipping... tools/support/typos-t
2025-11-02T02:11:02.7879223Z [==============================         ] 77% Unzipping... tools/support/typos-p
2025-11-02T02:11:02.7882622Z [==============================         ] 77% Unzipping... tools/support/typos-i
2025-11-02T02:11:02.7885819Z [==============================         ] 77% Unzipping... tools/support/typos-n
2025-11-02T02:11:02.7889361Z [==============================         ] 77% Unzipping... tools/support/typos-h
2025-11-02T02:11:02.8185225Z [==============================         ] 78% Unzipping... tools/support/typos-h
2025-11-02T02:11:02.8185971Z [=======================================] 100% Unzipping... tools/support/typos-
2025-11-02T02:11:02.8236804Z 
2025-11-02T02:11:02.8380681Z [command]/usr/local/lib/android/sdk/cmdline-tools/16.0/bin/sdkmanager platform-tools
2025-11-02T02:11:03.5774949Z Loading package information...                                                  
2025-11-02T02:11:03.6686089Z Loading local repository...                                                     
2025-11-02T02:11:03.6688844Z [                                       ] 3% Loading local repository...        
2025-11-02T02:11:03.6798262Z [                                       ] 3% Fetch remote repository...         
2025-11-02T02:11:03.9511177Z [=                                      ] 3% Fetch remote repository...         
2025-11-02T02:11:04.0897677Z [=                                      ] 4% Fetch remote repository...         
2025-11-02T02:11:04.1205325Z [=                                      ] 5% Fetch remote repository...         
2025-11-02T02:11:04.1813241Z [==                                     ] 5% Fetch remote repository...         
2025-11-02T02:11:04.2542601Z [==                                     ] 6% Fetch remote repository...         
2025-11-02T02:11:04.3335652Z [==                                     ] 7% Fetch remote repository...         
2025-11-02T02:11:04.3336554Z [==                                     ] 7% Computing updates...               
2025-11-02T02:11:04.3437830Z [===                                    ] 8% Computing updates...               
2025-11-02T02:11:04.3487852Z [===                                    ] 10% Computing updates...              
2025-11-02T02:11:04.3495362Z [=======================================] 100% Computing updates...             
2025-11-02T02:11:04.3495794Z 
2025-11-02T02:11:04.3837481Z ##[group]Run mkdir -p gradle/wrapper
2025-11-02T02:11:04.3837831Z [36;1mmkdir -p gradle/wrapper[0m
2025-11-02T02:11:04.3838455Z [36;1mcurl -L -o gradle/wrapper/gradle-wrapper.jar https://raw.githubusercontent.com/gradle/gradle/master/gradle/wrapper/gradle-wrapper.jar[0m
2025-11-02T02:11:04.3876493Z shell: /usr/bin/bash -e {0}
2025-11-02T02:11:04.3876732Z env:
2025-11-02T02:11:04.3876908Z   CARGO_INCREMENTAL: 0
2025-11-02T02:11:04.3877124Z   RUST_BACKTRACE: short
2025-11-02T02:11:04.3877310Z   HUSKY: 0
2025-11-02T02:11:04.3877601Z   JAVA_HOME: /opt/hostedtoolcache/Java_Temurin-Hotspot_jdk/17.0.17-10/x64
2025-11-02T02:11:04.3878060Z   JAVA_HOME_17_X64: /opt/hostedtoolcache/Java_Temurin-Hotspot_jdk/17.0.17-10/x64
2025-11-02T02:11:04.3878440Z   ANDROID_HOME: /usr/local/lib/android/sdk
2025-11-02T02:11:04.3878712Z   ANDROID_SDK_ROOT: /usr/local/lib/android/sdk
2025-11-02T02:11:04.3878953Z ##[endgroup]
2025-11-02T02:11:04.4038536Z   % Total    % Received % Xferd  Average Speed   Time    Time     Time  Current
2025-11-02T02:11:04.4039326Z                                  Dload  Upload   Total   Spent    Left  Speed
2025-11-02T02:11:04.4039681Z 
2025-11-02T02:11:04.4402609Z   0     0    0     0    0     0      0      0 --:--:-- --:--:-- --:--:--     0
2025-11-02T02:11:04.4403322Z 100 45633  100 45633    0     0  1218k      0 --:--:-- --:--:-- --:--:-- 1237k
2025-11-02T02:11:04.4452916Z ##[group]Run chmod +x gradlew
2025-11-02T02:11:04.4453197Z [36;1mchmod +x gradlew[0m
2025-11-02T02:11:04.4487566Z shell: /usr/bin/bash -e {0}
2025-11-02T02:11:04.4487784Z env:
2025-11-02T02:11:04.4487969Z   CARGO_INCREMENTAL: 0
2025-11-02T02:11:04.4488162Z   RUST_BACKTRACE: short
2025-11-02T02:11:04.4488353Z   HUSKY: 0
2025-11-02T02:11:04.4488632Z   JAVA_HOME: /opt/hostedtoolcache/Java_Temurin-Hotspot_jdk/17.0.17-10/x64
2025-11-02T02:11:04.4489098Z   JAVA_HOME_17_X64: /opt/hostedtoolcache/Java_Temurin-Hotspot_jdk/17.0.17-10/x64
2025-11-02T02:11:04.4489466Z   ANDROID_HOME: /usr/local/lib/android/sdk
2025-11-02T02:11:04.4489730Z   ANDROID_SDK_ROOT: /usr/local/lib/android/sdk
2025-11-02T02:11:04.4489975Z ##[endgroup]
2025-11-02T02:11:04.4598339Z ##[group]Run if [ "universal" == "universal" ]; then
2025-11-02T02:11:04.4598687Z [36;1mif [ "universal" == "universal" ]; then[0m
2025-11-02T02:11:04.4598951Z [36;1m  ./gradlew assembleRelease[0m
2025-11-02T02:11:04.4599226Z [36;1melif [ "universal" == "aarch64" ]; then[0m
2025-11-02T02:11:04.4599590Z [36;1m  ./gradlew assembleRelease -Pandroid.injected.build.abi=arm64-v8a[0m
2025-11-02T02:11:04.4599981Z [36;1melif [ "universal" == "armv7" ]; then[0m
2025-11-02T02:11:04.4600351Z [36;1m  ./gradlew assembleRelease -Pandroid.injected.build.abi=armeabi-v7a[0m
2025-11-02T02:11:04.4600726Z [36;1melif [ "universal" == "x86_64" ]; then[0m
2025-11-02T02:11:04.4601071Z [36;1m  ./gradlew assembleRelease -Pandroid.injected.build.abi=x86_64[0m
2025-11-02T02:11:04.4601391Z [36;1mfi[0m
2025-11-02T02:11:04.4632821Z shell: /usr/bin/bash -e {0}
2025-11-02T02:11:04.4633210Z env:
2025-11-02T02:11:04.4633376Z   CARGO_INCREMENTAL: 0
2025-11-02T02:11:04.4633620Z   RUST_BACKTRACE: short
2025-11-02T02:11:04.4633805Z   HUSKY: 0
2025-11-02T02:11:04.4634077Z   JAVA_HOME: /opt/hostedtoolcache/Java_Temurin-Hotspot_jdk/17.0.17-10/x64
2025-11-02T02:11:04.4634746Z   JAVA_HOME_17_X64: /opt/hostedtoolcache/Java_Temurin-Hotspot_jdk/17.0.17-10/x64
2025-11-02T02:11:04.4635121Z   ANDROID_HOME: /usr/local/lib/android/sdk
2025-11-02T02:11:04.4635385Z   ANDROID_SDK_ROOT: /usr/local/lib/android/sdk
2025-11-02T02:11:04.4635643Z   NODE_OPTIONS: --max_old_space_size=4096
2025-11-02T02:11:04.4635874Z ##[endgroup]
2025-11-02T02:11:04.5466494Z Downloading https://services.gradle.org/distributions/gradle-8.5-bin.zip
2025-11-02T02:11:06.4589187Z ............10%.............20%............30%.............40%.............50%............60%.............70%.............80%............90%.............100%
2025-11-02T02:11:07.6312457Z 
2025-11-02T02:11:07.6314240Z Welcome to Gradle 8.5!
2025-11-02T02:11:07.6314849Z 
2025-11-02T02:11:07.6316657Z Here are the highlights of this release:
2025-11-02T02:11:07.6317323Z  - Support for running on Java 21
2025-11-02T02:11:07.6321178Z  - Faster first use with Kotlin DSL
2025-11-02T02:11:07.6321981Z  - Improved error and warning messages
2025-11-02T02:11:07.6322286Z 
2025-11-02T02:11:07.6325177Z For more details see https://docs.gradle.org/8.5/release-notes.html
2025-11-02T02:11:07.6326260Z 
2025-11-02T02:11:08.0304962Z Starting a Gradle Daemon (subsequent builds will be faster)
2025-11-02T02:11:11.8307059Z Calculating task graph as no cached configuration is available for tasks: assembleRelease
2025-11-02T02:11:59.2303011Z 
2025-11-02T02:11:59.2308364Z FAILURE: Build failed with an exception.
2025-11-02T02:11:59.2309204Z 
2025-11-02T02:11:59.2310188Z * Where:
2025-11-02T02:11:59.2316529Z Build file '/home/runner/work/shouj/shouj/mobile/build.gradle.kts' line: 16
2025-11-02T02:11:59.2326195Z 
2025-11-02T02:11:59.2331197Z * What went wrong:
2025-11-02T02:11:59.2332527Z Build was configured to prefer settings repositories over project repositories but repository 'Google' was added by build file 'build.gradle.kts'
2025-11-02T02:11:59.2333461Z 
2025-11-02T02:11:59.2333584Z * Try:
2025-11-02T02:11:59.2334082Z > Run with --stacktrace option to get the stack trace.
2025-11-02T02:11:59.2335020Z > Run with --info or --debug option to get more log output.
2025-11-02T02:11:59.2335680Z > Run with --scan to get full insights.
2025-11-02T02:11:59.2336271Z > Get more help at https://help.gradle.org.
2025-11-02T02:11:59.2336606Z 
2025-11-02T02:11:59.2336787Z BUILD FAILED in 54s
2025-11-02T02:11:59.2337276Z Configuration cache entry stored.
2025-11-02T02:11:59.7068392Z ##[error]Process completed with exit code 1.
2025-11-02T02:11:59.7147862Z Post job cleanup.
2025-11-02T02:11:59.8935981Z Post job cleanup.
2025-11-02T02:11:59.9883936Z [command]/usr/bin/git version
2025-11-02T02:11:59.9921217Z git version 2.51.2
2025-11-02T02:11:59.9971363Z Temporarily overriding HOME='/home/runner/work/_temp/1b94201c-7b00-4329-badc-c4294d080ebc' before making global git config changes
2025-11-02T02:11:59.9972742Z Adding repository directory to the temporary git global config as a safe directory
2025-11-02T02:11:59.9984920Z [command]/usr/bin/git config --global --add safe.directory /home/runner/work/shouj/shouj
2025-11-02T02:12:00.0022833Z [command]/usr/bin/git config --local --name-only --get-regexp core\.sshCommand
2025-11-02T02:12:00.0056075Z [command]/usr/bin/git submodule foreach --recursive sh -c "git config --local --name-only --get-regexp 'core\.sshCommand' && git config --local --unset-all 'core.sshCommand' || :"
2025-11-02T02:12:00.0308767Z [command]/usr/bin/git config --local --name-only --get-regexp http\.https\:\/\/github\.com\/\.extraheader
2025-11-02T02:12:00.0332674Z http.https://github.com/.extraheader
2025-11-02T02:12:00.0349380Z [command]/usr/bin/git config --local --unset-all http.https://github.com/.extraheader
2025-11-02T02:12:00.0383745Z [command]/usr/bin/git submodule foreach --recursive sh -c "git config --local --name-only --get-regexp 'http\.https\:\/\/github\.com\/\.extraheader' && git config --local --unset-all 'http.https://github.com/.extraheader' || :"
2025-11-02T02:12:00.0751203Z Cleaning up orphan processes
2025-11-02T02:12:00.1111284Z Terminate orphan process: pid (2364) (java)
