2025-11-02T02:16:49.3379756Z Current runner version: '2.329.0'
2025-11-02T02:16:49.3402998Z ##[group]Runner Image Provisioner
2025-11-02T02:16:49.3403855Z Hosted Compute Agent
2025-11-02T02:16:49.3404413Z Version: 20251016.436
2025-11-02T02:16:49.3404972Z Commit: 8ab8ac8bfd662a3739dab9fe09456aba92132568
2025-11-02T02:16:49.3405705Z Build Date: 2025-10-15T20:44:12Z
2025-11-02T02:16:49.3406278Z ##[endgroup]
2025-11-02T02:16:49.3406800Z ##[group]Operating System
2025-11-02T02:16:49.3407424Z Ubuntu
2025-11-02T02:16:49.3408022Z 24.04.3
2025-11-02T02:16:49.3408504Z LTS
2025-11-02T02:16:49.3408917Z ##[endgroup]
2025-11-02T02:16:49.3409470Z ##[group]Runner Image
2025-11-02T02:16:49.3409972Z Image: ubuntu-24.04
2025-11-02T02:16:49.3410491Z Version: 20251030.96.2
2025-11-02T02:16:49.3411511Z Included Software: https://github.com/actions/runner-images/blob/ubuntu24/20251030.96/images/ubuntu/Ubuntu2404-Readme.md
2025-11-02T02:16:49.3413057Z Image Release: https://github.com/actions/runner-images/releases/tag/ubuntu24%2F20251030.96
2025-11-02T02:16:49.3414058Z ##[endgroup]
2025-11-02T02:16:49.3416457Z ##[group]GITHUB_TOKEN Permissions
2025-11-02T02:16:49.3418734Z Actions: write
2025-11-02T02:16:49.3419283Z Attestations: write
2025-11-02T02:16:49.3419765Z Checks: write
2025-11-02T02:16:49.3420321Z Contents: write
2025-11-02T02:16:49.3420783Z Deployments: write
2025-11-02T02:16:49.3421296Z Discussions: write
2025-11-02T02:16:49.3421958Z Issues: write
2025-11-02T02:16:49.3422405Z Metadata: read
2025-11-02T02:16:49.3422883Z Models: read
2025-11-02T02:16:49.3423370Z Packages: write
2025-11-02T02:16:49.3423884Z Pages: write
2025-11-02T02:16:49.3424337Z PullRequests: write
2025-11-02T02:16:49.3425220Z RepositoryProjects: write
2025-11-02T02:16:49.3425783Z SecurityEvents: write
2025-11-02T02:16:49.3426399Z Statuses: write
2025-11-02T02:16:49.3426928Z ##[endgroup]
2025-11-02T02:16:49.3429397Z Secret source: Actions
2025-11-02T02:16:49.3430128Z Prepare workflow directory
2025-11-02T02:16:49.3808187Z Prepare all required actions
2025-11-02T02:16:49.3846185Z Getting action download info
2025-11-02T02:16:49.8373490Z Download action repository 'actions/checkout@v4' (SHA:08eba0b27e820071cde6df949e0beb9ba4906955)
2025-11-02T02:16:50.3049278Z Download action repository 'actions/setup-java@v4' (SHA:c5195efecf7bdfc987ee8bae7a71cb8b11521c00)
2025-11-02T02:16:50.9552148Z Download action repository 'android-actions/setup-android@v3' (SHA:9fc6c4e9069bf8d3d10b2204b1fb8f6ef7065407)
2025-11-02T02:16:51.3981483Z Download action repository 'actions/upload-artifact@v4' (SHA:ea165f8d65b6e75b540449e92b4886f43607fa02)
2025-11-02T02:16:51.6580279Z Complete job name: Build Android APK (armv7)
2025-11-02T02:16:51.7377769Z ##[group]Run actions/checkout@v4
2025-11-02T02:16:51.7379222Z with:
2025-11-02T02:16:51.7379943Z   fetch-depth: 0
2025-11-02T02:16:51.7380752Z   repository: xiehaibo11/shouj
2025-11-02T02:16:51.7381948Z   token: ***
2025-11-02T02:16:51.7382695Z   ssh-strict: true
2025-11-02T02:16:51.7383484Z   ssh-user: git
2025-11-02T02:16:51.7384289Z   persist-credentials: true
2025-11-02T02:16:51.7385194Z   clean: true
2025-11-02T02:16:51.7386010Z   sparse-checkout-cone-mode: true
2025-11-02T02:16:51.7386997Z   fetch-tags: false
2025-11-02T02:16:51.7387800Z   show-progress: true
2025-11-02T02:16:51.7388793Z   lfs: false
2025-11-02T02:16:51.7389547Z   submodules: false
2025-11-02T02:16:51.7390359Z   set-safe-directory: true
2025-11-02T02:16:51.7391466Z env:
2025-11-02T02:16:51.7392172Z   CARGO_INCREMENTAL: 0
2025-11-02T02:16:51.7393016Z   RUST_BACKTRACE: short
2025-11-02T02:16:51.7393833Z   HUSKY: 0
2025-11-02T02:16:51.7394535Z ##[endgroup]
2025-11-02T02:16:51.8450141Z Syncing repository: xiehaibo11/shouj
2025-11-02T02:16:51.8453003Z ##[group]Getting Git version info
2025-11-02T02:16:51.8454252Z Working directory is '/home/runner/work/shouj/shouj'
2025-11-02T02:16:51.8456043Z [command]/usr/bin/git version
2025-11-02T02:16:51.9227085Z git version 2.51.2
2025-11-02T02:16:51.9260818Z ##[endgroup]
2025-11-02T02:16:51.9282425Z Temporarily overriding HOME='/home/runner/work/_temp/e1740d9b-5c89-4317-8348-df1ec9ae1802' before making global git config changes
2025-11-02T02:16:51.9285433Z Adding repository directory to the temporary git global config as a safe directory
2025-11-02T02:16:51.9287871Z [command]/usr/bin/git config --global --add safe.directory /home/runner/work/shouj/shouj
2025-11-02T02:16:51.9359854Z Deleting the contents of '/home/runner/work/shouj/shouj'
2025-11-02T02:16:51.9363258Z ##[group]Initializing the repository
2025-11-02T02:16:51.9367301Z [command]/usr/bin/git init /home/runner/work/shouj/shouj
2025-11-02T02:16:52.0213760Z hint: Using 'master' as the name for the initial branch. This default branch name
2025-11-02T02:16:52.0216277Z hint: is subject to change. To configure the initial branch name to use in all
2025-11-02T02:16:52.0218675Z hint: of your new repositories, which will suppress this warning, call:
2025-11-02T02:16:52.0220073Z hint:
2025-11-02T02:16:52.0221025Z hint: 	git config --global init.defaultBranch <name>
2025-11-02T02:16:52.0222188Z hint:
2025-11-02T02:16:52.0223300Z hint: Names commonly chosen instead of 'master' are 'main', 'trunk' and
2025-11-02T02:16:52.0225118Z hint: 'development'. The just-created branch can be renamed via this command:
2025-11-02T02:16:52.0226555Z hint:
2025-11-02T02:16:52.0227299Z hint: 	git branch -m <name>
2025-11-02T02:16:52.0228435Z hint:
2025-11-02T02:16:52.0229645Z hint: Disable this message with "git config set advice.defaultBranchName false"
2025-11-02T02:16:52.0297279Z Initialized empty Git repository in /home/runner/work/shouj/shouj/.git/
2025-11-02T02:16:52.0310870Z [command]/usr/bin/git remote add origin https://github.com/xiehaibo11/shouj
2025-11-02T02:16:52.0384004Z ##[endgroup]
2025-11-02T02:16:52.0386480Z ##[group]Disabling automatic garbage collection
2025-11-02T02:16:52.0389007Z [command]/usr/bin/git config --local gc.auto 0
2025-11-02T02:16:52.0417354Z ##[endgroup]
2025-11-02T02:16:52.0419830Z ##[group]Setting up auth
2025-11-02T02:16:52.0424820Z [command]/usr/bin/git config --local --name-only --get-regexp core\.sshCommand
2025-11-02T02:16:52.0453960Z [command]/usr/bin/git submodule foreach --recursive sh -c "git config --local --name-only --get-regexp 'core\.sshCommand' && git config --local --unset-all 'core.sshCommand' || :"
2025-11-02T02:16:52.1909253Z [command]/usr/bin/git config --local --name-only --get-regexp http\.https\:\/\/github\.com\/\.extraheader
2025-11-02T02:16:52.1941801Z [command]/usr/bin/git submodule foreach --recursive sh -c "git config --local --name-only --get-regexp 'http\.https\:\/\/github\.com\/\.extraheader' && git config --local --unset-all 'http.https://github.com/.extraheader' || :"
2025-11-02T02:16:52.2158898Z [command]/usr/bin/git config --local http.https://github.com/.extraheader AUTHORIZATION: basic ***
2025-11-02T02:16:52.2200508Z ##[endgroup]
2025-11-02T02:16:52.2202495Z ##[group]Fetching the repository
2025-11-02T02:16:52.2209561Z [command]/usr/bin/git -c protocol.version=2 fetch --prune --no-recurse-submodules origin +refs/heads/*:refs/remotes/origin/* +refs/tags/*:refs/tags/*
2025-11-02T02:16:54.7218509Z From https://github.com/xiehaibo11/shouj
2025-11-02T02:16:54.7220878Z  * [new branch]        main       -> origin/main
2025-11-02T02:16:54.7221473Z  * [new branch]        mobile-app -> origin/mobile-app
2025-11-02T02:16:54.7222034Z  * [new tag]           autobuild  -> autobuild
2025-11-02T02:16:54.7298135Z [command]/usr/bin/git branch --list --remote origin/main
2025-11-02T02:16:54.7320481Z   origin/main
2025-11-02T02:16:54.7331052Z [command]/usr/bin/git rev-parse refs/remotes/origin/main
2025-11-02T02:16:54.7352431Z 024f466f84855d4d7d1331bb6057a3d8f8688763
2025-11-02T02:16:54.7358800Z ##[endgroup]
2025-11-02T02:16:54.7359700Z ##[group]Determining the checkout info
2025-11-02T02:16:54.7361039Z ##[endgroup]
2025-11-02T02:16:54.7365244Z [command]/usr/bin/git sparse-checkout disable
2025-11-02T02:16:54.7440847Z [command]/usr/bin/git config --local --unset-all extensions.worktreeConfig
2025-11-02T02:16:54.7466841Z ##[group]Checking out the ref
2025-11-02T02:16:54.7470669Z [command]/usr/bin/git checkout --progress --force -B main refs/remotes/origin/main
2025-11-02T02:16:54.8871948Z Switched to a new branch 'main'
2025-11-02T02:16:54.8872910Z branch 'main' set up to track 'origin/main'.
2025-11-02T02:16:54.8886584Z ##[endgroup]
2025-11-02T02:16:54.8926824Z [command]/usr/bin/git log -1 --format=%H
2025-11-02T02:16:54.8949578Z 024f466f84855d4d7d1331bb6057a3d8f8688763
2025-11-02T02:16:54.9194096Z ##[group]Run actions/setup-java@v4
2025-11-02T02:16:54.9194533Z with:
2025-11-02T02:16:54.9194806Z   distribution: temurin
2025-11-02T02:16:54.9195105Z   java-version: 17
2025-11-02T02:16:54.9195331Z   cache: gradle
2025-11-02T02:16:54.9195684Z   java-package: jdk
2025-11-02T02:16:54.9195967Z   check-latest: false
2025-11-02T02:16:54.9196235Z   server-id: github
2025-11-02T02:16:54.9196547Z   server-username: GITHUB_ACTOR
2025-11-02T02:16:54.9196897Z   server-password: GITHUB_TOKEN
2025-11-02T02:16:54.9197225Z   overwrite-settings: true
2025-11-02T02:16:54.9197553Z   job-status: success
2025-11-02T02:16:54.9198302Z   token: ***
2025-11-02T02:16:54.9198554Z env:
2025-11-02T02:16:54.9198881Z   CARGO_INCREMENTAL: 0
2025-11-02T02:16:54.9199141Z   RUST_BACKTRACE: short
2025-11-02T02:16:54.9199425Z   HUSKY: 0
2025-11-02T02:16:54.9199675Z ##[endgroup]
2025-11-02T02:16:55.1104958Z ##[group]Installed distributions
2025-11-02T02:16:55.1378237Z Resolved Java 17.0.17+10 from tool-cache
2025-11-02T02:16:55.1379464Z Setting Java 17.0.17+10 as the default
2025-11-02T02:16:55.1393354Z Creating toolchains.xml for JDK version 17 from temurin
2025-11-02T02:16:55.1471194Z Writing to /home/runner/.m2/toolchains.xml
2025-11-02T02:16:55.1471709Z 
2025-11-02T02:16:55.1471893Z Java configuration:
2025-11-02T02:16:55.1473270Z   Distribution: temurin
2025-11-02T02:16:55.1473809Z   Version: 17.0.17+10
2025-11-02T02:16:55.1474781Z   Path: /opt/hostedtoolcache/Java_Temurin-Hotspot_jdk/17.0.17-10/x64
2025-11-02T02:16:55.1475540Z 
2025-11-02T02:16:55.1476271Z ##[endgroup]
2025-11-02T02:16:55.1496372Z Creating settings.xml with server-id: github
2025-11-02T02:16:55.1500347Z Writing to /home/runner/.m2/settings.xml
2025-11-02T02:16:55.5112018Z gradle cache is not found
2025-11-02T02:16:55.5258917Z ##[group]Run android-actions/setup-android@v3
2025-11-02T02:16:55.5259207Z with:
2025-11-02T02:16:55.5259384Z   cmdline-tools-version: 12266719
2025-11-02T02:16:55.5259632Z   accept-android-sdk-licenses: true
2025-11-02T02:16:55.5259922Z   log-accepted-android-sdk-licenses: true
2025-11-02T02:16:55.5260194Z   packages: tools platform-tools
2025-11-02T02:16:55.5260423Z env:
2025-11-02T02:16:55.5260583Z   CARGO_INCREMENTAL: 0
2025-11-02T02:16:55.5260780Z   RUST_BACKTRACE: short
2025-11-02T02:16:55.5260962Z   HUSKY: 0
2025-11-02T02:16:55.5261242Z   JAVA_HOME: /opt/hostedtoolcache/Java_Temurin-Hotspot_jdk/17.0.17-10/x64
2025-11-02T02:16:55.5261685Z   JAVA_HOME_17_X64: /opt/hostedtoolcache/Java_Temurin-Hotspot_jdk/17.0.17-10/x64
2025-11-02T02:16:55.5262020Z ##[endgroup]
2025-11-02T02:16:55.6232385Z Found preinstalled sdkmanager in /usr/local/lib/android/sdk/cmdline-tools/latest with following source.properties:
2025-11-02T02:16:55.6235071Z Pkg.Revision=12.0
2025-11-02T02:16:55.6235609Z Pkg.Path=cmdline-tools;12.0
2025-11-02T02:16:55.6235898Z Pkg.Desc=Android SDK Command-line Tools
2025-11-02T02:16:55.6236111Z 
2025-11-02T02:16:55.6236228Z Wrong version in preinstalled sdkmanager
2025-11-02T02:16:55.6236853Z Downloading commandline tools from https://dl.google.com/android/repository/commandlinetools-linux-12266719_latest.zip
2025-11-02T02:16:57.3796334Z [command]/usr/bin/unzip -o -q /home/runner/work/_temp/feb6e159-4ae6-416b-a8b8-d595fd18d171
2025-11-02T02:16:58.2035387Z Accepting Android SDK licenses
2025-11-02T02:16:58.2043272Z [command]/usr/local/lib/android/sdk/cmdline-tools/16.0/bin/sdkmanager --licenses
2025-11-02T02:17:01.3685742Z Loading local repository...                                                     
2025-11-02T02:17:01.3686753Z [=========                              ] 25% Loading local repository...       
2025-11-02T02:17:03.1576500Z [=========                              ] 25% Fetch remote repository...        
2025-11-02T02:17:03.4949780Z [==========                             ] 26% Fetch remote repository...        
2025-11-02T02:17:03.4950429Z [============                           ] 31% Fetch remote repository...        
2025-11-02T02:17:03.5436857Z [============                           ] 32% Fetch remote repository...        
2025-11-02T02:17:03.5437643Z [=============                          ] 33% Fetch remote repository...        
2025-11-02T02:17:03.5774625Z [=============                          ] 35% Fetch remote repository...        
2025-11-02T02:17:03.5775177Z [==============                         ] 36% Fetch remote repository...        
2025-11-02T02:17:03.5931679Z [==============                         ] 37% Fetch remote repository...        
2025-11-02T02:17:03.5932356Z [===============                        ] 38% Fetch remote repository...        
2025-11-02T02:17:03.6072820Z [===============                        ] 39% Fetch remote repository...        
2025-11-02T02:17:03.6083364Z [================                       ] 40% Fetch remote repository...        
2025-11-02T02:17:03.6203727Z [================                       ] 41% Fetch remote repository...        
2025-11-02T02:17:03.6207631Z [================                       ] 42% Fetch remote repository...        
2025-11-02T02:17:03.6330323Z [=================                      ] 44% Fetch remote repository...        
2025-11-02T02:17:03.6334537Z [=================                      ] 45% Fetch remote repository...        
2025-11-02T02:17:03.6436258Z [==================                     ] 46% Fetch remote repository...        
2025-11-02T02:17:03.6441284Z [==================                     ] 47% Fetch remote repository...        
2025-11-02T02:17:03.6584246Z [===================                    ] 48% Fetch remote repository...        
2025-11-02T02:17:03.6586387Z [===================                    ] 49% Fetch remote repository...        
2025-11-02T02:17:03.6728841Z [====================                   ] 50% Fetch remote repository...        
2025-11-02T02:17:03.6738265Z [====================                   ] 51% Fetch remote repository...        
2025-11-02T02:17:03.6863298Z [====================                   ] 53% Fetch remote repository...        
2025-11-02T02:17:03.6867002Z [=====================                  ] 54% Fetch remote repository...        
2025-11-02T02:17:03.6968977Z [=====================                  ] 55% Fetch remote repository...        
2025-11-02T02:17:03.6980829Z [======================                 ] 56% Fetch remote repository...        
2025-11-02T02:17:03.7161823Z [======================                 ] 57% Fetch remote repository...        
2025-11-02T02:17:03.7163778Z [=======================                ] 58% Fetch remote repository...        
2025-11-02T02:17:03.7292928Z [=======================                ] 59% Fetch remote repository...        
2025-11-02T02:17:03.7303976Z [========================               ] 60% Fetch remote repository...        
2025-11-02T02:17:03.7472011Z [========================               ] 61% Fetch remote repository...        
2025-11-02T02:17:03.7472908Z [=========================              ] 63% Fetch remote repository...        
2025-11-02T02:17:03.7574369Z [=========================              ] 64% Fetch remote repository...        
2025-11-02T02:17:03.7575338Z [=========================              ] 65% Fetch remote repository...        
2025-11-02T02:17:03.7885682Z [==========================             ] 66% Fetch remote repository...        
2025-11-02T02:17:03.7888239Z [==========================             ] 67% Fetch remote repository...        
2025-11-02T02:17:03.8145138Z [===========================            ] 68% Fetch remote repository...        
2025-11-02T02:17:03.8148171Z [===========================            ] 69% Fetch remote repository...        
2025-11-02T02:17:03.8952000Z [============================           ] 70% Fetch remote repository...        
2025-11-02T02:17:03.8956383Z [============================           ] 72% Fetch remote repository...        
2025-11-02T02:17:03.9559282Z [=============================          ] 73% Fetch remote repository...        
2025-11-02T02:17:03.9560006Z [=============================          ] 74% Fetch remote repository...        
2025-11-02T02:17:03.9668785Z [=============================          ] 75% Fetch remote repository...        
2025-11-02T02:17:03.9792203Z [=============================          ] 75% Computing updates...              
2025-11-02T02:17:03.9794452Z [=======================================] 100% Computing updates...             
2025-11-02T02:17:04.0215723Z 6 of 7 SDK package licenses not accepted.
2025-11-02T02:17:04.0219315Z Review licenses that have not been accepted (y/N)? 
2025-11-02T02:17:04.0220419Z 1/6: License android-googletv-license:
2025-11-02T02:17:04.0222056Z ---------------------------------------
2025-11-02T02:17:04.0225015Z Terms and Conditions
2025-11-02T02:17:04.0228336Z 
2025-11-02T02:17:04.0230793Z This is the Google TV Add-on for the Android Software Development Kit License Agreement.
2025-11-02T02:17:04.0231310Z 
2025-11-02T02:17:04.0231422Z 1. Introduction
2025-11-02T02:17:04.0231591Z 
2025-11-02T02:17:04.0233669Z 1.1 The Google TV Add-on for the Android Software Development Kit (referred to in this License Agreement as the "Google TV Add-on" and specifically including the Android system files, packaged APIs, and Google APIs add-ons) is licensed to you subject to the terms of this License Agreement. This License Agreement forms a legally binding contract between you and Google in relation to your use of the Google TV Add-on.
2025-11-02T02:17:04.0235876Z 
2025-11-02T02:17:04.0236640Z 1.2 "Google" means Google Inc., a Delaware corporation with principal place of business at 1600 Amphitheatre Parkway, Mountain View, CA 94043, United States.
2025-11-02T02:17:04.0237535Z 
2025-11-02T02:17:04.0237679Z 2. Accepting this License Agreement
2025-11-02T02:17:04.0238172Z 
2025-11-02T02:17:04.0239276Z 2.1 In order to use the Google TV Add-on, you must first agree to this License Agreement. You may not use the Google TV Add-on if you do not accept this License Agreement.
2025-11-02T02:17:04.0240194Z 
2025-11-02T02:17:04.0240381Z 2.2 You can accept this License Agreement by:
2025-11-02T02:17:04.0240691Z 
2025-11-02T02:17:04.0241152Z (A) clicking to accept or agree to this License Agreement, where this option is made available to you; or
2025-11-02T02:17:04.0241766Z 
2025-11-02T02:17:04.0242521Z (B) by actually using the Google TV Add-on. In this case, you agree that use of the Google TV Add-on constitutes acceptance of the License Agreement from that point onwards.
2025-11-02T02:17:04.0243418Z 
2025-11-02T02:17:04.0244791Z 2.3 You may not use the Google TV Add-on and may not accept the Licensing Agreement if you are a person barred from receiving the Google TV Add-on under the laws of the United States or other countries including the country in which you are resident or from which you use the Google TV Add-on.
2025-11-02T02:17:04.0246305Z 
2025-11-02T02:17:04.0248335Z 2.4 If you are agreeing to be bound by this License Agreement on behalf of your employer or other entity, you represent and warrant that you have full legal authority to bind your employer or such entity to this License Agreement. If you do not have the requisite authority, you may not accept the Licensing Agreement or use the Google TV Add-on on behalf of your employer or other entity.
2025-11-02T02:17:04.0250316Z 
2025-11-02T02:17:04.0250476Z 3. Google TV Add-on License from Google
2025-11-02T02:17:04.0250758Z 
2025-11-02T02:17:04.0251888Z 3.1 Subject to the terms of this License Agreement, Google grants you a limited, worldwide, royalty-free, non- assignable and non-exclusive license to use the Google TV Add-on solely to develop applications to run on the Google TV platform.
2025-11-02T02:17:04.0253200Z 
2025-11-02T02:17:04.0255316Z 3.2 You agree that Google or third parties own all legal right, title and interest in and to the Google TV Add-on, including any Intellectual Property Rights that subsist in the Google TV Add-on. "Intellectual Property Rights" means any and all rights under patent law, copyright law, trade secret law, trademark law, and any and all other proprietary rights. Google reserves all rights not expressly granted to you.
2025-11-02T02:17:04.0257845Z 
2025-11-02T02:17:04.0261097Z 3.3 Except to the extent required by applicable third party licenses, you may not copy (except for backup purposes), modify, adapt, redistribute, decompile, reverse engineer, disassemble, or create derivative works of the Google TV Add-on or any part of the Google TV Add-on. Except to the extent required by applicable third party licenses, you may not load any part of the Google TV Add-on onto a mobile handset, television, or any other hardware device except a personal computer, combine any part of the Google TV Add-on with other software, or distribute any software or device incorporating a part of the Google TV Add-on.
2025-11-02T02:17:04.0264373Z 
2025-11-02T02:17:04.0265495Z 3.4 Use, reproduction and distribution of components of the Google TV Add-on licensed under an open source software license are governed solely by the terms of that open source software license and not this License Agreement.
2025-11-02T02:17:04.0266722Z 
2025-11-02T02:17:04.0269286Z 3.5 You agree that the form and nature of the Google TV Add-on that Google provides may change without prior notice to you and that future versions of the Google TV Add-on may be incompatible with applications developed on previous versions of the Google TV Add-on. You agree that Google may stop (permanently or temporarily) providing the Google TV Add-on (or any features within the Google TV Add-on) to you or to users generally at Google's sole discretion, without prior notice to you.
2025-11-02T02:17:04.0271884Z 
2025-11-02T02:17:04.0273744Z 3.6 Nothing in this License Agreement gives you a right to use any of Google's or it’s licensors’ trade names, trademarks, service marks, logos, domain names, or other distinctive brand features.
2025-11-02T02:17:04.0275122Z 
2025-11-02T02:17:04.0276115Z 3.7 You agree that you will not remove, obscure, or alter any proprietary rights notices (including copyright and trademark notices) that may be affixed to or contained within the Google TV Add-on.
2025-11-02T02:17:04.0277247Z 
2025-11-02T02:17:04.0277418Z 4. Use of the Google TV Add-on by You
2025-11-02T02:17:04.0277706Z 
2025-11-02T02:17:04.0279293Z 4.1 Google agrees that it obtains no right, title or interest from you (or your licensors) under this License Agreement in or to any software applications that you develop using the Google TV Add-on, including any intellectual property rights that subsist in those applications.
2025-11-02T02:17:04.0280862Z 
2025-11-02T02:17:04.0282729Z 4.2 You agree to use the Google TV Add-on and write applications only for purposes that are permitted by (a) this License Agreement and (b) any applicable law, regulation or generally accepted practices or guidelines in the relevant jurisdictions (including any laws regarding the export of data or software to and from the United States or other relevant countries).
2025-11-02T02:17:04.0284735Z 
2025-11-02T02:17:04.0289168Z 4.3 You agree that if you use the Google TV Add-on to develop applications for general public users, you will protect the privacy and legal rights of those users. If the users provide you with user names, passwords, or other login information or personal information, your must make the users aware that the information will be available to your application, and you must provide legally adequate privacy notice and protection for those users. If your application stores personal or sensitive information provided by users, it must do so securely. If the user provides your application with Google Account information, your application may only use that information to access the user's Google Account when, and for the limited purposes for which, the user has given you explicit permission to do so.
2025-11-02T02:17:04.0293927Z 
2025-11-02T02:17:04.0296043Z 4.4 You agree that you will not engage in any activity with the Google TV Add-on, including the development or distribution of an application, that interferes with, disrupts, damages, or accesses in an unauthorized manner the servers, networks, or other properties or services of any third party including, but not limited to, Google, Multichannel Video Program Distributors or any mobile communications carrier.
2025-11-02T02:17:04.0304832Z 
2025-11-02T02:17:04.0306653Z 4.5 You agree that you are solely responsible for (and that Google has no responsibility to you or to any third party for) any data, content, or resources that you create, transmit or display through the Google TV platform and/or applications for the Google TV platform, and for the consequences of your actions (including any loss or damage which Google may suffer) by doing so.
2025-11-02T02:17:04.0308766Z 
2025-11-02T02:17:04.0312356Z 4.6 You agree that you are solely responsible for (and that Google has no responsibility to you or to any third party for) any breach of your obligations under this License Agreement, any applicable third party contract or Terms of Service, or any applicable law or regulation, and for the consequences (including any loss or damage which Google or any third party may suffer) of any such breach.
2025-11-02T02:17:04.0315058Z 
2025-11-02T02:17:04.0315291Z 5. Your Developer Credentials
2025-11-02T02:17:04.0315693Z 
2025-11-02T02:17:04.0317406Z 5.1 You agree that you are responsible for maintaining the confidentiality of any developer credentials that may be issued to you by Google or which you may choose yourself and that you will be solely responsible for all applications that are developed under your developer credentials.
2025-11-02T02:17:04.0320461Z 
2025-11-02T02:17:04.0320622Z 6. Privacy and Information
2025-11-02T02:17:04.0320885Z 
2025-11-02T02:17:04.0323750Z 6.1 In order to continually innovate and improve the Google TV Add-on, Google may collect certain usage statistics from the software including but not limited to a unique identifier, associated IP address, version number of the software, and information on which tools and/or services in the Google TV Add-on are being used and how they are being used. Before any of this information is collected, the Google TV Add-on will notify you and seek your consent. If you withhold consent, the information will not be collected.
2025-11-02T02:17:04.0326566Z 
2025-11-02T02:17:04.0327276Z 6.2 The data collected is examined in the aggregate to improve the Google TV Add-on and is maintained in accordance with Google's Privacy Policy.
2025-11-02T02:17:04.0329505Z 
2025-11-02T02:17:04.0329784Z 7. Third Party Applications for the Google TV Platform
2025-11-02T02:17:04.0330193Z 
2025-11-02T02:17:04.0333377Z 7.1 If you use the Google TV Add-on to run applications developed by a third party or that access data, content or resources provided by a third party, you agree that Google is not responsible for those applications, data, content, or resources. You understand that all data, content or resources which you may access through such third party applications are the sole responsibility of the person from which they originated and that Google is not liable for any loss or damage that you may experience as a result of the use or access of any of those third party applications, data, content, or resources.
2025-11-02T02:17:04.0377874Z 
2025-11-02T02:17:04.0380540Z 7.2 You should be aware the data, content, and resources presented to you through such a third party application may be protected by intellectual property rights which are owned by the providers (or by other persons or companies on their behalf). You may not modify, rent, lease, loan, sell, distribute or create derivative works based on these data, content, or resources (either in whole or in part) unless you have been specifically given permission to do so by the relevant owners.
2025-11-02T02:17:04.0383127Z 
2025-11-02T02:17:04.0384552Z 7.3 You acknowledge that your use of such third party applications, data, content, or resources may be subject to separate terms between you and the relevant third party. In that case, this License Agreement does not affect your legal relationship with these third parties.
2025-11-02T02:17:04.0386320Z 
2025-11-02T02:17:04.0386454Z 8. Using Google TV APIs
2025-11-02T02:17:04.0386675Z 
2025-11-02T02:17:04.0390868Z 8.1 If you use any Google TV API to retrieve data from Google, you acknowledge that the data (“Google TV API Content”) may be protected by intellectual property rights which are owned by Google or those parties that provide the data (or by other persons or companies on their behalf). Your use of any such API may be subject to additional Terms of Service. You may not modify, rent, lease, loan, sell, distribute or create derivative works based on this data (either in whole or in part) unless allowed by the relevant Terms of Service. Some portions of the Google TV API Content are licensed to Google by third parties, including but not limited to Tribune Media Services
2025-11-02T02:17:04.0394351Z 
2025-11-02T02:17:04.0395587Z 8.2 If you use any API to retrieve a user's data from Google, you acknowledge and agree that you shall retrieve data only with the user's explicit consent and only when, and for the limited purposes for which, the user has given you permission to do so.
2025-11-02T02:17:04.0396974Z 
2025-11-02T02:17:04.0397412Z 8.3 Except as explicitly permitted in Section 3 (Google TV Add-on License from Google), you must:
2025-11-02T02:17:04.0398182Z 
2025-11-02T02:17:04.0399059Z (a) not modify nor format the Google TV API Content except to the extent reasonably and technically necessary to optimize the display such Google TV API Content in your application;
2025-11-02T02:17:04.0400085Z 
2025-11-02T02:17:04.0401080Z (b) not edit the Google TV API Content in a manner that renders the Google TV API Content inaccurate of alters its inherent meaning (provided that displaying excerpts will not violate the foregoing); or
2025-11-02T02:17:04.0402188Z 
2025-11-02T02:17:04.0402894Z (c) not create any commercial audience measurement tool or service using the Google TV API Content
2025-11-02T02:17:04.0403520Z 
2025-11-02T02:17:04.0403681Z 9. Terminating this License Agreement
2025-11-02T02:17:04.0403975Z 
2025-11-02T02:17:04.0404490Z 9.1 This License Agreement will continue to apply until terminated by either you or Google as set out below.
2025-11-02T02:17:04.0405138Z 
2025-11-02T02:17:04.0405792Z 9.2 If you want to terminate this License Agreement, you may do so by ceasing your use of the Google TV Add-on and any relevant developer credentials.
2025-11-02T02:17:04.0406607Z 
2025-11-02T02:17:04.0406903Z 9.3 Google may at any time, terminate this License Agreement with you if:
2025-11-02T02:17:04.0407346Z 
2025-11-02T02:17:04.0407605Z (A) you have breached any provision of this License Agreement; or
2025-11-02T02:17:04.0410216Z 
2025-11-02T02:17:04.0410394Z (B) Google is required to do so by law; or
2025-11-02T02:17:04.0410707Z 
2025-11-02T02:17:04.0411736Z (C) the partner with whom Google offered certain parts of Google TV Add-on (such as APIs) to you has terminated its relationship with Google or ceased to offer certain parts of the Google TV Add-on to you; or
2025-11-02T02:17:04.0412859Z 
2025-11-02T02:17:04.0414470Z (D) Google decides to no longer providing the Google TV Add-on or certain parts of the Google TV Add-on to users in the country in which you are resident or from which you use the service, or the provision of the Google TV Add-on or certain Google TV Add-on services to you by Google is, in Google's sole discretion, no longer commercially viable.
2025-11-02T02:17:04.0416273Z 
2025-11-02T02:17:04.0418702Z 9.4 When this License Agreement comes to an end, all of the legal rights, obligations and liabilities that you and Google have benefited from, been subject to (or which have accrued over time whilst this License Agreement has been in force) or which are expressed to continue indefinitely, shall be unaffected by this cessation, and the provisions of paragraph 14.7 shall continue to apply to such rights, obligations and liabilities indefinitely.
2025-11-02T02:17:04.0421282Z 
2025-11-02T02:17:04.0421427Z 10. DISCLAIMER OF WARRANTIES
2025-11-02T02:17:04.0421667Z 
2025-11-02T02:17:04.0422560Z 10.1 YOU EXPRESSLY UNDERSTAND AND AGREE THAT YOUR USE OF THE GOOGLE TV ADD-ON IS AT YOUR SOLE RISK AND THAT THE GOOGLE TV ADD-ON IS PROVIDED "AS IS" AND "AS AVAILABLE" WITHOUT WARRANTY OF ANY KIND FROM GOOGLE.
2025-11-02T02:17:04.0423578Z 
2025-11-02T02:17:04.0424922Z 10.2 YOUR USE OF THE GOOGLE TV ADD-ON AND ANY MATERIAL DOWNLOADED OR OTHERWISE OBTAINED THROUGH THE USE OF THE GOOGLE TV ADD-ON IS AT YOUR OWN DISCRETION AND RISK AND YOU ARE SOLELY RESPONSIBLE FOR ANY DAMAGE TO YOUR COMPUTER SYSTEM OR OTHER DEVICE OR LOSS OF DATA THAT RESULTS FROM SUCH USE.
2025-11-02T02:17:04.0426405Z 
2025-11-02T02:17:04.0427745Z 10.3 GOOGLE FURTHER EXPRESSLY DISCLAIMS ALL WARRANTIES AND CONDITIONS OF ANY KIND, WHETHER EXPRESS OR IMPLIED, INCLUDING, BUT NOT LIMITED TO THE IMPLIED WARRANTIES AND CONDITIONS OF MERCHANTABILITY, FITNESS FOR A PARTICULAR PURPOSE AND NON-INFRINGEMENT.
2025-11-02T02:17:04.0430717Z 
2025-11-02T02:17:04.0430869Z 11. LIMITATION OF LIABILITY
2025-11-02T02:17:04.0431158Z 
2025-11-02T02:17:04.0434700Z 11.1 YOU EXPRESSLY UNDERSTAND AND AGREE THAT GOOGLE, ITS SUBSIDIARIES AND AFFILIATES, AND ITS LICENSORS SHALL NOT BE LIABLE TO YOU UNDER ANY THEORY OF LIABILITY FOR ANY DIRECT, INDIRECT, INCIDENTAL, SPECIAL CONSEQUENTIAL OR EXEMPLARY DAMAGES THAT MAY BE INCURRED BY YOU, INCLUDING ANY LOSS OF DATA, WHETHER OR NOT GOOGLE OR ITS REPRESENTATIVES HAVE BEEN ADVISED OF OR SHOULD HAVE BEEN AWARE OF THE POSSIBILITY OF ANY SUCH LOSSES ARISING.
2025-11-02T02:17:04.0437116Z 
2025-11-02T02:17:04.0437261Z 12. Indemnification
2025-11-02T02:17:04.0437477Z 
2025-11-02T02:17:04.0441965Z 12.1 To the maximum extent permitted by law, you agree to defend, indemnify and hold harmless Google, its affiliates and their respective directors, officers, employees and agents from and against any and all claims, actions, suits or proceedings, as well as any and all losses, liabilities, damages, costs and expenses (including reasonable attorneys fees) arising out of or accruing from (a) your use of the Google TV Add-on, (b) any application you develop on the Google TV Add-on that infringes any copyright, trademark, trade secret, trade dress, patent or other intellectual property right of any person or defames any person or violates their rights of publicity or privacy, and (c) any non-compliance by you with this License Agreement.
2025-11-02T02:17:04.0446114Z 
2025-11-02T02:17:04.0446281Z 13. Changes to the License Agreement
2025-11-02T02:17:04.0446626Z 
2025-11-02T02:17:04.0447130Z 13.1 Google may make changes to the License Agreement as it distributes new versions of the Google TV Add-on.
2025-11-02T02:17:04.0448136Z 
2025-11-02T02:17:04.0448283Z 14. General Legal Terms
2025-11-02T02:17:04.0448502Z 
2025-11-02T02:17:04.0450206Z 14.1 This License Agreement constitute the whole legal agreement between you and Google and govern your use of the Google TV Add-on (excluding any services which Google may provide to you under a separate written agreement), and completely replace any prior agreements between you and Google in relation to the Google TV Add-on.
2025-11-02T02:17:04.0451658Z 
2025-11-02T02:17:04.0452547Z 14.2 You agree that if Google does not exercise or enforce any legal right or remedy which is contained in this License Agreement (or which Google has the benefit of under any applicable law), this will not be taken to be a formal waiver of Google's rights and that those rights or remedies will still be available to Google.
2025-11-02T02:17:04.0453491Z 
2025-11-02T02:17:04.0454467Z 14.3 If any court of law, having the jurisdiction to decide on this matter, rules that any provision of this License Agreement is invalid, then that provision will be removed from this License Agreement without affecting the rest of this License Agreement. The remaining provisions of this License Agreement will continue to be valid and enforceable.
2025-11-02T02:17:04.0455685Z 
2025-11-02T02:17:04.0457422Z 14.4 You acknowledge and agree that Google’s API data licensors and each member of the group of companies of which Google is the parent shall be third party beneficiaries to this License Agreement and that such other companies shall be entitled to directly enforce, and rely upon, any provision of this License Agreement that confers a benefit on (or rights in favor of) them. Other than this, no other person or company shall be third party beneficiaries to this License Agreement.
2025-11-02T02:17:04.0459058Z 
2025-11-02T02:17:04.0459871Z 14.5 EXPORT RESTRICTIONS. THE GOOGLE TV ADD-ON IS SUBJECT TO UNITED STATES EXPORT LAWS AND REGULATIONS. YOU MUST COMPLY WITH ALL DOMESTIC AND INTERNATIONAL EXPORT LAWS AND REGULATIONS THAT APPLY TO THE GOOGLE TV ADD-ON. THESE LAWS INCLUDE RESTRICTIONS ON DESTINATIONS, END USERS AND END USE.
2025-11-02T02:17:04.0460767Z 
2025-11-02T02:17:04.0461754Z 14.6 The rights granted in this License Agreement may not be assigned or transferred by either you or Google without the prior written approval of the other party. Neither you nor Google shall be permitted to delegate their responsibilities or obligations under this License Agreement without the prior written approval of the other party.
2025-11-02T02:17:04.0462821Z 
2025-11-02T02:17:04.0464425Z 14.7 This License Agreement, and your relationship with Google under this License Agreement, shall be governed by the laws of the State of California without regard to its conflict of laws provisions. You and Google agree to submit to the exclusive jurisdiction of the courts located within the county of Santa Clara, California to resolve any legal matter arising from this License Agreement. Notwithstanding this, you agree that Google shall still be allowed to apply for injunctive remedies (or an equivalent type of urgent legal relief) in any jurisdiction.
2025-11-02T02:17:04.0466114Z 
2025-11-02T02:17:04.0466118Z 
2025-11-02T02:17:04.0466193Z August 15, 2011
2025-11-02T02:17:04.0466397Z ---------------------------------------
2025-11-02T02:17:04.0466760Z Accept? (y/N): 
2025-11-02T02:17:04.0466970Z 2/6: License android-googlexr-license:
2025-11-02T02:17:04.0467212Z ---------------------------------------
2025-11-02T02:17:04.0468232Z To get started with the Android XR Emulator System Image SDK, you must agree to the following terms and conditions. As described below, please note that this is a preview, emulated version of the Android XR OS, subject to change, that you use at your own risk.
2025-11-02T02:17:04.0469016Z 
2025-11-02T02:17:04.0469173Z This is the Android XR Emulator System Image SDK License Agreement
2025-11-02T02:17:04.0469409Z 
2025-11-02T02:17:04.0469474Z 1. Introduction
2025-11-02T02:17:04.0469578Z 
2025-11-02T02:17:04.0470817Z 1.1 The Android Android XR Emulator System Image SDK (referred to in the License Agreement as the "SDK" and specifically including the Android system files,, packaged APIs, library files (if and when they are made available), and Google applications and APIs add-ons) is licensed to you subject to the terms of the License Agreement. The License Agreement forms a legally binding contract between you and Google in relation to your use of the SDK.
2025-11-02T02:17:04.0472123Z 
2025-11-02T02:17:04.0472754Z 1.2 "Android" means the Android software stack for devices, as made available under the Android Open Source Project, which is located at the following URL: https://source.android.com/, as updated from time to time.
2025-11-02T02:17:04.0473420Z 
2025-11-02T02:17:04.0474001Z 1.3 "Google" means Google LLC, organized under the laws of the State of Delaware, USA, and operating under the laws of the USA with principal place of business at 1600 Amphitheatre Parkway, Mountain View, CA 94043, USA.
2025-11-02T02:17:04.0474630Z 
2025-11-02T02:17:04.0474713Z 2. Accepting this License Agreement
2025-11-02T02:17:04.0474873Z 
2025-11-02T02:17:04.0475203Z 2.1 In order to use the SDK, you must first agree to the License Agreement. You may not use the SDK if you do not accept the License Agreement.
2025-11-02T02:17:04.0475739Z 
2025-11-02T02:17:04.0475991Z 2.2 By clicking to accept and/or using this SDK, you hereby agree to the terms of the License Agreement.
2025-11-02T02:17:04.0476315Z 
2025-11-02T02:17:04.0476968Z 2.3 You may not use the SDK and may not accept the License Agreement if you are a person barred from receiving the SDK under the laws of the United States or other countries, including the country in which you are resident or from which you use the SDK.
2025-11-02T02:17:04.0477707Z 
2025-11-02T02:17:04.0479003Z 2.4 If you are agreeing to be bound by the License Agreement on behalf of your employer or other entity, you represent and warrant that you have full legal authority to bind your employer or such entity to the License Agreement. If you do not have the requisite authority, you may not accept the License Agreement or use the SDK on behalf of your employer or other entity.
2025-11-02T02:17:04.0480077Z 
2025-11-02T02:17:04.0480161Z 3. SDK License from Google
2025-11-02T02:17:04.0480291Z 
2025-11-02T02:17:04.0480937Z 3.1 Subject to the terms of the License Agreement, Google grants you a limited, worldwide, royalty-free, non-assignable, non-exclusive, and non-sublicensable license to use the SDK solely to develop applications for Android XR.
2025-11-02T02:17:04.0481655Z 
2025-11-02T02:17:04.0482236Z 3.2 You may not use this SDK to develop applications for other platforms or to develop another SDK. You are of course free to develop applications for other platforms provided that this SDK is not used for that purpose.
2025-11-02T02:17:04.0482900Z 
2025-11-02T02:17:04.0483976Z 3.3 You agree that Google or third parties own all legal right, title and interest in and to the SDK, including any Intellectual Property Rights that subsist in the SDK. "Intellectual Property Rights" means any and all rights under patent law, copyright law, trade secret law, trademark law, and any and all other proprietary rights. Google reserves all rights not expressly granted to you.
2025-11-02T02:17:04.0485129Z 
2025-11-02T02:17:04.0486850Z 3.4 You may not use the SDK for any purpose not expressly permitted by the License Agreement. Except to the extent required by applicable third party licenses, you may not (a) copy (except for backup purposes), modify, adapt, redistribute, decompile, reverse engineer, disassemble, or create derivative works of the SDK or any part of the SDK; or (b) load any part of the SDK onto a mobile handset or any other hardware device except a personal computer, combine any part of the SDK with other software, or distribute any software or device incorporating a part of the SDK.
2025-11-02T02:17:04.0488685Z 
2025-11-02T02:17:04.0489860Z 3.5 Use, reproduction and distribution of components of the SDK licensed under an open source software license are governed solely by the terms of that open source software license and not the License Agreement. You agree to remain a licensee in good standing in regard to such open source software licenses under all the rights granted and to refrain from any actions that may terminate, suspend, or breach such rights.
2025-11-02T02:17:04.0491112Z 
2025-11-02T02:17:04.0492291Z 3.6 You agree that the form and nature of the SDK that Google provides may change without prior notice to you and that future versions of the SDK may be incompatible with applications developed on previous versions of the SDK. You agree that Google may stop (permanently or temporarily) providing the SDK (or any features within the SDK) to you or to users generally at Google's sole discretion, without prior notice to you.
2025-11-02T02:17:04.0493535Z 
2025-11-02T02:17:04.0493989Z 3.7 Nothing in the License Agreement gives you a right to use any of Google's trade names, trademarks, service marks, logos, domain names, or other distinctive brand features.
2025-11-02T02:17:04.0494519Z 
2025-11-02T02:17:04.0495016Z 3.8 You agree that you will not remove, obscure, or alter any proprietary rights notices (including copyright and trademark notices) that may be affixed to or contained within the SDK.
2025-11-02T02:17:04.0495703Z 
2025-11-02T02:17:04.0495778Z 4. Use of the SDK by You
2025-11-02T02:17:04.0495903Z 
2025-11-02T02:17:04.0496627Z 4.1 Google agrees that it obtains no right, title or interest from you (or your licensors) under the License Agreement in or to any software applications that you develop using the SDK, including any intellectual property rights that subsist in those applications.
2025-11-02T02:17:04.0497420Z 
2025-11-02T02:17:04.0498529Z 4.2 You agree to use the SDK and write applications only for purposes that are permitted by (a) the License Agreement and (b) any applicable law, regulation or generally accepted practices or guidelines in the relevant jurisdictions (including any laws regarding the export of data or software to and from the United States or other relevant countries).
2025-11-02T02:17:04.0499593Z 
2025-11-02T02:17:04.0501827Z 4.3 You agree that if you use the SDK to develop applications for general public users, you will protect the privacy and legal rights of those users. If the users provide you with user names, passwords, or other login information or personal information, you must make the users aware that the information will be available to your application, and you must provide legally adequate privacy notice and protection for those users. If your application stores personal or sensitive information provided by users, it must do so securely. If the user provides your application with Google Account information, your application may only use that information to access the user's Google Account when, and for the limited purposes for which, the user has given you permission to do so.
2025-11-02T02:17:04.0504138Z 
2025-11-02T02:17:04.0505126Z 4.4 You agree that you will not engage in any activity with the SDK, including the development or distribution of an application, that interferes with, disrupts, damages, or accesses in an unauthorized manner the servers, networks, or other properties or services of any third party including, but not limited to, Google or any mobile communications carrier.
2025-11-02T02:17:04.0506196Z 
2025-11-02T02:17:04.0507238Z 4.5 You agree that you are solely responsible for (and that Google has no responsibility to you or to any third party for) any data, content, or resources that you create, transmit or display through Android and/or applications for Android, and for the consequences of your actions (including any loss or damage which Google may suffer) by doing so.
2025-11-02T02:17:04.0508365Z 
2025-11-02T02:17:04.0509443Z 4.6 You agree that you are solely responsible for (and that Google has no responsibility to you or to any third party for) any breach of your obligations under the License Agreement, any applicable third party contract or Terms of Service, or any applicable law or regulation, and for the consequences (including any loss or damage which Google or any third party may suffer) of any such breach.
2025-11-02T02:17:04.0510598Z 
2025-11-02T02:17:04.0511413Z 4.7 The SDK is in development, and your testing and feedback are an important part of the development process. By using the SDK, you acknowledge that implementation of some features are still under development and that you should not rely on the SDK having the full functionality of a stable release.
2025-11-02T02:17:04.0512306Z 
2025-11-02T02:17:04.0512394Z 5. Your Developer Credentials
2025-11-02T02:17:04.0512536Z 
2025-11-02T02:17:04.0513317Z 5.1 You agree that you are responsible for maintaining the confidentiality of any developer credentials that may be issued to you by Google or which you may choose yourself and that you will be solely responsible for all applications that are developed under your developer credentials.
2025-11-02T02:17:04.0514185Z 
2025-11-02T02:17:04.0514263Z 6. Privacy and Information
2025-11-02T02:17:04.0514393Z 
2025-11-02T02:17:04.0515776Z 6.1 In order to continually innovate and improve the SDK, Google may collect certain usage statistics from the software including but not limited to a unique identifier, associated IP address, version number of the software, and information on which tools and/or services in the SDK are being used and how they are being used. Before any of this information is collected, the SDK will notify you and seek your consent. If you withhold consent, the information will not be collected.
2025-11-02T02:17:04.0517300Z 
2025-11-02T02:17:04.0517873Z 6.2 The data collected is examined in the aggregate to improve the SDK and is maintained in accordance with Google's Privacy Policy, which is located at the following URL: https://policies.google.com/privacy
2025-11-02T02:17:04.0518608Z 
2025-11-02T02:17:04.0518858Z 6.3 Anonymized and aggregated sets of the data may be shared with Google partners to improve the SDK.
2025-11-02T02:17:04.0519198Z 
2025-11-02T02:17:04.0519281Z 7. Third Party Applications
2025-11-02T02:17:04.0519417Z 
2025-11-02T02:17:04.0521046Z 7.1 If you use the SDK to run applications developed by a third party or that access data, content or resources provided by a third party, you agree that Google is not responsible for those applications, data, content, or resources. You understand that all data, content or resources which you may access through such third party applications are the sole responsibility of the person from which they originated and that Google is not liable for any loss or damage that you may experience as a result of the use or access of any of those third party applications, data, content, or resources.
2025-11-02T02:17:04.0522739Z 
2025-11-02T02:17:04.0524112Z 7.2 You should be aware that the data, content, and resources presented to you through such a third party application may be protected by intellectual property rights which are owned by the providers (or by other persons or companies on their behalf). You may not modify, rent, lease, loan, sell, distribute or create derivative works based on these data, content, or resources (either in whole or in part) unless you have been specifically given permission to do so by the relevant owners.
2025-11-02T02:17:04.0525548Z 
2025-11-02T02:17:04.0526392Z 7.3 You acknowledge that your use of such third party applications, data, content, or resources may be subject to separate terms between you and the relevant third party. In that case, the License Agreement does not affect your legal relationship with these third parties.
2025-11-02T02:17:04.0527222Z 
2025-11-02T02:17:04.0527294Z 8. Using Android APIs
2025-11-02T02:17:04.0527416Z 
2025-11-02T02:17:04.0527493Z 8.1 Google Data APIs
2025-11-02T02:17:04.0527605Z 
2025-11-02T02:17:04.0529069Z 8.1.1 If you use any API to retrieve data from Google, you acknowledge that the data may be protected by intellectual property rights which are owned by Google or those parties that provide the data (or by other persons or companies on their behalf). Your use of any such API may be subject to additional Terms of Service. You may not modify, rent, lease, loan, sell, distribute or create derivative works based on this data (either in whole or in part) unless allowed by the relevant Terms of Service.
2025-11-02T02:17:04.0530517Z 
2025-11-02T02:17:04.0532947Z 8.1.2 If you use any API to retrieve a user's data from Google, you acknowledge and agree that you shall retrieve data only with the user's explicit consent and only when, and for the limited purposes for which, the user has given you permission to do so. If you use the Android Recognition Service API, documented at the following URL: https://developer.android.com/reference/android/speech/RecognitionService, as updated from time to time, you acknowledge that the use of the API is subject to the Data Processing Addendum for Products where Google is a Data Processor, which is located at the following URL: https://privacy.google.com/businesses/gdprprocessorterms/, as updated from time to time. By clicking to accept, you hereby agree to the terms of the Data Processing Addendum for Products where Google is a Data Processor.
2025-11-02T02:17:04.0535426Z 
2025-11-02T02:17:04.0535514Z 9. Terminating this License Agreement
2025-11-02T02:17:04.0535792Z 
2025-11-02T02:17:04.0536068Z 9.1 The License Agreement will continue to apply until terminated by either you or Google as set out below.
2025-11-02T02:17:04.0536428Z 
2025-11-02T02:17:04.0536758Z 9.2 If you want to terminate the License Agreement, you may do so by ceasing your use of the SDK and any relevant developer credentials.
2025-11-02T02:17:04.0537163Z 
2025-11-02T02:17:04.0539002Z 9.3 Google may at any time, terminate the License Agreement with you if: (A) you have breached any provision of the License Agreement; or (B) Google is required to do so by law; or (C) the partner with whom Google offered certain parts of SDK (such as APIs) to you has terminated its relationship with Google or ceased to offer certain parts of the SDK to you; or (D) Google decides to no longer provide the SDK or certain parts of the SDK to users in the country in which you are resident or from which you use the service, or the provision of the SDK or certain SDK services to you by Google is, in Google's sole discretion, no longer commercially viable.
2025-11-02T02:17:04.0540778Z 
2025-11-02T02:17:04.0542031Z 9.4 When the License Agreement comes to an end, all of the legal rights, obligations and liabilities that you and Google have benefited from, been subject to (or which have accrued over time whilst the License Agreement has been in force) or which are expressed to continue indefinitely, shall be unaffected by this cessation, and the provisions of paragraph 14.7 shall continue to apply to such rights, obligations and liabilities indefinitely.
2025-11-02T02:17:04.0543316Z 
2025-11-02T02:17:04.0543393Z 10. DISCLAIMER OF WARRANTIES
2025-11-02T02:17:04.0543535Z 
2025-11-02T02:17:04.0543975Z 10.1 YOU EXPRESSLY UNDERSTAND AND AGREE THAT YOUR USE OF THE SDK IS AT YOUR SOLE RISK AND THAT THE SDK IS PROVIDED "AS IS" AND "AS AVAILABLE" WITHOUT WARRANTY OF ANY KIND FROM GOOGLE.
2025-11-02T02:17:04.0544503Z 
2025-11-02T02:17:04.0545317Z 10.2 YOUR USE OF THE SDK AND ANY MATERIAL DOWNLOADED OR OTHERWISE OBTAINED THROUGH THE USE OF THE SDK IS AT YOUR OWN DISCRETION AND RISK AND YOU ARE SOLELY RESPONSIBLE FOR ANY DAMAGE TO YOUR COMPUTER SYSTEM OR OTHER DEVICE OR LOSS OF DATA THAT RESULTS FROM SUCH USE.
2025-11-02T02:17:04.0546101Z 
2025-11-02T02:17:04.0546820Z 10.3 GOOGLE FURTHER EXPRESSLY DISCLAIMS ALL WARRANTIES AND CONDITIONS OF ANY KIND, WHETHER EXPRESS OR IMPLIED, INCLUDING, BUT NOT LIMITED TO THE IMPLIED WARRANTIES AND CONDITIONS OF MERCHANTABILITY, FITNESS FOR A PARTICULAR PURPOSE AND NON-INFRINGEMENT.
2025-11-02T02:17:04.0547619Z 
2025-11-02T02:17:04.0547695Z 11. LIMITATION OF LIABILITY
2025-11-02T02:17:04.0547829Z 
2025-11-02T02:17:04.0549165Z 11.1 YOU EXPRESSLY UNDERSTAND AND AGREE THAT GOOGLE, ITS SUBSIDIARIES AND AFFILIATES, AND ITS LICENSORS SHALL NOT BE LIABLE TO YOU UNDER ANY THEORY OF LIABILITY FOR ANY DIRECT, INDIRECT, INCIDENTAL, SPECIAL, CONSEQUENTIAL OR EXEMPLARY DAMAGES THAT MAY BE INCURRED BY YOU, INCLUDING ANY LOSS OF DATA, WHETHER OR NOT GOOGLE OR ITS REPRESENTATIVES HAVE BEEN ADVISED OF OR SHOULD HAVE BEEN AWARE OF THE POSSIBILITY OF ANY SUCH LOSSES ARISING.
2025-11-02T02:17:04.0550463Z 
2025-11-02T02:17:04.0550543Z 12. Indemnification
2025-11-02T02:17:04.0550651Z 
2025-11-02T02:17:04.0552686Z 12.1 To the maximum extent permitted by law, you agree to defend, indemnify and hold harmless Google, its affiliates and their respective directors, officers, employees and agents from and against any and all claims, actions, suits or proceedings, as well as any and all losses, liabilities, damages, costs and expenses (including reasonable attorneys fees) arising out of or accruing from (a) your use of the SDK, (b) any application you develop on the SDK that infringes any copyright, trademark, trade secret, trade dress, patent or other intellectual property right of any person or defames any person or violates their rights of publicity or privacy, and (c) any non-compliance by you with the License Agreement.
2025-11-02T02:17:04.0554794Z 
2025-11-02T02:17:04.0554875Z 13. Changes to the License Agreement
2025-11-02T02:17:04.0555153Z 
2025-11-02T02:17:04.0555780Z 13.1 Google may make changes to the License Agreement as it distributes new versions of the SDK. When these changes are made, Google will make a new version of the License Agreement available on the website where the SDK is made available.
2025-11-02T02:17:04.0556482Z 
2025-11-02T02:17:04.0556560Z 14. General Legal Terms
2025-11-02T02:17:04.0556678Z 
2025-11-02T02:17:04.0557529Z 14.1 The License Agreement constitutes the whole legal agreement between you and Google and governs your use of the SDK (excluding any services which Google may provide to you under a separate written agreement), and completely replaces any prior agreements between you and Google in relation to the SDK.
2025-11-02T02:17:04.0558562Z 
2025-11-02T02:17:04.0559411Z 14.2 You agree that if Google does not exercise or enforce any legal right or remedy which is contained in the License Agreement (or which Google has the benefit of under any applicable law), this will not be taken to be a formal waiver of Google's rights and that those rights or remedies will still be available to Google.
2025-11-02T02:17:04.0560355Z 
2025-11-02T02:17:04.0561437Z 14.3 If any court of law, having the jurisdiction to decide on this matter, rules that any provision of the License Agreement is invalid, then that provision will be removed from the License Agreement without affecting the rest of the License Agreement. The remaining provisions of the License Agreement will continue to be valid and enforceable.
2025-11-02T02:17:04.0562687Z 
2025-11-02T02:17:04.0564296Z 14.4 You acknowledge and agree that each member of the group of companies of which Google is the parent shall be third party beneficiaries to the License Agreement and that such other companies shall be entitled to directly enforce, and rely upon, any provision of the License Agreement that confers a benefit on (or rights in favor of) them. Other than this, no other person or company shall be third party beneficiaries to the License Agreement.
2025-11-02T02:17:04.0565616Z 
2025-11-02T02:17:04.0566496Z 14.5 EXPORT RESTRICTIONS. THE SDK IS SUBJECT TO UNITED STATES EXPORT LAWS AND REGULATIONS. YOU MUST COMPLY WITH ALL DOMESTIC AND INTERNATIONAL EXPORT LAWS AND REGULATIONS THAT APPLY TO THE SDK. THESE LAWS INCLUDE RESTRICTIONS ON DESTINATIONS, END USERS AND END USE.
2025-11-02T02:17:04.0567337Z 
2025-11-02T02:17:04.0568529Z 14.6 The rights granted in the License Agreement may not be assigned or transferred by either you or Google without the prior written approval of the other party. Neither you nor Google shall be permitted to delegate their responsibilities or obligations under the License Agreement without the prior written approval of the other party.
2025-11-02T02:17:04.0569593Z 
2025-11-02T02:17:04.0571216Z 14.7 The License Agreement, and your relationship with Google under the License Agreement, shall be governed by the laws of the State of California without regard to its conflict of laws provisions. You and Google agree to submit to the exclusive jurisdiction of the courts located within the county of Santa Clara, California to resolve any legal matter arising from the License Agreement. Notwithstanding this, you agree that Google shall still be allowed to apply for injunctive remedies (or an equivalent type of urgent legal relief) in any jurisdiction.
2025-11-02T02:17:04.0572975Z ---------------------------------------
2025-11-02T02:17:04.0573211Z Accept? (y/N): 
2025-11-02T02:17:04.0573420Z 3/6: License android-sdk-arm-dbt-license:
2025-11-02T02:17:04.0573674Z ---------------------------------------
2025-11-02T02:17:04.0573895Z Terms and Conditions
2025-11-02T02:17:04.0574010Z 
2025-11-02T02:17:04.0574156Z This is the Android Software Development Kit License Agreement
2025-11-02T02:17:04.0574396Z 
2025-11-02T02:17:04.0574462Z 1. Introduction
2025-11-02T02:17:04.0574564Z 
2025-11-02T02:17:04.0575583Z 1.1 The Android Software Development Kit (referred to in the License Agreement as the "SDK" and specifically including the Android system files, packaged APIs, and Google APIs add-ons) is licensed to you subject to the terms of the License Agreement. The License Agreement forms a legally binding contract between you and Google in relation to your use of the SDK.
2025-11-02T02:17:04.0576835Z 
2025-11-02T02:17:04.0577414Z 1.2 "Android" means the Android software stack for devices, as made available under the Android Open Source Project, which is located at the following URL: http://source.android.com/, as updated from time to time.
2025-11-02T02:17:04.0578271Z 
2025-11-02T02:17:04.0579268Z 1.3 A "compatible implementation" means any Android device that (i) complies with the Android Compatibility Definition document, which can be found at the Android compatibility website (http://source.android.com/compatibility) and which may be updated from time to time; and (ii) successfully passes the Android Compatibility Test Suite (CTS).
2025-11-02T02:17:04.0580337Z 
2025-11-02T02:17:04.0580749Z 1.4 "Google" means Google Inc., a Delaware corporation with principal place of business at 1600 Amphitheatre Parkway, Mountain View, CA 94043, United States.
2025-11-02T02:17:04.0581244Z 
2025-11-02T02:17:04.0581252Z 
2025-11-02T02:17:04.0581343Z 2. Accepting the License Agreement
2025-11-02T02:17:04.0581498Z 
2025-11-02T02:17:04.0581835Z 2.1 In order to use the SDK, you must first agree to the License Agreement. You may not use the SDK if you do not accept the License Agreement.
2025-11-02T02:17:04.0582258Z 
2025-11-02T02:17:04.0582441Z 2.2 By clicking to accept, you hereby agree to the terms of the License Agreement.
2025-11-02T02:17:04.0582712Z 
2025-11-02T02:17:04.0583369Z 2.3 You may not use the SDK and may not accept the License Agreement if you are a person barred from receiving the SDK under the laws of the United States or other countries, including the country in which you are resident or from which you use the SDK.
2025-11-02T02:17:04.0584100Z 
2025-11-02T02:17:04.0585190Z 2.4 If you are agreeing to be bound by the License Agreement on behalf of your employer or other entity, you represent and warrant that you have full legal authority to bind your employer or such entity to the License Agreement. If you do not have the requisite authority, you may not accept the License Agreement or use the SDK on behalf of your employer or other entity.
2025-11-02T02:17:04.0586268Z 
2025-11-02T02:17:04.0586272Z 
2025-11-02T02:17:04.0586352Z 3. SDK License from Google
2025-11-02T02:17:04.0586479Z 
2025-11-02T02:17:04.0587194Z 3.1 Subject to the terms of the License Agreement, Google grants you a limited, worldwide, royalty-free, non-assignable, non-exclusive, and non-sublicensable license to use the SDK solely to develop applications for compatible implementations of Android.
2025-11-02T02:17:04.0588163Z 
2025-11-02T02:17:04.0589114Z 3.2 You may not use this SDK to develop applications for other platforms (including non-compatible implementations of Android) or to develop another SDK. You are of course free to develop applications for other platforms, including non-compatible implementations of Android, provided that this SDK is not used for that purpose.
2025-11-02T02:17:04.0590118Z 
2025-11-02T02:17:04.0591210Z 3.3 You agree that Google or third parties own all legal right, title and interest in and to the SDK, including any Intellectual Property Rights that subsist in the SDK. "Intellectual Property Rights" means any and all rights under patent law, copyright law, trade secret law, trademark law, and any and all other proprietary rights. Google reserves all rights not expressly granted to you.
2025-11-02T02:17:04.0592367Z 
2025-11-02T02:17:04.0593322Z 3.4 You may not use the SDK for any purpose not expressly permitted by the License Agreement. Except to the extent required by applicable third party licenses, you may not copy (except for backup purposes), modify, adapt, redistribute, decompile, reverse engineer, disassemble, or create derivative works of the SDK or any part of the SDK.
2025-11-02T02:17:04.0594348Z 
2025-11-02T02:17:04.0594920Z 3.5 Use, reproduction and distribution of components of the SDK licensed under an open source software license are governed solely by the terms of that open source software license and not the License Agreement.
2025-11-02T02:17:04.0595679Z 
2025-11-02T02:17:04.0596850Z 3.6 You agree that the form and nature of the SDK that Google provides may change without prior notice to you and that future versions of the SDK may be incompatible with applications developed on previous versions of the SDK. You agree that Google may stop (permanently or temporarily) providing the SDK (or any features within the SDK) to you or to users generally at Google's sole discretion, without prior notice to you.
2025-11-02T02:17:04.0598305Z 
2025-11-02T02:17:04.0598780Z 3.7 Nothing in the License Agreement gives you a right to use any of Google's trade names, trademarks, service marks, logos, domain names, or other distinctive brand features.
2025-11-02T02:17:04.0599300Z 
2025-11-02T02:17:04.0599798Z 3.8 You agree that you will not remove, obscure, or alter any proprietary rights notices (including copyright and trademark notices) that may be affixed to or contained within the SDK.
2025-11-02T02:17:04.0600383Z 
2025-11-02T02:17:04.0600392Z 
2025-11-02T02:17:04.0600465Z 4. Use of the SDK by You
2025-11-02T02:17:04.0600591Z 
2025-11-02T02:17:04.0601314Z 4.1 Google agrees that it obtains no right, title or interest from you (or your licensors) under the License Agreement in or to any software applications that you develop using the SDK, including any intellectual property rights that subsist in those applications.
2025-11-02T02:17:04.0602106Z 
2025-11-02T02:17:04.0603084Z 4.2 You agree to use the SDK and write applications only for purposes that are permitted by (a) the License Agreement and (b) any applicable law, regulation or generally accepted practices or guidelines in the relevant jurisdictions (including any laws regarding the export of data or software to and from the United States or other relevant countries).
2025-11-02T02:17:04.0604137Z 
2025-11-02T02:17:04.0606495Z 4.3 You agree that if you use the SDK to develop applications for general public users, you will protect the privacy and legal rights of those users. If the users provide you with user names, passwords, or other login information or personal information, you must make the users aware that the information will be available to your application, and you must provide legally adequate privacy notice and protection for those users. If your application stores personal or sensitive information provided by users, it must do so securely. If the user provides your application with Google Account information, your application may only use that information to access the user's Google Account when, and for the limited purposes for which, the user has given you permission to do so.
2025-11-02T02:17:04.0609009Z 
2025-11-02T02:17:04.0610008Z 4.4 You agree that you will not engage in any activity with the SDK, including the development or distribution of an application, that interferes with, disrupts, damages, or accesses in an unauthorized manner the servers, networks, or other properties or services of any third party including, but not limited to, Google or any mobile communications carrier.
2025-11-02T02:17:04.0611079Z 
2025-11-02T02:17:04.0612022Z 4.5 You agree that you are solely responsible for (and that Google has no responsibility to you or to any third party for) any data, content, or resources that you create, transmit or display through Android and/or applications for Android, and for the consequences of your actions (including any loss or damage which Google may suffer) by doing so.
2025-11-02T02:17:04.0613056Z 
2025-11-02T02:17:04.0614137Z 4.6 You agree that you are solely responsible for (and that Google has no responsibility to you or to any third party for) any breach of your obligations under the License Agreement, any applicable third party contract or Terms of Service, or any applicable law or regulation, and for the consequences (including any loss or damage which Google or any third party may suffer) of any such breach.
2025-11-02T02:17:04.0615438Z 
2025-11-02T02:17:04.0616777Z 4.7 This software enables the execution of intellectual property owned by Arm Limited. You agree that your use of the software, that allows execution of ARM Instruction Set Architecture (“ISA”) compliant executables for application development and debug only on x86 desktop, laptop, customer on-premise servers, and customer-procured cloud-based environments.
2025-11-02T02:17:04.0618029Z 
2025-11-02T02:17:04.0618134Z 5. Your Developer Credentials
2025-11-02T02:17:04.0618282Z 
2025-11-02T02:17:04.0619069Z 5.1 You agree that you are responsible for maintaining the confidentiality of any developer credentials that may be issued to you by Google or which you may choose yourself and that you will be solely responsible for all applications that are developed under your developer credentials.
2025-11-02T02:17:04.0619942Z 
2025-11-02T02:17:04.0620026Z 6. Privacy and Information
2025-11-02T02:17:04.0620164Z 
2025-11-02T02:17:04.0621531Z 6.1 In order to continually innovate and improve the SDK, Google may collect certain usage statistics from the software including but not limited to a unique identifier, associated IP address, version number of the software, and information on which tools and/or services in the SDK are being used and how they are being used. Before any of this information is collected, the SDK will notify you and seek your consent. If you withhold consent, the information will not be collected.
2025-11-02T02:17:04.0622934Z 
2025-11-02T02:17:04.0623278Z 6.2 The data collected is examined in the aggregate to improve the SDK and is maintained in accordance with Google's Privacy Policy.
2025-11-02T02:17:04.0623695Z 
2025-11-02T02:17:04.0623699Z 
2025-11-02T02:17:04.0623779Z 7. Third Party Applications
2025-11-02T02:17:04.0623938Z 
2025-11-02T02:17:04.0625698Z 7.1 If you use the SDK to run applications developed by a third party or that access data, content or resources provided by a third party, you agree that Google is not responsible for those applications, data, content, or resources. You understand that all data, content or resources which you may access through such third party applications are the sole responsibility of the person from which they originated and that Google is not liable for any loss or damage that you may experience as a result of the use or access of any of those third party applications, data, content, or resources.
2025-11-02T02:17:04.0627425Z 
2025-11-02T02:17:04.0628943Z 7.2 You should be aware the data, content, and resources presented to you through such a third party application may be protected by intellectual property rights which are owned by the providers (or by other persons or companies on their behalf). You may not modify, rent, lease, loan, sell, distribute or create derivative works based on these data, content, or resources (either in whole or in part) unless you have been specifically given permission to do so by the relevant owners.
2025-11-02T02:17:04.0630362Z 
2025-11-02T02:17:04.0631097Z 7.3 You acknowledge that your use of such third party applications, data, content, or resources may be subject to separate terms between you and the relevant third party. In that case, the License Agreement does not affect your legal relationship with these third parties.
2025-11-02T02:17:04.0631916Z 
2025-11-02T02:17:04.0631926Z 
2025-11-02T02:17:04.0631996Z 8. Using Android APIs
2025-11-02T02:17:04.0632118Z 
2025-11-02T02:17:04.0632186Z 8.1 Google Data APIs
2025-11-02T02:17:04.0632333Z 
2025-11-02T02:17:04.0633704Z 8.1.1 If you use any API to retrieve data from Google, you acknowledge that the data may be protected by intellectual property rights which are owned by Google or those parties that provide the data (or by other persons or companies on their behalf). Your use of any such API may be subject to additional Terms of Service. You may not modify, rent, lease, loan, sell, distribute or create derivative works based on this data (either in whole or in part) unless allowed by the relevant Terms of Service.
2025-11-02T02:17:04.0635117Z 
2025-11-02T02:17:04.0637651Z 8.1.2 If you use any API to retrieve a user's data from Google, you acknowledge and agree that you shall retrieve data only with the user's explicit consent and only when, and for the limited purposes for which, the user has given you permission to do so. If you use the Android Recognition Service API, documented at the following URL: https://developer.android.com/reference/android/speech/RecognitionService, as updated from time to time, you acknowledge that the use of the API is subject to the Data Processing Addendum for Products where Google is a Data Processor, which is located at the following URL: https://privacy.google.com/businesses/gdprprocessorterms/, as updated from time to time. By clicking to accept, you hereby agree to the terms of the Data Processing Addendum for Products where Google is a Data Processor.
2025-11-02T02:17:04.0640260Z 
2025-11-02T02:17:04.0640264Z 
2025-11-02T02:17:04.0640358Z 9. Terminating the License Agreement
2025-11-02T02:17:04.0640517Z 
2025-11-02T02:17:04.0640799Z 9.1 The License Agreement will continue to apply until terminated by either you or Google as set out below.
2025-11-02T02:17:04.0641160Z 
2025-11-02T02:17:04.0641487Z 9.2 If you want to terminate the License Agreement, you may do so by ceasing your use of the SDK and any relevant developer credentials.
2025-11-02T02:17:04.0641896Z 
2025-11-02T02:17:04.0643610Z 9.3 Google may at any time, terminate the License Agreement with you if: (A) you have breached any provision of the License Agreement; or (B) Google is required to do so by law; or (C) the partner with whom Google offered certain parts of SDK (such as APIs) to you has terminated its relationship with Google or ceased to offer certain parts of the SDK to you; or (D) Google decides to no longer provide the SDK or certain parts of the SDK to users in the country in which you are resident or from which you use the service, or the provision of the SDK or certain SDK services to you by Google is, in Google's sole discretion, no longer commercially viable.
2025-11-02T02:17:04.0645396Z 
2025-11-02T02:17:04.0646754Z 9.4 When the License Agreement comes to an end, all of the legal rights, obligations and liabilities that you and Google have benefited from, been subject to (or which have accrued over time whilst the License Agreement has been in force) or which are expressed to continue indefinitely, shall be unaffected by this cessation, and the provisions of paragraph 14.7 shall continue to apply to such rights, obligations and liabilities indefinitely.
2025-11-02T02:17:04.0648228Z 
2025-11-02T02:17:04.0648232Z 
2025-11-02T02:17:04.0648321Z 10. DISCLAIMER OF WARRANTIES
2025-11-02T02:17:04.0648460Z 
2025-11-02T02:17:04.0648905Z 10.1 YOU EXPRESSLY UNDERSTAND AND AGREE THAT YOUR USE OF THE SDK IS AT YOUR SOLE RISK AND THAT THE SDK IS PROVIDED "AS IS" AND "AS AVAILABLE" WITHOUT WARRANTY OF ANY KIND FROM GOOGLE.
2025-11-02T02:17:04.0649427Z 
2025-11-02T02:17:04.0650201Z 10.2 YOUR USE OF THE SDK AND ANY MATERIAL DOWNLOADED OR OTHERWISE OBTAINED THROUGH THE USE OF THE SDK IS AT YOUR OWN DISCRETION AND RISK AND YOU ARE SOLELY RESPONSIBLE FOR ANY DAMAGE TO YOUR COMPUTER SYSTEM OR OTHER DEVICE OR LOSS OF DATA THAT RESULTS FROM SUCH USE.
2025-11-02T02:17:04.0650986Z 
2025-11-02T02:17:04.0651713Z 10.3 GOOGLE FURTHER EXPRESSLY DISCLAIMS ALL WARRANTIES AND CONDITIONS OF ANY KIND, WHETHER EXPRESS OR IMPLIED, INCLUDING, BUT NOT LIMITED TO THE IMPLIED WARRANTIES AND CONDITIONS OF MERCHANTABILITY, FITNESS FOR A PARTICULAR PURPOSE AND NON-INFRINGEMENT.
2025-11-02T02:17:04.0652509Z 
2025-11-02T02:17:04.0652513Z 
2025-11-02T02:17:04.0652589Z 11. LIMITATION OF LIABILITY
2025-11-02T02:17:04.0652725Z 
2025-11-02T02:17:04.0654151Z 11.1 YOU EXPRESSLY UNDERSTAND AND AGREE THAT GOOGLE, ITS SUBSIDIARIES AND AFFILIATES, AND ITS LICENSORS SHALL NOT BE LIABLE TO YOU UNDER ANY THEORY OF LIABILITY FOR ANY DIRECT, INDIRECT, INCIDENTAL, SPECIAL, CONSEQUENTIAL OR EXEMPLARY DAMAGES THAT MAY BE INCURRED BY YOU, INCLUDING ANY LOSS OF DATA, WHETHER OR NOT GOOGLE OR ITS REPRESENTATIVES HAVE BEEN ADVISED OF OR SHOULD HAVE BEEN AWARE OF THE POSSIBILITY OF ANY SUCH LOSSES ARISING.
2025-11-02T02:17:04.0655619Z 
2025-11-02T02:17:04.0655628Z 
2025-11-02T02:17:04.0655700Z 12. Indemnification
2025-11-02T02:17:04.0655809Z 
2025-11-02T02:17:04.0657844Z 12.1 To the maximum extent permitted by law, you agree to defend, indemnify and hold harmless Google, its affiliates and their respective directors, officers, employees and agents from and against any and all claims, actions, suits or proceedings, as well as any and all losses, liabilities, damages, costs and expenses (including reasonable attorneys fees) arising out of or accruing from (a) your use of the SDK, (b) any application you develop on the SDK that infringes any copyright, trademark, trade secret, trade dress, patent or other intellectual property right of any person or defames any person or violates their rights of publicity or privacy, and (c) any non-compliance by you with the License Agreement.
2025-11-02T02:17:04.0660616Z 
2025-11-02T02:17:04.0660625Z 
2025-11-02T02:17:04.0660721Z 13. Changes to the License Agreement
2025-11-02T02:17:04.0660882Z 
2025-11-02T02:17:04.0661518Z 13.1 Google may make changes to the License Agreement as it distributes new versions of the SDK. When these changes are made, Google will make a new version of the License Agreement available on the website where the SDK is made available.
2025-11-02T02:17:04.0662234Z 
2025-11-02T02:17:04.0662238Z 
2025-11-02T02:17:04.0662310Z 14. General Legal Terms
2025-11-02T02:17:04.0662428Z 
2025-11-02T02:17:04.0663512Z 14.1 The License Agreement constitutes the whole legal agreement between you and Google and governs your use of the SDK (excluding any services which Google may provide to you under a separate written agreement), and completely replaces any prior agreements between you and Google in relation to the SDK.
2025-11-02T02:17:04.0664535Z 
2025-11-02T02:17:04.0665534Z 14.2 You agree that if Google does not exercise or enforce any legal right or remedy which is contained in the License Agreement (or which Google has the benefit of under any applicable law), this will not be taken to be a formal waiver of Google's rights and that those rights or remedies will still be available to Google.
2025-11-02T02:17:04.0666477Z 
2025-11-02T02:17:04.0667595Z 14.3 If any court of law, having the jurisdiction to decide on this matter, rules that any provision of the License Agreement is invalid, then that provision will be removed from the License Agreement without affecting the rest of the License Agreement. The remaining provisions of the License Agreement will continue to be valid and enforceable.
2025-11-02T02:17:04.0668846Z 
2025-11-02T02:17:04.0670083Z 14.4 You acknowledge and agree that each member of the group of companies of which Google is the parent shall be third party beneficiaries to the License Agreement and that such other companies shall be entitled to directly enforce, and rely upon, any provision of the License Agreement that confers a benefit on (or rights in favor of) them. Other than this, no other person or company shall be third party beneficiaries to the License Agreement.
2025-11-02T02:17:04.0671412Z 
2025-11-02T02:17:04.0672149Z 14.5 EXPORT RESTRICTIONS. THE SDK IS SUBJECT TO UNITED STATES EXPORT LAWS AND REGULATIONS. YOU MUST COMPLY WITH ALL DOMESTIC AND INTERNATIONAL EXPORT LAWS AND REGULATIONS THAT APPLY TO THE SDK. THESE LAWS INCLUDE RESTRICTIONS ON DESTINATIONS, END USERS AND END USE.
2025-11-02T02:17:04.0672979Z 
2025-11-02T02:17:04.0673939Z 14.6 The rights granted in the License Agreement may not be assigned or transferred by either you or Google without the prior written approval of the other party. Neither you nor Google shall be permitted to delegate their responsibilities or obligations under the License Agreement without the prior written approval of the other party.
2025-11-02T02:17:04.0674973Z 
2025-11-02T02:17:04.0676576Z 14.7 The License Agreement, and your relationship with Google under the License Agreement, shall be governed by the laws of the State of California without regard to its conflict of laws provisions. You and Google agree to submit to the exclusive jurisdiction of the courts located within the county of Santa Clara, California to resolve any legal matter arising from the License Agreement. Notwithstanding this, you agree that Google shall still be allowed to apply for injunctive remedies (or an equivalent type of urgent legal relief) in any jurisdiction.
2025-11-02T02:17:04.0678557Z 
2025-11-02T02:17:04.0678561Z 
2025-11-02T02:17:04.0678639Z January 16, 2019
2025-11-02T02:17:04.0678823Z ---------------------------------------
2025-11-02T02:17:04.0679050Z Accept? (y/N): 
2025-11-02T02:17:04.0679248Z 4/6: License android-sdk-preview-license:
2025-11-02T02:17:04.0679508Z ---------------------------------------
2025-11-02T02:17:04.0680799Z To get started with the Android SDK Preview, you must agree to the following terms and conditions. As described below, please note that this is a preview version of the Android SDK, subject to change, that you use at your own risk. The Android SDK Preview is not a stable release, and may contain errors and defects that can result in serious damage to your computer systems, devices and data.
2025-11-02T02:17:04.0681934Z 
2025-11-02T02:17:04.0682111Z This is the Android SDK Preview License Agreement (the "License Agreement").
2025-11-02T02:17:04.0682379Z 
2025-11-02T02:17:04.0682445Z 1. Introduction
2025-11-02T02:17:04.0682546Z 
2025-11-02T02:17:04.0684025Z 1.1 The Android SDK Preview (referred to in the License Agreement as the “Preview” and specifically including the Android system files, packaged APIs, and Preview library files, if and when they are made available) is licensed to you subject to the terms of the License Agreement. The License Agreement forms a legally binding contract between you and Google in relation to your use of the Preview.
2025-11-02T02:17:04.0685261Z 
2025-11-02T02:17:04.0686228Z 1.2 "Android" means the Android software stack for devices, as made available under the Android Open Source Project, which is located at the following URL: http://source.android.com/, as updated from time to time.
2025-11-02T02:17:04.0687392Z 
2025-11-02T02:17:04.0688570Z 1.3 "Google" means Google Inc., a Delaware corporation with principal place of business at 1600 Amphitheatre Parkway, Mountain View, CA 94043, United States.
2025-11-02T02:17:04.0689475Z 
2025-11-02T02:17:04.0689627Z 2. Accepting the License Agreement
2025-11-02T02:17:04.0689889Z 
2025-11-02T02:17:04.0690530Z 2.1 In order to use the Preview, you must first agree to the License Agreement. You may not use the Preview if you do not accept the License Agreement.
2025-11-02T02:17:04.0691298Z 
2025-11-02T02:17:04.0691736Z 2.2 By clicking to accept and/or using the Preview, you hereby agree to the terms of the License Agreement.
2025-11-02T02:17:04.0692319Z 
2025-11-02T02:17:04.0693546Z 2.3 You may not use the Preview and may not accept the License Agreement if you are a person barred from receiving the Preview under the laws of the United States or other countries including the country in which you are resident or from which you use the Preview.
2025-11-02T02:17:04.0694956Z 
2025-11-02T02:17:04.0697103Z 2.4 If you will use the Preview internally within your company or organization you agree to be bound by the License Agreement on behalf of your employer or other entity, and you represent and warrant that you have full legal authority to bind your employer or such entity to the License Agreement. If you do not have the requisite authority, you may not accept the License Agreement or use the Preview on behalf of your employer or other entity.
2025-11-02T02:17:04.0699056Z 
2025-11-02T02:17:04.0699153Z 3. Preview License from Google
2025-11-02T02:17:04.0699310Z 
2025-11-02T02:17:04.0700207Z 3.1 Subject to the terms of the License Agreement, Google grants you a royalty-free, non-assignable, non-exclusive, non-sublicensable, limited, revocable license to use the Preview, personally or internally within your company or organization, solely to develop applications to run on the Android platform.
2025-11-02T02:17:04.0701359Z 
2025-11-02T02:17:04.0702499Z 3.2 You agree that Google or third parties owns all legal right, title and interest in and to the Preview, including any Intellectual Property Rights that subsist in the Preview. "Intellectual Property Rights" means any and all rights under patent law, copyright law, trade secret law, trademark law, and any and all other proprietary rights. Google reserves all rights not expressly granted to you.
2025-11-02T02:17:04.0703694Z 
2025-11-02T02:17:04.0705375Z 3.3 You may not use the Preview for any purpose not expressly permitted by the License Agreement. Except to the extent required by applicable third party licenses, you may not: (a) copy (except for backup purposes), modify, adapt, redistribute, decompile, reverse engineer, disassemble, or create derivative works of the Preview or any part of the Preview; or (b) load any part of the Preview onto a mobile handset or any other hardware device except a personal computer, combine any part of the Preview with other software, or distribute any software or device incorporating a part of the Preview.
2025-11-02T02:17:04.0707114Z 
2025-11-02T02:17:04.0707814Z 3.4 You agree that you will not take any actions that may cause or result in the fragmentation of Android, including but not limited to distributing, participating in the creation of, or promoting in any way a software development kit derived from the Preview.
2025-11-02T02:17:04.0709059Z 
2025-11-02T02:17:04.0710242Z 3.5 Use, reproduction and distribution of components of the Preview licensed under an open source software license are governed solely by the terms of that open source software license and not the License Agreement. You agree to remain a licensee in good standing in regard to such open source software licenses under all the rights granted and to refrain from any actions that may terminate, suspend, or breach such rights.
2025-11-02T02:17:04.0711503Z 
2025-11-02T02:17:04.0712875Z 3.6 You agree that the form and nature of the Preview that Google provides may change without prior notice to you and that future versions of the Preview may be incompatible with applications developed on previous versions of the Preview. You agree that Google may stop (permanently or temporarily) providing the Preview (or any features within the Preview) to you or to users generally at Google's sole discretion, without prior notice to you.
2025-11-02T02:17:04.0714198Z 
2025-11-02T02:17:04.0714651Z 3.7 Nothing in the License Agreement gives you a right to use any of Google's trade names, trademarks, service marks, logos, domain names, or other distinctive brand features.
2025-11-02T02:17:04.0715188Z 
2025-11-02T02:17:04.0715729Z 3.8 You agree that you will not remove, obscure, or alter any proprietary rights notices (including copyright and trademark notices) that may be affixed to or contained within the Preview.
2025-11-02T02:17:04.0716313Z 
2025-11-02T02:17:04.0716402Z 4. Use of the Preview by You
2025-11-02T02:17:04.0716540Z 
2025-11-02T02:17:04.0717383Z 4.1 Google agrees that nothing in the License Agreement gives Google any right, title or interest from you (or your licensors) under the License Agreement in or to any software applications that you develop using the Preview, including any intellectual property rights that subsist in those applications.
2025-11-02T02:17:04.0718527Z 
2025-11-02T02:17:04.0719516Z 4.2 You agree to use the Preview and write applications only for purposes that are permitted by (a) the License Agreement, and (b) any applicable law, regulation or generally accepted practices or guidelines in the relevant jurisdictions (including any laws regarding the export of data or software to and from the United States or other relevant countries).
2025-11-02T02:17:04.0720584Z 
2025-11-02T02:17:04.0722686Z 4.3 You agree that if you use the Preview to develop applications, you will protect the privacy and legal rights of users. If users provide you with user names, passwords, or other login information or personal information, you must make the users aware that the information will be available to your application, and you must provide legally adequate privacy notice and protection for those users. If your application stores personal or sensitive information provided by users, it must do so securely. If users provide you with Google Account information, your application may only use that information to access the user's Google Account when, and for the limited purposes for which, each user has given you permission to do so.
2025-11-02T02:17:04.0724962Z 
2025-11-02T02:17:04.0725776Z 4.4 You agree that you will not engage in any activity with the Preview, including the development or distribution of an application, that interferes with, disrupts, damages, or accesses in an unauthorized manner the servers, networks, or other properties or services of Google or any third party.
2025-11-02T02:17:04.0726669Z 
2025-11-02T02:17:04.0727625Z 4.5 You agree that you are solely responsible for (and that Google has no responsibility to you or to any third party for) any data, content, or resources that you create, transmit or display through Android and/or applications for Android, and for the consequences of your actions (including any loss or damage which Google may suffer) by doing so.
2025-11-02T02:17:04.0728754Z 
2025-11-02T02:17:04.0729838Z 4.6 You agree that you are solely responsible for (and that Google has no responsibility to you or to any third party for) any breach of your obligations under the License Agreement, any applicable third party contract or Terms of Service, or any applicable law or regulation, and for the consequences (including any loss or damage which Google or any third party may suffer) of any such breach.
2025-11-02T02:17:04.0730985Z 
2025-11-02T02:17:04.0732479Z 4.7 The Preview is in development, and your testing and feedback are an important part of the development process. By using the Preview, you acknowledge that implementation of some features are still under development and that you should not rely on the Preview having the full functionality of a stable release. You agree not to publicly distribute or ship any application using this Preview as this Preview will no longer be supported after the official Android SDK is released.
2025-11-02T02:17:04.0733910Z 
2025-11-02T02:17:04.0733992Z 5. Your Developer Credentials
2025-11-02T02:17:04.0734138Z 
2025-11-02T02:17:04.0734927Z 5.1 You agree that you are responsible for maintaining the confidentiality of any developer credentials that may be issued to you by Google or which you may choose yourself and that you will be solely responsible for all applications that are developed under your developer credentials.
2025-11-02T02:17:04.0735792Z 
2025-11-02T02:17:04.0735875Z 6. Privacy and Information
2025-11-02T02:17:04.0736007Z 
2025-11-02T02:17:04.0738324Z 6.1 In order to continually innovate and improve the Preview, Google may collect certain usage statistics from the software including but not limited to a unique identifier, associated IP address, version number of the software, and information on which tools and/or services in the Preview are being used and how they are being used. Before any of this information is collected, the Preview will notify you and seek your consent. If you withhold consent, the information will not be collected.
2025-11-02T02:17:04.0739819Z 
2025-11-02T02:17:04.0740338Z 6.2 The data collected is examined in the aggregate to improve the Preview and is maintained in accordance with Google's Privacy Policy located at http://www.google.com/policies/privacy/.
2025-11-02T02:17:04.0740930Z 
2025-11-02T02:17:04.0741012Z 7. Third Party Applications
2025-11-02T02:17:04.0741147Z 
2025-11-02T02:17:04.0742817Z 7.1 If you use the Preview to run applications developed by a third party or that access data, content or resources provided by a third party, you agree that Google is not responsible for those applications, data, content, or resources. You understand that all data, content or resources which you may access through such third party applications are the sole responsibility of the person from which they originated and that Google is not liable for any loss or damage that you may experience as a result of the use or access of any of those third party applications, data, content, or resources.
2025-11-02T02:17:04.0744738Z 
2025-11-02T02:17:04.0746089Z 7.2 You should be aware the data, content, and resources presented to you through such a third party application may be protected by intellectual property rights which are owned by the providers (or by other persons or companies on their behalf). You may not modify, rent, lease, loan, sell, distribute or create derivative works based on these data, content, or resources (either in whole or in part) unless you have been specifically given permission to do so by the relevant owners.
2025-11-02T02:17:04.0747512Z 
2025-11-02T02:17:04.0748177Z 7.3 You acknowledge that your use of such third party applications, data, content, or resources may be subject to separate terms between you and the relevant third party.
2025-11-02T02:17:04.0748717Z 
2025-11-02T02:17:04.0748788Z 8. Using Google APIs
2025-11-02T02:17:04.0748904Z 
2025-11-02T02:17:04.0748979Z 8.1 Google APIs
2025-11-02T02:17:04.0749083Z 
2025-11-02T02:17:04.0750445Z 8.1.1 If you use any API to retrieve data from Google, you acknowledge that the data may be protected by intellectual property rights which are owned by Google or those parties that provide the data (or by other persons or companies on their behalf). Your use of any such API may be subject to additional Terms of Service. You may not modify, rent, lease, loan, sell, distribute or create derivative works based on this data (either in whole or in part) unless allowed by the relevant Terms of Service.
2025-11-02T02:17:04.0751863Z 
2025-11-02T02:17:04.0752514Z 8.1.2 If you use any API to retrieve a user's data from Google, you acknowledge and agree that you shall retrieve data only with the user's explicit consent and only when, and for the limited purposes for which, the user has given you permission to do so.
2025-11-02T02:17:04.0753248Z 
2025-11-02T02:17:04.0753333Z 9. Terminating the License Agreement
2025-11-02T02:17:04.0753493Z 
2025-11-02T02:17:04.0753900Z 9.1 the License Agreement will continue to apply until terminated by either you or Google as set out below.
2025-11-02T02:17:04.0754269Z 
2025-11-02T02:17:04.0754604Z 9.2 If you want to terminate the License Agreement, you may do so by ceasing your use of the Preview and any relevant developer credentials.
2025-11-02T02:17:04.0755031Z 
2025-11-02T02:17:04.0755278Z 9.3 Google may at any time, terminate the License Agreement, with or without cause, upon notice to you.
2025-11-02T02:17:04.0755608Z 
2025-11-02T02:17:04.0756583Z 9.4 The License Agreement will automatically terminate without notice or other action upon the earlier of: (A) when Google ceases to provide the Preview or certain parts of the Preview to users in the country in which you are resident or from which you use the service; and (B) Google issues a final release version of the Android SDK.
2025-11-02T02:17:04.0757563Z 
2025-11-02T02:17:04.0758317Z 9.5 When the License Agreement is terminated, the license granted to you in the License Agreement will terminate, you will immediately cease all use of the Preview, and the provisions of paragraphs 10, 11, 12 and 14 shall survive indefinitely.
2025-11-02T02:17:04.0759046Z 
2025-11-02T02:17:04.0759113Z 10. DISCLAIMERS
2025-11-02T02:17:04.0759215Z 
2025-11-02T02:17:04.0759689Z 10.1 YOU EXPRESSLY UNDERSTAND AND AGREE THAT YOUR USE OF THE PREVIEW IS AT YOUR SOLE RISK AND THAT THE PREVIEW IS PROVIDED "AS IS" AND "AS AVAILABLE" WITHOUT WARRANTY OF ANY KIND FROM GOOGLE.
2025-11-02T02:17:04.0760238Z 
2025-11-02T02:17:04.0761824Z 10.2 YOUR USE OF THE PREVIEW AND ANY MATERIAL DOWNLOADED OR OTHERWISE OBTAINED THROUGH THE USE OF THE PREVIEW IS AT YOUR OWN DISCRETION AND RISK AND YOU ARE SOLELY RESPONSIBLE FOR ANY DAMAGE TO YOUR COMPUTER SYSTEM OR OTHER DEVICE OR LOSS OF DATA THAT RESULTS FROM SUCH USE. WITHOUT LIMITING THE FOREGOING, YOU UNDERSTAND THAT THE PREVIEW IS NOT A STABLE RELEASE AND MAY CONTAIN ERRORS, DEFECTS AND SECURITY VULNERABILITIES THAT CAN RESULT IN SIGNIFICANT DAMAGE, INCLUDING THE COMPLETE, IRRECOVERABLE LOSS OF USE OF YOUR COMPUTER SYSTEM OR OTHER DEVICE.
2025-11-02T02:17:04.0763907Z 
2025-11-02T02:17:04.0765178Z 10.3 GOOGLE FURTHER EXPRESSLY DISCLAIMS ALL WARRANTIES AND CONDITIONS OF ANY KIND, WHETHER EXPRESS OR IMPLIED, INCLUDING, BUT NOT LIMITED TO THE IMPLIED WARRANTIES AND CONDITIONS OF MERCHANTABILITY, FITNESS FOR A PARTICULAR PURPOSE AND NON-INFRINGEMENT.
2025-11-02T02:17:04.0766622Z 
2025-11-02T02:17:04.0766763Z 11. LIMITATION OF LIABILITY
2025-11-02T02:17:04.0767066Z 
2025-11-02T02:17:04.0769454Z 11.1 YOU EXPRESSLY UNDERSTAND AND AGREE THAT GOOGLE, ITS SUBSIDIARIES AND AFFILIATES, AND ITS LICENSORS SHALL NOT BE LIABLE TO YOU UNDER ANY THEORY OF LIABILITY FOR ANY DIRECT, INDIRECT, INCIDENTAL, SPECIAL, CONSEQUENTIAL OR EXEMPLARY DAMAGES THAT MAY BE INCURRED BY YOU, INCLUDING ANY LOSS OF DATA, WHETHER OR NOT GOOGLE OR ITS REPRESENTATIVES HAVE BEEN ADVISED OF OR SHOULD HAVE BEEN AWARE OF THE POSSIBILITY OF ANY SUCH LOSSES ARISING.
2025-11-02T02:17:04.0771768Z 
2025-11-02T02:17:04.0771909Z 12. Indemnification
2025-11-02T02:17:04.0772107Z 
2025-11-02T02:17:04.0776164Z 12.1 To the maximum extent permitted by law, you agree to defend, indemnify and hold harmless Google, its affiliates and their respective directors, officers, employees and agents from and against any and all claims, actions, suits or proceedings, as well as any and all losses, liabilities, damages, costs and expenses (including reasonable attorneys’ fees) arising out of or accruing from (a) your use of the Preview, (b) any application you develop on the Preview that infringes any Intellectual Property Rights of any person or defames any person or violates their rights of publicity or privacy, and (c) any non-compliance by you of the License Agreement.
2025-11-02T02:17:04.0779845Z 
2025-11-02T02:17:04.0780002Z 13. Changes to the License Agreement
2025-11-02T02:17:04.0780291Z 
2025-11-02T02:17:04.0781667Z 13.1 Google may make changes to the License Agreement as it distributes new versions of the Preview. When these changes are made, Google will make a new version of the License Agreement available on the website where the Preview is made available.
2025-11-02T02:17:04.0783013Z 
2025-11-02T02:17:04.0783155Z 14. General Legal Terms
2025-11-02T02:17:04.0783376Z 
2025-11-02T02:17:04.0784331Z 14.1 the License Agreement constitutes the whole legal agreement between you and Google and governs your use of the Preview (excluding any services which Google may provide to you under a separate written agreement), and completely replaces any prior agreements between you and Google in relation to the Preview.
2025-11-02T02:17:04.0785325Z 
2025-11-02T02:17:04.0786204Z 14.2 You agree that if Google does not exercise or enforce any legal right or remedy which is contained in the License Agreement (or which Google has the benefit of under any applicable law), this will not be taken to be a formal waiver of Google's rights and that those rights or remedies will still be available to Google.
2025-11-02T02:17:04.0787160Z 
2025-11-02T02:17:04.0788348Z 14.3 If any court of law, having the jurisdiction to decide on this matter, rules that any provision of the License Agreement is invalid, then that provision will be removed from the License Agreement without affecting the rest of the License Agreement. The remaining provisions of the License Agreement will continue to be valid and enforceable.
2025-11-02T02:17:04.0789396Z 
2025-11-02T02:17:04.0790642Z 14.4 You acknowledge and agree that each member of the group of companies of which Google is the parent shall be third party beneficiaries to the License Agreement and that such other companies shall be entitled to directly enforce, and rely upon, any provision of the License Agreement that confers a benefit on (or rights in favor of) them. Other than this, no other person or company shall be third party beneficiaries to the License Agreement.
2025-11-02T02:17:04.0791952Z 
2025-11-02T02:17:04.0792893Z 14.5 EXPORT RESTRICTIONS. THE PREVIEW IS SUBJECT TO UNITED STATES EXPORT LAWS AND REGULATIONS. YOU MUST COMPLY WITH ALL DOMESTIC AND INTERNATIONAL EXPORT LAWS AND REGULATIONS THAT APPLY TO THE PREVIEW. THESE LAWS INCLUDE RESTRICTIONS ON DESTINATIONS, END USERS AND END USE.
2025-11-02T02:17:04.0793758Z 
2025-11-02T02:17:04.0794653Z 14.6 The License Agreement may not be assigned or transferred by you without the prior written approval of Google, and any attempted assignment without such approval will be void. You shall not delegate your responsibilities or obligations under the License Agreement without the prior written approval of Google.
2025-11-02T02:17:04.0795626Z 
2025-11-02T02:17:04.0797233Z 14.7 The License Agreement, and your relationship with Google under the License Agreement, shall be governed by the laws of the State of California without regard to its conflict of laws provisions. You and Google agree to submit to the exclusive jurisdiction of the courts located within the county of Santa Clara, California to resolve any legal matter arising from the License Agreement. Notwithstanding this, you agree that Google shall still be allowed to apply for injunctive remedies (or an equivalent type of urgent legal relief) in any jurisdiction.
2025-11-02T02:17:04.0799183Z 
2025-11-02T02:17:04.0799254Z June 2014.
2025-11-02T02:17:04.0799438Z ---------------------------------------
2025-11-02T02:17:04.0799670Z Accept? (y/N): 
2025-11-02T02:17:04.0799860Z 5/6: License google-gdk-license:
2025-11-02T02:17:04.0800081Z ---------------------------------------
2025-11-02T02:17:04.0800395Z This is a Developer Preview of the GDK that is subject to change.
2025-11-02T02:17:04.0800635Z 
2025-11-02T02:17:04.0800714Z Terms and Conditions
2025-11-02T02:17:04.0800830Z 
2025-11-02T02:17:04.0800943Z This is the Glass Development Kit License Agreement.
2025-11-02T02:17:04.0801142Z 
2025-11-02T02:17:04.0801213Z 1. Introduction
2025-11-02T02:17:04.0801318Z 
2025-11-02T02:17:04.0802521Z 1.1 The Glass Development Kit (referred to in this License Agreement as the "GDK" and specifically including the Android system files, packaged APIs, and GDK library files, if and when they are made available) is licensed to you subject to the terms of this License Agreement. This License Agreement forms a legally binding contract between you and Google in relation to your use of the GDK.
2025-11-02T02:17:04.0803682Z 
2025-11-02T02:17:04.0803880Z 1.2 "Glass" means Glass devices and the Glass software stack for use on Glass devices.
2025-11-02T02:17:04.0804173Z 
2025-11-02T02:17:04.0804177Z 
2025-11-02T02:17:04.0804766Z 1.3 "Android" means the Android software stack for devices, as made available under the Android Open Source Project, which is located at the following URL: http://source.android.com/, as updated from time to time.
2025-11-02T02:17:04.0805418Z 
2025-11-02T02:17:04.0805841Z 1.4 "Google" means Google Inc., a Delaware corporation with principal place of business at 1600 Amphitheatre Parkway, Mountain View, CA 94043, United States.
2025-11-02T02:17:04.0806336Z 
2025-11-02T02:17:04.0806422Z 2. Accepting this License Agreement
2025-11-02T02:17:04.0806585Z 
2025-11-02T02:17:04.0806928Z 2.1 In order to use the GDK, you must first agree to this License Agreement. You may not use the GDK if you do not accept this License Agreement.
2025-11-02T02:17:04.0807344Z 
2025-11-02T02:17:04.0807537Z 2.2 By clicking to accept, you hereby agree to the terms of this License Agreement.
2025-11-02T02:17:04.0807813Z 
2025-11-02T02:17:04.0808696Z 2.3 You may not use the GDK and may not accept the License Agreement if you are a person barred from receiving the GDK under the laws of the United States or other countries including the country in which you are resident or from which you use the GDK.
2025-11-02T02:17:04.0809436Z 
2025-11-02T02:17:04.0810438Z 2.4 If you are agreeing to be bound by this License Agreement on behalf of your employer or other entity, you represent and warrant that you have full legal authority to bind your employer or such entity to this License Agreement. If you do not have the requisite authority, you may not accept the License Agreement or use the GDK on behalf of your employer or other entity.
2025-11-02T02:17:04.0811615Z 
2025-11-02T02:17:04.0811699Z 3. GDK License from Google
2025-11-02T02:17:04.0811828Z 
2025-11-02T02:17:04.0812491Z 3.1 Subject to the terms of this License Agreement, Google grants you a limited, worldwide, royalty-free, non-assignable and non-exclusive license to use the GDK solely to develop applications to run on the Glass platform for Glass devices.
2025-11-02T02:17:04.0813235Z 
2025-11-02T02:17:04.0814324Z 3.2 You agree that Google or third parties own all legal right, title and interest in and to the GDK, including any Intellectual Property Rights that subsist in the GDK. "Intellectual Property Rights" means any and all rights under patent law, copyright law, trade secret law, trademark law, and any and all other proprietary rights. Google reserves all rights not expressly granted to you.
2025-11-02T02:17:04.0815525Z 
2025-11-02T02:17:04.0817237Z 3.3 You may not use the GDK for any purpose not expressly permitted by this License Agreement. Except to the extent required by applicable third party licenses, you may not: (a) copy (except for backup purposes), modify, adapt, redistribute, decompile, reverse engineer, disassemble, or create derivative works of the GDK or any part of the GDK; or (b) load any part of the GDK onto a mobile handset or wearable computing device or any other hardware device except a Glass device personal computer, combine any part of the GDK with other software, or distribute any software or device incorporating a part of the GDK.
2025-11-02T02:17:04.0819182Z 
2025-11-02T02:17:04.0819846Z 3.4 You agree that you will not take any actions that may cause or result in the fragmentation of Glass, including but not limited to distributing, participating in the creation of, or promoting in any way a software development kit derived from the GDK.
2025-11-02T02:17:04.0820596Z 
2025-11-02T02:17:04.0821287Z 3.5 Use, reproduction and distribution of components of the GDK licensed under an open source software license are governed solely by the terms of that open source software license and not this License Agreement.
2025-11-02T02:17:04.0821951Z 
2025-11-02T02:17:04.0823121Z 3.6 You agree that the form and nature of the GDK that Google provides may change without prior notice to you and that future versions of the GDK may be incompatible with applications developed on previous versions of the GDK. You agree that Google may stop (permanently or temporarily) providing the GDK (or any features within the GDK) to you or to users generally at Google's sole discretion, without prior notice to you.
2025-11-02T02:17:04.0824358Z 
2025-11-02T02:17:04.0824799Z 3.7 Nothing in this License Agreement gives you a right to use any of Google's trade names, trademarks, service marks, logos, domain names, or other distinctive brand features.
2025-11-02T02:17:04.0825331Z 
2025-11-02T02:17:04.0825827Z 3.8 You agree that you will not remove, obscure, or alter any proprietary rights notices (including copyright and trademark notices) that may be affixed to or contained within the GDK.
2025-11-02T02:17:04.0826394Z 
2025-11-02T02:17:04.0826405Z 
2025-11-02T02:17:04.0827441Z 3.9 Your use of any Android system files, packaged APIs, or other components of the GDK which are part of the Android Software Development Kit is subject to the terms of the Android Software Development Kit License Agreement located at http://developer.android.com/sdk/terms.html. These terms are hereby incorporated by reference into this License Agreement.
2025-11-02T02:17:04.0828794Z 
2025-11-02T02:17:04.0828879Z 4. Use of the GDK by You
2025-11-02T02:17:04.0829009Z 
2025-11-02T02:17:04.0829734Z 4.1 Google agrees that it obtains no right, title or interest from you (or your licensors) under this License Agreement in or to any software applications that you develop using the GDK, including any intellectual property rights that subsist in those applications.
2025-11-02T02:17:04.0830671Z 
2025-11-02T02:17:04.0832184Z 4.2 You agree to use the GDK and write applications only for purposes that are permitted by (a) this License Agreement, (b) the Glass Platform Developer Policies (located at https://developers.google.com/glass/policies, and hereby incorporated into this License Agreement by reference), and (c) any applicable law, regulation or generally accepted practices or guidelines in the relevant jurisdictions (including any laws regarding the export of data or software to and from the United States or other relevant countries).
2025-11-02T02:17:04.0833745Z 
2025-11-02T02:17:04.0835991Z 4.3 You agree that if you use the GDK to develop applications for general public users, you will protect the privacy and legal rights of those users. If the users provide you with user names, passwords, or other login information or personal information, you must make the users aware that the information will be available to your application, and you must provide legally adequate privacy notice and protection for those users. If your application stores personal or sensitive information provided by users, it must do so securely. If the user provides your application with Google Account information, your application may only use that information to access the user's Google Account when, and for the limited purposes for which, the user has given you permission to do so.
2025-11-02T02:17:04.0838585Z 
2025-11-02T02:17:04.0839483Z 4.4 You agree that you will not engage in any activity with the GDK, including the development or distribution of an application, that interferes with, disrupts, damages, or accesses in an unauthorized manner the servers, networks, or other properties or services of any third party including, but not limited to, Google.
2025-11-02T02:17:04.0840445Z 
2025-11-02T02:17:04.0841493Z 4.5 You agree that you are solely responsible for (and that Google has no responsibility to you or to any third party for) any data, content, or resources that you create, transmit or display through Glass and/or applications for Glass, and for the consequences of your actions (including any loss or damage which Google may suffer) by doing so.
2025-11-02T02:17:04.0842503Z 
2025-11-02T02:17:04.0843587Z 4.6 You agree that you are solely responsible for (and that Google has no responsibility to you or to any third party for) any breach of your obligations under this License Agreement, any applicable third party contract or Terms of Service, or any applicable law or regulation, and for the consequences (including any loss or damage which Google or any third party may suffer) of any such breach.
2025-11-02T02:17:04.0844756Z 
2025-11-02T02:17:04.0844760Z 
2025-11-02T02:17:04.0845803Z 4.7 The GDK is in development, and your testing and feedback are an important part of the development process. By using the GDK, you acknowledge that implementation of some features are still under development and that you should not rely on the GDK, Glass devices, Glass system software, Google Mirror API, or Glass services having the full functionality of a stable release.
2025-11-02T02:17:04.0846915Z 
2025-11-02T02:17:04.0847000Z 5. Your Developer Credentials
2025-11-02T02:17:04.0847152Z 
2025-11-02T02:17:04.0848184Z 5.1 You agree that you are responsible for maintaining the confidentiality of any developer credentials that may be issued to you by Google or which you may choose yourself and that you will be solely responsible for all applications that are developed under your developer credentials.
2025-11-02T02:17:04.0849138Z 
2025-11-02T02:17:04.0849223Z 6. Privacy and Information
2025-11-02T02:17:04.0849362Z 
2025-11-02T02:17:04.0849367Z 
2025-11-02T02:17:04.0850728Z 6.1 In order to continually innovate and improve the GDK, Google may collect certain usage statistics from the software including but not limited to a unique identifier, associated IP address, version number of the software, and information on which tools and/or services in the GDK are being used and how they are being used. Before any of this information is collected, the GDK will notify you and seek your consent. If you withhold consent, the information will not be collected.
2025-11-02T02:17:04.0852277Z 
2025-11-02T02:17:04.0852610Z 6.2 The data collected is examined in the aggregate to improve the GDK and is maintained in accordance with Google's Privacy Policy.
2025-11-02T02:17:04.0853034Z 
2025-11-02T02:17:04.0853116Z 7. Third Party Applications
2025-11-02T02:17:04.0853253Z 
2025-11-02T02:17:04.0854897Z 7.1 If you use the GDK to run applications developed by a third party or that access data, content or resources provided by a third party, you agree that Google is not responsible for those applications, data, content, or resources. You understand that all data, content or resources which you may access through such third party applications are the sole responsibility of the person from which they originated and that Google is not liable for any loss or damage that you may experience as a result of the use or access of any of those third party applications, data, content, or resources.
2025-11-02T02:17:04.0856588Z 
2025-11-02T02:17:04.0858069Z 7.2 You should be aware the data, content, and resources presented to you through such a third party application may be protected by intellectual property rights which are owned by the providers (or by other persons or companies on their behalf). You may not modify, rent, lease, loan, sell, distribute or create derivative works based on these data, content, or resources (either in whole or in part) unless you have been specifically given permission to do so by the relevant owners.
2025-11-02T02:17:04.0859481Z 
2025-11-02T02:17:04.0860217Z 7.3 You acknowledge that your use of such third party applications, data, content, or resources may be subject to separate terms between you and the relevant third party. In that case, this License Agreement does not affect your legal relationship with these third parties.
2025-11-02T02:17:04.0861033Z 
2025-11-02T02:17:04.0861105Z 8. Using Google APIs
2025-11-02T02:17:04.0861229Z 
2025-11-02T02:17:04.0861300Z 8.1 Google APIs
2025-11-02T02:17:04.0861403Z 
2025-11-02T02:17:04.0862856Z 8.1.1 If you use any API to retrieve data from Google, you acknowledge that the data may be protected by intellectual property rights which are owned by Google or those parties that provide the data (or by other persons or companies on their behalf). Your use of any such API may be subject to additional Terms of Service. You may not modify, rent, lease, loan, sell, distribute or create derivative works based on this data (either in whole or in part) unless allowed by the relevant Terms of Service.
2025-11-02T02:17:04.0864267Z 
2025-11-02T02:17:04.0864935Z 8.1.2 If you use any API to retrieve a user's data from Google, you acknowledge and agree that you shall retrieve data only with the user's explicit consent and only when, and for the limited purposes for which, the user has given you permission to do so.
2025-11-02T02:17:04.0865655Z 
2025-11-02T02:17:04.0865745Z 9. Terminating this License Agreement
2025-11-02T02:17:04.0865922Z 
2025-11-02T02:17:04.0866202Z 9.1 This License Agreement will continue to apply until terminated by either you or Google as set out below.
2025-11-02T02:17:04.0866560Z 
2025-11-02T02:17:04.0866892Z 9.2 If you want to terminate this License Agreement, you may do so by ceasing your use of the GDK and any relevant developer credentials.
2025-11-02T02:17:04.0867299Z 
2025-11-02T02:17:04.0869231Z 9.3 Google may at any time, terminate this License Agreement with you if: (A) you have breached any provision of this License Agreement; or (B) Google is required to do so by law; or (C) the partner with whom Google offered certain parts of GDK (such as APIs) to you has terminated its relationship with Google or ceased to offer certain parts of the GDK to you; or (D) Google decides to no longer provide the GDK or certain parts of the GDK to users in the country in which you are resident or from which you use the service, or the provision of the GDK or certain GDK services to you by Google is, in Google's sole discretion, no longer commercially viable.
2025-11-02T02:17:04.0871134Z 
2025-11-02T02:17:04.0872377Z 9.4 When this License Agreement comes to an end, all of the legal rights, obligations and liabilities that you and Google have benefited from, been subject to (or which have accrued over time whilst this License Agreement has been in force) or which are expressed to continue indefinitely, shall be unaffected by this cessation, and the provisions of paragraph 14.7 shall continue to apply to such rights, obligations and liabilities indefinitely.
2025-11-02T02:17:04.0873669Z 
2025-11-02T02:17:04.0873748Z 10. DISCLAIMER OF WARRANTIES
2025-11-02T02:17:04.0873886Z 
2025-11-02T02:17:04.0874331Z 10.1 YOU EXPRESSLY UNDERSTAND AND AGREE THAT YOUR USE OF THE GDK IS AT YOUR SOLE RISK AND THAT THE GDK IS PROVIDED "AS IS" AND "AS AVAILABLE" WITHOUT WARRANTY OF ANY KIND FROM GOOGLE.
2025-11-02T02:17:04.0874851Z 
2025-11-02T02:17:04.0875546Z 10.2 YOUR USE OF THE GDK AND ANY MATERIAL DOWNLOADED OR OTHERWISE OBTAINED THROUGH THE USE OF THE GDK IS AT YOUR OWN DISCRETION AND RISK AND YOU ARE SOLELY RESPONSIBLE FOR ANY DAMAGE TO YOUR COMPUTER SYSTEM OR OTHER DEVICE OR LOSS OF DATA THAT RESULTS FROM SUCH USE.
2025-11-02T02:17:04.0876327Z 
2025-11-02T02:17:04.0877040Z 10.3 GOOGLE FURTHER EXPRESSLY DISCLAIMS ALL WARRANTIES AND CONDITIONS OF ANY KIND, WHETHER EXPRESS OR IMPLIED, INCLUDING, BUT NOT LIMITED TO THE IMPLIED WARRANTIES AND CONDITIONS OF MERCHANTABILITY, FITNESS FOR A PARTICULAR PURPOSE AND NON-INFRINGEMENT.
2025-11-02T02:17:04.0877833Z 
2025-11-02T02:17:04.0878016Z 11. LIMITATION OF LIABILITY
2025-11-02T02:17:04.0878153Z 
2025-11-02T02:17:04.0879386Z 11.1 YOU EXPRESSLY UNDERSTAND AND AGREE THAT GOOGLE, ITS SUBSIDIARIES AND AFFILIATES, AND ITS LICENSORS SHALL NOT BE LIABLE TO YOU UNDER ANY THEORY OF LIABILITY FOR ANY DIRECT, INDIRECT, INCIDENTAL, SPECIAL, CONSEQUENTIAL OR EXEMPLARY DAMAGES THAT MAY BE INCURRED BY YOU, INCLUDING ANY LOSS OF DATA, WHETHER OR NOT GOOGLE OR ITS REPRESENTATIVES HAVE BEEN ADVISED OF OR SHOULD HAVE BEEN AWARE OF THE POSSIBILITY OF ANY SUCH LOSSES ARISING.
2025-11-02T02:17:04.0880685Z 
2025-11-02T02:17:04.0880865Z 12. Indemnification
2025-11-02T02:17:04.0880986Z 
2025-11-02T02:17:04.0883025Z 12.1 To the maximum extent permitted by law, you agree to defend, indemnify and hold harmless Google, its affiliates and their respective directors, officers, employees and agents from and against any and all claims, actions, suits or proceedings, as well as any and all losses, liabilities, damages, costs and expenses (including reasonable attorneys fees) arising out of or accruing from (a) your use of the GDK, (b) any application you develop on the GDK that infringes any copyright, trademark, trade secret, trade dress, patent or other intellectual property right of any person or defames any person or violates their rights of publicity or privacy, and (c) any non-compliance by you with this License Agreement.
2025-11-02T02:17:04.0885135Z 
2025-11-02T02:17:04.0885217Z 13. Changes to the License Agreement
2025-11-02T02:17:04.0885377Z 
2025-11-02T02:17:04.0886009Z 13.1 Google may make changes to the License Agreement as it distributes new versions of the GDK. When these changes are made, Google will make a new version of the License Agreement available on the website where the GDK is made available.
2025-11-02T02:17:04.0886714Z 
2025-11-02T02:17:04.0886787Z 14. General Legal Terms
2025-11-02T02:17:04.0886912Z 
2025-11-02T02:17:04.0887761Z 14.1 This License Agreement constitutes the whole legal agreement between you and Google and governs your use of the GDK (excluding any services which Google may provide to you under a separate written agreement), and completely replaces any prior agreements between you and Google in relation to the GDK.
2025-11-02T02:17:04.0888988Z 
2025-11-02T02:17:04.0889847Z 14.2 You agree that if Google does not exercise or enforce any legal right or remedy which is contained in this License Agreement (or which Google has the benefit of under any applicable law), this will not be taken to be a formal waiver of Google's rights and that those rights or remedies will still be available to Google.
2025-11-02T02:17:04.0890910Z 
2025-11-02T02:17:04.0891879Z 14.3 If any court of law, having the jurisdiction to decide on this matter, rules that any provision of this License Agreement is invalid, then that provision will be removed from this License Agreement without affecting the rest of this License Agreement. The remaining provisions of this License Agreement will continue to be valid and enforceable.
2025-11-02T02:17:04.0892923Z 
2025-11-02T02:17:04.0894159Z 14.4 You acknowledge and agree that each member of the group of companies of which Google is the parent shall be third party beneficiaries to this License Agreement and that such other companies shall be entitled to directly enforce, and rely upon, any provision of this License Agreement that confers a benefit on (or rights in favor of) them. Other than this, no other person or company shall be third party beneficiaries to this License Agreement.
2025-11-02T02:17:04.0895468Z 
2025-11-02T02:17:04.0896197Z 14.5 EXPORT RESTRICTIONS. THE GDK IS SUBJECT TO UNITED STATES EXPORT LAWS AND REGULATIONS. YOU MUST COMPLY WITH ALL DOMESTIC AND INTERNATIONAL EXPORT LAWS AND REGULATIONS THAT APPLY TO THE GDK. THESE LAWS INCLUDE RESTRICTIONS ON DESTINATIONS, END USERS AND END USE.
2025-11-02T02:17:04.0897010Z 
2025-11-02T02:17:04.0898084Z 14.6 The rights granted in this License Agreement may not be assigned or transferred by either you or Google without the prior written approval of the other party. Neither you nor Google shall be permitted to delegate their responsibilities or obligations under this License Agreement without the prior written approval of the other party.
2025-11-02T02:17:04.0899127Z 
2025-11-02T02:17:04.0900867Z 14.7 This License Agreement, and your relationship with Google under this License Agreement, shall be governed by the laws of the State of California without regard to its conflict of laws provisions. You and Google agree to submit to the exclusive jurisdiction of the courts located within the county of Santa Clara, California to resolve any legal matter arising from this License Agreement. Notwithstanding this, you agree that Google shall still be allowed to apply for injunctive remedies (or an equivalent type of urgent legal relief) in any jurisdiction.
2025-11-02T02:17:04.0902550Z 
2025-11-02T02:17:04.0902618Z November 19, 2013
2025-11-02T02:17:04.0902805Z ---------------------------------------
2025-11-02T02:17:04.0903030Z Accept? (y/N): 
2025-11-02T02:17:04.0903236Z 6/6: License mips-android-sysimage-license:
2025-11-02T02:17:04.0903489Z ---------------------------------------
2025-11-02T02:17:04.0905454Z MIPS Technologies, Inc. (“MIPS”) Internal Evaluation License Agreement for MIPS Android™ System Images for Android Software Development Kit (SDK): This Internal Evaluation License Agreement (this "Agreement") is entered into by and between MIPS and you (as an individual developer or a legal entity -- identified below as “Recipient”). MIPS shall make the Evaluation Software available to Recipient as described in accordance with the terms and conditions set forth below.
2025-11-02T02:17:04.0906894Z 
2025-11-02T02:17:04.0908813Z By clicking on the “Accept” button, downloading, installing, or otherwise using the Evaluation Materials (defined below), you agree to be bound by the terms of this Agreement effective as of the date you click “Accept” (the “Effective Date”), and if doing so on behalf of an entity, you represent that you are authorized to bind the entity to the terms and conditions of this Agreement. If you do not agree to be bound by the terms and conditions of this Agreement, do not download, install, or use the Evaluation Materials.
2025-11-02T02:17:04.0910290Z 
2025-11-02T02:17:04.0910449Z 1. DEFINITIONS. These terms shall have the following meanings:
2025-11-02T02:17:04.0910682Z 
2025-11-02T02:17:04.0911204Z 1.1 “MIPS” shall mean MIPS Technologies, Inc., a Delaware corporation having a principal place of business at: 955 East Arques Ave., Sunnyvale, CA 94085
2025-11-02T02:17:04.0911833Z 
2025-11-02T02:17:04.0912358Z 1.2 “Evaluation Software” shall mean MIPS Android™ emulator system images for Android Software Development Kit (SDK), as made available to Recipient.
2025-11-02T02:17:04.0912849Z 
2025-11-02T02:17:04.0913937Z 1.3 “Evaluation Materials" means, collectively, the Evaluation Software (in source and/or object code form) and documentation (including, without limitation, any design documents, specifications, reference manuals, and other related materials) related to the Evaluation Software as made available to Recipient.
2025-11-02T02:17:04.0914918Z 
2025-11-02T02:17:04.0918496Z 1.4 “Open Source Software” means any software that requires (as a condition of use, modification and/or distribution of such software) that such software or other software incorporated into, derived from or distributed with such software (a) be disclosed or distributed in source code form; or (b) be licensed by the user to third parties for the purpose of making and/or distributing derivative works; or (c) be redistributable at no charge. Open Source Software includes, without limitation, software licensed or distributed under any of the following licenses or distribution models, or licenses or distribution models substantially similar to any of the following: (a) GNU’s General Public License (GPL) or Lesser/Library GPL (LGPL), (b) the Artistic License (e.g., PERL), (c) the Mozilla Public License, (d) the Netscape Public License, (e) the Sun Community Source License (SCSL), (f) the Sun Industry Source License (SISL), (g) the Apache Software license and (h) the Common Public License (CPL).
2025-11-02T02:17:04.0921397Z 
2025-11-02T02:17:04.0922427Z 1.5 “Pre-Release Materials” means “alpha” or “beta” designated pre-release features, which may not be fully functional, which MIPS may substantially modify in producing any production version of the Evaluation Materials, and/or which is still under development by MIPS and/or MIPS’ suppliers.
2025-11-02T02:17:04.0923334Z 
2025-11-02T02:17:04.0925145Z 2. PURPOSE. MIPS desires to make the Evaluation Materials available to Recipient solely for Recipient's internal evaluation of the Evaluation Software to evaluate the desirability of cooperating with MIPS in developing products that are compatible with the Evaluation Software and/or to advise MIPS as to possible modifications to the Evaluation Software. Recipient may not disclose, distribute, modify (except to facilitate the above-mentioned internal evaluation), or make commercial use of the Evaluation Materials or any modifications of the Evaluation Materials.
2025-11-02T02:17:04.0926908Z 
2025-11-02T02:17:04.0928419Z THE EVALUATION MATERIALS ARE PROVIDED FOR EVALUATION PURPOSES ONLY AND MAY NOT BE MODIFIED (EXCEPT TO FACILITATE THE INTERNAL EVALUATION) OR DISTRIBUTED BY RECIPIENT OR INCORPORATED INTO RECIPIENT’S PRODUCTS OR SOFTWARE. PLEASE CONTACT A MIPS SALES REPRESENTATIVE TO LEARN ABOUT THE AVAILABILITY AND COST OF A COMMERCIAL VERSION OF THE EVALUATION SOFTWARE.
2025-11-02T02:17:04.0929559Z 
2025-11-02T02:17:04.0930375Z 3. TITLE. Title to the Evaluation Materials remains with MIPS or its suppliers. Recipient shall not mortgage, pledge or encumber the Evaluation Materials in any way. Recipient shall return all Evaluation Materials, keeping no copies, upon termination or expiration of this Agreement.
2025-11-02T02:17:04.0931261Z 
2025-11-02T02:17:04.0934605Z 4. LICENSE. MIPS grants Recipient a royalty-free, personal, nontransferable, nonexclusive license under its copyrights to use the Evaluation Software only for the purposes described in paragraph 2 above and only for a period beginning on the Effective Date and extending to the first anniversary of the Effective Date (the “Evaluation Period”). Unless otherwise communicated in writing by MIPS to Recipient, to the extent the Evaluation Software is provided in more than one delivery or release (each, a “Release”) the license grant in this Section 4 and the Evaluation Period shall apply to each Release, in which case the Evaluation Period shall begin on the date that the Release is made generally available and continue to the first anniversary of such date. Recipient may not make modifications to the Evaluation Software. Recipient shall not disassemble, reverse-engineer, or decompile any software that is not provided to Recipient in source code form.
2025-11-02T02:17:04.0937592Z 
2025-11-02T02:17:04.0937596Z 
2025-11-02T02:17:04.0938854Z EXCEPT AS PROVIDED HEREIN, NO OTHER LICENSE, EXPRESS OR IMPLIED, BY ESTOPPEL OR OTHERWISE, TO ANY OTHER MIPS INTELLECTUAL PROPERTY RIGHTS IS GRANTED TO THE RECIPIENT. OTHER THAN AS EXPLICITLY SET FORTH IN PARAGRAPH 2 ABOVE, NO RIGHT TO COPY, TO REPRODUCE, TO MODIFY, OR TO CREATE DERIVATIVE WORKS OF, THE EVALUATION MATERIALS IS GRANTED HEREIN.
2025-11-02T02:17:04.0939893Z 
2025-11-02T02:17:04.0940620Z 5. NO OBLIGATION. Recipient shall have no duty to purchase or license any product from MIPS. MIPS and its suppliers shall have no obligation to provide support for, or develop a non-evaluation version of, the Evaluation Software or to license any version of it.
2025-11-02T02:17:04.0941422Z 
2025-11-02T02:17:04.0944832Z 6. MODIFICATIONS. This Agreement does not obligate Recipient to provide MIPS with comments or suggestions regarding Evaluation Materials. However, should Recipient provide MIPS with comments or suggestions for the modification, correction, improvement or enhancement of (a) the Evaluation Materials or (b) MIPS products or processes which may embody the Evaluation Materials, then Recipient agrees to grant and hereby grants to MIPS a non-exclusive, irrevocable, worldwide, fully paid-up, royalty-free license, with the right to sublicense MIPS’ licensees and customers, under Recipient’s Intellectual property rights, to use and disclose such comments and suggestions in any manner MIPS chooses and to display, perform, copy, make, have made, use, sell, offer to sell, import, and otherwise dispose of MIPS’ and its sublicensee’s products embodying such comments and suggestions in any manner and via any media MIPS chooses, without reference to the source.
2025-11-02T02:17:04.0947719Z 
2025-11-02T02:17:04.0949636Z 7. WARRANTY DISCLAIMER. MIPS AND ITS SUPPLIERS MAKE NO WARRANTIES WITH RESPECT TO EVALUATION MATERIALS, EITHER EXPRESS OR IMPLIED, INCLUDING ANY IMPLIED WARRANTIES OF MERCHANTABILITY OR FITNESS FOR A PARTICULAR PURPOSE, OR ANY IMPLIED WARRANTY OF NONINFRINGEMENT WITH RESPECT TO THIRD PARTY INTELLECTUAL PROPERTY. RECIPIENT ACKNOWLEDGES AND AGREES THAT THE EVALUATION MATERIALS ARE PROVIDED “AS IS,” WITHOUT WARRANTY OF ANY KIND.
2025-11-02T02:17:04.0951013Z 
2025-11-02T02:17:04.0952712Z 8. LIMITATION OF LIABILITY. MIPS AND ITS SUPPLIERS SHALL NOT BE LIABLE FOR ANY PROPERTY DAMAGE, PERSONAL INJURY, LOSS OF PROFITS, INTERRUPTION OF BUSINESS OR FOR ANY DIRECT, INDIRECT, SPECIAL, CONSEQUENTIAL OR INCIDENTAL DAMAGES, HOWEVER CAUSED OR ALLEGED, WHETHER FOR BREACH OF WARRANTY, CONTRACT, STRICT LIABILITY OR OTHERWISE, INCLUDING WITHOUT LIMITATION, UNDER TORT OR OTHER LEGAL THEORY. MIPS AND ITS SUPPLIERS DISCLAIM ANY AND ALL LIABILITY, INCLUDING LIABILITY FOR INFRINGEMENT OF ANY INTELLECTUAL PROPERTY RIGHTS OF ANY KIND RELATING TO THE EVALUATION MATERIALS.
2025-11-02T02:17:04.0954458Z 
2025-11-02T02:17:04.0955116Z 9. EXPIRATION. MIPS may terminate this Agreement immediately after a breach by Recipient or otherwise at MIPS’ reasonable discretion and upon five (5) business days’ notice to Recipient.
2025-11-02T02:17:04.0955722Z 
2025-11-02T02:17:04.0955786Z 10. GENERAL.
2025-11-02T02:17:04.0955887Z 
2025-11-02T02:17:04.0958931Z 10.1 Controlling Law. This Agreement shall be governed by California law excluding its choice of law rules. With the exception of MIPS’ rights to enforce its intellectual property rights and any confidentiality obligations under this Agreement or any licenses distributed with the Evaluation Materials, all disputes and any claims arising under or relating to this Agreement shall be subject to the exclusive jurisdiction and venue of the state and federal courts located in Santa Clara County, California. Each party hereby agrees to jurisdiction and venue in the courts set forth in the preceding sentence. The parties agree that the United Nations Convention on Contracts for the International Sale of Goods is specifically excluded from application to this Agreement. The parties consent to the personal jurisdiction of the above courts.
2025-11-02T02:17:04.0961598Z 
2025-11-02T02:17:04.0963007Z 10.2 Remedies. Recipient acknowledges and agrees that any breach of confidentiality obligations under this Agreement or any licenses distributed with the Evaluation Materials, as well as any disclosure, commercialization, or public use of the Evaluation Materials, would cause irreparable injury to MIPS, and therefore Recipient agrees to consent to, and hereby consents to, the grant of an injunction by any court of competent jurisdiction in the event of an actual or threatened breach.
2025-11-02T02:17:04.0964501Z 
2025-11-02T02:17:04.0966786Z 10.3 Assignment. Recipient may not delegate, assign or transfer this Agreement, the license granted or any of Recipient’s rights, obligations, or duties hereunder, expressly, by implication, by operation of law, by way of merger (regardless of whether Recipient is the surviving entity) or acquisition, or otherwise and any attempt to do so, without MIPS’ express prior written consent, shall be ineffective, null and void. MIPS may freely assign this Agreement, and its rights and obligations hereunder, in its sole discretion.
2025-11-02T02:17:04.0969480Z 
2025-11-02T02:17:04.0971790Z 10.4 Entire Agreement. This Agreement constitutes the entire agreement between Recipient and MIPS and supersedes in their entirety any and all oral or written agreements previously existing between Recipient and MIPS with respect to the subject matter hereof. This Agreement may only be amended or supplemented by a writing that refers explicitly to this Agreement and that is signed or otherwise accepted by duly authorized representatives of Recipient and MIPS.
2025-11-02T02:17:04.0974291Z 
2025-11-02T02:17:04.0976690Z 10.5 Severability. In the event that any provision of this Agreement is finally adjudicated to be unenforceable or invalid under any applicable law, such unenforceability or invalidity shall not render this Agreement unenforceable or invalid as a whole, and, in such event, such unenforceable or invalid provision shall be interpreted so as to best accomplish the objectives of such provision within the limits of applicable law or applicable court decisions.
2025-11-02T02:17:04.0979236Z 
2025-11-02T02:17:04.0987018Z 10.6 Export Regulations / Export Control. Recipient shall not export, either directly or indirectly, any product, service or technical data or system incorporating the Evaluation Materials without first obtaining any required license or other necessary approval from the U.S. Department of Commerce or any other governing agency or department of the United States Government. In the event any product is exported from the United States or re-exported from a foreign destination by Recipient, Recipient shall ensure that the distribution and export/re-export or import of the product is in compliance with all applicable laws, regulations, orders, or other restrictions of the U.S. Export Administration Regulations and the appropriate foreign government. Recipient agrees that neither it nor any of its subsidiaries will export/re-export any technical data, process, product, or service, directly or indirectly, to any country for which the United States government or any agency thereof or the foreign government from where it is shipping requires an export license, or other governmental approval, without first obtaining such license or approval. Recipient also agrees to implement measures to ensure that foreign national employees are authorized to receive any information controlled by U.S. export control laws. An export is "deemed" to take place when information is released to a foreign national wherever located.
2025-11-02T02:17:04.0995423Z 
2025-11-02T02:17:04.1000660Z 10.7 Special Terms for Pre-Release Materials. If so indicated in the description of the Evaluation Software, the Evaluation Software may contain Pre-Release Materials. Recipient hereby understands, acknowledges and agrees that: (i) Pre-Release Materials may not be fully tested and may contain bugs or errors; (ii) Pre-Release materials are not suitable for commercial release in their current state; (iii) regulatory approvals for Pre-Release Materials (such as UL or FCC) have not been obtained, and Pre-Release Materials may therefore not be certified for use in certain countries or environments or may not be suitable for certain applications and (iv) MIPS can provide no assurance that it will ever produce or make generally available a production version of the Pre-Release Materials . MIPS is not under any obligation to develop and/or release or offer for sale or license a final product based upon the Pre-Release Materials and may unilaterally elect to abandon the Pre-Release Materials or any such development platform at any time and without any obligation or liability whatsoever to Recipient or any other person.
2025-11-02T02:17:04.1004372Z 
2025-11-02T02:17:04.1005052Z ANY PRE-RELEASE MATERIALS ARE NON-QUALIFIED AND, AS SUCH, ARE PROVIDED “AS IS” AND “AS AVAILABLE”, POSSIBLY WITH FAULTS, AND WITHOUT REPRESENTATION OR WARRANTY OF ANY KIND.
2025-11-02T02:17:04.1005613Z 
2025-11-02T02:17:04.1007490Z 10.8 Open Source Software. In the event Open Source software is included with Evaluation Software, such Open Source software is licensed pursuant to the applicable Open Source software license agreement identified in the Open Source software comments in the applicable source code file(s) and/or file header as indicated in the Evaluation Software. Additional detail may be available (where applicable) in the accompanying on-line documentation. With respect to the Open Source software, nothing in this Agreement limits any rights under, or grants rights that supersede, the terms of any applicable Open Source software license agreement.
2025-11-02T02:17:04.1009746Z ---------------------------------------
2025-11-02T02:17:04.1010044Z Accept? (y/N): All SDK package licenses accepted
2025-11-02T02:17:04.1010389Z 
2025-11-02T02:17:04.1010593Z [command]/usr/local/lib/android/sdk/cmdline-tools/16.0/bin/sdkmanager tools
2025-11-02T02:17:04.8078776Z Loading package information...                                                  
2025-11-02T02:17:04.9051251Z Loading local repository...                                                     
2025-11-02T02:17:04.9052001Z [                                       ] 3% Loading local repository...        
2025-11-02T02:17:04.9140425Z [                                       ] 3% Fetch remote repository...         
2025-11-02T02:17:05.2630513Z [=                                      ] 3% Fetch remote repository...         
2025-11-02T02:17:05.3337027Z [=                                      ] 4% Fetch remote repository...         
2025-11-02T02:17:05.3656256Z [=                                      ] 5% Fetch remote repository...         
2025-11-02T02:17:05.4289225Z [==                                     ] 5% Fetch remote repository...         
2025-11-02T02:17:05.4827567Z [==                                     ] 6% Fetch remote repository...         
2025-11-02T02:17:05.5779139Z [==                                     ] 7% Fetch remote repository...         
2025-11-02T02:17:05.5781437Z [==                                     ] 7% Computing updates...               
2025-11-02T02:17:05.5885834Z [===                                    ] 8% Computing updates...               
2025-11-02T02:17:05.6059380Z [===                                    ] 10% Computing updates...              
2025-11-02T02:17:05.9695276Z [===                                    ] 10% Installing Android Emulator       
2025-11-02T02:17:06.0875434Z [===                                    ] 10% Downloading emulator-linux_x64-142
2025-11-02T02:17:06.2155846Z [====                                   ] 10% Downloading emulator-linux_x64-142
2025-11-02T02:17:06.4941173Z [====                                   ] 11% Downloading emulator-linux_x64-142
2025-11-02T02:17:06.8800107Z [====                                   ] 12% Downloading emulator-linux_x64-142
2025-11-02T02:17:07.1333710Z [=====                                  ] 13% Downloading emulator-linux_x64-142
2025-11-02T02:17:07.3470390Z [=====                                  ] 14% Downloading emulator-linux_x64-142
2025-11-02T02:17:07.4885688Z [=====                                  ] 15% Downloading emulator-linux_x64-142
2025-11-02T02:17:07.6527851Z [======                                 ] 15% Downloading emulator-linux_x64-142
2025-11-02T02:17:07.9389850Z [======                                 ] 16% Downloading emulator-linux_x64-142
2025-11-02T02:17:08.2158613Z [======                                 ] 17% Downloading emulator-linux_x64-142
2025-11-02T02:17:08.4396983Z [=======                                ] 18% Downloading emulator-linux_x64-142
2025-11-02T02:17:08.6962137Z [=======                                ] 19% Downloading emulator-linux_x64-142
2025-11-02T02:17:08.7990296Z [=======                                ] 20% Downloading emulator-linux_x64-142
2025-11-02T02:17:08.9349561Z [========                               ] 20% Downloading emulator-linux_x64-142
2025-11-02T02:17:09.0990121Z [========                               ] 21% Downloading emulator-linux_x64-142
2025-11-02T02:17:09.1788334Z [========                               ] 21% Unzipping...                      
2025-11-02T02:17:09.1789039Z [========                               ] 21% Unzipping... emulator/            
2025-11-02T02:17:09.1792000Z [========                               ] 21% Unzipping... emulator/NOTICE.csv  
2025-11-02T02:17:09.1792591Z [========                               ] 21% Unzipping... emulator/bin64/      
2025-11-02T02:17:09.1793402Z [========                               ] 21% Unzipping... emulator/android-info
2025-11-02T02:17:09.1841620Z [========                               ] 21% Unzipping... emulator/NOTICE.txt  
2025-11-02T02:17:09.1849446Z [========                               ] 21% Unzipping... emulator/qemu/       
2025-11-02T02:17:09.1939274Z [========                               ] 21% Unzipping... emulator/mksdcard    
2025-11-02T02:17:09.1941039Z [========                               ] 21% Unzipping... emulator/lib64/      
2025-11-02T02:17:09.2300777Z [========                               ] 21% Unzipping... emulator/qsn         
2025-11-02T02:17:09.2561638Z [========                               ] 21% Unzipping... emulator/crashreport 
2025-11-02T02:17:09.2759259Z [========                               ] 21% Unzipping... emulator/crashpad_han
2025-11-02T02:17:09.2760185Z [========                               ] 21% Unzipping... emulator/lib/        
2025-11-02T02:17:09.2939510Z [========                               ] 21% Unzipping... emulator/emulator-che
2025-11-02T02:17:09.3025825Z [========                               ] 21% Unzipping... emulator/qemu-img    
2025-11-02T02:17:09.3032217Z [========                               ] 21% Unzipping... emulator/LICENSE     
2025-11-02T02:17:09.3032877Z [========                               ] 21% Unzipping... emulator/source.prope
2025-11-02T02:17:09.3033468Z [========                               ] 21% Unzipping... emulator/resources/  
2025-11-02T02:17:09.3094664Z [========                               ] 21% Unzipping... emulator/nimble_bridg
2025-11-02T02:17:09.3500610Z [========                               ] 22% Unzipping... emulator/nimble_bridg
2025-11-02T02:17:09.4759319Z [========                               ] 22% Unzipping... emulator/netsimd     
2025-11-02T02:17:09.4759741Z [========                               ] 22% Unzipping... emulator/include/    
2025-11-02T02:17:09.4839823Z [========                               ] 22% Unzipping... emulator/emulator    
2025-11-02T02:17:09.4863940Z [========                               ] 22% Unzipping... emulator/bin64/mkfs.e
2025-11-02T02:17:09.4898570Z [========                               ] 22% Unzipping... emulator/bin64/e2fsck
2025-11-02T02:17:09.4913007Z [========                               ] 22% Unzipping... emulator/bin64/resize
2025-11-02T02:17:09.4950042Z [========                               ] 22% Unzipping... emulator/bin64/fsck.e
2025-11-02T02:17:09.4972598Z [========                               ] 22% Unzipping... emulator/bin64/tune2f
2025-11-02T02:17:09.6581456Z [========                               ] 22% Unzipping... emulator/qemu/linux-x
2025-11-02T02:17:10.0275576Z [=========                              ] 23% Unzipping... emulator/qemu/linux-x
2025-11-02T02:17:10.3582063Z [=========                              ] 24% Unzipping... emulator/qemu/linux-x
2025-11-02T02:17:10.5369663Z [=========                              ] 25% Unzipping... emulator/qemu/linux-x
2025-11-02T02:17:10.5744086Z [==========                             ] 25% Unzipping... emulator/qemu/linux-x
2025-11-02T02:17:10.5748722Z [==========                             ] 25% Unzipping... emulator/lib64/libemu
2025-11-02T02:17:10.7152449Z [==========                             ] 25% Unzipping... emulator/lib64/liband
2025-11-02T02:17:10.7153083Z [==========                             ] 25% Unzipping... emulator/lib64/gles_a
2025-11-02T02:17:10.7243301Z [==========                             ] 25% Unzipping... emulator/lib64/libgfx
2025-11-02T02:17:10.7872153Z [==========                             ] 26% Unzipping... emulator/lib64/libgfx
2025-11-02T02:17:10.7996132Z [==========                             ] 26% Unzipping... emulator/lib64/libpro
2025-11-02T02:17:10.7996742Z [==========                             ] 26% Unzipping... emulator/lib64/qt/   
2025-11-02T02:17:10.8004141Z [==========                             ] 26% Unzipping... emulator/lib64/liband
2025-11-02T02:17:10.8129565Z [==========                             ] 26% Unzipping... emulator/lib64/libpro
2025-11-02T02:17:10.8282971Z [==========                             ] 26% Unzipping... emulator/lib64/liband
2025-11-02T02:17:10.8286677Z [==========                             ] 26% Unzipping... emulator/lib64/libima
2025-11-02T02:17:10.8288213Z [==========                             ] 26% Unzipping... emulator/lib64/gles_m
2025-11-02T02:17:10.8306307Z [==========                             ] 26% Unzipping... emulator/lib64/libtcm
2025-11-02T02:17:10.8344343Z [==========                             ] 26% Unzipping... emulator/lib64/liband
2025-11-02T02:17:10.8353547Z [==========                             ] 26% Unzipping... emulator/lib64/libdrm
2025-11-02T02:17:10.8582360Z [==========                             ] 26% Unzipping... emulator/lib64/liband
2025-11-02T02:17:10.8644230Z [==========                             ] 26% Unzipping... emulator/lib64/libc++
2025-11-02T02:17:10.8855403Z [==========                             ] 26% Unzipping... emulator/lib64/liband
2025-11-02T02:17:10.8926660Z [==========                             ] 26% Unzipping... emulator/lib64/libsha
2025-11-02T02:17:10.8932639Z [==========                             ] 26% Unzipping... emulator/lib64/gles_s
2025-11-02T02:17:10.8977219Z [==========                             ] 26% Unzipping... emulator/lib64/libabs
2025-11-02T02:17:10.8984745Z [==========                             ] 26% Unzipping... emulator/lib64/liband
2025-11-02T02:17:10.9039372Z [==========                             ] 26% Unzipping... emulator/lib64/libzst
2025-11-02T02:17:10.9114485Z [==========                             ] 26% Unzipping... emulator/lib64/libgli
2025-11-02T02:17:10.9115456Z [==========                             ] 26% Unzipping... emulator/lib64/vulkan
2025-11-02T02:17:10.9178779Z [==========                             ] 26% Unzipping... emulator/lib64/libc++
2025-11-02T02:17:10.9776168Z [==========                             ] 26% Unzipping... emulator/lib64/gles_a
2025-11-02T02:17:10.9777065Z [==========                             ] 26% Unzipping... emulator/lib64/qt/lib
2025-11-02T02:17:10.9777745Z [==========                             ] 26% Unzipping... emulator/lib64/qt/plu
2025-11-02T02:17:10.9779555Z [==========                             ] 26% Unzipping... emulator/lib64/qt/tra
2025-11-02T02:17:10.9780179Z [==========                             ] 26% Unzipping... emulator/lib64/qt/res
2025-11-02T02:17:11.0034351Z [==========                             ] 26% Unzipping... emulator/lib64/qt/lib
2025-11-02T02:17:11.3693695Z [==========                             ] 27% Unzipping... emulator/lib64/qt/lib
2025-11-02T02:17:11.7487515Z [===========                            ] 28% Unzipping... emulator/lib64/qt/lib
2025-11-02T02:17:12.1344167Z [===========                            ] 29% Unzipping... emulator/lib64/qt/lib
2025-11-02T02:17:12.2082918Z [===========                            ] 30% Unzipping... emulator/lib64/qt/lib
2025-11-02T02:17:12.2206759Z [===========                            ] 30% Unzipping... emulator/lib64/qt/plu
2025-11-02T02:17:12.3364747Z [===========                            ] 30% Unzipping... emulator/lib64/qt/tra
2025-11-02T02:17:12.3416203Z [===========                            ] 30% Unzipping... emulator/lib64/qt/res
2025-11-02T02:17:12.4128487Z [============                           ] 30% Unzipping... emulator/lib64/qt/res
2025-11-02T02:17:12.4190759Z [============                           ] 30% Unzipping... emulator/lib64/gles_m
2025-11-02T02:17:12.6025961Z [============                           ] 31% Unzipping... emulator/lib64/gles_m
2025-11-02T02:17:12.6721111Z [============                           ] 31% Unzipping... emulator/lib64/gles_s
2025-11-02T02:17:12.7790886Z [============                           ] 31% Unzipping... emulator/lib64/vulkan
2025-11-02T02:17:13.0008868Z [============                           ] 32% Unzipping... emulator/lib64/vulkan
2025-11-02T02:17:13.0010988Z [============                           ] 32% Unzipping... emulator/lib/ice_conf
2025-11-02T02:17:13.0013222Z [============                           ] 32% Unzipping... emulator/lib/emulator
2025-11-02T02:17:13.0015967Z [============                           ] 32% Unzipping... emulator/lib/rtc_serv
2025-11-02T02:17:13.0017196Z [============                           ] 32% Unzipping... emulator/lib/pc-bios/
2025-11-02T02:17:13.0020062Z [============                           ] 32% Unzipping... emulator/lib/cmake/  
2025-11-02T02:17:13.0021891Z [============                           ] 32% Unzipping... emulator/lib/snapshot
2025-11-02T02:17:13.0047579Z [============                           ] 32% Unzipping... emulator/lib/pkgconfi
2025-11-02T02:17:13.0048072Z [============                           ] 32% Unzipping... emulator/lib/emulator
2025-11-02T02:17:13.0346550Z [============                           ] 32% Unzipping... emulator/lib/libflatb
2025-11-02T02:17:13.0350090Z [============                           ] 32% Unzipping... emulator/lib/snapshot
2025-11-02T02:17:13.0356211Z [============                           ] 32% Unzipping... emulator/lib/control_
2025-11-02T02:17:13.0357557Z [============                           ] 32% Unzipping... emulator/lib/emulated
2025-11-02T02:17:13.0360173Z [============                           ] 32% Unzipping... emulator/lib/grpc_end
2025-11-02T02:17:13.0363523Z [============                           ] 32% Unzipping... emulator/lib/emu-orig
2025-11-02T02:17:13.0380881Z [============                           ] 32% Unzipping... emulator/lib/ca-bundl
2025-11-02T02:17:13.0386645Z [============                           ] 32% Unzipping... emulator/lib/hostapd.
2025-11-02T02:17:13.0389605Z [============                           ] 32% Unzipping... emulator/lib/rtc_serv
2025-11-02T02:17:13.0393913Z [============                           ] 32% Unzipping... emulator/lib/hardware
2025-11-02T02:17:13.0399101Z [============                           ] 32% Unzipping... emulator/lib/advanced
2025-11-02T02:17:13.0401732Z [============                           ] 32% Unzipping... emulator/lib/ui_contr
2025-11-02T02:17:13.0404385Z [============                           ] 32% Unzipping... emulator/lib/waterfal
2025-11-02T02:17:13.0406672Z [============                           ] 32% Unzipping... emulator/lib/adb_serv
2025-11-02T02:17:13.0411573Z [============                           ] 32% Unzipping... emulator/lib/emulator
2025-11-02T02:17:13.0555586Z [============                           ] 32% Unzipping... emulator/lib/pc-bios/
2025-11-02T02:17:13.0565064Z [============                           ] 32% Unzipping... emulator/lib/cmake/fl
2025-11-02T02:17:13.0566914Z [============                           ] 32% Unzipping... emulator/lib/pkgconfi
2025-11-02T02:17:13.0876110Z [============                           ] 32% Unzipping... emulator/resources/To
2025-11-02T02:17:13.0878340Z [============                           ] 32% Unzipping... emulator/resources/ma
2025-11-02T02:17:13.0887409Z [============                           ] 32% Unzipping... emulator/resources/po
2025-11-02T02:17:13.0959766Z [============                           ] 32% Unzipping... emulator/resources/ma
2025-11-02T02:17:13.1022543Z [============                           ] 32% Unzipping... emulator/include/flat
2025-11-02T02:17:13.1680696Z [=============                          ] 33% Unzipping... emulator/include/flat
2025-11-02T02:17:13.6690610Z [=====================                  ] 55% Unzipping... emulator/include/flat
2025-11-02T02:17:13.6952792Z [=====================                  ] 55% Installing Android SDK Tools emula
2025-11-02T02:17:13.7120120Z [=====================                  ] 55% Downloading sdk-tools-linux-433379
2025-11-02T02:17:13.7678436Z [======================                 ] 55% Downloading sdk-tools-linux-433379
2025-11-02T02:17:13.9274516Z [======================                 ] 56% Downloading sdk-tools-linux-433379
2025-11-02T02:17:14.0794888Z [======================                 ] 57% Downloading sdk-tools-linux-433379
2025-11-02T02:17:14.1901200Z [=======================                ] 58% Downloading sdk-tools-linux-433379
2025-11-02T02:17:14.3036057Z [=======================                ] 59% Downloading sdk-tools-linux-433379
2025-11-02T02:17:14.3681607Z [=======================                ] 60% Downloading sdk-tools-linux-433379
2025-11-02T02:17:14.4331980Z [========================               ] 60% Downloading sdk-tools-linux-433379
2025-11-02T02:17:14.5446185Z [========================               ] 61% Downloading sdk-tools-linux-433379
2025-11-02T02:17:14.6727766Z [========================               ] 62% Downloading sdk-tools-linux-433379
2025-11-02T02:17:14.8188484Z [=========================              ] 63% Downloading sdk-tools-linux-433379
2025-11-02T02:17:14.9445201Z [=========================              ] 64% Downloading sdk-tools-linux-433379
2025-11-02T02:17:15.0004292Z [=========================              ] 65% Downloading sdk-tools-linux-433379
2025-11-02T02:17:15.0881936Z [==========================             ] 65% Downloading sdk-tools-linux-433379
2025-11-02T02:17:15.1780558Z [==========================             ] 66% Downloading sdk-tools-linux-433379
2025-11-02T02:17:15.2335527Z [==========================             ] 66% Unzipping... emulator/include/flat
2025-11-02T02:17:15.2336547Z [==========================             ] 66% Unzipping... tools/               
2025-11-02T02:17:15.2337105Z [==========================             ] 66% Unzipping... tools/proguard/      
2025-11-02T02:17:15.2339344Z [==========================             ] 66% Unzipping... tools/proguard/licens
2025-11-02T02:17:15.2339977Z [==========================             ] 66% Unzipping... tools/proguard/lib/  
2025-11-02T02:17:15.2378447Z [==========================             ] 66% Unzipping... tools/proguard/lib/pr
2025-11-02T02:17:15.2382927Z [==========================             ] 66% Unzipping... tools/proguard/lib/re
2025-11-02T02:17:15.2391983Z [==========================             ] 66% Unzipping... tools/proguard/lib/pr
2025-11-02T02:17:15.2392573Z [==========================             ] 66% Unzipping... tools/proguard/ant/  
2025-11-02T02:17:15.2393676Z [==========================             ] 66% Unzipping... tools/proguard/ant/ta
2025-11-02T02:17:15.2394558Z [==========================             ] 66% Unzipping... tools/proguard/docs/ 
2025-11-02T02:17:15.2397238Z [==========================             ] 66% Unzipping... tools/proguard/docs/f
2025-11-02T02:17:15.2406413Z [==========================             ] 66% Unzipping... tools/proguard/docs/s
2025-11-02T02:17:15.2410797Z [==========================             ] 66% Unzipping... tools/proguard/docs/d
2025-11-02T02:17:15.2413675Z [==========================             ] 66% Unzipping... tools/proguard/docs/s
2025-11-02T02:17:15.2416407Z [==========================             ] 66% Unzipping... tools/proguard/docs/F
2025-11-02T02:17:15.2420678Z [==========================             ] 66% Unzipping... tools/proguard/docs/s
2025-11-02T02:17:15.2423910Z [==========================             ] 66% Unzipping... tools/proguard/docs/l
2025-11-02T02:17:15.2427258Z [==========================             ] 66% Unzipping... tools/proguard/docs/s
2025-11-02T02:17:15.2430911Z [==========================             ] 66% Unzipping... tools/proguard/docs/d
2025-11-02T02:17:15.2436355Z [==========================             ] 66% Unzipping... tools/proguard/docs/s
2025-11-02T02:17:15.2438610Z [==========================             ] 66% Unzipping... tools/proguard/docs/r
2025-11-02T02:17:15.2440915Z [==========================             ] 66% Unzipping... tools/proguard/docs/d
2025-11-02T02:17:15.2443263Z [==========================             ] 66% Unzipping... tools/proguard/docs/t
2025-11-02T02:17:15.2445680Z [==========================             ] 66% Unzipping... tools/proguard/docs/f
2025-11-02T02:17:15.2449860Z [==========================             ] 66% Unzipping... tools/proguard/docs/s
2025-11-02T02:17:15.2452152Z [==========================             ] 66% Unzipping... tools/proguard/docs/t
2025-11-02T02:17:15.2454342Z [==========================             ] 66% Unzipping... tools/proguard/docs/i
2025-11-02T02:17:15.2458778Z [==========================             ] 66% Unzipping... tools/proguard/docs/s
2025-11-02T02:17:15.2461095Z [==========================             ] 66% Unzipping... tools/proguard/docs/m
2025-11-02T02:17:15.2462968Z [==========================             ] 66% Unzipping... tools/proguard/docs/s
2025-11-02T02:17:15.2465015Z [==========================             ] 66% Unzipping... tools/proguard/docs/q
2025-11-02T02:17:15.2468606Z [==========================             ] 66% Unzipping... tools/proguard/docs/G
2025-11-02T02:17:15.2470877Z [==========================             ] 66% Unzipping... tools/proguard/docs/t
2025-11-02T02:17:15.2482853Z [==========================             ] 66% Unzipping... tools/proguard/docs/s
2025-11-02T02:17:15.2521317Z [==========================             ] 66% Unzipping... tools/proguard/docs/m
2025-11-02T02:17:15.2522609Z [==========================             ] 66% Unzipping... tools/proguard/docs/s
2025-11-02T02:17:15.2524967Z [==========================             ] 66% Unzipping... tools/proguard/docs/G
2025-11-02T02:17:15.2526960Z [==========================             ] 66% Unzipping... tools/proguard/docs/c
2025-11-02T02:17:15.2531732Z [==========================             ] 66% Unzipping... tools/proguard/docs/a
2025-11-02T02:17:15.2539164Z [==========================             ] 66% Unzipping... tools/proguard/docs/s
2025-11-02T02:17:15.2541122Z [==========================             ] 66% Unzipping... tools/proguard/docs/d
2025-11-02T02:17:15.2606184Z [==========================             ] 66% Unzipping... tools/proguard/exampl
2025-11-02T02:17:15.2606800Z [==========================             ] 66% Unzipping... tools/proguard/bin/  
2025-11-02T02:17:15.2610944Z [==========================             ] 66% Unzipping... tools/proguard/bin/pr
2025-11-02T02:17:15.2613125Z [==========================             ] 66% Unzipping... tools/proguard/bin/re
2025-11-02T02:17:15.2615350Z [==========================             ] 66% Unzipping... tools/proguard/README
2025-11-02T02:17:15.2620952Z [==========================             ] 66% Unzipping... tools/proguard/progua
2025-11-02T02:17:15.2621537Z [==========================             ] 66% Unzipping... tools/lib/           
2025-11-02T02:17:15.2656944Z [==========================             ] 66% Unzipping... tools/lib/bcpkix-jdk1
2025-11-02T02:17:15.2664959Z [==========================             ] 66% Unzipping... tools/lib/org-eclipse
2025-11-02T02:17:15.2675086Z [==========================             ] 66% Unzipping... tools/lib/manifest-me
2025-11-02T02:17:15.2680773Z [==========================             ] 66% Unzipping... tools/lib/jcommander-
2025-11-02T02:17:15.2693354Z [==========================             ] 66% Unzipping... tools/lib/gson-2.3.ja
2025-11-02T02:17:15.2695490Z [==========================             ] 66% Unzipping... tools/lib/ddms-26.0.0
2025-11-02T02:17:15.2699070Z [==========================             ] 66% Unzipping... tools/lib/asm-tree-5.
2025-11-02T02:17:15.2744036Z [==========================             ] 66% Unzipping... tools/lib/uast-26.0.0
2025-11-02T02:17:15.2752333Z [==========================             ] 66% Unzipping... tools/lib/dexlib2-2.2
2025-11-02T02:17:15.2791225Z [==========================             ] 67% Unzipping... tools/lib/dexlib2-2.2
2025-11-02T02:17:15.2793851Z [==========================             ] 67% Unzipping... tools/lib/android.el 
2025-11-02T02:17:15.2799793Z [==========================             ] 67% Unzipping... tools/lib/apkanalyzer
2025-11-02T02:17:15.2921149Z [==========================             ] 67% Unzipping... tools/lib/guava-22.0.
2025-11-02T02:17:15.2949543Z [==========================             ] 67% Unzipping... tools/lib/lint-api-26
2025-11-02T02:17:15.2958279Z [==========================             ] 67% Unzipping... tools/lib/baksmali-2.
2025-11-02T02:17:15.2962111Z [==========================             ] 67% Unzipping... tools/lib/shared.jar 
2025-11-02T02:17:15.2968677Z [==========================             ] 67% Unzipping... tools/lib/jsr305-1.3.
2025-11-02T02:17:15.2990894Z [==========================             ] 67% Unzipping... tools/lib/httpclient-
2025-11-02T02:17:15.3102155Z [==========================             ] 67% Unzipping... tools/lib/ecj-4.6.1.j
2025-11-02T02:17:15.3108210Z [==========================             ] 67% Unzipping... tools/lib/jobb-26.0.0
2025-11-02T02:17:15.3125609Z [==========================             ] 67% Unzipping... tools/lib/jcommon-1.0
2025-11-02T02:17:15.3131891Z [==========================             ] 67% Unzipping... tools/lib/kxml2-2.3.0
2025-11-02T02:17:15.3204772Z [==========================             ] 67% Unzipping... tools/lib/jfreechart-
2025-11-02T02:17:15.3205333Z [==========================             ] 67% Unzipping... tools/lib/common-26.0
2025-11-02T02:17:15.3260818Z [==========================             ] 67% Unzipping... tools/lib/lint-checks
2025-11-02T02:17:15.3382234Z [==========================             ] 67% Unzipping... tools/lib/kotlin-refl
2025-11-02T02:17:15.3383138Z [==========================             ] 67% Unzipping... tools/lib/builder-mod
2025-11-02T02:17:15.3425512Z [==========================             ] 67% Unzipping... tools/lib/sdklib-26.0
2025-11-02T02:17:15.3426250Z [==========================             ] 67% Unzipping... tools/lib/layoutlib-a
2025-11-02T02:17:15.3427850Z [==========================             ] 67% Unzipping... tools/lib/annotations
2025-11-02T02:17:15.3430615Z [==========================             ] 67% Unzipping... tools/lib/fat32lib.ja
2025-11-02T02:17:15.3434705Z [==========================             ] 67% Unzipping... tools/lib/jsr305-3.0.
2025-11-02T02:17:15.3489606Z [==========================             ] 67% Unzipping... tools/lib/org-eclipse
2025-11-02T02:17:15.3493742Z [==========================             ] 67% Unzipping... tools/lib/error_prone
2025-11-02T02:17:15.3500382Z [==========================             ] 67% Unzipping... tools/lib/org-eclipse
2025-11-02T02:17:15.3504054Z [==========================             ] 67% Unzipping... tools/lib/animal-snif
2025-11-02T02:17:15.3550340Z [==========================             ] 67% Unzipping... tools/lib/asset-studi
2025-11-02T02:17:15.3589402Z [===========================            ] 68% Unzipping... tools/lib/asset-studi
2025-11-02T02:17:15.3599333Z [===========================            ] 68% Unzipping... tools/lib/repository-
2025-11-02T02:17:15.3599929Z [===========================            ] 68% Unzipping... tools/lib/dvlib-26.0.
2025-11-02T02:17:15.3628078Z [===========================            ] 68% Unzipping... tools/lib/jsilver-1.0
2025-11-02T02:17:15.3633129Z [===========================            ] 68% Unzipping... tools/lib/asm-5.1.jar
2025-11-02T02:17:15.3635849Z [===========================            ] 68% Unzipping... tools/lib/devices.xml
2025-11-02T02:17:15.3639225Z [===========================            ] 68% Unzipping... tools/lib/asm-analysi
2025-11-02T02:17:15.3661278Z [===========================            ] 68% Unzipping... tools/lib/hierarchyvi
2025-11-02T02:17:15.3669085Z [===========================            ] 68% Unzipping... tools/lib/monkeyrunne
2025-11-02T02:17:15.3676708Z [===========================            ] 68% Unzipping... tools/lib/uiautomator
2025-11-02T02:17:15.3681668Z [===========================            ] 68% Unzipping... tools/lib/archquery-2
2025-11-02T02:17:15.3684936Z [===========================            ] 68% Unzipping... tools/lib/chimpchat-2
2025-11-02T02:17:15.3690817Z [===========================            ] 68% Unzipping... tools/lib/explainer.j
2025-11-02T02:17:15.3714726Z [===========================            ] 68% Unzipping... tools/lib/ddmlib-26.0
2025-11-02T02:17:15.3719231Z [===========================            ] 68% Unzipping... tools/lib/swtmenubar-
2025-11-02T02:17:15.3808821Z [===========================            ] 68% Unzipping... tools/lib/osgi-4.0.0.
2025-11-02T02:17:15.3813073Z [===========================            ] 68% Unzipping... tools/lib/x86_64/    
2025-11-02T02:17:15.3882217Z [===========================            ] 68% Unzipping... tools/lib/x86_64/swt.
2025-11-02T02:17:15.4352846Z [===========================            ] 68% Unzipping... tools/lib/monitor-x86
2025-11-02T02:17:15.5143197Z [===========================            ] 69% Unzipping... tools/lib/monitor-x86
2025-11-02T02:17:15.5640154Z [===========================            ] 70% Unzipping... tools/lib/monitor-x86
2025-11-02T02:17:15.6109949Z [============================           ] 70% Unzipping... tools/lib/monitor-x86
2025-11-02T02:17:15.7568886Z [============================           ] 71% Unzipping... tools/lib/monitor-x86
2025-11-02T02:17:15.7570910Z [============================           ] 71% Unzipping... tools/lib/httpmime-4.
2025-11-02T02:17:15.7572721Z [============================           ] 71% Unzipping... tools/lib/annotations
2025-11-02T02:17:15.7586744Z [============================           ] 71% Unzipping... tools/lib/lint-26.0.0
2025-11-02T02:17:15.7593720Z [============================           ] 71% Unzipping... tools/lib/apkanalyzer
2025-11-02T02:17:15.7601056Z [============================           ] 71% Unzipping... tools/lib/binary-reso
2025-11-02T02:17:15.7607270Z [============================           ] 71% Unzipping... tools/lib/jopt-simple
2025-11-02T02:17:15.7614545Z [============================           ] 71% Unzipping... tools/lib/util-2.2.1.
2025-11-02T02:17:15.7637481Z [============================           ] 71% Unzipping... tools/lib/ddmuilib-26
2025-11-02T02:17:15.7651649Z [============================           ] 72% Unzipping... tools/lib/ddmuilib-26
2025-11-02T02:17:15.7697735Z [============================           ] 72% Unzipping... tools/lib/sdk-common-
2025-11-02T02:17:15.7706286Z [============================           ] 72% Unzipping... tools/lib/traceview-2
2025-11-02T02:17:15.7719704Z [============================           ] 72% Unzipping... tools/lib/httpcore-4.
2025-11-02T02:17:15.7726307Z [============================           ] 72% Unzipping... tools/lib/screenshot2
2025-11-02T02:17:15.7736251Z [============================           ] 72% Unzipping... tools/lib/commons-cod
2025-11-02T02:17:15.7737588Z [============================           ] 72% Unzipping... tools/lib/proguard-pr
2025-11-02T02:17:15.8292882Z [============================           ] 72% Unzipping... tools/lib/jython-stan
2025-11-02T02:17:15.8351563Z [=============================          ] 73% Unzipping... tools/lib/jython-stan
2025-11-02T02:17:15.8354934Z [=============================          ] 73% Unzipping... tools/lib/annotations
2025-11-02T02:17:15.8359859Z [=============================          ] 73% Unzipping... tools/lib/commons-log
2025-11-02T02:17:15.8423838Z [=============================          ] 73% Unzipping... tools/lib/protobuf-ja
2025-11-02T02:17:15.8428239Z [=============================          ] 73% Unzipping... tools/lib/fakeadbserv
2025-11-02T02:17:15.8578180Z [=============================          ] 73% Unzipping... tools/lib/bcprov-jdk1
2025-11-02T02:17:15.8578991Z [=============================          ] 73% Unzipping... tools/lib/x86/       
2025-11-02T02:17:15.8646119Z [=============================          ] 73% Unzipping... tools/lib/x86/swt.jar
2025-11-02T02:17:15.8690059Z [=============================          ] 73% Unzipping... tools/lib/kotlin-stdl
2025-11-02T02:17:15.8713783Z [=============================          ] 73% Unzipping... tools/lib/commons-com
2025-11-02T02:17:15.8749636Z [=============================          ] 73% Unzipping... tools/lib/lombok-ast-
2025-11-02T02:17:15.8779220Z [=============================          ] 73% Unzipping... tools/lib/trove4j-201
2025-11-02T02:17:15.9011342Z [=============================          ] 73% Unzipping... tools/lib/intellij-co
2025-11-02T02:17:15.9162521Z [=============================          ] 74% Unzipping... tools/lib/intellij-co
2025-11-02T02:17:15.9175123Z [=============================          ] 74% Unzipping... tools/lib/jimfs-1.1.j
2025-11-02T02:17:15.9177725Z [=============================          ] 74% Unzipping... tools/lib/j2objc-anno
2025-11-02T02:17:15.9183161Z [=============================          ] 74% Unzipping... tools/lib/jfreechart-
2025-11-02T02:17:15.9636801Z [=============================          ] 74% Unzipping... tools/lib/monitor-x86
2025-11-02T02:17:16.0032307Z [=============================          ] 75% Unzipping... tools/lib/monitor-x86
2025-11-02T02:17:16.0394959Z [==============================         ] 75% Unzipping... tools/lib/monitor-x86
2025-11-02T02:17:16.1262372Z [==============================         ] 76% Unzipping... tools/lib/monitor-x86
2025-11-02T02:17:16.2635935Z [==============================         ] 77% Unzipping... tools/lib/monitor-x86
2025-11-02T02:17:16.2640247Z [==============================         ] 77% Unzipping... tools/lib/generator.j
2025-11-02T02:17:16.2642016Z [==============================         ] 77% Unzipping... tools/source.properti
2025-11-02T02:17:16.2642603Z [==============================         ] 77% Unzipping... tools/bin/           
2025-11-02T02:17:16.2646062Z [==============================         ] 77% Unzipping... tools/bin/avdmanager 
2025-11-02T02:17:16.2648317Z [==============================         ] 77% Unzipping... tools/bin/jobb       
2025-11-02T02:17:16.2650729Z [==============================         ] 77% Unzipping... tools/bin/uiautomator
2025-11-02T02:17:16.2652987Z [==============================         ] 77% Unzipping... tools/bin/apkanalyzer
2025-11-02T02:17:16.2655174Z [==============================         ] 77% Unzipping... tools/bin/monkeyrunne
2025-11-02T02:17:16.2658148Z [==============================         ] 77% Unzipping... tools/bin/archquery  
2025-11-02T02:17:16.2660578Z [==============================         ] 77% Unzipping... tools/bin/sdkmanager 
2025-11-02T02:17:16.2662973Z [==============================         ] 77% Unzipping... tools/bin/lint       
2025-11-02T02:17:16.2665328Z [==============================         ] 77% Unzipping... tools/bin/screenshot2
2025-11-02T02:17:16.2689074Z [==============================         ] 77% Unzipping... tools/NOTICE.txt     
2025-11-02T02:17:16.2726101Z [==============================         ] 77% Unzipping... tools/emulator       
2025-11-02T02:17:16.2750627Z [==============================         ] 77% Unzipping... tools/emulator-check 
2025-11-02T02:17:16.2752714Z [==============================         ] 77% Unzipping... tools/monitor        
2025-11-02T02:17:16.2754988Z [==============================         ] 77% Unzipping... tools/android        
2025-11-02T02:17:16.2757846Z [==============================         ] 77% Unzipping... tools/mksdcard       
2025-11-02T02:17:16.2758523Z [==============================         ] 77% Unzipping... tools/support/       
2025-11-02T02:17:16.2764274Z [==============================         ] 77% Unzipping... tools/support/typos-d
2025-11-02T02:17:16.2767719Z [==============================         ] 77% Unzipping... tools/support/typos-e
2025-11-02T02:17:16.2770040Z [==============================         ] 77% Unzipping... tools/support/annotat
2025-11-02T02:17:16.2777572Z [==============================         ] 77% Unzipping... tools/support/typos-e
2025-11-02T02:17:16.2781051Z [==============================         ] 77% Unzipping... tools/support/typos-t
2025-11-02T02:17:16.2786070Z [==============================         ] 77% Unzipping... tools/support/typos-p
2025-11-02T02:17:16.2789519Z [==============================         ] 77% Unzipping... tools/support/typos-i
2025-11-02T02:17:16.2792449Z [==============================         ] 77% Unzipping... tools/support/typos-n
2025-11-02T02:17:16.2795581Z [==============================         ] 77% Unzipping... tools/support/typos-h
2025-11-02T02:17:16.3097238Z [==============================         ] 78% Unzipping... tools/support/typos-h
2025-11-02T02:17:16.3098427Z [=======================================] 100% Unzipping... tools/support/typos-
2025-11-02T02:17:16.3155661Z 
2025-11-02T02:17:16.3295618Z [command]/usr/local/lib/android/sdk/cmdline-tools/16.0/bin/sdkmanager platform-tools
2025-11-02T02:17:17.0730463Z Loading package information...                                                  
2025-11-02T02:17:17.1716194Z Loading local repository...                                                     
2025-11-02T02:17:17.1716849Z [                                       ] 3% Loading local repository...        
2025-11-02T02:17:17.1809232Z [                                       ] 3% Fetch remote repository...         
2025-11-02T02:17:17.4077384Z [=                                      ] 3% Fetch remote repository...         
2025-11-02T02:17:17.4862392Z [=                                      ] 4% Fetch remote repository...         
2025-11-02T02:17:17.5055958Z [=                                      ] 5% Fetch remote repository...         
2025-11-02T02:17:17.5511690Z [==                                     ] 5% Fetch remote repository...         
2025-11-02T02:17:17.6018800Z [==                                     ] 6% Fetch remote repository...         
2025-11-02T02:17:17.6491897Z [==                                     ] 7% Fetch remote repository...         
2025-11-02T02:17:17.6492699Z [==                                     ] 7% Computing updates...               
2025-11-02T02:17:17.6624605Z [===                                    ] 8% Computing updates...               
2025-11-02T02:17:17.6683765Z [===                                    ] 10% Computing updates...              
2025-11-02T02:17:17.6684703Z [=======================================] 100% Computing updates...             
2025-11-02T02:17:17.6689261Z 
2025-11-02T02:17:17.7009339Z ##[group]Run mkdir -p gradle/wrapper
2025-11-02T02:17:17.7009690Z [36;1mmkdir -p gradle/wrapper[0m
2025-11-02T02:17:17.7010321Z [36;1mcurl -L -o gradle/wrapper/gradle-wrapper.jar https://raw.githubusercontent.com/gradle/gradle/master/gradle/wrapper/gradle-wrapper.jar[0m
2025-11-02T02:17:17.7045903Z shell: /usr/bin/bash -e {0}
2025-11-02T02:17:17.7046135Z env:
2025-11-02T02:17:17.7046296Z   CARGO_INCREMENTAL: 0
2025-11-02T02:17:17.7046498Z   RUST_BACKTRACE: short
2025-11-02T02:17:17.7046678Z   HUSKY: 0
2025-11-02T02:17:17.7046954Z   JAVA_HOME: /opt/hostedtoolcache/Java_Temurin-Hotspot_jdk/17.0.17-10/x64
2025-11-02T02:17:17.7047415Z   JAVA_HOME_17_X64: /opt/hostedtoolcache/Java_Temurin-Hotspot_jdk/17.0.17-10/x64
2025-11-02T02:17:17.7047778Z   ANDROID_HOME: /usr/local/lib/android/sdk
2025-11-02T02:17:17.7048255Z   ANDROID_SDK_ROOT: /usr/local/lib/android/sdk
2025-11-02T02:17:17.7048500Z ##[endgroup]
2025-11-02T02:17:17.7201651Z   % Total    % Received % Xferd  Average Speed   Time    Time     Time  Current
2025-11-02T02:17:17.7202435Z                                  Dload  Upload   Total   Spent    Left  Speed
2025-11-02T02:17:17.7202786Z 
2025-11-02T02:17:17.8332962Z   0     0    0     0    0     0      0      0 --:--:-- --:--:-- --:--:--     0
2025-11-02T02:17:17.8333876Z 100 45633  100 45633    0     0   393k      0 --:--:-- --:--:-- --:--:--  394k
2025-11-02T02:17:17.8380421Z ##[group]Run chmod +x gradlew
2025-11-02T02:17:17.8380695Z [36;1mchmod +x gradlew[0m
2025-11-02T02:17:17.8412008Z shell: /usr/bin/bash -e {0}
2025-11-02T02:17:17.8412231Z env:
2025-11-02T02:17:17.8412392Z   CARGO_INCREMENTAL: 0
2025-11-02T02:17:17.8412611Z   RUST_BACKTRACE: short
2025-11-02T02:17:17.8412803Z   HUSKY: 0
2025-11-02T02:17:17.8413087Z   JAVA_HOME: /opt/hostedtoolcache/Java_Temurin-Hotspot_jdk/17.0.17-10/x64
2025-11-02T02:17:17.8413554Z   JAVA_HOME_17_X64: /opt/hostedtoolcache/Java_Temurin-Hotspot_jdk/17.0.17-10/x64
2025-11-02T02:17:17.8413917Z   ANDROID_HOME: /usr/local/lib/android/sdk
2025-11-02T02:17:17.8414181Z   ANDROID_SDK_ROOT: /usr/local/lib/android/sdk
2025-11-02T02:17:17.8414424Z ##[endgroup]
2025-11-02T02:17:17.8519410Z ##[group]Run if [ "armv7" == "universal" ]; then
2025-11-02T02:17:17.8519753Z [36;1mif [ "armv7" == "universal" ]; then[0m
2025-11-02T02:17:17.8520022Z [36;1m  ./gradlew assembleRelease[0m
2025-11-02T02:17:17.8520296Z [36;1melif [ "armv7" == "aarch64" ]; then[0m
2025-11-02T02:17:17.8520667Z [36;1m  ./gradlew assembleRelease -Pandroid.injected.build.abi=arm64-v8a[0m
2025-11-02T02:17:17.8521041Z [36;1melif [ "armv7" == "armv7" ]; then[0m
2025-11-02T02:17:17.8521407Z [36;1m  ./gradlew assembleRelease -Pandroid.injected.build.abi=armeabi-v7a[0m
2025-11-02T02:17:17.8521773Z [36;1melif [ "armv7" == "x86_64" ]; then[0m
2025-11-02T02:17:17.8522124Z [36;1m  ./gradlew assembleRelease -Pandroid.injected.build.abi=x86_64[0m
2025-11-02T02:17:17.8522452Z [36;1mfi[0m
2025-11-02T02:17:17.8551329Z shell: /usr/bin/bash -e {0}
2025-11-02T02:17:17.8551555Z env:
2025-11-02T02:17:17.8551729Z   CARGO_INCREMENTAL: 0
2025-11-02T02:17:17.8551937Z   RUST_BACKTRACE: short
2025-11-02T02:17:17.8552164Z   HUSKY: 0
2025-11-02T02:17:17.8552462Z   JAVA_HOME: /opt/hostedtoolcache/Java_Temurin-Hotspot_jdk/17.0.17-10/x64
2025-11-02T02:17:17.8552928Z   JAVA_HOME_17_X64: /opt/hostedtoolcache/Java_Temurin-Hotspot_jdk/17.0.17-10/x64
2025-11-02T02:17:17.8553296Z   ANDROID_HOME: /usr/local/lib/android/sdk
2025-11-02T02:17:17.8553569Z   ANDROID_SDK_ROOT: /usr/local/lib/android/sdk
2025-11-02T02:17:17.8553848Z   NODE_OPTIONS: --max_old_space_size=4096
2025-11-02T02:17:17.8554094Z ##[endgroup]
2025-11-02T02:17:17.9371753Z Downloading https://services.gradle.org/distributions/gradle-8.5-bin.zip
2025-11-02T02:17:19.7446490Z ............10%.............20%............30%.............40%.............50%............60%.............70%.............80%............90%.............100%
2025-11-02T02:17:20.8828991Z 
2025-11-02T02:17:20.8829650Z Welcome to Gradle 8.5!
2025-11-02T02:17:20.8829907Z 
2025-11-02T02:17:20.8830163Z Here are the highlights of this release:
2025-11-02T02:17:20.8830693Z  - Support for running on Java 21
2025-11-02T02:17:20.8831156Z  - Faster first use with Kotlin DSL
2025-11-02T02:17:20.8831643Z  - Improved error and warning messages
2025-11-02T02:17:20.8831926Z 
2025-11-02T02:17:20.8832319Z For more details see https://docs.gradle.org/8.5/release-notes.html
2025-11-02T02:17:20.8833120Z 
2025-11-02T02:17:21.1816355Z Starting a Gradle Daemon (subsequent builds will be faster)
2025-11-02T02:17:23.6821314Z Calculating task graph as no cached configuration is available for tasks: assembleRelease
2025-11-02T02:18:36.6846510Z > Task :app:preBuild UP-TO-DATE
2025-11-02T02:18:36.6847619Z > Task :app:preReleaseBuild UP-TO-DATE
2025-11-02T02:18:36.6882561Z > Task :app:checkKotlinGradlePluginConfigurationErrors
2025-11-02T02:18:36.7841953Z > Task :app:generateReleaseResValues
2025-11-02T02:18:36.7870104Z > Task :app:extractProguardFiles
2025-11-02T02:18:36.7870936Z > Task :app:buildKotlinToolingMetadata
2025-11-02T02:18:36.7899491Z > Task :app:generateReleaseResources
2025-11-02T02:18:39.1854642Z > Task :app:mapReleaseSourceSetPaths
2025-11-02T02:18:39.1855890Z > Task :app:dataBindingMergeDependencyArtifactsRelease
2025-11-02T02:18:39.1856854Z > Task :app:createReleaseCompatibleScreenManifests
2025-11-02T02:18:39.1857531Z > Task :app:extractDeepLinksRelease
2025-11-02T02:18:39.2814678Z > Task :app:checkReleaseAarMetadata
2025-11-02T02:18:39.3814236Z > Task :app:packageReleaseResources
2025-11-02T02:18:40.0826949Z > Task :app:javaPreCompileRelease
2025-11-02T02:18:40.0827782Z > Task :app:mergeReleaseJniLibFolders
2025-11-02T02:18:40.7816635Z > Task :app:mergeReleaseNativeLibs NO-SOURCE
2025-11-02T02:18:40.7823746Z > Task :app:stripReleaseDebugSymbols NO-SOURCE
2025-11-02T02:18:40.7824713Z > Task :app:extractReleaseNativeSymbolTables NO-SOURCE
2025-11-02T02:18:40.7826719Z > Task :app:mergeReleaseNativeDebugMetadata NO-SOURCE
2025-11-02T02:18:41.0831867Z > Task :app:processReleaseMainManifest
2025-11-02T02:18:41.3814363Z > Task :app:processReleaseManifest
2025-11-02T02:18:42.8847507Z > Task :app:processReleaseManifestForPackage
2025-11-02T02:18:43.1816176Z > Task :app:parseReleaseLocalResources
2025-11-02T02:18:43.1816911Z > Task :app:mergeReleaseShaders FROM-CACHE
2025-11-02T02:18:43.1817538Z > Task :app:compileReleaseShaders NO-SOURCE
2025-11-02T02:18:43.1818386Z > Task :app:generateReleaseAssets UP-TO-DATE
2025-11-02T02:18:43.4815065Z > Task :app:mergeReleaseAssets FROM-CACHE
2025-11-02T02:18:43.4821382Z > Task :app:compressReleaseAssets
2025-11-02T02:18:43.4833078Z > Task :app:mergeReleaseArtProfile
2025-11-02T02:18:43.5868782Z > Task :app:extractReleaseVersionControlInfo
2025-11-02T02:18:43.6829848Z > Task :app:collectReleaseDependencies
2025-11-02T02:18:43.7839245Z > Task :app:sdkReleaseDependencyData
2025-11-02T02:18:43.7840362Z > Task :app:writeReleaseAppMetadata
2025-11-02T02:18:43.8815176Z > Task :app:checkReleaseDuplicateClasses
2025-11-02T02:18:43.8816339Z > Task :app:writeReleaseSigningConfigVersions
2025-11-02T02:18:44.5823241Z > Task :app:validateSigningRelease
2025-11-02T02:18:44.9842075Z > Task :app:mergeReleaseResources
2025-11-02T02:18:45.3814056Z > Task :app:dataBindingGenBaseClassesRelease
2025-11-02T02:18:45.5813474Z > Task :app:processReleaseResources FAILED
2025-11-02T02:18:45.6868722Z 
2025-11-02T02:18:45.6871115Z FAILURE: Build failed with an exception.
2025-11-02T02:18:45.6878985Z 
2025-11-02T02:18:45.6879421Z * What went wrong:
2025-11-02T02:18:45.6880244Z Execution failed for task ':app:processReleaseResources'.
2025-11-02T02:18:45.6881854Z > A failure occurred while executing com.android.build.gradle.internal.res.LinkApplicationAndroidResourcesTask$TaskAction
2025-11-02T02:18:45.6883181Z    > Android resource linking failed
2025-11-02T02:18:45.6883821Z 31 actionable tasks: 29 executed, 2 from cache
2025-11-02T02:18:45.6884473Z Configuration cache entry stored.
2025-11-02T02:18:45.6899955Z      ERROR: /home/runner/work/shouj/shouj/mobile/app/src/main/AndroidManifest.xml:33:5-128:19: AAPT: error: resource mipmap/ic_launcher (aka io.github.clash_verge_rev.clash_verge_rev:mipmap/ic_launcher) not found.
2025-11-02T02:18:45.6908786Z          
2025-11-02T02:18:45.6910887Z      ERROR: /home/runner/work/shouj/shouj/mobile/app/src/main/AndroidManifest.xml:33:5-128:19: AAPT: error: resource mipmap/ic_launcher_round (aka io.github.clash_verge_rev.clash_verge_rev:mipmap/ic_launcher_round) not found.
2025-11-02T02:18:45.6912747Z          
2025-11-02T02:18:45.6912904Z 
2025-11-02T02:18:45.6913010Z * Try:
2025-11-02T02:18:45.6913487Z > Run with --stacktrace option to get the stack trace.
2025-11-02T02:18:45.6914193Z > Run with --info or --debug option to get more log output.
2025-11-02T02:18:45.6914791Z > Run with --scan to get full insights.
2025-11-02T02:18:45.6915346Z > Get more help at https://help.gradle.org.
2025-11-02T02:18:45.6915662Z 
2025-11-02T02:18:45.6915845Z BUILD FAILED in 1m 27s
2025-11-02T02:18:46.0655277Z ##[error]Process completed with exit code 1.
2025-11-02T02:18:46.0735155Z Post job cleanup.
2025-11-02T02:18:46.2468147Z Post job cleanup.
2025-11-02T02:18:46.3397373Z [command]/usr/bin/git version
2025-11-02T02:18:46.3432940Z git version 2.51.2
2025-11-02T02:18:46.3475914Z Temporarily overriding HOME='/home/runner/work/_temp/55e610f5-cabb-44d8-9f27-34b971e25754' before making global git config changes
2025-11-02T02:18:46.3477387Z Adding repository directory to the temporary git global config as a safe directory
2025-11-02T02:18:46.3488838Z [command]/usr/bin/git config --global --add safe.directory /home/runner/work/shouj/shouj
2025-11-02T02:18:46.3522582Z [command]/usr/bin/git config --local --name-only --get-regexp core\.sshCommand
2025-11-02T02:18:46.3554085Z [command]/usr/bin/git submodule foreach --recursive sh -c "git config --local --name-only --get-regexp 'core\.sshCommand' && git config --local --unset-all 'core.sshCommand' || :"
2025-11-02T02:18:46.3820839Z [command]/usr/bin/git config --local --name-only --get-regexp http\.https\:\/\/github\.com\/\.extraheader
2025-11-02T02:18:46.3842334Z http.https://github.com/.extraheader
2025-11-02T02:18:46.3858701Z [command]/usr/bin/git config --local --unset-all http.https://github.com/.extraheader
2025-11-02T02:18:46.3893154Z [command]/usr/bin/git submodule foreach --recursive sh -c "git config --local --name-only --get-regexp 'http\.https\:\/\/github\.com\/\.extraheader' && git config --local --unset-all 'http.https://github.com/.extraheader' || :"
2025-11-02T02:18:46.4251325Z Cleaning up orphan processes
2025-11-02T02:18:46.4619434Z Terminate orphan process: pid (2386) (java)
