2025-11-02T02:16:48.5913872Z Current runner version: '2.329.0'
2025-11-02T02:16:48.5935415Z ##[group]Runner Image Provisioner
2025-11-02T02:16:48.5936176Z Hosted Compute Agent
2025-11-02T02:16:48.5937581Z Version: 20251016.436
2025-11-02T02:16:48.5938384Z Commit: 8ab8ac8bfd662a3739dab9fe09456aba92132568
2025-11-02T02:16:48.5939075Z Build Date: 2025-10-15T20:44:12Z
2025-11-02T02:16:48.5939628Z ##[endgroup]
2025-11-02T02:16:48.5940552Z ##[group]Operating System
2025-11-02T02:16:48.5941181Z Ubuntu
2025-11-02T02:16:48.5941698Z 24.04.3
2025-11-02T02:16:48.5942391Z LTS
2025-11-02T02:16:48.5942876Z ##[endgroup]
2025-11-02T02:16:48.5943328Z ##[group]Runner Image
2025-11-02T02:16:48.5943928Z Image: ubuntu-24.04
2025-11-02T02:16:48.5944501Z Version: 20251030.96.2
2025-11-02T02:16:48.5945464Z Included Software: https://github.com/actions/runner-images/blob/ubuntu24/20251030.96/images/ubuntu/Ubuntu2404-Readme.md
2025-11-02T02:16:48.5947557Z Image Release: https://github.com/actions/runner-images/releases/tag/ubuntu24%2F20251030.96
2025-11-02T02:16:48.5948515Z ##[endgroup]
2025-11-02T02:16:48.5951220Z ##[group]GITHUB_TOKEN Permissions
2025-11-02T02:16:48.5953200Z Actions: write
2025-11-02T02:16:48.5953690Z Attestations: write
2025-11-02T02:16:48.5954313Z Checks: write
2025-11-02T02:16:48.5954792Z Contents: write
2025-11-02T02:16:48.5955237Z Deployments: write
2025-11-02T02:16:48.5955973Z Discussions: write
2025-11-02T02:16:48.5956840Z Issues: write
2025-11-02T02:16:48.5957496Z Metadata: read
2025-11-02T02:16:48.5958071Z Models: read
2025-11-02T02:16:48.5958554Z Packages: write
2025-11-02T02:16:48.5959061Z Pages: write
2025-11-02T02:16:48.5959936Z PullRequests: write
2025-11-02T02:16:48.5960442Z RepositoryProjects: write
2025-11-02T02:16:48.5961010Z SecurityEvents: write
2025-11-02T02:16:48.5961695Z Statuses: write
2025-11-02T02:16:48.5962162Z ##[endgroup]
2025-11-02T02:16:48.5964788Z Secret source: Actions
2025-11-02T02:16:48.5965684Z Prepare workflow directory
2025-11-02T02:16:48.6489227Z Prepare all required actions
2025-11-02T02:16:48.6542687Z Getting action download info
2025-11-02T02:16:48.9843543Z Download action repository 'actions/checkout@v4' (SHA:08eba0b27e820071cde6df949e0beb9ba4906955)
2025-11-02T02:16:49.1568124Z Download action repository 'actions/setup-java@v4' (SHA:c5195efecf7bdfc987ee8bae7a71cb8b11521c00)
2025-11-02T02:16:49.6260519Z Download action repository 'android-actions/setup-android@v3' (SHA:9fc6c4e9069bf8d3d10b2204b1fb8f6ef7065407)
2025-11-02T02:16:50.0153917Z Download action repository 'actions/upload-artifact@v4' (SHA:ea165f8d65b6e75b540449e92b4886f43607fa02)
2025-11-02T02:16:50.2698517Z Complete job name: Build Android APK (aarch64)
2025-11-02T02:16:50.3473258Z ##[group]Run actions/checkout@v4
2025-11-02T02:16:50.3474542Z with:
2025-11-02T02:16:50.3475258Z   fetch-depth: 0
2025-11-02T02:16:50.3476079Z   repository: xiehaibo11/shouj
2025-11-02T02:16:50.3477423Z   token: ***
2025-11-02T02:16:50.3478167Z   ssh-strict: true
2025-11-02T02:16:50.3478940Z   ssh-user: git
2025-11-02T02:16:50.3479724Z   persist-credentials: true
2025-11-02T02:16:50.3480628Z   clean: true
2025-11-02T02:16:50.3481418Z   sparse-checkout-cone-mode: true
2025-11-02T02:16:50.3482399Z   fetch-tags: false
2025-11-02T02:16:50.3483189Z   show-progress: true
2025-11-02T02:16:50.3483978Z   lfs: false
2025-11-02T02:16:50.3484646Z   submodules: false
2025-11-02T02:16:50.3485395Z   set-safe-directory: true
2025-11-02T02:16:50.3486516Z env:
2025-11-02T02:16:50.3487179Z   CARGO_INCREMENTAL: 0
2025-11-02T02:16:50.3487945Z   RUST_BACKTRACE: short
2025-11-02T02:16:50.3488692Z   HUSKY: 0
2025-11-02T02:16:50.3489331Z ##[endgroup]
2025-11-02T02:16:50.4546042Z Syncing repository: xiehaibo11/shouj
2025-11-02T02:16:50.4548899Z ##[group]Getting Git version info
2025-11-02T02:16:50.4550121Z Working directory is '/home/runner/work/shouj/shouj'
2025-11-02T02:16:50.4551867Z [command]/usr/bin/git version
2025-11-02T02:16:50.4618527Z git version 2.51.2
2025-11-02T02:16:50.4644235Z ##[endgroup]
2025-11-02T02:16:50.4659706Z Temporarily overriding HOME='/home/runner/work/_temp/1d4b4caf-fe7f-4ad3-84af-ef4f9dde1141' before making global git config changes
2025-11-02T02:16:50.4664863Z Adding repository directory to the temporary git global config as a safe directory
2025-11-02T02:16:50.4673091Z [command]/usr/bin/git config --global --add safe.directory /home/runner/work/shouj/shouj
2025-11-02T02:16:50.4710547Z Deleting the contents of '/home/runner/work/shouj/shouj'
2025-11-02T02:16:50.4714277Z ##[group]Initializing the repository
2025-11-02T02:16:50.4719654Z [command]/usr/bin/git init /home/runner/work/shouj/shouj
2025-11-02T02:16:50.4812692Z hint: Using 'master' as the name for the initial branch. This default branch name
2025-11-02T02:16:50.4815200Z hint: is subject to change. To configure the initial branch name to use in all
2025-11-02T02:16:50.4818003Z hint: of your new repositories, which will suppress this warning, call:
2025-11-02T02:16:50.4820381Z hint:
2025-11-02T02:16:50.4822026Z hint: 	git config --global init.defaultBranch <name>
2025-11-02T02:16:50.4824003Z hint:
2025-11-02T02:16:50.4825849Z hint: Names commonly chosen instead of 'master' are 'main', 'trunk' and
2025-11-02T02:16:50.4829315Z hint: 'development'. The just-created branch can be renamed via this command:
2025-11-02T02:16:50.4831788Z hint:
2025-11-02T02:16:50.4832995Z hint: 	git branch -m <name>
2025-11-02T02:16:50.4834382Z hint:
2025-11-02T02:16:50.4835929Z hint: Disable this message with "git config set advice.defaultBranchName false"
2025-11-02T02:16:50.4837867Z Initialized empty Git repository in /home/runner/work/shouj/shouj/.git/
2025-11-02T02:16:50.4841368Z [command]/usr/bin/git remote add origin https://github.com/xiehaibo11/shouj
2025-11-02T02:16:50.4863641Z ##[endgroup]
2025-11-02T02:16:50.4866058Z ##[group]Disabling automatic garbage collection
2025-11-02T02:16:50.4868433Z [command]/usr/bin/git config --local gc.auto 0
2025-11-02T02:16:50.4897303Z ##[endgroup]
2025-11-02T02:16:50.4899548Z ##[group]Setting up auth
2025-11-02T02:16:50.4904623Z [command]/usr/bin/git config --local --name-only --get-regexp core\.sshCommand
2025-11-02T02:16:50.4935620Z [command]/usr/bin/git submodule foreach --recursive sh -c "git config --local --name-only --get-regexp 'core\.sshCommand' && git config --local --unset-all 'core.sshCommand' || :"
2025-11-02T02:16:50.5312657Z [command]/usr/bin/git config --local --name-only --get-regexp http\.https\:\/\/github\.com\/\.extraheader
2025-11-02T02:16:50.5340806Z [command]/usr/bin/git submodule foreach --recursive sh -c "git config --local --name-only --get-regexp 'http\.https\:\/\/github\.com\/\.extraheader' && git config --local --unset-all 'http.https://github.com/.extraheader' || :"
2025-11-02T02:16:50.5546105Z [command]/usr/bin/git config --local http.https://github.com/.extraheader AUTHORIZATION: basic ***
2025-11-02T02:16:50.5592972Z ##[endgroup]
2025-11-02T02:16:50.5594361Z ##[group]Fetching the repository
2025-11-02T02:16:50.5605706Z [command]/usr/bin/git -c protocol.version=2 fetch --prune --no-recurse-submodules origin +refs/heads/*:refs/remotes/origin/* +refs/tags/*:refs/tags/*
2025-11-02T02:16:52.7685429Z From https://github.com/xiehaibo11/shouj
2025-11-02T02:16:52.7686995Z  * [new branch]        main       -> origin/main
2025-11-02T02:16:52.7687425Z  * [new branch]        mobile-app -> origin/mobile-app
2025-11-02T02:16:52.7687801Z  * [new tag]           autobuild  -> autobuild
2025-11-02T02:16:52.7732708Z [command]/usr/bin/git branch --list --remote origin/main
2025-11-02T02:16:52.7755758Z   origin/main
2025-11-02T02:16:52.7765573Z [command]/usr/bin/git rev-parse refs/remotes/origin/main
2025-11-02T02:16:52.7785677Z 024f466f84855d4d7d1331bb6057a3d8f8688763
2025-11-02T02:16:52.7790833Z ##[endgroup]
2025-11-02T02:16:52.7791225Z ##[group]Determining the checkout info
2025-11-02T02:16:52.7792154Z ##[endgroup]
2025-11-02T02:16:52.7796095Z [command]/usr/bin/git sparse-checkout disable
2025-11-02T02:16:52.7835340Z [command]/usr/bin/git config --local --unset-all extensions.worktreeConfig
2025-11-02T02:16:52.7860762Z ##[group]Checking out the ref
2025-11-02T02:16:52.7865108Z [command]/usr/bin/git checkout --progress --force -B main refs/remotes/origin/main
2025-11-02T02:16:52.9220465Z Switched to a new branch 'main'
2025-11-02T02:16:52.9221774Z branch 'main' set up to track 'origin/main'.
2025-11-02T02:16:52.9235273Z ##[endgroup]
2025-11-02T02:16:52.9273813Z [command]/usr/bin/git log -1 --format=%H
2025-11-02T02:16:52.9296938Z 024f466f84855d4d7d1331bb6057a3d8f8688763
2025-11-02T02:16:52.9538284Z ##[group]Run actions/setup-java@v4
2025-11-02T02:16:52.9538760Z with:
2025-11-02T02:16:52.9539025Z   distribution: temurin
2025-11-02T02:16:52.9539325Z   java-version: 17
2025-11-02T02:16:52.9539637Z   cache: gradle
2025-11-02T02:16:52.9539964Z   java-package: jdk
2025-11-02T02:16:52.9540227Z   check-latest: false
2025-11-02T02:16:52.9540570Z   server-id: github
2025-11-02T02:16:52.9540844Z   server-username: GITHUB_ACTOR
2025-11-02T02:16:52.9541201Z   server-password: GITHUB_TOKEN
2025-11-02T02:16:52.9541633Z   overwrite-settings: true
2025-11-02T02:16:52.9541919Z   job-status: success
2025-11-02T02:16:52.9542369Z   token: ***
2025-11-02T02:16:52.9542653Z env:
2025-11-02T02:16:52.9542945Z   CARGO_INCREMENTAL: 0
2025-11-02T02:16:52.9543218Z   RUST_BACKTRACE: short
2025-11-02T02:16:52.9543539Z   HUSKY: 0
2025-11-02T02:16:52.9543821Z ##[endgroup]
2025-11-02T02:16:53.1442480Z ##[group]Installed distributions
2025-11-02T02:16:53.1793972Z Resolved Java 17.0.17+10 from tool-cache
2025-11-02T02:16:53.1795422Z Setting Java 17.0.17+10 as the default
2025-11-02T02:16:53.1808333Z Creating toolchains.xml for JDK version 17 from temurin
2025-11-02T02:16:53.1883292Z Writing to /home/runner/.m2/toolchains.xml
2025-11-02T02:16:53.1883689Z 
2025-11-02T02:16:53.1883870Z Java configuration:
2025-11-02T02:16:53.1884684Z   Distribution: temurin
2025-11-02T02:16:53.1885207Z   Version: 17.0.17+10
2025-11-02T02:16:53.1886194Z   Path: /opt/hostedtoolcache/Java_Temurin-Hotspot_jdk/17.0.17-10/x64
2025-11-02T02:16:53.1886922Z 
2025-11-02T02:16:53.1887388Z ##[endgroup]
2025-11-02T02:16:53.1902851Z Creating settings.xml with server-id: github
2025-11-02T02:16:53.1907095Z Writing to /home/runner/.m2/settings.xml
2025-11-02T02:16:53.4183912Z gradle cache is not found
2025-11-02T02:16:53.4388231Z ##[group]Run android-actions/setup-android@v3
2025-11-02T02:16:53.4388509Z with:
2025-11-02T02:16:53.4388688Z   cmdline-tools-version: 12266719
2025-11-02T02:16:53.4388925Z   accept-android-sdk-licenses: true
2025-11-02T02:16:53.4389185Z   log-accepted-android-sdk-licenses: true
2025-11-02T02:16:53.4389440Z   packages: tools platform-tools
2025-11-02T02:16:53.4389654Z env:
2025-11-02T02:16:53.4389804Z   CARGO_INCREMENTAL: 0
2025-11-02T02:16:53.4390000Z   RUST_BACKTRACE: short
2025-11-02T02:16:53.4390188Z   HUSKY: 0
2025-11-02T02:16:53.4390446Z   JAVA_HOME: /opt/hostedtoolcache/Java_Temurin-Hotspot_jdk/17.0.17-10/x64
2025-11-02T02:16:53.4390890Z   JAVA_HOME_17_X64: /opt/hostedtoolcache/Java_Temurin-Hotspot_jdk/17.0.17-10/x64
2025-11-02T02:16:53.4391223Z ##[endgroup]
2025-11-02T02:16:53.5750932Z Found preinstalled sdkmanager in /usr/local/lib/android/sdk/cmdline-tools/latest with following source.properties:
2025-11-02T02:16:53.5752755Z Pkg.Revision=12.0
2025-11-02T02:16:53.5753280Z Pkg.Path=cmdline-tools;12.0
2025-11-02T02:16:53.5753816Z Pkg.Desc=Android SDK Command-line Tools
2025-11-02T02:16:53.5754113Z 
2025-11-02T02:16:53.5754519Z Wrong version in preinstalled sdkmanager
2025-11-02T02:16:53.5755481Z Downloading commandline tools from https://dl.google.com/android/repository/commandlinetools-linux-12266719_latest.zip
2025-11-02T02:16:55.2135432Z [command]/usr/bin/unzip -o -q /home/runner/work/_temp/1043c982-7125-442c-bcf6-8d14540ce016
2025-11-02T02:16:56.0122782Z Accepting Android SDK licenses
2025-11-02T02:16:56.0126456Z [command]/usr/local/lib/android/sdk/cmdline-tools/16.0/bin/sdkmanager --licenses
2025-11-02T02:17:00.5060714Z Loading local repository...                                                     
2025-11-02T02:17:00.5061760Z [=========                              ] 25% Loading local repository...       
2025-11-02T02:17:02.8517262Z [=========                              ] 25% Fetch remote repository...        
2025-11-02T02:17:03.2649840Z [==========                             ] 26% Fetch remote repository...        
2025-11-02T02:17:03.2650504Z [============                           ] 31% Fetch remote repository...        
2025-11-02T02:17:03.3105124Z [============                           ] 32% Fetch remote repository...        
2025-11-02T02:17:03.3106162Z [=============                          ] 33% Fetch remote repository...        
2025-11-02T02:17:03.3299609Z [=============                          ] 35% Fetch remote repository...        
2025-11-02T02:17:03.3300139Z [==============                         ] 36% Fetch remote repository...        
2025-11-02T02:17:03.3509226Z [==============                         ] 37% Fetch remote repository...        
2025-11-02T02:17:03.3511750Z [===============                        ] 38% Fetch remote repository...        
2025-11-02T02:17:03.3664414Z [===============                        ] 39% Fetch remote repository...        
2025-11-02T02:17:03.3675211Z [================                       ] 40% Fetch remote repository...        
2025-11-02T02:17:03.3827682Z [================                       ] 41% Fetch remote repository...        
2025-11-02T02:17:03.3828259Z [================                       ] 42% Fetch remote repository...        
2025-11-02T02:17:03.4027023Z [=================                      ] 44% Fetch remote repository...        
2025-11-02T02:17:03.4029519Z [=================                      ] 45% Fetch remote repository...        
2025-11-02T02:17:03.4195141Z [==================                     ] 46% Fetch remote repository...        
2025-11-02T02:17:03.4198466Z [==================                     ] 47% Fetch remote repository...        
2025-11-02T02:17:03.4400079Z [===================                    ] 48% Fetch remote repository...        
2025-11-02T02:17:03.4403650Z [===================                    ] 49% Fetch remote repository...        
2025-11-02T02:17:03.4533044Z [====================                   ] 50% Fetch remote repository...        
2025-11-02T02:17:03.4541301Z [====================                   ] 51% Fetch remote repository...        
2025-11-02T02:17:03.4685323Z [====================                   ] 53% Fetch remote repository...        
2025-11-02T02:17:03.4687906Z [=====================                  ] 54% Fetch remote repository...        
2025-11-02T02:17:03.4851224Z [=====================                  ] 55% Fetch remote repository...        
2025-11-02T02:17:03.4853041Z [======================                 ] 56% Fetch remote repository...        
2025-11-02T02:17:03.5008335Z [======================                 ] 57% Fetch remote repository...        
2025-11-02T02:17:03.5011375Z [=======================                ] 58% Fetch remote repository...        
2025-11-02T02:17:03.5188530Z [=======================                ] 59% Fetch remote repository...        
2025-11-02T02:17:03.5194068Z [========================               ] 60% Fetch remote repository...        
2025-11-02T02:17:03.5313951Z [========================               ] 61% Fetch remote repository...        
2025-11-02T02:17:03.5333692Z [=========================              ] 63% Fetch remote repository...        
2025-11-02T02:17:03.5454924Z [=========================              ] 64% Fetch remote repository...        
2025-11-02T02:17:03.5456458Z [=========================              ] 65% Fetch remote repository...        
2025-11-02T02:17:03.5898533Z [==========================             ] 66% Fetch remote repository...        
2025-11-02T02:17:03.5926963Z [==========================             ] 67% Fetch remote repository...        
2025-11-02T02:17:03.6223774Z [===========================            ] 68% Fetch remote repository...        
2025-11-02T02:17:03.6224321Z [===========================            ] 69% Fetch remote repository...        
2025-11-02T02:17:03.7106558Z [============================           ] 70% Fetch remote repository...        
2025-11-02T02:17:03.7108885Z [============================           ] 72% Fetch remote repository...        
2025-11-02T02:17:03.7815527Z [=============================          ] 73% Fetch remote repository...        
2025-11-02T02:17:03.7825023Z [=============================          ] 74% Fetch remote repository...        
2025-11-02T02:17:03.7936832Z [=============================          ] 75% Fetch remote repository...        
2025-11-02T02:17:03.8010624Z [=============================          ] 75% Computing updates...              
2025-11-02T02:17:03.8014838Z [=======================================] 100% Computing updates...             
2025-11-02T02:17:03.8533214Z 6 of 7 SDK package licenses not accepted.
2025-11-02T02:17:03.8539546Z Review licenses that have not been accepted (y/N)? 
2025-11-02T02:17:03.8540068Z 1/6: License android-googletv-license:
2025-11-02T02:17:03.8540477Z ---------------------------------------
2025-11-02T02:17:03.8544920Z Terms and Conditions
2025-11-02T02:17:03.8545156Z 
2025-11-02T02:17:03.8545528Z This is the Google TV Add-on for the Android Software Development Kit License Agreement.
2025-11-02T02:17:03.8546021Z 
2025-11-02T02:17:03.8546129Z 1. Introduction
2025-11-02T02:17:03.8546461Z 
2025-11-02T02:17:03.8548457Z 1.1 The Google TV Add-on for the Android Software Development Kit (referred to in this License Agreement as the "Google TV Add-on" and specifically including the Android system files, packaged APIs, and Google APIs add-ons) is licensed to you subject to the terms of this License Agreement. This License Agreement forms a legally binding contract between you and Google in relation to your use of the Google TV Add-on.
2025-11-02T02:17:03.8550576Z 
2025-11-02T02:17:03.8551293Z 1.2 "Google" means Google Inc., a Delaware corporation with principal place of business at 1600 Amphitheatre Parkway, Mountain View, CA 94043, United States.
2025-11-02T02:17:03.8552139Z 
2025-11-02T02:17:03.8552288Z 2. Accepting this License Agreement
2025-11-02T02:17:03.8552568Z 
2025-11-02T02:17:03.8553526Z 2.1 In order to use the Google TV Add-on, you must first agree to this License Agreement. You may not use the Google TV Add-on if you do not accept this License Agreement.
2025-11-02T02:17:03.8554372Z 
2025-11-02T02:17:03.8554544Z 2.2 You can accept this License Agreement by:
2025-11-02T02:17:03.8554864Z 
2025-11-02T02:17:03.8555317Z (A) clicking to accept or agree to this License Agreement, where this option is made available to you; or
2025-11-02T02:17:03.8555906Z 
2025-11-02T02:17:03.8557832Z (B) by actually using the Google TV Add-on. In this case, you agree that use of the Google TV Add-on constitutes acceptance of the License Agreement from that point onwards.
2025-11-02T02:17:03.8558711Z 
2025-11-02T02:17:03.8559994Z 2.3 You may not use the Google TV Add-on and may not accept the Licensing Agreement if you are a person barred from receiving the Google TV Add-on under the laws of the United States or other countries including the country in which you are resident or from which you use the Google TV Add-on.
2025-11-02T02:17:03.8561468Z 
2025-11-02T02:17:03.8563280Z 2.4 If you are agreeing to be bound by this License Agreement on behalf of your employer or other entity, you represent and warrant that you have full legal authority to bind your employer or such entity to this License Agreement. If you do not have the requisite authority, you may not accept the Licensing Agreement or use the Google TV Add-on on behalf of your employer or other entity.
2025-11-02T02:17:03.8565239Z 
2025-11-02T02:17:03.8565410Z 3. Google TV Add-on License from Google
2025-11-02T02:17:03.8565694Z 
2025-11-02T02:17:03.8566996Z 3.1 Subject to the terms of this License Agreement, Google grants you a limited, worldwide, royalty-free, non- assignable and non-exclusive license to use the Google TV Add-on solely to develop applications to run on the Google TV platform.
2025-11-02T02:17:03.8568247Z 
2025-11-02T02:17:03.8570206Z 3.2 You agree that Google or third parties own all legal right, title and interest in and to the Google TV Add-on, including any Intellectual Property Rights that subsist in the Google TV Add-on. "Intellectual Property Rights" means any and all rights under patent law, copyright law, trade secret law, trademark law, and any and all other proprietary rights. Google reserves all rights not expressly granted to you.
2025-11-02T02:17:03.8572557Z 
2025-11-02T02:17:03.8575542Z 3.3 Except to the extent required by applicable third party licenses, you may not copy (except for backup purposes), modify, adapt, redistribute, decompile, reverse engineer, disassemble, or create derivative works of the Google TV Add-on or any part of the Google TV Add-on. Except to the extent required by applicable third party licenses, you may not load any part of the Google TV Add-on onto a mobile handset, television, or any other hardware device except a personal computer, combine any part of the Google TV Add-on with other software, or distribute any software or device incorporating a part of the Google TV Add-on.
2025-11-02T02:17:03.8597826Z 
2025-11-02T02:17:03.8598886Z 3.4 Use, reproduction and distribution of components of the Google TV Add-on licensed under an open source software license are governed solely by the terms of that open source software license and not this License Agreement.
2025-11-02T02:17:03.8600089Z 
2025-11-02T02:17:03.8606670Z 3.5 You agree that the form and nature of the Google TV Add-on that Google provides may change without prior notice to you and that future versions of the Google TV Add-on may be incompatible with applications developed on previous versions of the Google TV Add-on. You agree that Google may stop (permanently or temporarily) providing the Google TV Add-on (or any features within the Google TV Add-on) to you or to users generally at Google's sole discretion, without prior notice to you.
2025-11-02T02:17:03.8609025Z 
2025-11-02T02:17:03.8610626Z 3.6 Nothing in this License Agreement gives you a right to use any of Google's or it’s licensors’ trade names, trademarks, service marks, logos, domain names, or other distinctive brand features.
2025-11-02T02:17:03.8612118Z 
2025-11-02T02:17:03.8613162Z 3.7 You agree that you will not remove, obscure, or alter any proprietary rights notices (including copyright and trademark notices) that may be affixed to or contained within the Google TV Add-on.
2025-11-02T02:17:03.8614364Z 
2025-11-02T02:17:03.8614540Z 4. Use of the Google TV Add-on by You
2025-11-02T02:17:03.8614850Z 
2025-11-02T02:17:03.8616465Z 4.1 Google agrees that it obtains no right, title or interest from you (or your licensors) under this License Agreement in or to any software applications that you develop using the Google TV Add-on, including any intellectual property rights that subsist in those applications.
2025-11-02T02:17:03.8632767Z 
2025-11-02T02:17:03.8634565Z 4.2 You agree to use the Google TV Add-on and write applications only for purposes that are permitted by (a) this License Agreement and (b) any applicable law, regulation or generally accepted practices or guidelines in the relevant jurisdictions (including any laws regarding the export of data or software to and from the United States or other relevant countries).
2025-11-02T02:17:03.8636718Z 
2025-11-02T02:17:03.8640636Z 4.3 You agree that if you use the Google TV Add-on to develop applications for general public users, you will protect the privacy and legal rights of those users. If the users provide you with user names, passwords, or other login information or personal information, your must make the users aware that the information will be available to your application, and you must provide legally adequate privacy notice and protection for those users. If your application stores personal or sensitive information provided by users, it must do so securely. If the user provides your application with Google Account information, your application may only use that information to access the user's Google Account when, and for the limited purposes for which, the user has given you explicit permission to do so.
2025-11-02T02:17:03.8644805Z 
2025-11-02T02:17:03.8648951Z 4.4 You agree that you will not engage in any activity with the Google TV Add-on, including the development or distribution of an application, that interferes with, disrupts, damages, or accesses in an unauthorized manner the servers, networks, or other properties or services of any third party including, but not limited to, Google, Multichannel Video Program Distributors or any mobile communications carrier.
2025-11-02T02:17:03.8651267Z 
2025-11-02T02:17:03.8653188Z 4.5 You agree that you are solely responsible for (and that Google has no responsibility to you or to any third party for) any data, content, or resources that you create, transmit or display through the Google TV platform and/or applications for the Google TV platform, and for the consequences of your actions (including any loss or damage which Google may suffer) by doing so.
2025-11-02T02:17:03.8655200Z 
2025-11-02T02:17:03.8657388Z 4.6 You agree that you are solely responsible for (and that Google has no responsibility to you or to any third party for) any breach of your obligations under this License Agreement, any applicable third party contract or Terms of Service, or any applicable law or regulation, and for the consequences (including any loss or damage which Google or any third party may suffer) of any such breach.
2025-11-02T02:17:03.8659559Z 
2025-11-02T02:17:03.8659727Z 5. Your Developer Credentials
2025-11-02T02:17:03.8659987Z 
2025-11-02T02:17:03.8661408Z 5.1 You agree that you are responsible for maintaining the confidentiality of any developer credentials that may be issued to you by Google or which you may choose yourself and that you will be solely responsible for all applications that are developed under your developer credentials.
2025-11-02T02:17:03.8662996Z 
2025-11-02T02:17:03.8663142Z 6. Privacy and Information
2025-11-02T02:17:03.8663386Z 
2025-11-02T02:17:03.8675544Z 6.1 In order to continually innovate and improve the Google TV Add-on, Google may collect certain usage statistics from the software including but not limited to a unique identifier, associated IP address, version number of the software, and information on which tools and/or services in the Google TV Add-on are being used and how they are being used. Before any of this information is collected, the Google TV Add-on will notify you and seek your consent. If you withhold consent, the information will not be collected.
2025-11-02T02:17:03.8680053Z 
2025-11-02T02:17:03.8680698Z 6.2 The data collected is examined in the aggregate to improve the Google TV Add-on and is maintained in accordance with Google's Privacy Policy.
2025-11-02T02:17:03.8681471Z 
2025-11-02T02:17:03.8681685Z 7. Third Party Applications for the Google TV Platform
2025-11-02T02:17:03.8682090Z 
2025-11-02T02:17:03.8698504Z 7.1 If you use the Google TV Add-on to run applications developed by a third party or that access data, content or resources provided by a third party, you agree that Google is not responsible for those applications, data, content, or resources. You understand that all data, content or resources which you may access through such third party applications are the sole responsibility of the person from which they originated and that Google is not liable for any loss or damage that you may experience as a result of the use or access of any of those third party applications, data, content, or resources.
2025-11-02T02:17:03.8701494Z 
2025-11-02T02:17:03.8703807Z 7.2 You should be aware the data, content, and resources presented to you through such a third party application may be protected by intellectual property rights which are owned by the providers (or by other persons or companies on their behalf). You may not modify, rent, lease, loan, sell, distribute or create derivative works based on these data, content, or resources (either in whole or in part) unless you have been specifically given permission to do so by the relevant owners.
2025-11-02T02:17:03.8706190Z 
2025-11-02T02:17:03.8707617Z 7.3 You acknowledge that your use of such third party applications, data, content, or resources may be subject to separate terms between you and the relevant third party. In that case, this License Agreement does not affect your legal relationship with these third parties.
2025-11-02T02:17:03.8709245Z 
2025-11-02T02:17:03.8709377Z 8. Using Google TV APIs
2025-11-02T02:17:03.8709578Z 
2025-11-02T02:17:03.8713530Z 8.1 If you use any Google TV API to retrieve data from Google, you acknowledge that the data (“Google TV API Content”) may be protected by intellectual property rights which are owned by Google or those parties that provide the data (or by other persons or companies on their behalf). Your use of any such API may be subject to additional Terms of Service. You may not modify, rent, lease, loan, sell, distribute or create derivative works based on this data (either in whole or in part) unless allowed by the relevant Terms of Service. Some portions of the Google TV API Content are licensed to Google by third parties, including but not limited to Tribune Media Services
2025-11-02T02:17:03.8734324Z 
2025-11-02T02:17:03.8735003Z 8.2 If you use any API to retrieve a user's data from Google, you acknowledge and agree that you shall retrieve data only with the user's explicit consent and only when, and for the limited purposes for which, the user has given you permission to do so.
2025-11-02T02:17:03.8735705Z 
2025-11-02T02:17:03.8735940Z 8.3 Except as explicitly permitted in Section 3 (Google TV Add-on License from Google), you must:
2025-11-02T02:17:03.8736452Z 
2025-11-02T02:17:03.8736921Z (a) not modify nor format the Google TV API Content except to the extent reasonably and technically necessary to optimize the display such Google TV API Content in your application;
2025-11-02T02:17:03.8737456Z 
2025-11-02T02:17:03.8737958Z (b) not edit the Google TV API Content in a manner that renders the Google TV API Content inaccurate of alters its inherent meaning (provided that displaying excerpts will not violate the foregoing); or
2025-11-02T02:17:03.8738533Z 
2025-11-02T02:17:03.8738926Z (c) not create any commercial audience measurement tool or service using the Google TV API Content
2025-11-02T02:17:03.8739271Z 
2025-11-02T02:17:03.8739366Z 9. Terminating this License Agreement
2025-11-02T02:17:03.8739524Z 
2025-11-02T02:17:03.8739787Z 9.1 This License Agreement will continue to apply until terminated by either you or Google as set out below.
2025-11-02T02:17:03.8740125Z 
2025-11-02T02:17:03.8740469Z 9.2 If you want to terminate this License Agreement, you may do so by ceasing your use of the Google TV Add-on and any relevant developer credentials.
2025-11-02T02:17:03.8740879Z 
2025-11-02T02:17:03.8741037Z 9.3 Google may at any time, terminate this License Agreement with you if:
2025-11-02T02:17:03.8741276Z 
2025-11-02T02:17:03.8741417Z (A) you have breached any provision of this License Agreement; or
2025-11-02T02:17:03.8741631Z 
2025-11-02T02:17:03.8741718Z (B) Google is required to do so by law; or
2025-11-02T02:17:03.8741879Z 
2025-11-02T02:17:03.8742388Z (C) the partner with whom Google offered certain parts of Google TV Add-on (such as APIs) to you has terminated its relationship with Google or ceased to offer certain parts of the Google TV Add-on to you; or
2025-11-02T02:17:03.8742969Z 
2025-11-02T02:17:03.8743797Z (D) Google decides to no longer providing the Google TV Add-on or certain parts of the Google TV Add-on to users in the country in which you are resident or from which you use the service, or the provision of the Google TV Add-on or certain Google TV Add-on services to you by Google is, in Google's sole discretion, no longer commercially viable.
2025-11-02T02:17:03.8744701Z 
2025-11-02T02:17:03.8745860Z 9.4 When this License Agreement comes to an end, all of the legal rights, obligations and liabilities that you and Google have benefited from, been subject to (or which have accrued over time whilst this License Agreement has been in force) or which are expressed to continue indefinitely, shall be unaffected by this cessation, and the provisions of paragraph 14.7 shall continue to apply to such rights, obligations and liabilities indefinitely.
2025-11-02T02:17:03.8747370Z 
2025-11-02T02:17:03.8747463Z 10. DISCLAIMER OF WARRANTIES
2025-11-02T02:17:03.8747596Z 
2025-11-02T02:17:03.8748073Z 10.1 YOU EXPRESSLY UNDERSTAND AND AGREE THAT YOUR USE OF THE GOOGLE TV ADD-ON IS AT YOUR SOLE RISK AND THAT THE GOOGLE TV ADD-ON IS PROVIDED "AS IS" AND "AS AVAILABLE" WITHOUT WARRANTY OF ANY KIND FROM GOOGLE.
2025-11-02T02:17:03.8748606Z 
2025-11-02T02:17:03.8749304Z 10.2 YOUR USE OF THE GOOGLE TV ADD-ON AND ANY MATERIAL DOWNLOADED OR OTHERWISE OBTAINED THROUGH THE USE OF THE GOOGLE TV ADD-ON IS AT YOUR OWN DISCRETION AND RISK AND YOU ARE SOLELY RESPONSIBLE FOR ANY DAMAGE TO YOUR COMPUTER SYSTEM OR OTHER DEVICE OR LOSS OF DATA THAT RESULTS FROM SUCH USE.
2025-11-02T02:17:03.8750076Z 
2025-11-02T02:17:03.8750760Z 10.3 GOOGLE FURTHER EXPRESSLY DISCLAIMS ALL WARRANTIES AND CONDITIONS OF ANY KIND, WHETHER EXPRESS OR IMPLIED, INCLUDING, BUT NOT LIMITED TO THE IMPLIED WARRANTIES AND CONDITIONS OF MERCHANTABILITY, FITNESS FOR A PARTICULAR PURPOSE AND NON-INFRINGEMENT.
2025-11-02T02:17:03.8751500Z 
2025-11-02T02:17:03.8751572Z 11. LIMITATION OF LIABILITY
2025-11-02T02:17:03.8751696Z 
2025-11-02T02:17:03.8752835Z 11.1 YOU EXPRESSLY UNDERSTAND AND AGREE THAT GOOGLE, ITS SUBSIDIARIES AND AFFILIATES, AND ITS LICENSORS SHALL NOT BE LIABLE TO YOU UNDER ANY THEORY OF LIABILITY FOR ANY DIRECT, INDIRECT, INCIDENTAL, SPECIAL CONSEQUENTIAL OR EXEMPLARY DAMAGES THAT MAY BE INCURRED BY YOU, INCLUDING ANY LOSS OF DATA, WHETHER OR NOT GOOGLE OR ITS REPRESENTATIVES HAVE BEEN ADVISED OF OR SHOULD HAVE BEEN AWARE OF THE POSSIBILITY OF ANY SUCH LOSSES ARISING.
2025-11-02T02:17:03.8754038Z 
2025-11-02T02:17:03.8754100Z 12. Indemnification
2025-11-02T02:17:03.8754201Z 
2025-11-02T02:17:03.8756397Z 12.1 To the maximum extent permitted by law, you agree to defend, indemnify and hold harmless Google, its affiliates and their respective directors, officers, employees and agents from and against any and all claims, actions, suits or proceedings, as well as any and all losses, liabilities, damages, costs and expenses (including reasonable attorneys fees) arising out of or accruing from (a) your use of the Google TV Add-on, (b) any application you develop on the Google TV Add-on that infringes any copyright, trademark, trade secret, trade dress, patent or other intellectual property right of any person or defames any person or violates their rights of publicity or privacy, and (c) any non-compliance by you with this License Agreement.
2025-11-02T02:17:03.8758463Z 
2025-11-02T02:17:03.8758545Z 13. Changes to the License Agreement
2025-11-02T02:17:03.8758711Z 
2025-11-02T02:17:03.8758957Z 13.1 Google may make changes to the License Agreement as it distributes new versions of the Google TV Add-on.
2025-11-02T02:17:03.8759354Z 
2025-11-02T02:17:03.8759425Z 14. General Legal Terms
2025-11-02T02:17:03.8759536Z 
2025-11-02T02:17:03.8760395Z 14.1 This License Agreement constitute the whole legal agreement between you and Google and govern your use of the Google TV Add-on (excluding any services which Google may provide to you under a separate written agreement), and completely replace any prior agreements between you and Google in relation to the Google TV Add-on.
2025-11-02T02:17:03.8761322Z 
2025-11-02T02:17:03.8762114Z 14.2 You agree that if Google does not exercise or enforce any legal right or remedy which is contained in this License Agreement (or which Google has the benefit of under any applicable law), this will not be taken to be a formal waiver of Google's rights and that those rights or remedies will still be available to Google.
2025-11-02T02:17:03.8762977Z 
2025-11-02T02:17:03.8763874Z 14.3 If any court of law, having the jurisdiction to decide on this matter, rules that any provision of this License Agreement is invalid, then that provision will be removed from this License Agreement without affecting the rest of this License Agreement. The remaining provisions of this License Agreement will continue to be valid and enforceable.
2025-11-02T02:17:03.8764925Z 
2025-11-02T02:17:03.8766671Z 14.4 You acknowledge and agree that Google’s API data licensors and each member of the group of companies of which Google is the parent shall be third party beneficiaries to this License Agreement and that such other companies shall be entitled to directly enforce, and rely upon, any provision of this License Agreement that confers a benefit on (or rights in favor of) them. Other than this, no other person or company shall be third party beneficiaries to this License Agreement.
2025-11-02T02:17:03.8767982Z 
2025-11-02T02:17:03.8768731Z 14.5 EXPORT RESTRICTIONS. THE GOOGLE TV ADD-ON IS SUBJECT TO UNITED STATES EXPORT LAWS AND REGULATIONS. YOU MUST COMPLY WITH ALL DOMESTIC AND INTERNATIONAL EXPORT LAWS AND REGULATIONS THAT APPLY TO THE GOOGLE TV ADD-ON. THESE LAWS INCLUDE RESTRICTIONS ON DESTINATIONS, END USERS AND END USE.
2025-11-02T02:17:03.8769552Z 
2025-11-02T02:17:03.8770463Z 14.6 The rights granted in this License Agreement may not be assigned or transferred by either you or Google without the prior written approval of the other party. Neither you nor Google shall be permitted to delegate their responsibilities or obligations under this License Agreement without the prior written approval of the other party.
2025-11-02T02:17:03.8771450Z 
2025-11-02T02:17:03.8772941Z 14.7 This License Agreement, and your relationship with Google under this License Agreement, shall be governed by the laws of the State of California without regard to its conflict of laws provisions. You and Google agree to submit to the exclusive jurisdiction of the courts located within the county of Santa Clara, California to resolve any legal matter arising from this License Agreement. Notwithstanding this, you agree that Google shall still be allowed to apply for injunctive remedies (or an equivalent type of urgent legal relief) in any jurisdiction.
2025-11-02T02:17:03.8774508Z 
2025-11-02T02:17:03.8774512Z 
2025-11-02T02:17:03.8774626Z August 15, 2011
2025-11-02T02:17:03.8774869Z ---------------------------------------
2025-11-02T02:17:03.8775201Z Accept? (y/N): 
2025-11-02T02:17:03.8775392Z 2/6: License android-googlexr-license:
2025-11-02T02:17:03.8775610Z ---------------------------------------
2025-11-02T02:17:03.8776575Z To get started with the Android XR Emulator System Image SDK, you must agree to the following terms and conditions. As described below, please note that this is a preview, emulated version of the Android XR OS, subject to change, that you use at your own risk.
2025-11-02T02:17:03.8777307Z 
2025-11-02T02:17:03.8777450Z This is the Android XR Emulator System Image SDK License Agreement
2025-11-02T02:17:03.8777665Z 
2025-11-02T02:17:03.8777725Z 1. Introduction
2025-11-02T02:17:03.8777822Z 
2025-11-02T02:17:03.8778976Z 1.1 The Android Android XR Emulator System Image SDK (referred to in the License Agreement as the "SDK" and specifically including the Android system files,, packaged APIs, library files (if and when they are made available), and Google applications and APIs add-ons) is licensed to you subject to the terms of the License Agreement. The License Agreement forms a legally binding contract between you and Google in relation to your use of the SDK.
2025-11-02T02:17:03.8780198Z 
2025-11-02T02:17:03.8780748Z 1.2 "Android" means the Android software stack for devices, as made available under the Android Open Source Project, which is located at the following URL: https://source.android.com/, as updated from time to time.
2025-11-02T02:17:03.8781349Z 
2025-11-02T02:17:03.8781877Z 1.3 "Google" means Google LLC, organized under the laws of the State of Delaware, USA, and operating under the laws of the USA with principal place of business at 1600 Amphitheatre Parkway, Mountain View, CA 94043, USA.
2025-11-02T02:17:03.8782474Z 
2025-11-02T02:17:03.8782552Z 2. Accepting this License Agreement
2025-11-02T02:17:03.8782703Z 
2025-11-02T02:17:03.8783015Z 2.1 In order to use the SDK, you must first agree to the License Agreement. You may not use the SDK if you do not accept the License Agreement.
2025-11-02T02:17:03.8783509Z 
2025-11-02T02:17:03.8783740Z 2.2 By clicking to accept and/or using this SDK, you hereby agree to the terms of the License Agreement.
2025-11-02T02:17:03.8784043Z 
2025-11-02T02:17:03.8784656Z 2.3 You may not use the SDK and may not accept the License Agreement if you are a person barred from receiving the SDK under the laws of the United States or other countries, including the country in which you are resident or from which you use the SDK.
2025-11-02T02:17:03.8785343Z 
2025-11-02T02:17:03.8786408Z 2.4 If you are agreeing to be bound by the License Agreement on behalf of your employer or other entity, you represent and warrant that you have full legal authority to bind your employer or such entity to the License Agreement. If you do not have the requisite authority, you may not accept the License Agreement or use the SDK on behalf of your employer or other entity.
2025-11-02T02:17:03.8787497Z 
2025-11-02T02:17:03.8787593Z 3. SDK License from Google
2025-11-02T02:17:03.8787725Z 
2025-11-02T02:17:03.8788322Z 3.1 Subject to the terms of the License Agreement, Google grants you a limited, worldwide, royalty-free, non-assignable, non-exclusive, and non-sublicensable license to use the SDK solely to develop applications for Android XR.
2025-11-02T02:17:03.8788989Z 
2025-11-02T02:17:03.8789527Z 3.2 You may not use this SDK to develop applications for other platforms or to develop another SDK. You are of course free to develop applications for other platforms provided that this SDK is not used for that purpose.
2025-11-02T02:17:03.8790146Z 
2025-11-02T02:17:03.8791155Z 3.3 You agree that Google or third parties own all legal right, title and interest in and to the SDK, including any Intellectual Property Rights that subsist in the SDK. "Intellectual Property Rights" means any and all rights under patent law, copyright law, trade secret law, trademark law, and any and all other proprietary rights. Google reserves all rights not expressly granted to you.
2025-11-02T02:17:03.8792244Z 
2025-11-02T02:17:03.8793847Z 3.4 You may not use the SDK for any purpose not expressly permitted by the License Agreement. Except to the extent required by applicable third party licenses, you may not (a) copy (except for backup purposes), modify, adapt, redistribute, decompile, reverse engineer, disassemble, or create derivative works of the SDK or any part of the SDK; or (b) load any part of the SDK onto a mobile handset or any other hardware device except a personal computer, combine any part of the SDK with other software, or distribute any software or device incorporating a part of the SDK.
2025-11-02T02:17:03.8795383Z 
2025-11-02T02:17:03.8796630Z 3.5 Use, reproduction and distribution of components of the SDK licensed under an open source software license are governed solely by the terms of that open source software license and not the License Agreement. You agree to remain a licensee in good standing in regard to such open source software licenses under all the rights granted and to refrain from any actions that may terminate, suspend, or breach such rights.
2025-11-02T02:17:03.8797771Z 
2025-11-02T02:17:03.8798827Z 3.6 You agree that the form and nature of the SDK that Google provides may change without prior notice to you and that future versions of the SDK may be incompatible with applications developed on previous versions of the SDK. You agree that Google may stop (permanently or temporarily) providing the SDK (or any features within the SDK) to you or to users generally at Google's sole discretion, without prior notice to you.
2025-11-02T02:17:03.8799975Z 
2025-11-02T02:17:03.8800396Z 3.7 Nothing in the License Agreement gives you a right to use any of Google's trade names, trademarks, service marks, logos, domain names, or other distinctive brand features.
2025-11-02T02:17:03.8800883Z 
2025-11-02T02:17:03.8801331Z 3.8 You agree that you will not remove, obscure, or alter any proprietary rights notices (including copyright and trademark notices) that may be affixed to or contained within the SDK.
2025-11-02T02:17:03.8801964Z 
2025-11-02T02:17:03.8802035Z 4. Use of the SDK by You
2025-11-02T02:17:03.8802150Z 
2025-11-02T02:17:03.8802819Z 4.1 Google agrees that it obtains no right, title or interest from you (or your licensors) under the License Agreement in or to any software applications that you develop using the SDK, including any intellectual property rights that subsist in those applications.
2025-11-02T02:17:03.8803556Z 
2025-11-02T02:17:03.8804556Z 4.2 You agree to use the SDK and write applications only for purposes that are permitted by (a) the License Agreement and (b) any applicable law, regulation or generally accepted practices or guidelines in the relevant jurisdictions (including any laws regarding the export of data or software to and from the United States or other relevant countries).
2025-11-02T02:17:03.8805671Z 
2025-11-02T02:17:03.8808061Z 4.3 You agree that if you use the SDK to develop applications for general public users, you will protect the privacy and legal rights of those users. If the users provide you with user names, passwords, or other login information or personal information, you must make the users aware that the information will be available to your application, and you must provide legally adequate privacy notice and protection for those users. If your application stores personal or sensitive information provided by users, it must do so securely. If the user provides your application with Google Account information, your application may only use that information to access the user's Google Account when, and for the limited purposes for which, the user has given you permission to do so.
2025-11-02T02:17:03.8810392Z 
2025-11-02T02:17:03.8811395Z 4.4 You agree that you will not engage in any activity with the SDK, including the development or distribution of an application, that interferes with, disrupts, damages, or accesses in an unauthorized manner the servers, networks, or other properties or services of any third party including, but not limited to, Google or any mobile communications carrier.
2025-11-02T02:17:03.8812481Z 
2025-11-02T02:17:03.8813552Z 4.5 You agree that you are solely responsible for (and that Google has no responsibility to you or to any third party for) any data, content, or resources that you create, transmit or display through Android and/or applications for Android, and for the consequences of your actions (including any loss or damage which Google may suffer) by doing so.
2025-11-02T02:17:03.8814601Z 
2025-11-02T02:17:03.8815693Z 4.6 You agree that you are solely responsible for (and that Google has no responsibility to you or to any third party for) any breach of your obligations under the License Agreement, any applicable third party contract or Terms of Service, or any applicable law or regulation, and for the consequences (including any loss or damage which Google or any third party may suffer) of any such breach.
2025-11-02T02:17:03.8816960Z 
2025-11-02T02:17:03.8817791Z 4.7 The SDK is in development, and your testing and feedback are an important part of the development process. By using the SDK, you acknowledge that implementation of some features are still under development and that you should not rely on the SDK having the full functionality of a stable release.
2025-11-02T02:17:03.8818695Z 
2025-11-02T02:17:03.8818785Z 5. Your Developer Credentials
2025-11-02T02:17:03.8818930Z 
2025-11-02T02:17:03.8819710Z 5.1 You agree that you are responsible for maintaining the confidentiality of any developer credentials that may be issued to you by Google or which you may choose yourself and that you will be solely responsible for all applications that are developed under your developer credentials.
2025-11-02T02:17:03.8820574Z 
2025-11-02T02:17:03.8820650Z 6. Privacy and Information
2025-11-02T02:17:03.8820778Z 
2025-11-02T02:17:03.8822131Z 6.1 In order to continually innovate and improve the SDK, Google may collect certain usage statistics from the software including but not limited to a unique identifier, associated IP address, version number of the software, and information on which tools and/or services in the SDK are being used and how they are being used. Before any of this information is collected, the SDK will notify you and seek your consent. If you withhold consent, the information will not be collected.
2025-11-02T02:17:03.8823664Z 
2025-11-02T02:17:03.8824239Z 6.2 The data collected is examined in the aggregate to improve the SDK and is maintained in accordance with Google's Privacy Policy, which is located at the following URL: https://policies.google.com/privacy
2025-11-02T02:17:03.8824884Z 
2025-11-02T02:17:03.8825132Z 6.3 Anonymized and aggregated sets of the data may be shared with Google partners to improve the SDK.
2025-11-02T02:17:03.8825473Z 
2025-11-02T02:17:03.8825554Z 7. Third Party Applications
2025-11-02T02:17:03.8825693Z 
2025-11-02T02:17:03.8827446Z 7.1 If you use the SDK to run applications developed by a third party or that access data, content or resources provided by a third party, you agree that Google is not responsible for those applications, data, content, or resources. You understand that all data, content or resources which you may access through such third party applications are the sole responsibility of the person from which they originated and that Google is not liable for any loss or damage that you may experience as a result of the use or access of any of those third party applications, data, content, or resources.
2025-11-02T02:17:03.8829178Z 
2025-11-02T02:17:03.8830556Z 7.2 You should be aware that the data, content, and resources presented to you through such a third party application may be protected by intellectual property rights which are owned by the providers (or by other persons or companies on their behalf). You may not modify, rent, lease, loan, sell, distribute or create derivative works based on these data, content, or resources (either in whole or in part) unless you have been specifically given permission to do so by the relevant owners.
2025-11-02T02:17:03.8832010Z 
2025-11-02T02:17:03.8832856Z 7.3 You acknowledge that your use of such third party applications, data, content, or resources may be subject to separate terms between you and the relevant third party. In that case, the License Agreement does not affect your legal relationship with these third parties.
2025-11-02T02:17:03.8833693Z 
2025-11-02T02:17:03.8833762Z 8. Using Android APIs
2025-11-02T02:17:03.8833879Z 
2025-11-02T02:17:03.8833950Z 8.1 Google Data APIs
2025-11-02T02:17:03.8834059Z 
2025-11-02T02:17:03.8835705Z 8.1.1 If you use any API to retrieve data from Google, you acknowledge that the data may be protected by intellectual property rights which are owned by Google or those parties that provide the data (or by other persons or companies on their behalf). Your use of any such API may be subject to additional Terms of Service. You may not modify, rent, lease, loan, sell, distribute or create derivative works based on this data (either in whole or in part) unless allowed by the relevant Terms of Service.
2025-11-02T02:17:03.8837406Z 
2025-11-02T02:17:03.8839900Z 8.1.2 If you use any API to retrieve a user's data from Google, you acknowledge and agree that you shall retrieve data only with the user's explicit consent and only when, and for the limited purposes for which, the user has given you permission to do so. If you use the Android Recognition Service API, documented at the following URL: https://developer.android.com/reference/android/speech/RecognitionService, as updated from time to time, you acknowledge that the use of the API is subject to the Data Processing Addendum for Products where Google is a Data Processor, which is located at the following URL: https://privacy.google.com/businesses/gdprprocessorterms/, as updated from time to time. By clicking to accept, you hereby agree to the terms of the Data Processing Addendum for Products where Google is a Data Processor.
2025-11-02T02:17:03.8842398Z 
2025-11-02T02:17:03.8842488Z 9. Terminating this License Agreement
2025-11-02T02:17:03.8842805Z 
2025-11-02T02:17:03.8843088Z 9.1 The License Agreement will continue to apply until terminated by either you or Google as set out below.
2025-11-02T02:17:03.8843448Z 
2025-11-02T02:17:03.8843780Z 9.2 If you want to terminate the License Agreement, you may do so by ceasing your use of the SDK and any relevant developer credentials.
2025-11-02T02:17:03.8844196Z 
2025-11-02T02:17:03.8845936Z 9.3 Google may at any time, terminate the License Agreement with you if: (A) you have breached any provision of the License Agreement; or (B) Google is required to do so by law; or (C) the partner with whom Google offered certain parts of SDK (such as APIs) to you has terminated its relationship with Google or ceased to offer certain parts of the SDK to you; or (D) Google decides to no longer provide the SDK or certain parts of the SDK to users in the country in which you are resident or from which you use the service, or the provision of the SDK or certain SDK services to you by Google is, in Google's sole discretion, no longer commercially viable.
2025-11-02T02:17:03.8848019Z 
2025-11-02T02:17:03.8849796Z 9.4 When the License Agreement comes to an end, all of the legal rights, obligations and liabilities that you and Google have benefited from, been subject to (or which have accrued over time whilst the License Agreement has been in force) or which are expressed to continue indefinitely, shall be unaffected by this cessation, and the provisions of paragraph 14.7 shall continue to apply to such rights, obligations and liabilities indefinitely.
2025-11-02T02:17:03.8851148Z 
2025-11-02T02:17:03.8851232Z 10. DISCLAIMER OF WARRANTIES
2025-11-02T02:17:03.8851384Z 
2025-11-02T02:17:03.8851832Z 10.1 YOU EXPRESSLY UNDERSTAND AND AGREE THAT YOUR USE OF THE SDK IS AT YOUR SOLE RISK AND THAT THE SDK IS PROVIDED "AS IS" AND "AS AVAILABLE" WITHOUT WARRANTY OF ANY KIND FROM GOOGLE.
2025-11-02T02:17:03.8852354Z 
2025-11-02T02:17:03.8853230Z 10.2 YOUR USE OF THE SDK AND ANY MATERIAL DOWNLOADED OR OTHERWISE OBTAINED THROUGH THE USE OF THE SDK IS AT YOUR OWN DISCRETION AND RISK AND YOU ARE SOLELY RESPONSIBLE FOR ANY DAMAGE TO YOUR COMPUTER SYSTEM OR OTHER DEVICE OR LOSS OF DATA THAT RESULTS FROM SUCH USE.
2025-11-02T02:17:03.8854030Z 
2025-11-02T02:17:03.8854761Z 10.3 GOOGLE FURTHER EXPRESSLY DISCLAIMS ALL WARRANTIES AND CONDITIONS OF ANY KIND, WHETHER EXPRESS OR IMPLIED, INCLUDING, BUT NOT LIMITED TO THE IMPLIED WARRANTIES AND CONDITIONS OF MERCHANTABILITY, FITNESS FOR A PARTICULAR PURPOSE AND NON-INFRINGEMENT.
2025-11-02T02:17:03.8855578Z 
2025-11-02T02:17:03.8855655Z 11. LIMITATION OF LIABILITY
2025-11-02T02:17:03.8855790Z 
2025-11-02T02:17:03.8857246Z 11.1 YOU EXPRESSLY UNDERSTAND AND AGREE THAT GOOGLE, ITS SUBSIDIARIES AND AFFILIATES, AND ITS LICENSORS SHALL NOT BE LIABLE TO YOU UNDER ANY THEORY OF LIABILITY FOR ANY DIRECT, INDIRECT, INCIDENTAL, SPECIAL, CONSEQUENTIAL OR EXEMPLARY DAMAGES THAT MAY BE INCURRED BY YOU, INCLUDING ANY LOSS OF DATA, WHETHER OR NOT GOOGLE OR ITS REPRESENTATIVES HAVE BEEN ADVISED OF OR SHOULD HAVE BEEN AWARE OF THE POSSIBILITY OF ANY SUCH LOSSES ARISING.
2025-11-02T02:17:03.8858580Z 
2025-11-02T02:17:03.8858658Z 12. Indemnification
2025-11-02T02:17:03.8858770Z 
2025-11-02T02:17:03.8860822Z 12.1 To the maximum extent permitted by law, you agree to defend, indemnify and hold harmless Google, its affiliates and their respective directors, officers, employees and agents from and against any and all claims, actions, suits or proceedings, as well as any and all losses, liabilities, damages, costs and expenses (including reasonable attorneys fees) arising out of or accruing from (a) your use of the SDK, (b) any application you develop on the SDK that infringes any copyright, trademark, trade secret, trade dress, patent or other intellectual property right of any person or defames any person or violates their rights of publicity or privacy, and (c) any non-compliance by you with the License Agreement.
2025-11-02T02:17:03.8862924Z 
2025-11-02T02:17:03.8863005Z 13. Changes to the License Agreement
2025-11-02T02:17:03.8863291Z 
2025-11-02T02:17:03.8863940Z 13.1 Google may make changes to the License Agreement as it distributes new versions of the SDK. When these changes are made, Google will make a new version of the License Agreement available on the website where the SDK is made available.
2025-11-02T02:17:03.8864661Z 
2025-11-02T02:17:03.8864737Z 14. General Legal Terms
2025-11-02T02:17:03.8864857Z 
2025-11-02T02:17:03.8865728Z 14.1 The License Agreement constitutes the whole legal agreement between you and Google and governs your use of the SDK (excluding any services which Google may provide to you under a separate written agreement), and completely replaces any prior agreements between you and Google in relation to the SDK.
2025-11-02T02:17:03.8866855Z 
2025-11-02T02:17:03.8867742Z 14.2 You agree that if Google does not exercise or enforce any legal right or remedy which is contained in the License Agreement (or which Google has the benefit of under any applicable law), this will not be taken to be a formal waiver of Google's rights and that those rights or remedies will still be available to Google.
2025-11-02T02:17:03.8868708Z 
2025-11-02T02:17:03.8869683Z 14.3 If any court of law, having the jurisdiction to decide on this matter, rules that any provision of the License Agreement is invalid, then that provision will be removed from the License Agreement without affecting the rest of the License Agreement. The remaining provisions of the License Agreement will continue to be valid and enforceable.
2025-11-02T02:17:03.8870732Z 
2025-11-02T02:17:03.8872000Z 14.4 You acknowledge and agree that each member of the group of companies of which Google is the parent shall be third party beneficiaries to the License Agreement and that such other companies shall be entitled to directly enforce, and rely upon, any provision of the License Agreement that confers a benefit on (or rights in favor of) them. Other than this, no other person or company shall be third party beneficiaries to the License Agreement.
2025-11-02T02:17:03.8873340Z 
2025-11-02T02:17:03.8874207Z 14.5 EXPORT RESTRICTIONS. THE SDK IS SUBJECT TO UNITED STATES EXPORT LAWS AND REGULATIONS. YOU MUST COMPLY WITH ALL DOMESTIC AND INTERNATIONAL EXPORT LAWS AND REGULATIONS THAT APPLY TO THE SDK. THESE LAWS INCLUDE RESTRICTIONS ON DESTINATIONS, END USERS AND END USE.
2025-11-02T02:17:03.8875044Z 
2025-11-02T02:17:03.8876031Z 14.6 The rights granted in the License Agreement may not be assigned or transferred by either you or Google without the prior written approval of the other party. Neither you nor Google shall be permitted to delegate their responsibilities or obligations under the License Agreement without the prior written approval of the other party.
2025-11-02T02:17:03.8877260Z 
2025-11-02T02:17:03.8878891Z 14.7 The License Agreement, and your relationship with Google under the License Agreement, shall be governed by the laws of the State of California without regard to its conflict of laws provisions. You and Google agree to submit to the exclusive jurisdiction of the courts located within the county of Santa Clara, California to resolve any legal matter arising from the License Agreement. Notwithstanding this, you agree that Google shall still be allowed to apply for injunctive remedies (or an equivalent type of urgent legal relief) in any jurisdiction.
2025-11-02T02:17:03.8880658Z ---------------------------------------
2025-11-02T02:17:03.8880888Z Accept? (y/N): 
2025-11-02T02:17:03.8881091Z 3/6: License android-sdk-arm-dbt-license:
2025-11-02T02:17:03.8881344Z ---------------------------------------
2025-11-02T02:17:03.8881557Z Terms and Conditions
2025-11-02T02:17:03.8881676Z 
2025-11-02T02:17:03.8881818Z This is the Android Software Development Kit License Agreement
2025-11-02T02:17:03.8882045Z 
2025-11-02T02:17:03.8882116Z 1. Introduction
2025-11-02T02:17:03.8882219Z 
2025-11-02T02:17:03.8883238Z 1.1 The Android Software Development Kit (referred to in the License Agreement as the "SDK" and specifically including the Android system files, packaged APIs, and Google APIs add-ons) is licensed to you subject to the terms of the License Agreement. The License Agreement forms a legally binding contract between you and Google in relation to your use of the SDK.
2025-11-02T02:17:03.8884461Z 
2025-11-02T02:17:03.8885049Z 1.2 "Android" means the Android software stack for devices, as made available under the Android Open Source Project, which is located at the following URL: http://source.android.com/, as updated from time to time.
2025-11-02T02:17:03.8885712Z 
2025-11-02T02:17:03.8886933Z 1.3 A "compatible implementation" means any Android device that (i) complies with the Android Compatibility Definition document, which can be found at the Android compatibility website (http://source.android.com/compatibility) and which may be updated from time to time; and (ii) successfully passes the Android Compatibility Test Suite (CTS).
2025-11-02T02:17:03.8888033Z 
2025-11-02T02:17:03.8888468Z 1.4 "Google" means Google Inc., a Delaware corporation with principal place of business at 1600 Amphitheatre Parkway, Mountain View, CA 94043, United States.
2025-11-02T02:17:03.8888971Z 
2025-11-02T02:17:03.8888979Z 
2025-11-02T02:17:03.8889063Z 2. Accepting the License Agreement
2025-11-02T02:17:03.8889220Z 
2025-11-02T02:17:03.8889562Z 2.1 In order to use the SDK, you must first agree to the License Agreement. You may not use the SDK if you do not accept the License Agreement.
2025-11-02T02:17:03.8889982Z 
2025-11-02T02:17:03.8890173Z 2.2 By clicking to accept, you hereby agree to the terms of the License Agreement.
2025-11-02T02:17:03.8890442Z 
2025-11-02T02:17:03.8891102Z 2.3 You may not use the SDK and may not accept the License Agreement if you are a person barred from receiving the SDK under the laws of the United States or other countries, including the country in which you are resident or from which you use the SDK.
2025-11-02T02:17:03.8891845Z 
2025-11-02T02:17:03.8892959Z 2.4 If you are agreeing to be bound by the License Agreement on behalf of your employer or other entity, you represent and warrant that you have full legal authority to bind your employer or such entity to the License Agreement. If you do not have the requisite authority, you may not accept the License Agreement or use the SDK on behalf of your employer or other entity.
2025-11-02T02:17:03.8894042Z 
2025-11-02T02:17:03.8894047Z 
2025-11-02T02:17:03.8894134Z 3. SDK License from Google
2025-11-02T02:17:03.8894262Z 
2025-11-02T02:17:03.8894988Z 3.1 Subject to the terms of the License Agreement, Google grants you a limited, worldwide, royalty-free, non-assignable, non-exclusive, and non-sublicensable license to use the SDK solely to develop applications for compatible implementations of Android.
2025-11-02T02:17:03.8895798Z 
2025-11-02T02:17:03.8896901Z 3.2 You may not use this SDK to develop applications for other platforms (including non-compatible implementations of Android) or to develop another SDK. You are of course free to develop applications for other platforms, including non-compatible implementations of Android, provided that this SDK is not used for that purpose.
2025-11-02T02:17:03.8897929Z 
2025-11-02T02:17:03.8899029Z 3.3 You agree that Google or third parties own all legal right, title and interest in and to the SDK, including any Intellectual Property Rights that subsist in the SDK. "Intellectual Property Rights" means any and all rights under patent law, copyright law, trade secret law, trademark law, and any and all other proprietary rights. Google reserves all rights not expressly granted to you.
2025-11-02T02:17:03.8900207Z 
2025-11-02T02:17:03.8901157Z 3.4 You may not use the SDK for any purpose not expressly permitted by the License Agreement. Except to the extent required by applicable third party licenses, you may not copy (except for backup purposes), modify, adapt, redistribute, decompile, reverse engineer, disassemble, or create derivative works of the SDK or any part of the SDK.
2025-11-02T02:17:03.8902189Z 
2025-11-02T02:17:03.8902768Z 3.5 Use, reproduction and distribution of components of the SDK licensed under an open source software license are governed solely by the terms of that open source software license and not the License Agreement.
2025-11-02T02:17:03.8903539Z 
2025-11-02T02:17:03.8904743Z 3.6 You agree that the form and nature of the SDK that Google provides may change without prior notice to you and that future versions of the SDK may be incompatible with applications developed on previous versions of the SDK. You agree that Google may stop (permanently or temporarily) providing the SDK (or any features within the SDK) to you or to users generally at Google's sole discretion, without prior notice to you.
2025-11-02T02:17:03.8905992Z 
2025-11-02T02:17:03.8906593Z 3.7 Nothing in the License Agreement gives you a right to use any of Google's trade names, trademarks, service marks, logos, domain names, or other distinctive brand features.
2025-11-02T02:17:03.8907135Z 
2025-11-02T02:17:03.8907629Z 3.8 You agree that you will not remove, obscure, or alter any proprietary rights notices (including copyright and trademark notices) that may be affixed to or contained within the SDK.
2025-11-02T02:17:03.8908208Z 
2025-11-02T02:17:03.8908216Z 
2025-11-02T02:17:03.8908295Z 4. Use of the SDK by You
2025-11-02T02:17:03.8908418Z 
2025-11-02T02:17:03.8909138Z 4.1 Google agrees that it obtains no right, title or interest from you (or your licensors) under the License Agreement in or to any software applications that you develop using the SDK, including any intellectual property rights that subsist in those applications.
2025-11-02T02:17:03.8909945Z 
2025-11-02T02:17:03.8910924Z 4.2 You agree to use the SDK and write applications only for purposes that are permitted by (a) the License Agreement and (b) any applicable law, regulation or generally accepted practices or guidelines in the relevant jurisdictions (including any laws regarding the export of data or software to and from the United States or other relevant countries).
2025-11-02T02:17:03.8911989Z 
2025-11-02T02:17:03.8914371Z 4.3 You agree that if you use the SDK to develop applications for general public users, you will protect the privacy and legal rights of those users. If the users provide you with user names, passwords, or other login information or personal information, you must make the users aware that the information will be available to your application, and you must provide legally adequate privacy notice and protection for those users. If your application stores personal or sensitive information provided by users, it must do so securely. If the user provides your application with Google Account information, your application may only use that information to access the user's Google Account when, and for the limited purposes for which, the user has given you permission to do so.
2025-11-02T02:17:03.8916864Z 
2025-11-02T02:17:03.8917871Z 4.4 You agree that you will not engage in any activity with the SDK, including the development or distribution of an application, that interferes with, disrupts, damages, or accesses in an unauthorized manner the servers, networks, or other properties or services of any third party including, but not limited to, Google or any mobile communications carrier.
2025-11-02T02:17:03.8918924Z 
2025-11-02T02:17:03.8919811Z 4.5 You agree that you are solely responsible for (and that Google has no responsibility to you or to any third party for) any data, content, or resources that you create, transmit or display through Android and/or applications for Android, and for the consequences of your actions (including any loss or damage which Google may suffer) by doing so.
2025-11-02T02:17:03.8920766Z 
2025-11-02T02:17:03.8921773Z 4.6 You agree that you are solely responsible for (and that Google has no responsibility to you or to any third party for) any breach of your obligations under the License Agreement, any applicable third party contract or Terms of Service, or any applicable law or regulation, and for the consequences (including any loss or damage which Google or any third party may suffer) of any such breach.
2025-11-02T02:17:03.8922973Z 
2025-11-02T02:17:03.8924207Z 4.7 This software enables the execution of intellectual property owned by Arm Limited. You agree that your use of the software, that allows execution of ARM Instruction Set Architecture (“ISA”) compliant executables for application development and debug only on x86 desktop, laptop, customer on-premise servers, and customer-procured cloud-based environments.
2025-11-02T02:17:03.8925249Z 
2025-11-02T02:17:03.8925325Z 5. Your Developer Credentials
2025-11-02T02:17:03.8925460Z 
2025-11-02T02:17:03.8926182Z 5.1 You agree that you are responsible for maintaining the confidentiality of any developer credentials that may be issued to you by Google or which you may choose yourself and that you will be solely responsible for all applications that are developed under your developer credentials.
2025-11-02T02:17:03.8927201Z 
2025-11-02T02:17:03.8927289Z 6. Privacy and Information
2025-11-02T02:17:03.8927422Z 
2025-11-02T02:17:03.8928785Z 6.1 In order to continually innovate and improve the SDK, Google may collect certain usage statistics from the software including but not limited to a unique identifier, associated IP address, version number of the software, and information on which tools and/or services in the SDK are being used and how they are being used. Before any of this information is collected, the SDK will notify you and seek your consent. If you withhold consent, the information will not be collected.
2025-11-02T02:17:03.8930224Z 
2025-11-02T02:17:03.8930559Z 6.2 The data collected is examined in the aggregate to improve the SDK and is maintained in accordance with Google's Privacy Policy.
2025-11-02T02:17:03.8930981Z 
2025-11-02T02:17:03.8930985Z 
2025-11-02T02:17:03.8931066Z 7. Third Party Applications
2025-11-02T02:17:03.8931200Z 
2025-11-02T02:17:03.8932978Z 7.1 If you use the SDK to run applications developed by a third party or that access data, content or resources provided by a third party, you agree that Google is not responsible for those applications, data, content, or resources. You understand that all data, content or resources which you may access through such third party applications are the sole responsibility of the person from which they originated and that Google is not liable for any loss or damage that you may experience as a result of the use or access of any of those third party applications, data, content, or resources.
2025-11-02T02:17:03.8934723Z 
2025-11-02T02:17:03.8936088Z 7.2 You should be aware the data, content, and resources presented to you through such a third party application may be protected by intellectual property rights which are owned by the providers (or by other persons or companies on their behalf). You may not modify, rent, lease, loan, sell, distribute or create derivative works based on these data, content, or resources (either in whole or in part) unless you have been specifically given permission to do so by the relevant owners.
2025-11-02T02:17:03.8937697Z 
2025-11-02T02:17:03.8938455Z 7.3 You acknowledge that your use of such third party applications, data, content, or resources may be subject to separate terms between you and the relevant third party. In that case, the License Agreement does not affect your legal relationship with these third parties.
2025-11-02T02:17:03.8939287Z 
2025-11-02T02:17:03.8939291Z 
2025-11-02T02:17:03.8939362Z 8. Using Android APIs
2025-11-02T02:17:03.8939485Z 
2025-11-02T02:17:03.8939556Z 8.1 Google Data APIs
2025-11-02T02:17:03.8939666Z 
2025-11-02T02:17:03.8941475Z 8.1.1 If you use any API to retrieve data from Google, you acknowledge that the data may be protected by intellectual property rights which are owned by Google or those parties that provide the data (or by other persons or companies on their behalf). Your use of any such API may be subject to additional Terms of Service. You may not modify, rent, lease, loan, sell, distribute or create derivative works based on this data (either in whole or in part) unless allowed by the relevant Terms of Service.
2025-11-02T02:17:03.8944178Z 
2025-11-02T02:17:03.8948801Z 8.1.2 If you use any API to retrieve a user's data from Google, you acknowledge and agree that you shall retrieve data only with the user's explicit consent and only when, and for the limited purposes for which, the user has given you permission to do so. If you use the Android Recognition Service API, documented at the following URL: https://developer.android.com/reference/android/speech/RecognitionService, as updated from time to time, you acknowledge that the use of the API is subject to the Data Processing Addendum for Products where Google is a Data Processor, which is located at the following URL: https://privacy.google.com/businesses/gdprprocessorterms/, as updated from time to time. By clicking to accept, you hereby agree to the terms of the Data Processing Addendum for Products where Google is a Data Processor.
2025-11-02T02:17:03.8953368Z 
2025-11-02T02:17:03.8953376Z 
2025-11-02T02:17:03.8953554Z 9. Terminating the License Agreement
2025-11-02T02:17:03.8953857Z 
2025-11-02T02:17:03.8954392Z 9.1 The License Agreement will continue to apply until terminated by either you or Google as set out below.
2025-11-02T02:17:03.8955033Z 
2025-11-02T02:17:03.8955606Z 9.2 If you want to terminate the License Agreement, you may do so by ceasing your use of the SDK and any relevant developer credentials.
2025-11-02T02:17:03.8956505Z 
2025-11-02T02:17:03.8959585Z 9.3 Google may at any time, terminate the License Agreement with you if: (A) you have breached any provision of the License Agreement; or (B) Google is required to do so by law; or (C) the partner with whom Google offered certain parts of SDK (such as APIs) to you has terminated its relationship with Google or ceased to offer certain parts of the SDK to you; or (D) Google decides to no longer provide the SDK or certain parts of the SDK to users in the country in which you are resident or from which you use the service, or the provision of the SDK or certain SDK services to you by Google is, in Google's sole discretion, no longer commercially viable.
2025-11-02T02:17:03.8962665Z 
2025-11-02T02:17:03.8965067Z 9.4 When the License Agreement comes to an end, all of the legal rights, obligations and liabilities that you and Google have benefited from, been subject to (or which have accrued over time whilst the License Agreement has been in force) or which are expressed to continue indefinitely, shall be unaffected by this cessation, and the provisions of paragraph 14.7 shall continue to apply to such rights, obligations and liabilities indefinitely.
2025-11-02T02:17:03.8966889Z 
2025-11-02T02:17:03.8966894Z 
2025-11-02T02:17:03.8966999Z 10. DISCLAIMER OF WARRANTIES
2025-11-02T02:17:03.8967149Z 
2025-11-02T02:17:03.8967599Z 10.1 YOU EXPRESSLY UNDERSTAND AND AGREE THAT YOUR USE OF THE SDK IS AT YOUR SOLE RISK AND THAT THE SDK IS PROVIDED "AS IS" AND "AS AVAILABLE" WITHOUT WARRANTY OF ANY KIND FROM GOOGLE.
2025-11-02T02:17:03.8968111Z 
2025-11-02T02:17:03.8968805Z 10.2 YOUR USE OF THE SDK AND ANY MATERIAL DOWNLOADED OR OTHERWISE OBTAINED THROUGH THE USE OF THE SDK IS AT YOUR OWN DISCRETION AND RISK AND YOU ARE SOLELY RESPONSIBLE FOR ANY DAMAGE TO YOUR COMPUTER SYSTEM OR OTHER DEVICE OR LOSS OF DATA THAT RESULTS FROM SUCH USE.
2025-11-02T02:17:03.8969596Z 
2025-11-02T02:17:03.8970320Z 10.3 GOOGLE FURTHER EXPRESSLY DISCLAIMS ALL WARRANTIES AND CONDITIONS OF ANY KIND, WHETHER EXPRESS OR IMPLIED, INCLUDING, BUT NOT LIMITED TO THE IMPLIED WARRANTIES AND CONDITIONS OF MERCHANTABILITY, FITNESS FOR A PARTICULAR PURPOSE AND NON-INFRINGEMENT.
2025-11-02T02:17:03.8971144Z 
2025-11-02T02:17:03.8971148Z 
2025-11-02T02:17:03.8971226Z 11. LIMITATION OF LIABILITY
2025-11-02T02:17:03.8971359Z 
2025-11-02T02:17:03.8972597Z 11.1 YOU EXPRESSLY UNDERSTAND AND AGREE THAT GOOGLE, ITS SUBSIDIARIES AND AFFILIATES, AND ITS LICENSORS SHALL NOT BE LIABLE TO YOU UNDER ANY THEORY OF LIABILITY FOR ANY DIRECT, INDIRECT, INCIDENTAL, SPECIAL, CONSEQUENTIAL OR EXEMPLARY DAMAGES THAT MAY BE INCURRED BY YOU, INCLUDING ANY LOSS OF DATA, WHETHER OR NOT GOOGLE OR ITS REPRESENTATIVES HAVE BEEN ADVISED OF OR SHOULD HAVE BEEN AWARE OF THE POSSIBILITY OF ANY SUCH LOSSES ARISING.
2025-11-02T02:17:03.8974035Z 
2025-11-02T02:17:03.8974042Z 
2025-11-02T02:17:03.8974120Z 12. Indemnification
2025-11-02T02:17:03.8974230Z 
2025-11-02T02:17:03.8977703Z 12.1 To the maximum extent permitted by law, you agree to defend, indemnify and hold harmless Google, its affiliates and their respective directors, officers, employees and agents from and against any and all claims, actions, suits or proceedings, as well as any and all losses, liabilities, damages, costs and expenses (including reasonable attorneys fees) arising out of or accruing from (a) your use of the SDK, (b) any application you develop on the SDK that infringes any copyright, trademark, trade secret, trade dress, patent or other intellectual property right of any person or defames any person or violates their rights of publicity or privacy, and (c) any non-compliance by you with the License Agreement.
2025-11-02T02:17:03.8981162Z 
2025-11-02T02:17:03.8981178Z 
2025-11-02T02:17:03.8981290Z 13. Changes to the License Agreement
2025-11-02T02:17:03.8981475Z 
2025-11-02T02:17:03.8982119Z 13.1 Google may make changes to the License Agreement as it distributes new versions of the SDK. When these changes are made, Google will make a new version of the License Agreement available on the website where the SDK is made available.
2025-11-02T02:17:03.8982833Z 
2025-11-02T02:17:03.8982837Z 
2025-11-02T02:17:03.8982914Z 14. General Legal Terms
2025-11-02T02:17:03.8983034Z 
2025-11-02T02:17:03.8983893Z 14.1 The License Agreement constitutes the whole legal agreement between you and Google and governs your use of the SDK (excluding any services which Google may provide to you under a separate written agreement), and completely replaces any prior agreements between you and Google in relation to the SDK.
2025-11-02T02:17:03.8984824Z 
2025-11-02T02:17:03.8985848Z 14.2 You agree that if Google does not exercise or enforce any legal right or remedy which is contained in the License Agreement (or which Google has the benefit of under any applicable law), this will not be taken to be a formal waiver of Google's rights and that those rights or remedies will still be available to Google.
2025-11-02T02:17:03.8987027Z 
2025-11-02T02:17:03.8988002Z 14.3 If any court of law, having the jurisdiction to decide on this matter, rules that any provision of the License Agreement is invalid, then that provision will be removed from the License Agreement without affecting the rest of the License Agreement. The remaining provisions of the License Agreement will continue to be valid and enforceable.
2025-11-02T02:17:03.8989034Z 
2025-11-02T02:17:03.8990255Z 14.4 You acknowledge and agree that each member of the group of companies of which Google is the parent shall be third party beneficiaries to the License Agreement and that such other companies shall be entitled to directly enforce, and rely upon, any provision of the License Agreement that confers a benefit on (or rights in favor of) them. Other than this, no other person or company shall be third party beneficiaries to the License Agreement.
2025-11-02T02:17:03.8991547Z 
2025-11-02T02:17:03.8992288Z 14.5 EXPORT RESTRICTIONS. THE SDK IS SUBJECT TO UNITED STATES EXPORT LAWS AND REGULATIONS. YOU MUST COMPLY WITH ALL DOMESTIC AND INTERNATIONAL EXPORT LAWS AND REGULATIONS THAT APPLY TO THE SDK. THESE LAWS INCLUDE RESTRICTIONS ON DESTINATIONS, END USERS AND END USE.
2025-11-02T02:17:03.8993100Z 
2025-11-02T02:17:03.8994071Z 14.6 The rights granted in the License Agreement may not be assigned or transferred by either you or Google without the prior written approval of the other party. Neither you nor Google shall be permitted to delegate their responsibilities or obligations under the License Agreement without the prior written approval of the other party.
2025-11-02T02:17:03.8995098Z 
2025-11-02T02:17:03.8996896Z 14.7 The License Agreement, and your relationship with Google under the License Agreement, shall be governed by the laws of the State of California without regard to its conflict of laws provisions. You and Google agree to submit to the exclusive jurisdiction of the courts located within the county of Santa Clara, California to resolve any legal matter arising from the License Agreement. Notwithstanding this, you agree that Google shall still be allowed to apply for injunctive remedies (or an equivalent type of urgent legal relief) in any jurisdiction.
2025-11-02T02:17:03.8998720Z 
2025-11-02T02:17:03.8998724Z 
2025-11-02T02:17:03.8998794Z January 16, 2019
2025-11-02T02:17:03.8998981Z ---------------------------------------
2025-11-02T02:17:03.8999202Z Accept? (y/N): 
2025-11-02T02:17:03.8999407Z 4/6: License android-sdk-preview-license:
2025-11-02T02:17:03.8999656Z ---------------------------------------
2025-11-02T02:17:03.9000866Z To get started with the Android SDK Preview, you must agree to the following terms and conditions. As described below, please note that this is a preview version of the Android SDK, subject to change, that you use at your own risk. The Android SDK Preview is not a stable release, and may contain errors and defects that can result in serious damage to your computer systems, devices and data.
2025-11-02T02:17:03.9001998Z 
2025-11-02T02:17:03.9002180Z This is the Android SDK Preview License Agreement (the "License Agreement").
2025-11-02T02:17:03.9002444Z 
2025-11-02T02:17:03.9002508Z 1. Introduction
2025-11-02T02:17:03.9002614Z 
2025-11-02T02:17:03.9004074Z 1.1 The Android SDK Preview (referred to in the License Agreement as the “Preview” and specifically including the Android system files, packaged APIs, and Preview library files, if and when they are made available) is licensed to you subject to the terms of the License Agreement. The License Agreement forms a legally binding contract between you and Google in relation to your use of the Preview.
2025-11-02T02:17:03.9005279Z 
2025-11-02T02:17:03.9005861Z 1.2 "Android" means the Android software stack for devices, as made available under the Android Open Source Project, which is located at the following URL: http://source.android.com/, as updated from time to time.
2025-11-02T02:17:03.9006703Z 
2025-11-02T02:17:03.9007250Z 1.3 "Google" means Google Inc., a Delaware corporation with principal place of business at 1600 Amphitheatre Parkway, Mountain View, CA 94043, United States.
2025-11-02T02:17:03.9007761Z 
2025-11-02T02:17:03.9007847Z 2. Accepting the License Agreement
2025-11-02T02:17:03.9008018Z 
2025-11-02T02:17:03.9008376Z 2.1 In order to use the Preview, you must first agree to the License Agreement. You may not use the Preview if you do not accept the License Agreement.
2025-11-02T02:17:03.9008818Z 
2025-11-02T02:17:03.9009079Z 2.2 By clicking to accept and/or using the Preview, you hereby agree to the terms of the License Agreement.
2025-11-02T02:17:03.9009410Z 
2025-11-02T02:17:03.9010113Z 2.3 You may not use the Preview and may not accept the License Agreement if you are a person barred from receiving the Preview under the laws of the United States or other countries including the country in which you are resident or from which you use the Preview.
2025-11-02T02:17:03.9010905Z 
2025-11-02T02:17:03.9012118Z 2.4 If you will use the Preview internally within your company or organization you agree to be bound by the License Agreement on behalf of your employer or other entity, and you represent and warrant that you have full legal authority to bind your employer or such entity to the License Agreement. If you do not have the requisite authority, you may not accept the License Agreement or use the Preview on behalf of your employer or other entity.
2025-11-02T02:17:03.9013407Z 
2025-11-02T02:17:03.9013488Z 3. Preview License from Google
2025-11-02T02:17:03.9013631Z 
2025-11-02T02:17:03.9014529Z 3.1 Subject to the terms of the License Agreement, Google grants you a royalty-free, non-assignable, non-exclusive, non-sublicensable, limited, revocable license to use the Preview, personally or internally within your company or organization, solely to develop applications to run on the Android platform.
2025-11-02T02:17:03.9015598Z 
2025-11-02T02:17:03.9016894Z 3.2 You agree that Google or third parties owns all legal right, title and interest in and to the Preview, including any Intellectual Property Rights that subsist in the Preview. "Intellectual Property Rights" means any and all rights under patent law, copyright law, trade secret law, trademark law, and any and all other proprietary rights. Google reserves all rights not expressly granted to you.
2025-11-02T02:17:03.9018138Z 
2025-11-02T02:17:03.9019820Z 3.3 You may not use the Preview for any purpose not expressly permitted by the License Agreement. Except to the extent required by applicable third party licenses, you may not: (a) copy (except for backup purposes), modify, adapt, redistribute, decompile, reverse engineer, disassemble, or create derivative works of the Preview or any part of the Preview; or (b) load any part of the Preview onto a mobile handset or any other hardware device except a personal computer, combine any part of the Preview with other software, or distribute any software or device incorporating a part of the Preview.
2025-11-02T02:17:03.9021562Z 
2025-11-02T02:17:03.9022243Z 3.4 You agree that you will not take any actions that may cause or result in the fragmentation of Android, including but not limited to distributing, participating in the creation of, or promoting in any way a software development kit derived from the Preview.
2025-11-02T02:17:03.9023008Z 
2025-11-02T02:17:03.9024183Z 3.5 Use, reproduction and distribution of components of the Preview licensed under an open source software license are governed solely by the terms of that open source software license and not the License Agreement. You agree to remain a licensee in good standing in regard to such open source software licenses under all the rights granted and to refrain from any actions that may terminate, suspend, or breach such rights.
2025-11-02T02:17:03.9025444Z 
2025-11-02T02:17:03.9027019Z 3.6 You agree that the form and nature of the Preview that Google provides may change without prior notice to you and that future versions of the Preview may be incompatible with applications developed on previous versions of the Preview. You agree that Google may stop (permanently or temporarily) providing the Preview (or any features within the Preview) to you or to users generally at Google's sole discretion, without prior notice to you.
2025-11-02T02:17:03.9028681Z 
2025-11-02T02:17:03.9029503Z 3.7 Nothing in the License Agreement gives you a right to use any of Google's trade names, trademarks, service marks, logos, domain names, or other distinctive brand features.
2025-11-02T02:17:03.9030147Z 
2025-11-02T02:17:03.9030664Z 3.8 You agree that you will not remove, obscure, or alter any proprietary rights notices (including copyright and trademark notices) that may be affixed to or contained within the Preview.
2025-11-02T02:17:03.9031250Z 
2025-11-02T02:17:03.9031331Z 4. Use of the Preview by You
2025-11-02T02:17:03.9031473Z 
2025-11-02T02:17:03.9032343Z 4.1 Google agrees that nothing in the License Agreement gives Google any right, title or interest from you (or your licensors) under the License Agreement in or to any software applications that you develop using the Preview, including any intellectual property rights that subsist in those applications.
2025-11-02T02:17:03.9033261Z 
2025-11-02T02:17:03.9034271Z 4.2 You agree to use the Preview and write applications only for purposes that are permitted by (a) the License Agreement, and (b) any applicable law, regulation or generally accepted practices or guidelines in the relevant jurisdictions (including any laws regarding the export of data or software to and from the United States or other relevant countries).
2025-11-02T02:17:03.9035346Z 
2025-11-02T02:17:03.9037638Z 4.3 You agree that if you use the Preview to develop applications, you will protect the privacy and legal rights of users. If users provide you with user names, passwords, or other login information or personal information, you must make the users aware that the information will be available to your application, and you must provide legally adequate privacy notice and protection for those users. If your application stores personal or sensitive information provided by users, it must do so securely. If users provide you with Google Account information, your application may only use that information to access the user's Google Account when, and for the limited purposes for which, each user has given you permission to do so.
2025-11-02T02:17:03.9039980Z 
2025-11-02T02:17:03.9040923Z 4.4 You agree that you will not engage in any activity with the Preview, including the development or distribution of an application, that interferes with, disrupts, damages, or accesses in an unauthorized manner the servers, networks, or other properties or services of Google or any third party.
2025-11-02T02:17:03.9042372Z 
2025-11-02T02:17:03.9043580Z 4.5 You agree that you are solely responsible for (and that Google has no responsibility to you or to any third party for) any data, content, or resources that you create, transmit or display through Android and/or applications for Android, and for the consequences of your actions (including any loss or damage which Google may suffer) by doing so.
2025-11-02T02:17:03.9044620Z 
2025-11-02T02:17:03.9045691Z 4.6 You agree that you are solely responsible for (and that Google has no responsibility to you or to any third party for) any breach of your obligations under the License Agreement, any applicable third party contract or Terms of Service, or any applicable law or regulation, and for the consequences (including any loss or damage which Google or any third party may suffer) of any such breach.
2025-11-02T02:17:03.9047026Z 
2025-11-02T02:17:03.9048534Z 4.7 The Preview is in development, and your testing and feedback are an important part of the development process. By using the Preview, you acknowledge that implementation of some features are still under development and that you should not rely on the Preview having the full functionality of a stable release. You agree not to publicly distribute or ship any application using this Preview as this Preview will no longer be supported after the official Android SDK is released.
2025-11-02T02:17:03.9049987Z 
2025-11-02T02:17:03.9050071Z 5. Your Developer Credentials
2025-11-02T02:17:03.9050303Z 
2025-11-02T02:17:03.9051130Z 5.1 You agree that you are responsible for maintaining the confidentiality of any developer credentials that may be issued to you by Google or which you may choose yourself and that you will be solely responsible for all applications that are developed under your developer credentials.
2025-11-02T02:17:03.9052651Z 
2025-11-02T02:17:03.9052745Z 6. Privacy and Information
2025-11-02T02:17:03.9052883Z 
2025-11-02T02:17:03.9054286Z 6.1 In order to continually innovate and improve the Preview, Google may collect certain usage statistics from the software including but not limited to a unique identifier, associated IP address, version number of the software, and information on which tools and/or services in the Preview are being used and how they are being used. Before any of this information is collected, the Preview will notify you and seek your consent. If you withhold consent, the information will not be collected.
2025-11-02T02:17:03.9056787Z 
2025-11-02T02:17:03.9057751Z 6.2 The data collected is examined in the aggregate to improve the Preview and is maintained in accordance with Google's Privacy Policy located at http://www.google.com/policies/privacy/.
2025-11-02T02:17:03.9058961Z 
2025-11-02T02:17:03.9059114Z 7. Third Party Applications
2025-11-02T02:17:03.9059373Z 
2025-11-02T02:17:03.9062386Z 7.1 If you use the Preview to run applications developed by a third party or that access data, content or resources provided by a third party, you agree that Google is not responsible for those applications, data, content, or resources. You understand that all data, content or resources which you may access through such third party applications are the sole responsibility of the person from which they originated and that Google is not liable for any loss or damage that you may experience as a result of the use or access of any of those third party applications, data, content, or resources.
2025-11-02T02:17:03.9065725Z 
2025-11-02T02:17:03.9068381Z 7.2 You should be aware the data, content, and resources presented to you through such a third party application may be protected by intellectual property rights which are owned by the providers (or by other persons or companies on their behalf). You may not modify, rent, lease, loan, sell, distribute or create derivative works based on these data, content, or resources (either in whole or in part) unless you have been specifically given permission to do so by the relevant owners.
2025-11-02T02:17:03.9070970Z 
2025-11-02T02:17:03.9071782Z 7.3 You acknowledge that your use of such third party applications, data, content, or resources may be subject to separate terms between you and the relevant third party.
2025-11-02T02:17:03.9072746Z 
2025-11-02T02:17:03.9072881Z 8. Using Google APIs
2025-11-02T02:17:03.9073090Z 
2025-11-02T02:17:03.9073212Z 8.1 Google APIs
2025-11-02T02:17:03.9073392Z 
2025-11-02T02:17:03.9075337Z 8.1.1 If you use any API to retrieve data from Google, you acknowledge that the data may be protected by intellectual property rights which are owned by Google or those parties that provide the data (or by other persons or companies on their behalf). Your use of any such API may be subject to additional Terms of Service. You may not modify, rent, lease, loan, sell, distribute or create derivative works based on this data (either in whole or in part) unless allowed by the relevant Terms of Service.
2025-11-02T02:17:03.9076999Z 
2025-11-02T02:17:03.9077689Z 8.1.2 If you use any API to retrieve a user's data from Google, you acknowledge and agree that you shall retrieve data only with the user's explicit consent and only when, and for the limited purposes for which, the user has given you permission to do so.
2025-11-02T02:17:03.9078444Z 
2025-11-02T02:17:03.9078543Z 9. Terminating the License Agreement
2025-11-02T02:17:03.9078703Z 
2025-11-02T02:17:03.9079143Z 9.1 the License Agreement will continue to apply until terminated by either you or Google as set out below.
2025-11-02T02:17:03.9079507Z 
2025-11-02T02:17:03.9079849Z 9.2 If you want to terminate the License Agreement, you may do so by ceasing your use of the Preview and any relevant developer credentials.
2025-11-02T02:17:03.9080268Z 
2025-11-02T02:17:03.9080510Z 9.3 Google may at any time, terminate the License Agreement, with or without cause, upon notice to you.
2025-11-02T02:17:03.9080846Z 
2025-11-02T02:17:03.9081754Z 9.4 The License Agreement will automatically terminate without notice or other action upon the earlier of: (A) when Google ceases to provide the Preview or certain parts of the Preview to users in the country in which you are resident or from which you use the service; and (B) Google issues a final release version of the Android SDK.
2025-11-02T02:17:03.9082747Z 
2025-11-02T02:17:03.9083399Z 9.5 When the License Agreement is terminated, the license granted to you in the License Agreement will terminate, you will immediately cease all use of the Preview, and the provisions of paragraphs 10, 11, 12 and 14 shall survive indefinitely.
2025-11-02T02:17:03.9084134Z 
2025-11-02T02:17:03.9084207Z 10. DISCLAIMERS
2025-11-02T02:17:03.9084310Z 
2025-11-02T02:17:03.9084774Z 10.1 YOU EXPRESSLY UNDERSTAND AND AGREE THAT YOUR USE OF THE PREVIEW IS AT YOUR SOLE RISK AND THAT THE PREVIEW IS PROVIDED "AS IS" AND "AS AVAILABLE" WITHOUT WARRANTY OF ANY KIND FROM GOOGLE.
2025-11-02T02:17:03.9085327Z 
2025-11-02T02:17:03.9087165Z 10.2 YOUR USE OF THE PREVIEW AND ANY MATERIAL DOWNLOADED OR OTHERWISE OBTAINED THROUGH THE USE OF THE PREVIEW IS AT YOUR OWN DISCRETION AND RISK AND YOU ARE SOLELY RESPONSIBLE FOR ANY DAMAGE TO YOUR COMPUTER SYSTEM OR OTHER DEVICE OR LOSS OF DATA THAT RESULTS FROM SUCH USE. WITHOUT LIMITING THE FOREGOING, YOU UNDERSTAND THAT THE PREVIEW IS NOT A STABLE RELEASE AND MAY CONTAIN ERRORS, DEFECTS AND SECURITY VULNERABILITIES THAT CAN RESULT IN SIGNIFICANT DAMAGE, INCLUDING THE COMPLETE, IRRECOVERABLE LOSS OF USE OF YOUR COMPUTER SYSTEM OR OTHER DEVICE.
2025-11-02T02:17:03.9088985Z 
2025-11-02T02:17:03.9089721Z 10.3 GOOGLE FURTHER EXPRESSLY DISCLAIMS ALL WARRANTIES AND CONDITIONS OF ANY KIND, WHETHER EXPRESS OR IMPLIED, INCLUDING, BUT NOT LIMITED TO THE IMPLIED WARRANTIES AND CONDITIONS OF MERCHANTABILITY, FITNESS FOR A PARTICULAR PURPOSE AND NON-INFRINGEMENT.
2025-11-02T02:17:03.9090519Z 
2025-11-02T02:17:03.9090604Z 11. LIMITATION OF LIABILITY
2025-11-02T02:17:03.9090741Z 
2025-11-02T02:17:03.9091981Z 11.1 YOU EXPRESSLY UNDERSTAND AND AGREE THAT GOOGLE, ITS SUBSIDIARIES AND AFFILIATES, AND ITS LICENSORS SHALL NOT BE LIABLE TO YOU UNDER ANY THEORY OF LIABILITY FOR ANY DIRECT, INDIRECT, INCIDENTAL, SPECIAL, CONSEQUENTIAL OR EXEMPLARY DAMAGES THAT MAY BE INCURRED BY YOU, INCLUDING ANY LOSS OF DATA, WHETHER OR NOT GOOGLE OR ITS REPRESENTATIVES HAVE BEEN ADVISED OF OR SHOULD HAVE BEEN AWARE OF THE POSSIBILITY OF ANY SUCH LOSSES ARISING.
2025-11-02T02:17:03.9093292Z 
2025-11-02T02:17:03.9093364Z 12. Indemnification
2025-11-02T02:17:03.9093471Z 
2025-11-02T02:17:03.9095824Z 12.1 To the maximum extent permitted by law, you agree to defend, indemnify and hold harmless Google, its affiliates and their respective directors, officers, employees and agents from and against any and all claims, actions, suits or proceedings, as well as any and all losses, liabilities, damages, costs and expenses (including reasonable attorneys’ fees) arising out of or accruing from (a) your use of the Preview, (b) any application you develop on the Preview that infringes any Intellectual Property Rights of any person or defames any person or violates their rights of publicity or privacy, and (c) any non-compliance by you of the License Agreement.
2025-11-02T02:17:03.9098118Z 
2025-11-02T02:17:03.9098207Z 13. Changes to the License Agreement
2025-11-02T02:17:03.9098365Z 
2025-11-02T02:17:03.9099158Z 13.1 Google may make changes to the License Agreement as it distributes new versions of the Preview. When these changes are made, Google will make a new version of the License Agreement available on the website where the Preview is made available.
2025-11-02T02:17:03.9099918Z 
2025-11-02T02:17:03.9099991Z 14. General Legal Terms
2025-11-02T02:17:03.9100111Z 
2025-11-02T02:17:03.9101002Z 14.1 the License Agreement constitutes the whole legal agreement between you and Google and governs your use of the Preview (excluding any services which Google may provide to you under a separate written agreement), and completely replaces any prior agreements between you and Google in relation to the Preview.
2025-11-02T02:17:03.9101976Z 
2025-11-02T02:17:03.9102836Z 14.2 You agree that if Google does not exercise or enforce any legal right or remedy which is contained in the License Agreement (or which Google has the benefit of under any applicable law), this will not be taken to be a formal waiver of Google's rights and that those rights or remedies will still be available to Google.
2025-11-02T02:17:03.9103794Z 
2025-11-02T02:17:03.9104736Z 14.3 If any court of law, having the jurisdiction to decide on this matter, rules that any provision of the License Agreement is invalid, then that provision will be removed from the License Agreement without affecting the rest of the License Agreement. The remaining provisions of the License Agreement will continue to be valid and enforceable.
2025-11-02T02:17:03.9105775Z 
2025-11-02T02:17:03.9107255Z 14.4 You acknowledge and agree that each member of the group of companies of which Google is the parent shall be third party beneficiaries to the License Agreement and that such other companies shall be entitled to directly enforce, and rely upon, any provision of the License Agreement that confers a benefit on (or rights in favor of) them. Other than this, no other person or company shall be third party beneficiaries to the License Agreement.
2025-11-02T02:17:03.9108591Z 
2025-11-02T02:17:03.9109496Z 14.5 EXPORT RESTRICTIONS. THE PREVIEW IS SUBJECT TO UNITED STATES EXPORT LAWS AND REGULATIONS. YOU MUST COMPLY WITH ALL DOMESTIC AND INTERNATIONAL EXPORT LAWS AND REGULATIONS THAT APPLY TO THE PREVIEW. THESE LAWS INCLUDE RESTRICTIONS ON DESTINATIONS, END USERS AND END USE.
2025-11-02T02:17:03.9110355Z 
2025-11-02T02:17:03.9111236Z 14.6 The License Agreement may not be assigned or transferred by you without the prior written approval of Google, and any attempted assignment without such approval will be void. You shall not delegate your responsibilities or obligations under the License Agreement without the prior written approval of Google.
2025-11-02T02:17:03.9112201Z 
2025-11-02T02:17:03.9113803Z 14.7 The License Agreement, and your relationship with Google under the License Agreement, shall be governed by the laws of the State of California without regard to its conflict of laws provisions. You and Google agree to submit to the exclusive jurisdiction of the courts located within the county of Santa Clara, California to resolve any legal matter arising from the License Agreement. Notwithstanding this, you agree that Google shall still be allowed to apply for injunctive remedies (or an equivalent type of urgent legal relief) in any jurisdiction.
2025-11-02T02:17:03.9115473Z 
2025-11-02T02:17:03.9115543Z June 2014.
2025-11-02T02:17:03.9115709Z ---------------------------------------
2025-11-02T02:17:03.9115938Z Accept? (y/N): 
2025-11-02T02:17:03.9116124Z 5/6: License google-gdk-license:
2025-11-02T02:17:03.9116603Z ---------------------------------------
2025-11-02T02:17:03.9117135Z This is a Developer Preview of the GDK that is subject to change.
2025-11-02T02:17:03.9117386Z 
2025-11-02T02:17:03.9117457Z Terms and Conditions
2025-11-02T02:17:03.9117570Z 
2025-11-02T02:17:03.9117687Z This is the Glass Development Kit License Agreement.
2025-11-02T02:17:03.9117887Z 
2025-11-02T02:17:03.9117951Z 1. Introduction
2025-11-02T02:17:03.9118051Z 
2025-11-02T02:17:03.9119274Z 1.1 The Glass Development Kit (referred to in this License Agreement as the "GDK" and specifically including the Android system files, packaged APIs, and GDK library files, if and when they are made available) is licensed to you subject to the terms of this License Agreement. This License Agreement forms a legally binding contract between you and Google in relation to your use of the GDK.
2025-11-02T02:17:03.9120434Z 
2025-11-02T02:17:03.9120638Z 1.2 "Glass" means Glass devices and the Glass software stack for use on Glass devices.
2025-11-02T02:17:03.9120923Z 
2025-11-02T02:17:03.9120927Z 
2025-11-02T02:17:03.9121507Z 1.3 "Android" means the Android software stack for devices, as made available under the Android Open Source Project, which is located at the following URL: http://source.android.com/, as updated from time to time.
2025-11-02T02:17:03.9122173Z 
2025-11-02T02:17:03.9122586Z 1.4 "Google" means Google Inc., a Delaware corporation with principal place of business at 1600 Amphitheatre Parkway, Mountain View, CA 94043, United States.
2025-11-02T02:17:03.9123087Z 
2025-11-02T02:17:03.9123177Z 2. Accepting this License Agreement
2025-11-02T02:17:03.9123330Z 
2025-11-02T02:17:03.9123675Z 2.1 In order to use the GDK, you must first agree to this License Agreement. You may not use the GDK if you do not accept this License Agreement.
2025-11-02T02:17:03.9124104Z 
2025-11-02T02:17:03.9124292Z 2.2 By clicking to accept, you hereby agree to the terms of this License Agreement.
2025-11-02T02:17:03.9124563Z 
2025-11-02T02:17:03.9125213Z 2.3 You may not use the GDK and may not accept the License Agreement if you are a person barred from receiving the GDK under the laws of the United States or other countries including the country in which you are resident or from which you use the GDK.
2025-11-02T02:17:03.9125932Z 
2025-11-02T02:17:03.9127161Z 2.4 If you are agreeing to be bound by this License Agreement on behalf of your employer or other entity, you represent and warrant that you have full legal authority to bind your employer or such entity to this License Agreement. If you do not have the requisite authority, you may not accept the License Agreement or use the GDK on behalf of your employer or other entity.
2025-11-02T02:17:03.9128373Z 
2025-11-02T02:17:03.9128450Z 3. GDK License from Google
2025-11-02T02:17:03.9128583Z 
2025-11-02T02:17:03.9129255Z 3.1 Subject to the terms of this License Agreement, Google grants you a limited, worldwide, royalty-free, non-assignable and non-exclusive license to use the GDK solely to develop applications to run on the Glass platform for Glass devices.
2025-11-02T02:17:03.9129986Z 
2025-11-02T02:17:03.9131068Z 3.2 You agree that Google or third parties own all legal right, title and interest in and to the GDK, including any Intellectual Property Rights that subsist in the GDK. "Intellectual Property Rights" means any and all rights under patent law, copyright law, trade secret law, trademark law, and any and all other proprietary rights. Google reserves all rights not expressly granted to you.
2025-11-02T02:17:03.9132234Z 
2025-11-02T02:17:03.9133964Z 3.3 You may not use the GDK for any purpose not expressly permitted by this License Agreement. Except to the extent required by applicable third party licenses, you may not: (a) copy (except for backup purposes), modify, adapt, redistribute, decompile, reverse engineer, disassemble, or create derivative works of the GDK or any part of the GDK; or (b) load any part of the GDK onto a mobile handset or wearable computing device or any other hardware device except a Glass device personal computer, combine any part of the GDK with other software, or distribute any software or device incorporating a part of the GDK.
2025-11-02T02:17:03.9135743Z 
2025-11-02T02:17:03.9136593Z 3.4 You agree that you will not take any actions that may cause or result in the fragmentation of Glass, including but not limited to distributing, participating in the creation of, or promoting in any way a software development kit derived from the GDK.
2025-11-02T02:17:03.9137358Z 
2025-11-02T02:17:03.9138070Z 3.5 Use, reproduction and distribution of components of the GDK licensed under an open source software license are governed solely by the terms of that open source software license and not this License Agreement.
2025-11-02T02:17:03.9138733Z 
2025-11-02T02:17:03.9139891Z 3.6 You agree that the form and nature of the GDK that Google provides may change without prior notice to you and that future versions of the GDK may be incompatible with applications developed on previous versions of the GDK. You agree that Google may stop (permanently or temporarily) providing the GDK (or any features within the GDK) to you or to users generally at Google's sole discretion, without prior notice to you.
2025-11-02T02:17:03.9141140Z 
2025-11-02T02:17:03.9141593Z 3.7 Nothing in this License Agreement gives you a right to use any of Google's trade names, trademarks, service marks, logos, domain names, or other distinctive brand features.
2025-11-02T02:17:03.9142127Z 
2025-11-02T02:17:03.9142628Z 3.8 You agree that you will not remove, obscure, or alter any proprietary rights notices (including copyright and trademark notices) that may be affixed to or contained within the GDK.
2025-11-02T02:17:03.9143201Z 
2025-11-02T02:17:03.9143205Z 
2025-11-02T02:17:03.9144231Z 3.9 Your use of any Android system files, packaged APIs, or other components of the GDK which are part of the Android Software Development Kit is subject to the terms of the Android Software Development Kit License Agreement located at http://developer.android.com/sdk/terms.html. These terms are hereby incorporated by reference into this License Agreement.
2025-11-02T02:17:03.9145326Z 
2025-11-02T02:17:03.9145398Z 4. Use of the GDK by You
2025-11-02T02:17:03.9145524Z 
2025-11-02T02:17:03.9146436Z 4.1 Google agrees that it obtains no right, title or interest from you (or your licensors) under this License Agreement in or to any software applications that you develop using the GDK, including any intellectual property rights that subsist in those applications.
2025-11-02T02:17:03.9147431Z 
2025-11-02T02:17:03.9148992Z 4.2 You agree to use the GDK and write applications only for purposes that are permitted by (a) this License Agreement, (b) the Glass Platform Developer Policies (located at https://developers.google.com/glass/policies, and hereby incorporated into this License Agreement by reference), and (c) any applicable law, regulation or generally accepted practices or guidelines in the relevant jurisdictions (including any laws regarding the export of data or software to and from the United States or other relevant countries).
2025-11-02T02:17:03.9150577Z 
2025-11-02T02:17:03.9152827Z 4.3 You agree that if you use the GDK to develop applications for general public users, you will protect the privacy and legal rights of those users. If the users provide you with user names, passwords, or other login information or personal information, you must make the users aware that the information will be available to your application, and you must provide legally adequate privacy notice and protection for those users. If your application stores personal or sensitive information provided by users, it must do so securely. If the user provides your application with Google Account information, your application may only use that information to access the user's Google Account when, and for the limited purposes for which, the user has given you permission to do so.
2025-11-02T02:17:03.9155130Z 
2025-11-02T02:17:03.9156009Z 4.4 You agree that you will not engage in any activity with the GDK, including the development or distribution of an application, that interferes with, disrupts, damages, or accesses in an unauthorized manner the servers, networks, or other properties or services of any third party including, but not limited to, Google.
2025-11-02T02:17:03.9157192Z 
2025-11-02T02:17:03.9158246Z 4.5 You agree that you are solely responsible for (and that Google has no responsibility to you or to any third party for) any data, content, or resources that you create, transmit or display through Glass and/or applications for Glass, and for the consequences of your actions (including any loss or damage which Google may suffer) by doing so.
2025-11-02T02:17:03.9159273Z 
2025-11-02T02:17:03.9160352Z 4.6 You agree that you are solely responsible for (and that Google has no responsibility to you or to any third party for) any breach of your obligations under this License Agreement, any applicable third party contract or Terms of Service, or any applicable law or regulation, and for the consequences (including any loss or damage which Google or any third party may suffer) of any such breach.
2025-11-02T02:17:03.9161524Z 
2025-11-02T02:17:03.9161528Z 
2025-11-02T02:17:03.9162573Z 4.7 The GDK is in development, and your testing and feedback are an important part of the development process. By using the GDK, you acknowledge that implementation of some features are still under development and that you should not rely on the GDK, Glass devices, Glass system software, Google Mirror API, or Glass services having the full functionality of a stable release.
2025-11-02T02:17:03.9163687Z 
2025-11-02T02:17:03.9163773Z 5. Your Developer Credentials
2025-11-02T02:17:03.9163919Z 
2025-11-02T02:17:03.9164706Z 5.1 You agree that you are responsible for maintaining the confidentiality of any developer credentials that may be issued to you by Google or which you may choose yourself and that you will be solely responsible for all applications that are developed under your developer credentials.
2025-11-02T02:17:03.9165550Z 
2025-11-02T02:17:03.9165626Z 6. Privacy and Information
2025-11-02T02:17:03.9165762Z 
2025-11-02T02:17:03.9165766Z 
2025-11-02T02:17:03.9167327Z 6.1 In order to continually innovate and improve the GDK, Google may collect certain usage statistics from the software including but not limited to a unique identifier, associated IP address, version number of the software, and information on which tools and/or services in the GDK are being used and how they are being used. Before any of this information is collected, the GDK will notify you and seek your consent. If you withhold consent, the information will not be collected.
2025-11-02T02:17:03.9168878Z 
2025-11-02T02:17:03.9169209Z 6.2 The data collected is examined in the aggregate to improve the GDK and is maintained in accordance with Google's Privacy Policy.
2025-11-02T02:17:03.9169625Z 
2025-11-02T02:17:03.9169714Z 7. Third Party Applications
2025-11-02T02:17:03.9169853Z 
2025-11-02T02:17:03.9171508Z 7.1 If you use the GDK to run applications developed by a third party or that access data, content or resources provided by a third party, you agree that Google is not responsible for those applications, data, content, or resources. You understand that all data, content or resources which you may access through such third party applications are the sole responsibility of the person from which they originated and that Google is not liable for any loss or damage that you may experience as a result of the use or access of any of those third party applications, data, content, or resources.
2025-11-02T02:17:03.9173238Z 
2025-11-02T02:17:03.9174590Z 7.2 You should be aware the data, content, and resources presented to you through such a third party application may be protected by intellectual property rights which are owned by the providers (or by other persons or companies on their behalf). You may not modify, rent, lease, loan, sell, distribute or create derivative works based on these data, content, or resources (either in whole or in part) unless you have been specifically given permission to do so by the relevant owners.
2025-11-02T02:17:03.9176022Z 
2025-11-02T02:17:03.9176976Z 7.3 You acknowledge that your use of such third party applications, data, content, or resources may be subject to separate terms between you and the relevant third party. In that case, this License Agreement does not affect your legal relationship with these third parties.
2025-11-02T02:17:03.9177807Z 
2025-11-02T02:17:03.9177876Z 8. Using Google APIs
2025-11-02T02:17:03.9177990Z 
2025-11-02T02:17:03.9178059Z 8.1 Google APIs
2025-11-02T02:17:03.9178167Z 
2025-11-02T02:17:03.9179655Z 8.1.1 If you use any API to retrieve data from Google, you acknowledge that the data may be protected by intellectual property rights which are owned by Google or those parties that provide the data (or by other persons or companies on their behalf). Your use of any such API may be subject to additional Terms of Service. You may not modify, rent, lease, loan, sell, distribute or create derivative works based on this data (either in whole or in part) unless allowed by the relevant Terms of Service.
2025-11-02T02:17:03.9181106Z 
2025-11-02T02:17:03.9181768Z 8.1.2 If you use any API to retrieve a user's data from Google, you acknowledge and agree that you shall retrieve data only with the user's explicit consent and only when, and for the limited purposes for which, the user has given you permission to do so.
2025-11-02T02:17:03.9182505Z 
2025-11-02T02:17:03.9182598Z 9. Terminating this License Agreement
2025-11-02T02:17:03.9182762Z 
2025-11-02T02:17:03.9183041Z 9.1 This License Agreement will continue to apply until terminated by either you or Google as set out below.
2025-11-02T02:17:03.9183410Z 
2025-11-02T02:17:03.9183729Z 9.2 If you want to terminate this License Agreement, you may do so by ceasing your use of the GDK and any relevant developer credentials.
2025-11-02T02:17:03.9184144Z 
2025-11-02T02:17:03.9185889Z 9.3 Google may at any time, terminate this License Agreement with you if: (A) you have breached any provision of this License Agreement; or (B) Google is required to do so by law; or (C) the partner with whom Google offered certain parts of GDK (such as APIs) to you has terminated its relationship with Google or ceased to offer certain parts of the GDK to you; or (D) Google decides to no longer provide the GDK or certain parts of the GDK to users in the country in which you are resident or from which you use the service, or the provision of the GDK or certain GDK services to you by Google is, in Google's sole discretion, no longer commercially viable.
2025-11-02T02:17:03.9187924Z 
2025-11-02T02:17:03.9189178Z 9.4 When this License Agreement comes to an end, all of the legal rights, obligations and liabilities that you and Google have benefited from, been subject to (or which have accrued over time whilst this License Agreement has been in force) or which are expressed to continue indefinitely, shall be unaffected by this cessation, and the provisions of paragraph 14.7 shall continue to apply to such rights, obligations and liabilities indefinitely.
2025-11-02T02:17:03.9190499Z 
2025-11-02T02:17:03.9190581Z 10. DISCLAIMER OF WARRANTIES
2025-11-02T02:17:03.9190716Z 
2025-11-02T02:17:03.9191152Z 10.1 YOU EXPRESSLY UNDERSTAND AND AGREE THAT YOUR USE OF THE GDK IS AT YOUR SOLE RISK AND THAT THE GDK IS PROVIDED "AS IS" AND "AS AVAILABLE" WITHOUT WARRANTY OF ANY KIND FROM GOOGLE.
2025-11-02T02:17:03.9191668Z 
2025-11-02T02:17:03.9192367Z 10.2 YOUR USE OF THE GDK AND ANY MATERIAL DOWNLOADED OR OTHERWISE OBTAINED THROUGH THE USE OF THE GDK IS AT YOUR OWN DISCRETION AND RISK AND YOU ARE SOLELY RESPONSIBLE FOR ANY DAMAGE TO YOUR COMPUTER SYSTEM OR OTHER DEVICE OR LOSS OF DATA THAT RESULTS FROM SUCH USE.
2025-11-02T02:17:03.9193146Z 
2025-11-02T02:17:03.9193865Z 10.3 GOOGLE FURTHER EXPRESSLY DISCLAIMS ALL WARRANTIES AND CONDITIONS OF ANY KIND, WHETHER EXPRESS OR IMPLIED, INCLUDING, BUT NOT LIMITED TO THE IMPLIED WARRANTIES AND CONDITIONS OF MERCHANTABILITY, FITNESS FOR A PARTICULAR PURPOSE AND NON-INFRINGEMENT.
2025-11-02T02:17:03.9194660Z 
2025-11-02T02:17:03.9194734Z 11. LIMITATION OF LIABILITY
2025-11-02T02:17:03.9194866Z 
2025-11-02T02:17:03.9196091Z 11.1 YOU EXPRESSLY UNDERSTAND AND AGREE THAT GOOGLE, ITS SUBSIDIARIES AND AFFILIATES, AND ITS LICENSORS SHALL NOT BE LIABLE TO YOU UNDER ANY THEORY OF LIABILITY FOR ANY DIRECT, INDIRECT, INCIDENTAL, SPECIAL, CONSEQUENTIAL OR EXEMPLARY DAMAGES THAT MAY BE INCURRED BY YOU, INCLUDING ANY LOSS OF DATA, WHETHER OR NOT GOOGLE OR ITS REPRESENTATIVES HAVE BEEN ADVISED OF OR SHOULD HAVE BEEN AWARE OF THE POSSIBILITY OF ANY SUCH LOSSES ARISING.
2025-11-02T02:17:03.9197706Z 
2025-11-02T02:17:03.9197905Z 12. Indemnification
2025-11-02T02:17:03.9198021Z 
2025-11-02T02:17:03.9200072Z 12.1 To the maximum extent permitted by law, you agree to defend, indemnify and hold harmless Google, its affiliates and their respective directors, officers, employees and agents from and against any and all claims, actions, suits or proceedings, as well as any and all losses, liabilities, damages, costs and expenses (including reasonable attorneys fees) arising out of or accruing from (a) your use of the GDK, (b) any application you develop on the GDK that infringes any copyright, trademark, trade secret, trade dress, patent or other intellectual property right of any person or defames any person or violates their rights of publicity or privacy, and (c) any non-compliance by you with this License Agreement.
2025-11-02T02:17:03.9202169Z 
2025-11-02T02:17:03.9202259Z 13. Changes to the License Agreement
2025-11-02T02:17:03.9202416Z 
2025-11-02T02:17:03.9203045Z 13.1 Google may make changes to the License Agreement as it distributes new versions of the GDK. When these changes are made, Google will make a new version of the License Agreement available on the website where the GDK is made available.
2025-11-02T02:17:03.9203756Z 
2025-11-02T02:17:03.9203866Z 14. General Legal Terms
2025-11-02T02:17:03.9203986Z 
2025-11-02T02:17:03.9204846Z 14.1 This License Agreement constitutes the whole legal agreement between you and Google and governs your use of the GDK (excluding any services which Google may provide to you under a separate written agreement), and completely replaces any prior agreements between you and Google in relation to the GDK.
2025-11-02T02:17:03.9205783Z 
2025-11-02T02:17:03.9206922Z 14.2 You agree that if Google does not exercise or enforce any legal right or remedy which is contained in this License Agreement (or which Google has the benefit of under any applicable law), this will not be taken to be a formal waiver of Google's rights and that those rights or remedies will still be available to Google.
2025-11-02T02:17:03.9208020Z 
2025-11-02T02:17:03.9209003Z 14.3 If any court of law, having the jurisdiction to decide on this matter, rules that any provision of this License Agreement is invalid, then that provision will be removed from this License Agreement without affecting the rest of this License Agreement. The remaining provisions of this License Agreement will continue to be valid and enforceable.
2025-11-02T02:17:03.9210035Z 
2025-11-02T02:17:03.9211264Z 14.4 You acknowledge and agree that each member of the group of companies of which Google is the parent shall be third party beneficiaries to this License Agreement and that such other companies shall be entitled to directly enforce, and rely upon, any provision of this License Agreement that confers a benefit on (or rights in favor of) them. Other than this, no other person or company shall be third party beneficiaries to this License Agreement.
2025-11-02T02:17:03.9212594Z 
2025-11-02T02:17:03.9213327Z 14.5 EXPORT RESTRICTIONS. THE GDK IS SUBJECT TO UNITED STATES EXPORT LAWS AND REGULATIONS. YOU MUST COMPLY WITH ALL DOMESTIC AND INTERNATIONAL EXPORT LAWS AND REGULATIONS THAT APPLY TO THE GDK. THESE LAWS INCLUDE RESTRICTIONS ON DESTINATIONS, END USERS AND END USE.
2025-11-02T02:17:03.9214140Z 
2025-11-02T02:17:03.9215109Z 14.6 The rights granted in this License Agreement may not be assigned or transferred by either you or Google without the prior written approval of the other party. Neither you nor Google shall be permitted to delegate their responsibilities or obligations under this License Agreement without the prior written approval of the other party.
2025-11-02T02:17:03.9216151Z 
2025-11-02T02:17:03.9217992Z 14.7 This License Agreement, and your relationship with Google under this License Agreement, shall be governed by the laws of the State of California without regard to its conflict of laws provisions. You and Google agree to submit to the exclusive jurisdiction of the courts located within the county of Santa Clara, California to resolve any legal matter arising from this License Agreement. Notwithstanding this, you agree that Google shall still be allowed to apply for injunctive remedies (or an equivalent type of urgent legal relief) in any jurisdiction.
2025-11-02T02:17:03.9219679Z 
2025-11-02T02:17:03.9219750Z November 19, 2013
2025-11-02T02:17:03.9219935Z ---------------------------------------
2025-11-02T02:17:03.9220161Z Accept? (y/N): 
2025-11-02T02:17:03.9220362Z 6/6: License mips-android-sysimage-license:
2025-11-02T02:17:03.9220615Z ---------------------------------------
2025-11-02T02:17:03.9222465Z MIPS Technologies, Inc. (“MIPS”) Internal Evaluation License Agreement for MIPS Android™ System Images for Android Software Development Kit (SDK): This Internal Evaluation License Agreement (this "Agreement") is entered into by and between MIPS and you (as an individual developer or a legal entity -- identified below as “Recipient”). MIPS shall make the Evaluation Software available to Recipient as described in accordance with the terms and conditions set forth below.
2025-11-02T02:17:03.9223920Z 
2025-11-02T02:17:03.9225634Z By clicking on the “Accept” button, downloading, installing, or otherwise using the Evaluation Materials (defined below), you agree to be bound by the terms of this Agreement effective as of the date you click “Accept” (the “Effective Date”), and if doing so on behalf of an entity, you represent that you are authorized to bind the entity to the terms and conditions of this Agreement. If you do not agree to be bound by the terms and conditions of this Agreement, do not download, install, or use the Evaluation Materials.
2025-11-02T02:17:03.9227233Z 
2025-11-02T02:17:03.9227380Z 1. DEFINITIONS. These terms shall have the following meanings:
2025-11-02T02:17:03.9227615Z 
2025-11-02T02:17:03.9228137Z 1.1 “MIPS” shall mean MIPS Technologies, Inc., a Delaware corporation having a principal place of business at: 955 East Arques Ave., Sunnyvale, CA 94085
2025-11-02T02:17:03.9228739Z 
2025-11-02T02:17:03.9229260Z 1.2 “Evaluation Software” shall mean MIPS Android™ emulator system images for Android Software Development Kit (SDK), as made available to Recipient.
2025-11-02T02:17:03.9229759Z 
2025-11-02T02:17:03.9230826Z 1.3 “Evaluation Materials" means, collectively, the Evaluation Software (in source and/or object code form) and documentation (including, without limitation, any design documents, specifications, reference manuals, and other related materials) related to the Evaluation Software as made available to Recipient.
2025-11-02T02:17:03.9231817Z 
2025-11-02T02:17:03.9235175Z 1.4 “Open Source Software” means any software that requires (as a condition of use, modification and/or distribution of such software) that such software or other software incorporated into, derived from or distributed with such software (a) be disclosed or distributed in source code form; or (b) be licensed by the user to third parties for the purpose of making and/or distributing derivative works; or (c) be redistributable at no charge. Open Source Software includes, without limitation, software licensed or distributed under any of the following licenses or distribution models, or licenses or distribution models substantially similar to any of the following: (a) GNU’s General Public License (GPL) or Lesser/Library GPL (LGPL), (b) the Artistic License (e.g., PERL), (c) the Mozilla Public License, (d) the Netscape Public License, (e) the Sun Community Source License (SCSL), (f) the Sun Industry Source License (SISL), (g) the Apache Software license and (h) the Common Public License (CPL).
2025-11-02T02:17:03.9238289Z 
2025-11-02T02:17:03.9239321Z 1.5 “Pre-Release Materials” means “alpha” or “beta” designated pre-release features, which may not be fully functional, which MIPS may substantially modify in producing any production version of the Evaluation Materials, and/or which is still under development by MIPS and/or MIPS’ suppliers.
2025-11-02T02:17:03.9240242Z 
2025-11-02T02:17:03.9242046Z 2. PURPOSE. MIPS desires to make the Evaluation Materials available to Recipient solely for Recipient's internal evaluation of the Evaluation Software to evaluate the desirability of cooperating with MIPS in developing products that are compatible with the Evaluation Software and/or to advise MIPS as to possible modifications to the Evaluation Software. Recipient may not disclose, distribute, modify (except to facilitate the above-mentioned internal evaluation), or make commercial use of the Evaluation Materials or any modifications of the Evaluation Materials.
2025-11-02T02:17:03.9243769Z 
2025-11-02T02:17:03.9245034Z THE EVALUATION MATERIALS ARE PROVIDED FOR EVALUATION PURPOSES ONLY AND MAY NOT BE MODIFIED (EXCEPT TO FACILITATE THE INTERNAL EVALUATION) OR DISTRIBUTED BY RECIPIENT OR INCORPORATED INTO RECIPIENT’S PRODUCTS OR SOFTWARE. PLEASE CONTACT A MIPS SALES REPRESENTATIVE TO LEARN ABOUT THE AVAILABILITY AND COST OF A COMMERCIAL VERSION OF THE EVALUATION SOFTWARE.
2025-11-02T02:17:03.9246156Z 
2025-11-02T02:17:03.9247233Z 3. TITLE. Title to the Evaluation Materials remains with MIPS or its suppliers. Recipient shall not mortgage, pledge or encumber the Evaluation Materials in any way. Recipient shall return all Evaluation Materials, keeping no copies, upon termination or expiration of this Agreement.
2025-11-02T02:17:03.9248132Z 
2025-11-02T02:17:03.9251516Z 4. LICENSE. MIPS grants Recipient a royalty-free, personal, nontransferable, nonexclusive license under its copyrights to use the Evaluation Software only for the purposes described in paragraph 2 above and only for a period beginning on the Effective Date and extending to the first anniversary of the Effective Date (the “Evaluation Period”). Unless otherwise communicated in writing by MIPS to Recipient, to the extent the Evaluation Software is provided in more than one delivery or release (each, a “Release”) the license grant in this Section 4 and the Evaluation Period shall apply to each Release, in which case the Evaluation Period shall begin on the date that the Release is made generally available and continue to the first anniversary of such date. Recipient may not make modifications to the Evaluation Software. Recipient shall not disassemble, reverse-engineer, or decompile any software that is not provided to Recipient in source code form.
2025-11-02T02:17:03.9254471Z 
2025-11-02T02:17:03.9254476Z 
2025-11-02T02:17:03.9255407Z EXCEPT AS PROVIDED HEREIN, NO OTHER LICENSE, EXPRESS OR IMPLIED, BY ESTOPPEL OR OTHERWISE, TO ANY OTHER MIPS INTELLECTUAL PROPERTY RIGHTS IS GRANTED TO THE RECIPIENT. OTHER THAN AS EXPLICITLY SET FORTH IN PARAGRAPH 2 ABOVE, NO RIGHT TO COPY, TO REPRODUCE, TO MODIFY, OR TO CREATE DERIVATIVE WORKS OF, THE EVALUATION MATERIALS IS GRANTED HEREIN.
2025-11-02T02:17:03.9256534Z 
2025-11-02T02:17:03.9257752Z 5. NO OBLIGATION. Recipient shall have no duty to purchase or license any product from MIPS. MIPS and its suppliers shall have no obligation to provide support for, or develop a non-evaluation version of, the Evaluation Software or to license any version of it.
2025-11-02T02:17:03.9258946Z 
2025-11-02T02:17:03.9263701Z 6. MODIFICATIONS. This Agreement does not obligate Recipient to provide MIPS with comments or suggestions regarding Evaluation Materials. However, should Recipient provide MIPS with comments or suggestions for the modification, correction, improvement or enhancement of (a) the Evaluation Materials or (b) MIPS products or processes which may embody the Evaluation Materials, then Recipient agrees to grant and hereby grants to MIPS a non-exclusive, irrevocable, worldwide, fully paid-up, royalty-free license, with the right to sublicense MIPS’ licensees and customers, under Recipient’s Intellectual property rights, to use and disclose such comments and suggestions in any manner MIPS chooses and to display, perform, copy, make, have made, use, sell, offer to sell, import, and otherwise dispose of MIPS’ and its sublicensee’s products embodying such comments and suggestions in any manner and via any media MIPS chooses, without reference to the source.
2025-11-02T02:17:03.9268356Z 
2025-11-02T02:17:03.9270282Z 7. WARRANTY DISCLAIMER. MIPS AND ITS SUPPLIERS MAKE NO WARRANTIES WITH RESPECT TO EVALUATION MATERIALS, EITHER EXPRESS OR IMPLIED, INCLUDING ANY IMPLIED WARRANTIES OF MERCHANTABILITY OR FITNESS FOR A PARTICULAR PURPOSE, OR ANY IMPLIED WARRANTY OF NONINFRINGEMENT WITH RESPECT TO THIRD PARTY INTELLECTUAL PROPERTY. RECIPIENT ACKNOWLEDGES AND AGREES THAT THE EVALUATION MATERIALS ARE PROVIDED “AS IS,” WITHOUT WARRANTY OF ANY KIND.
2025-11-02T02:17:03.9271681Z 
2025-11-02T02:17:03.9273363Z 8. LIMITATION OF LIABILITY. MIPS AND ITS SUPPLIERS SHALL NOT BE LIABLE FOR ANY PROPERTY DAMAGE, PERSONAL INJURY, LOSS OF PROFITS, INTERRUPTION OF BUSINESS OR FOR ANY DIRECT, INDIRECT, SPECIAL, CONSEQUENTIAL OR INCIDENTAL DAMAGES, HOWEVER CAUSED OR ALLEGED, WHETHER FOR BREACH OF WARRANTY, CONTRACT, STRICT LIABILITY OR OTHERWISE, INCLUDING WITHOUT LIMITATION, UNDER TORT OR OTHER LEGAL THEORY. MIPS AND ITS SUPPLIERS DISCLAIM ANY AND ALL LIABILITY, INCLUDING LIABILITY FOR INFRINGEMENT OF ANY INTELLECTUAL PROPERTY RIGHTS OF ANY KIND RELATING TO THE EVALUATION MATERIALS.
2025-11-02T02:17:03.9275109Z 
2025-11-02T02:17:03.9275749Z 9. EXPIRATION. MIPS may terminate this Agreement immediately after a breach by Recipient or otherwise at MIPS’ reasonable discretion and upon five (5) business days’ notice to Recipient.
2025-11-02T02:17:03.9276633Z 
2025-11-02T02:17:03.9276707Z 10. GENERAL.
2025-11-02T02:17:03.9276808Z 
2025-11-02T02:17:03.9279779Z 10.1 Controlling Law. This Agreement shall be governed by California law excluding its choice of law rules. With the exception of MIPS’ rights to enforce its intellectual property rights and any confidentiality obligations under this Agreement or any licenses distributed with the Evaluation Materials, all disputes and any claims arising under or relating to this Agreement shall be subject to the exclusive jurisdiction and venue of the state and federal courts located in Santa Clara County, California. Each party hereby agrees to jurisdiction and venue in the courts set forth in the preceding sentence. The parties agree that the United Nations Convention on Contracts for the International Sale of Goods is specifically excluded from application to this Agreement. The parties consent to the personal jurisdiction of the above courts.
2025-11-02T02:17:03.9282457Z 
2025-11-02T02:17:03.9283967Z 10.2 Remedies. Recipient acknowledges and agrees that any breach of confidentiality obligations under this Agreement or any licenses distributed with the Evaluation Materials, as well as any disclosure, commercialization, or public use of the Evaluation Materials, would cause irreparable injury to MIPS, and therefore Recipient agrees to consent to, and hereby consents to, the grant of an injunction by any court of competent jurisdiction in the event of an actual or threatened breach.
2025-11-02T02:17:03.9286139Z 
2025-11-02T02:17:03.9288218Z 10.3 Assignment. Recipient may not delegate, assign or transfer this Agreement, the license granted or any of Recipient’s rights, obligations, or duties hereunder, expressly, by implication, by operation of law, by way of merger (regardless of whether Recipient is the surviving entity) or acquisition, or otherwise and any attempt to do so, without MIPS’ express prior written consent, shall be ineffective, null and void. MIPS may freely assign this Agreement, and its rights and obligations hereunder, in its sole discretion.
2025-11-02T02:17:03.9290195Z 
2025-11-02T02:17:03.9291653Z 10.4 Entire Agreement. This Agreement constitutes the entire agreement between Recipient and MIPS and supersedes in their entirety any and all oral or written agreements previously existing between Recipient and MIPS with respect to the subject matter hereof. This Agreement may only be amended or supplemented by a writing that refers explicitly to this Agreement and that is signed or otherwise accepted by duly authorized representatives of Recipient and MIPS.
2025-11-02T02:17:03.9293326Z 
2025-11-02T02:17:03.9294806Z 10.5 Severability. In the event that any provision of this Agreement is finally adjudicated to be unenforceable or invalid under any applicable law, such unenforceability or invalidity shall not render this Agreement unenforceable or invalid as a whole, and, in such event, such unenforceable or invalid provision shall be interpreted so as to best accomplish the objectives of such provision within the limits of applicable law or applicable court decisions.
2025-11-02T02:17:03.9296204Z 
2025-11-02T02:17:03.9300736Z 10.6 Export Regulations / Export Control. Recipient shall not export, either directly or indirectly, any product, service or technical data or system incorporating the Evaluation Materials without first obtaining any required license or other necessary approval from the U.S. Department of Commerce or any other governing agency or department of the United States Government. In the event any product is exported from the United States or re-exported from a foreign destination by Recipient, Recipient shall ensure that the distribution and export/re-export or import of the product is in compliance with all applicable laws, regulations, orders, or other restrictions of the U.S. Export Administration Regulations and the appropriate foreign government. Recipient agrees that neither it nor any of its subsidiaries will export/re-export any technical data, process, product, or service, directly or indirectly, to any country for which the United States government or any agency thereof or the foreign government from where it is shipping requires an export license, or other governmental approval, without first obtaining such license or approval. Recipient also agrees to implement measures to ensure that foreign national employees are authorized to receive any information controlled by U.S. export control laws. An export is "deemed" to take place when information is released to a foreign national wherever located.
2025-11-02T02:17:03.9305203Z 
2025-11-02T02:17:03.9308915Z 10.7 Special Terms for Pre-Release Materials. If so indicated in the description of the Evaluation Software, the Evaluation Software may contain Pre-Release Materials. Recipient hereby understands, acknowledges and agrees that: (i) Pre-Release Materials may not be fully tested and may contain bugs or errors; (ii) Pre-Release materials are not suitable for commercial release in their current state; (iii) regulatory approvals for Pre-Release Materials (such as UL or FCC) have not been obtained, and Pre-Release Materials may therefore not be certified for use in certain countries or environments or may not be suitable for certain applications and (iv) MIPS can provide no assurance that it will ever produce or make generally available a production version of the Pre-Release Materials . MIPS is not under any obligation to develop and/or release or offer for sale or license a final product based upon the Pre-Release Materials and may unilaterally elect to abandon the Pre-Release Materials or any such development platform at any time and without any obligation or liability whatsoever to Recipient or any other person.
2025-11-02T02:17:03.9312556Z 
2025-11-02T02:17:03.9313170Z ANY PRE-RELEASE MATERIALS ARE NON-QUALIFIED AND, AS SUCH, ARE PROVIDED “AS IS” AND “AS AVAILABLE”, POSSIBLY WITH FAULTS, AND WITHOUT REPRESENTATION OR WARRANTY OF ANY KIND.
2025-11-02T02:17:03.9313707Z 
2025-11-02T02:17:03.9315579Z 10.8 Open Source Software. In the event Open Source software is included with Evaluation Software, such Open Source software is licensed pursuant to the applicable Open Source software license agreement identified in the Open Source software comments in the applicable source code file(s) and/or file header as indicated in the Evaluation Software. Additional detail may be available (where applicable) in the accompanying on-line documentation. With respect to the Open Source software, nothing in this Agreement limits any rights under, or grants rights that supersede, the terms of any applicable Open Source software license agreement.
2025-11-02T02:17:03.9317806Z ---------------------------------------
2025-11-02T02:17:03.9318099Z Accept? (y/N): All SDK package licenses accepted
2025-11-02T02:17:03.9318411Z 
2025-11-02T02:17:03.9318617Z [command]/usr/local/lib/android/sdk/cmdline-tools/16.0/bin/sdkmanager tools
2025-11-02T02:17:04.6458462Z Loading package information...                                                  
2025-11-02T02:17:04.7403023Z Loading local repository...                                                     
2025-11-02T02:17:04.7407282Z [                                       ] 3% Loading local repository...        
2025-11-02T02:17:04.7512825Z [                                       ] 3% Fetch remote repository...         
2025-11-02T02:17:05.0691279Z [=                                      ] 3% Fetch remote repository...         
2025-11-02T02:17:05.1381238Z [=                                      ] 4% Fetch remote repository...         
2025-11-02T02:17:05.1684965Z [=                                      ] 5% Fetch remote repository...         
2025-11-02T02:17:05.2093991Z [==                                     ] 5% Fetch remote repository...         
2025-11-02T02:17:05.2755835Z [==                                     ] 6% Fetch remote repository...         
2025-11-02T02:17:05.3687656Z [==                                     ] 7% Fetch remote repository...         
2025-11-02T02:17:05.3702129Z [==                                     ] 7% Computing updates...               
2025-11-02T02:17:05.3803191Z [===                                    ] 8% Computing updates...               
2025-11-02T02:17:05.3997743Z [===                                    ] 10% Computing updates...              
2025-11-02T02:17:05.8606828Z [===                                    ] 10% Installing Android Emulator       
2025-11-02T02:17:05.9814660Z [===                                    ] 10% Downloading emulator-linux_x64-142
2025-11-02T02:17:06.1127564Z [====                                   ] 10% Downloading emulator-linux_x64-142
2025-11-02T02:17:06.3675589Z [====                                   ] 11% Downloading emulator-linux_x64-142
2025-11-02T02:17:06.6484989Z [====                                   ] 12% Downloading emulator-linux_x64-142
2025-11-02T02:17:06.9079006Z [=====                                  ] 13% Downloading emulator-linux_x64-142
2025-11-02T02:17:07.1383403Z [=====                                  ] 14% Downloading emulator-linux_x64-142
2025-11-02T02:17:07.2910272Z [=====                                  ] 15% Downloading emulator-linux_x64-142
2025-11-02T02:17:07.3951824Z [======                                 ] 15% Downloading emulator-linux_x64-142
2025-11-02T02:17:07.6406828Z [======                                 ] 16% Downloading emulator-linux_x64-142
2025-11-02T02:17:07.8771801Z [======                                 ] 17% Downloading emulator-linux_x64-142
2025-11-02T02:17:08.1023782Z [=======                                ] 18% Downloading emulator-linux_x64-142
2025-11-02T02:17:08.3786944Z [=======                                ] 19% Downloading emulator-linux_x64-142
2025-11-02T02:17:08.4919873Z [=======                                ] 20% Downloading emulator-linux_x64-142
2025-11-02T02:17:08.6193115Z [========                               ] 20% Downloading emulator-linux_x64-142
2025-11-02T02:17:08.8051679Z [========                               ] 21% Downloading emulator-linux_x64-142
2025-11-02T02:17:08.8908136Z [========                               ] 21% Unzipping...                      
2025-11-02T02:17:08.8909088Z [========                               ] 21% Unzipping... emulator/            
2025-11-02T02:17:08.8909874Z [========                               ] 21% Unzipping... emulator/NOTICE.csv  
2025-11-02T02:17:08.8910443Z [========                               ] 21% Unzipping... emulator/bin64/      
2025-11-02T02:17:08.8910963Z [========                               ] 21% Unzipping... emulator/android-info
2025-11-02T02:17:08.8950379Z [========                               ] 21% Unzipping... emulator/NOTICE.txt  
2025-11-02T02:17:08.8952055Z [========                               ] 21% Unzipping... emulator/qemu/       
2025-11-02T02:17:08.9075915Z [========                               ] 21% Unzipping... emulator/mksdcard    
2025-11-02T02:17:08.9077795Z [========                               ] 21% Unzipping... emulator/lib64/      
2025-11-02T02:17:08.9412243Z [========                               ] 21% Unzipping... emulator/qsn         
2025-11-02T02:17:08.9674507Z [========                               ] 21% Unzipping... emulator/crashreport 
2025-11-02T02:17:08.9904823Z [========                               ] 21% Unzipping... emulator/crashpad_han
2025-11-02T02:17:08.9906762Z [========                               ] 21% Unzipping... emulator/lib/        
2025-11-02T02:17:09.0101973Z [========                               ] 21% Unzipping... emulator/emulator-che
2025-11-02T02:17:09.0184960Z [========                               ] 21% Unzipping... emulator/qemu-img    
2025-11-02T02:17:09.0188699Z [========                               ] 21% Unzipping... emulator/LICENSE     
2025-11-02T02:17:09.0193336Z [========                               ] 21% Unzipping... emulator/source.prope
2025-11-02T02:17:09.0194074Z [========                               ] 21% Unzipping... emulator/resources/  
2025-11-02T02:17:09.0259956Z [========                               ] 21% Unzipping... emulator/nimble_bridg
2025-11-02T02:17:09.0662641Z [========                               ] 22% Unzipping... emulator/nimble_bridg
2025-11-02T02:17:09.2013311Z [========                               ] 22% Unzipping... emulator/netsimd     
2025-11-02T02:17:09.2014134Z [========                               ] 22% Unzipping... emulator/include/    
2025-11-02T02:17:09.2103593Z [========                               ] 22% Unzipping... emulator/emulator    
2025-11-02T02:17:09.2128600Z [========                               ] 22% Unzipping... emulator/bin64/mkfs.e
2025-11-02T02:17:09.2163413Z [========                               ] 22% Unzipping... emulator/bin64/e2fsck
2025-11-02T02:17:09.2180790Z [========                               ] 22% Unzipping... emulator/bin64/resize
2025-11-02T02:17:09.2231730Z [========                               ] 22% Unzipping... emulator/bin64/fsck.e
2025-11-02T02:17:09.2260721Z [========                               ] 22% Unzipping... emulator/bin64/tune2f
2025-11-02T02:17:09.3922053Z [========                               ] 22% Unzipping... emulator/qemu/linux-x
2025-11-02T02:17:09.7375689Z [=========                              ] 23% Unzipping... emulator/qemu/linux-x
2025-11-02T02:17:10.0624342Z [=========                              ] 24% Unzipping... emulator/qemu/linux-x
2025-11-02T02:17:10.2398664Z [=========                              ] 25% Unzipping... emulator/qemu/linux-x
2025-11-02T02:17:10.2769715Z [==========                             ] 25% Unzipping... emulator/qemu/linux-x
2025-11-02T02:17:10.2774215Z [==========                             ] 25% Unzipping... emulator/lib64/libemu
2025-11-02T02:17:10.4166589Z [==========                             ] 25% Unzipping... emulator/lib64/liband
2025-11-02T02:17:10.4167203Z [==========                             ] 25% Unzipping... emulator/lib64/gles_a
2025-11-02T02:17:10.4266035Z [==========                             ] 25% Unzipping... emulator/lib64/libgfx
2025-11-02T02:17:10.4888260Z [==========                             ] 26% Unzipping... emulator/lib64/libgfx
2025-11-02T02:17:10.5016948Z [==========                             ] 26% Unzipping... emulator/lib64/libpro
2025-11-02T02:17:10.5017931Z [==========                             ] 26% Unzipping... emulator/lib64/qt/   
2025-11-02T02:17:10.5024661Z [==========                             ] 26% Unzipping... emulator/lib64/liband
2025-11-02T02:17:10.5148360Z [==========                             ] 26% Unzipping... emulator/lib64/libpro
2025-11-02T02:17:10.5303852Z [==========                             ] 26% Unzipping... emulator/lib64/liband
2025-11-02T02:17:10.5307408Z [==========                             ] 26% Unzipping... emulator/lib64/libima
2025-11-02T02:17:10.5309553Z [==========                             ] 26% Unzipping... emulator/lib64/gles_m
2025-11-02T02:17:10.5334868Z [==========                             ] 26% Unzipping... emulator/lib64/libtcm
2025-11-02T02:17:10.5387189Z [==========                             ] 26% Unzipping... emulator/lib64/liband
2025-11-02T02:17:10.5397531Z [==========                             ] 26% Unzipping... emulator/lib64/libdrm
2025-11-02T02:17:10.5629745Z [==========                             ] 26% Unzipping... emulator/lib64/liband
2025-11-02T02:17:10.5690383Z [==========                             ] 26% Unzipping... emulator/lib64/libc++
2025-11-02T02:17:10.5909013Z [==========                             ] 26% Unzipping... emulator/lib64/liband
2025-11-02T02:17:10.5981808Z [==========                             ] 26% Unzipping... emulator/lib64/libsha
2025-11-02T02:17:10.5982489Z [==========                             ] 26% Unzipping... emulator/lib64/gles_s
2025-11-02T02:17:10.6031555Z [==========                             ] 26% Unzipping... emulator/lib64/libabs
2025-11-02T02:17:10.6039587Z [==========                             ] 26% Unzipping... emulator/lib64/liband
2025-11-02T02:17:10.6114531Z [==========                             ] 26% Unzipping... emulator/lib64/libzst
2025-11-02T02:17:10.6214097Z [==========                             ] 26% Unzipping... emulator/lib64/libgli
2025-11-02T02:17:10.6218249Z [==========                             ] 26% Unzipping... emulator/lib64/vulkan
2025-11-02T02:17:10.6288166Z [==========                             ] 26% Unzipping... emulator/lib64/libc++
2025-11-02T02:17:10.7655874Z [==========                             ] 26% Unzipping... emulator/lib64/gles_a
2025-11-02T02:17:10.7658891Z [==========                             ] 26% Unzipping... emulator/lib64/qt/lib
2025-11-02T02:17:10.7659421Z [==========                             ] 26% Unzipping... emulator/lib64/qt/plu
2025-11-02T02:17:10.7662972Z [==========                             ] 26% Unzipping... emulator/lib64/qt/tra
2025-11-02T02:17:10.7663498Z [==========                             ] 26% Unzipping... emulator/lib64/qt/res
2025-11-02T02:17:10.7906832Z [==========                             ] 26% Unzipping... emulator/lib64/qt/lib
2025-11-02T02:17:11.1587240Z [==========                             ] 27% Unzipping... emulator/lib64/qt/lib
2025-11-02T02:17:11.5378313Z [===========                            ] 28% Unzipping... emulator/lib64/qt/lib
2025-11-02T02:17:11.9005599Z [===========                            ] 29% Unzipping... emulator/lib64/qt/lib
2025-11-02T02:17:11.9778031Z [===========                            ] 30% Unzipping... emulator/lib64/qt/lib
2025-11-02T02:17:11.9904639Z [===========                            ] 30% Unzipping... emulator/lib64/qt/plu
2025-11-02T02:17:12.1076751Z [===========                            ] 30% Unzipping... emulator/lib64/qt/tra
2025-11-02T02:17:12.1126788Z [===========                            ] 30% Unzipping... emulator/lib64/qt/res
2025-11-02T02:17:12.2090246Z [============                           ] 30% Unzipping... emulator/lib64/qt/res
2025-11-02T02:17:12.2165858Z [============                           ] 30% Unzipping... emulator/lib64/gles_m
2025-11-02T02:17:12.4131904Z [============                           ] 31% Unzipping... emulator/lib64/gles_m
2025-11-02T02:17:12.4817931Z [============                           ] 31% Unzipping... emulator/lib64/gles_s
2025-11-02T02:17:12.5877239Z [============                           ] 31% Unzipping... emulator/lib64/vulkan
2025-11-02T02:17:12.8217354Z [============                           ] 32% Unzipping... emulator/lib64/vulkan
2025-11-02T02:17:12.8219548Z [============                           ] 32% Unzipping... emulator/lib/ice_conf
2025-11-02T02:17:12.8221773Z [============                           ] 32% Unzipping... emulator/lib/emulator
2025-11-02T02:17:12.8224331Z [============                           ] 32% Unzipping... emulator/lib/rtc_serv
2025-11-02T02:17:12.8225417Z [============                           ] 32% Unzipping... emulator/lib/pc-bios/
2025-11-02T02:17:12.8226177Z [============                           ] 32% Unzipping... emulator/lib/cmake/  
2025-11-02T02:17:12.8229660Z [============                           ] 32% Unzipping... emulator/lib/snapshot
2025-11-02T02:17:12.8230384Z [============                           ] 32% Unzipping... emulator/lib/pkgconfi
2025-11-02T02:17:12.8232831Z [============                           ] 32% Unzipping... emulator/lib/emulator
2025-11-02T02:17:12.8566532Z [============                           ] 32% Unzipping... emulator/lib/libflatb
2025-11-02T02:17:12.8567622Z [============                           ] 32% Unzipping... emulator/lib/snapshot
2025-11-02T02:17:12.8568164Z [============                           ] 32% Unzipping... emulator/lib/control_
2025-11-02T02:17:12.8568660Z [============                           ] 32% Unzipping... emulator/lib/emulated
2025-11-02T02:17:12.8569168Z [============                           ] 32% Unzipping... emulator/lib/grpc_end
2025-11-02T02:17:12.8569664Z [============                           ] 32% Unzipping... emulator/lib/emu-orig
2025-11-02T02:17:12.8581699Z [============                           ] 32% Unzipping... emulator/lib/ca-bundl
2025-11-02T02:17:12.8587416Z [============                           ] 32% Unzipping... emulator/lib/hostapd.
2025-11-02T02:17:12.8590263Z [============                           ] 32% Unzipping... emulator/lib/rtc_serv
2025-11-02T02:17:12.8595684Z [============                           ] 32% Unzipping... emulator/lib/hardware
2025-11-02T02:17:12.8599406Z [============                           ] 32% Unzipping... emulator/lib/advanced
2025-11-02T02:17:12.8602351Z [============                           ] 32% Unzipping... emulator/lib/ui_contr
2025-11-02T02:17:12.8604930Z [============                           ] 32% Unzipping... emulator/lib/waterfal
2025-11-02T02:17:12.8607749Z [============                           ] 32% Unzipping... emulator/lib/adb_serv
2025-11-02T02:17:12.8614110Z [============                           ] 32% Unzipping... emulator/lib/emulator
2025-11-02T02:17:12.8755922Z [============                           ] 32% Unzipping... emulator/lib/pc-bios/
2025-11-02T02:17:12.8765723Z [============                           ] 32% Unzipping... emulator/lib/cmake/fl
2025-11-02T02:17:12.8768058Z [============                           ] 32% Unzipping... emulator/lib/pkgconfi
2025-11-02T02:17:12.9073423Z [============                           ] 32% Unzipping... emulator/resources/To
2025-11-02T02:17:12.9074290Z [============                           ] 32% Unzipping... emulator/resources/ma
2025-11-02T02:17:12.9084626Z [============                           ] 32% Unzipping... emulator/resources/po
2025-11-02T02:17:12.9155198Z [============                           ] 32% Unzipping... emulator/resources/ma
2025-11-02T02:17:12.9247847Z [============                           ] 32% Unzipping... emulator/include/flat
2025-11-02T02:17:12.9900962Z [=============                          ] 33% Unzipping... emulator/include/flat
2025-11-02T02:17:13.6983844Z [=====================                  ] 55% Unzipping... emulator/include/flat
2025-11-02T02:17:13.8092002Z [=====================                  ] 55% Installing Android SDK Tools emula
2025-11-02T02:17:13.8270967Z [=====================                  ] 55% Downloading sdk-tools-linux-433379
2025-11-02T02:17:13.8952975Z [======================                 ] 55% Downloading sdk-tools-linux-433379
2025-11-02T02:17:14.0118559Z [======================                 ] 56% Downloading sdk-tools-linux-433379
2025-11-02T02:17:14.1549333Z [======================                 ] 57% Downloading sdk-tools-linux-433379
2025-11-02T02:17:14.2870211Z [=======================                ] 58% Downloading sdk-tools-linux-433379
2025-11-02T02:17:14.4026841Z [=======================                ] 59% Downloading sdk-tools-linux-433379
2025-11-02T02:17:14.4756507Z [=======================                ] 60% Downloading sdk-tools-linux-433379
2025-11-02T02:17:14.5364005Z [========================               ] 60% Downloading sdk-tools-linux-433379
2025-11-02T02:17:14.6772484Z [========================               ] 61% Downloading sdk-tools-linux-433379
2025-11-02T02:17:14.7928596Z [========================               ] 62% Downloading sdk-tools-linux-433379
2025-11-02T02:17:14.9085613Z [=========================              ] 63% Downloading sdk-tools-linux-433379
2025-11-02T02:17:15.0240500Z [=========================              ] 64% Downloading sdk-tools-linux-433379
2025-11-02T02:17:15.0644735Z [=========================              ] 65% Downloading sdk-tools-linux-433379
2025-11-02T02:17:15.1162098Z [==========================             ] 65% Downloading sdk-tools-linux-433379
2025-11-02T02:17:15.1851889Z [==========================             ] 66% Downloading sdk-tools-linux-433379
2025-11-02T02:17:15.2354420Z [==========================             ] 66% Unzipping... emulator/include/flat
2025-11-02T02:17:15.2355300Z [==========================             ] 66% Unzipping... tools/               
2025-11-02T02:17:15.2360571Z [==========================             ] 66% Unzipping... tools/proguard/      
2025-11-02T02:17:15.2362631Z [==========================             ] 66% Unzipping... tools/proguard/licens
2025-11-02T02:17:15.2363434Z [==========================             ] 66% Unzipping... tools/proguard/lib/  
2025-11-02T02:17:15.2399653Z [==========================             ] 66% Unzipping... tools/proguard/lib/pr
2025-11-02T02:17:15.2401241Z [==========================             ] 66% Unzipping... tools/proguard/lib/re
2025-11-02T02:17:15.2411556Z [==========================             ] 66% Unzipping... tools/proguard/lib/pr
2025-11-02T02:17:15.2412082Z [==========================             ] 66% Unzipping... tools/proguard/ant/  
2025-11-02T02:17:15.2413805Z [==========================             ] 66% Unzipping... tools/proguard/ant/ta
2025-11-02T02:17:15.2414731Z [==========================             ] 66% Unzipping... tools/proguard/docs/ 
2025-11-02T02:17:15.2418582Z [==========================             ] 66% Unzipping... tools/proguard/docs/f
2025-11-02T02:17:15.2426576Z [==========================             ] 66% Unzipping... tools/proguard/docs/s
2025-11-02T02:17:15.2428562Z [==========================             ] 66% Unzipping... tools/proguard/docs/d
2025-11-02T02:17:15.2432333Z [==========================             ] 66% Unzipping... tools/proguard/docs/s
2025-11-02T02:17:15.2434993Z [==========================             ] 66% Unzipping... tools/proguard/docs/F
2025-11-02T02:17:15.2439783Z [==========================             ] 66% Unzipping... tools/proguard/docs/s
2025-11-02T02:17:15.2441946Z [==========================             ] 66% Unzipping... tools/proguard/docs/l
2025-11-02T02:17:15.2445596Z [==========================             ] 66% Unzipping... tools/proguard/docs/s
2025-11-02T02:17:15.2449156Z [==========================             ] 66% Unzipping... tools/proguard/docs/d
2025-11-02T02:17:15.2454584Z [==========================             ] 66% Unzipping... tools/proguard/docs/s
2025-11-02T02:17:15.2456685Z [==========================             ] 66% Unzipping... tools/proguard/docs/r
2025-11-02T02:17:15.2458901Z [==========================             ] 66% Unzipping... tools/proguard/docs/d
2025-11-02T02:17:15.2461112Z [==========================             ] 66% Unzipping... tools/proguard/docs/t
2025-11-02T02:17:15.2463161Z [==========================             ] 66% Unzipping... tools/proguard/docs/f
2025-11-02T02:17:15.2467228Z [==========================             ] 66% Unzipping... tools/proguard/docs/s
2025-11-02T02:17:15.2471253Z [==========================             ] 66% Unzipping... tools/proguard/docs/t
2025-11-02T02:17:15.2472572Z [==========================             ] 66% Unzipping... tools/proguard/docs/i
2025-11-02T02:17:15.2475657Z [==========================             ] 66% Unzipping... tools/proguard/docs/s
2025-11-02T02:17:15.2478477Z [==========================             ] 66% Unzipping... tools/proguard/docs/m
2025-11-02T02:17:15.2480649Z [==========================             ] 66% Unzipping... tools/proguard/docs/s
2025-11-02T02:17:15.2483045Z [==========================             ] 66% Unzipping... tools/proguard/docs/q
2025-11-02T02:17:15.2486768Z [==========================             ] 66% Unzipping... tools/proguard/docs/G
2025-11-02T02:17:15.2488908Z [==========================             ] 66% Unzipping... tools/proguard/docs/t
2025-11-02T02:17:15.2501165Z [==========================             ] 66% Unzipping... tools/proguard/docs/s
2025-11-02T02:17:15.2540260Z [==========================             ] 66% Unzipping... tools/proguard/docs/m
2025-11-02T02:17:15.2541858Z [==========================             ] 66% Unzipping... tools/proguard/docs/s
2025-11-02T02:17:15.2543968Z [==========================             ] 66% Unzipping... tools/proguard/docs/G
2025-11-02T02:17:15.2545950Z [==========================             ] 66% Unzipping... tools/proguard/docs/c
2025-11-02T02:17:15.2550798Z [==========================             ] 66% Unzipping... tools/proguard/docs/a
2025-11-02T02:17:15.2559662Z [==========================             ] 66% Unzipping... tools/proguard/docs/s
2025-11-02T02:17:15.2561559Z [==========================             ] 66% Unzipping... tools/proguard/docs/d
2025-11-02T02:17:15.2628929Z [==========================             ] 66% Unzipping... tools/proguard/exampl
2025-11-02T02:17:15.2629521Z [==========================             ] 66% Unzipping... tools/proguard/bin/  
2025-11-02T02:17:15.2633315Z [==========================             ] 66% Unzipping... tools/proguard/bin/pr
2025-11-02T02:17:15.2635757Z [==========================             ] 66% Unzipping... tools/proguard/bin/re
2025-11-02T02:17:15.2638036Z [==========================             ] 66% Unzipping... tools/proguard/README
2025-11-02T02:17:15.2643182Z [==========================             ] 66% Unzipping... tools/proguard/progua
2025-11-02T02:17:15.2643980Z [==========================             ] 66% Unzipping... tools/lib/           
2025-11-02T02:17:15.2689525Z [==========================             ] 66% Unzipping... tools/lib/bcpkix-jdk1
2025-11-02T02:17:15.2699940Z [==========================             ] 66% Unzipping... tools/lib/org-eclipse
2025-11-02T02:17:15.2714456Z [==========================             ] 66% Unzipping... tools/lib/manifest-me
2025-11-02T02:17:15.2721443Z [==========================             ] 66% Unzipping... tools/lib/jcommander-
2025-11-02T02:17:15.2738459Z [==========================             ] 66% Unzipping... tools/lib/gson-2.3.ja
2025-11-02T02:17:15.2742217Z [==========================             ] 66% Unzipping... tools/lib/ddms-26.0.0
2025-11-02T02:17:15.2746061Z [==========================             ] 66% Unzipping... tools/lib/asm-tree-5.
2025-11-02T02:17:15.2807600Z [==========================             ] 66% Unzipping... tools/lib/uast-26.0.0
2025-11-02T02:17:15.2818788Z [==========================             ] 66% Unzipping... tools/lib/dexlib2-2.2
2025-11-02T02:17:15.2872640Z [==========================             ] 67% Unzipping... tools/lib/dexlib2-2.2
2025-11-02T02:17:15.2875584Z [==========================             ] 67% Unzipping... tools/lib/android.el 
2025-11-02T02:17:15.2881421Z [==========================             ] 67% Unzipping... tools/lib/apkanalyzer
2025-11-02T02:17:15.3049959Z [==========================             ] 67% Unzipping... tools/lib/guava-22.0.
2025-11-02T02:17:15.3089161Z [==========================             ] 67% Unzipping... tools/lib/lint-api-26
2025-11-02T02:17:15.3100171Z [==========================             ] 67% Unzipping... tools/lib/baksmali-2.
2025-11-02T02:17:15.3104342Z [==========================             ] 67% Unzipping... tools/lib/shared.jar 
2025-11-02T02:17:15.3109476Z [==========================             ] 67% Unzipping... tools/lib/jsr305-1.3.
2025-11-02T02:17:15.3142767Z [==========================             ] 67% Unzipping... tools/lib/httpclient-
2025-11-02T02:17:15.3251169Z [==========================             ] 67% Unzipping... tools/lib/ecj-4.6.1.j
2025-11-02T02:17:15.3254807Z [==========================             ] 67% Unzipping... tools/lib/jobb-26.0.0
2025-11-02T02:17:15.3272259Z [==========================             ] 67% Unzipping... tools/lib/jcommon-1.0
2025-11-02T02:17:15.3276429Z [==========================             ] 67% Unzipping... tools/lib/kxml2-2.3.0
2025-11-02T02:17:15.3340828Z [==========================             ] 67% Unzipping... tools/lib/jfreechart-
2025-11-02T02:17:15.3352096Z [==========================             ] 67% Unzipping... tools/lib/common-26.0
2025-11-02T02:17:15.3407087Z [==========================             ] 67% Unzipping... tools/lib/lint-checks
2025-11-02T02:17:15.3527730Z [==========================             ] 67% Unzipping... tools/lib/kotlin-refl
2025-11-02T02:17:15.3528554Z [==========================             ] 67% Unzipping... tools/lib/builder-mod
2025-11-02T02:17:15.3564047Z [==========================             ] 67% Unzipping... tools/lib/sdklib-26.0
2025-11-02T02:17:15.3570875Z [==========================             ] 67% Unzipping... tools/lib/layoutlib-a
2025-11-02T02:17:15.3573684Z [==========================             ] 67% Unzipping... tools/lib/annotations
2025-11-02T02:17:15.3579563Z [==========================             ] 67% Unzipping... tools/lib/fat32lib.ja
2025-11-02T02:17:15.3583124Z [==========================             ] 67% Unzipping... tools/lib/jsr305-3.0.
2025-11-02T02:17:15.3635288Z [==========================             ] 67% Unzipping... tools/lib/org-eclipse
2025-11-02T02:17:15.3642118Z [==========================             ] 67% Unzipping... tools/lib/error_prone
2025-11-02T02:17:15.3656870Z [==========================             ] 67% Unzipping... tools/lib/org-eclipse
2025-11-02T02:17:15.3660131Z [==========================             ] 67% Unzipping... tools/lib/animal-snif
2025-11-02T02:17:15.3687753Z [==========================             ] 67% Unzipping... tools/lib/asset-studi
2025-11-02T02:17:15.3729738Z [===========================            ] 68% Unzipping... tools/lib/asset-studi
2025-11-02T02:17:15.3733424Z [===========================            ] 68% Unzipping... tools/lib/repository-
2025-11-02T02:17:15.3737030Z [===========================            ] 68% Unzipping... tools/lib/dvlib-26.0.
2025-11-02T02:17:15.3766653Z [===========================            ] 68% Unzipping... tools/lib/jsilver-1.0
2025-11-02T02:17:15.3771455Z [===========================            ] 68% Unzipping... tools/lib/asm-5.1.jar
2025-11-02T02:17:15.3774523Z [===========================            ] 68% Unzipping... tools/lib/devices.xml
2025-11-02T02:17:15.3777688Z [===========================            ] 68% Unzipping... tools/lib/asm-analysi
2025-11-02T02:17:15.3809570Z [===========================            ] 68% Unzipping... tools/lib/hierarchyvi
2025-11-02T02:17:15.3814590Z [===========================            ] 68% Unzipping... tools/lib/monkeyrunne
2025-11-02T02:17:15.3821399Z [===========================            ] 68% Unzipping... tools/lib/uiautomator
2025-11-02T02:17:15.3825412Z [===========================            ] 68% Unzipping... tools/lib/archquery-2
2025-11-02T02:17:15.3830330Z [===========================            ] 68% Unzipping... tools/lib/chimpchat-2
2025-11-02T02:17:15.3837603Z [===========================            ] 68% Unzipping... tools/lib/explainer.j
2025-11-02T02:17:15.3860030Z [===========================            ] 68% Unzipping... tools/lib/ddmlib-26.0
2025-11-02T02:17:15.3864449Z [===========================            ] 68% Unzipping... tools/lib/swtmenubar-
2025-11-02T02:17:15.3943518Z [===========================            ] 68% Unzipping... tools/lib/osgi-4.0.0.
2025-11-02T02:17:15.3945007Z [===========================            ] 68% Unzipping... tools/lib/x86_64/    
2025-11-02T02:17:15.4016054Z [===========================            ] 68% Unzipping... tools/lib/x86_64/swt.
2025-11-02T02:17:15.4460226Z [===========================            ] 68% Unzipping... tools/lib/monitor-x86
2025-11-02T02:17:15.5229699Z [===========================            ] 69% Unzipping... tools/lib/monitor-x86
2025-11-02T02:17:15.5726438Z [===========================            ] 70% Unzipping... tools/lib/monitor-x86
2025-11-02T02:17:15.6195210Z [============================           ] 70% Unzipping... tools/lib/monitor-x86
2025-11-02T02:17:15.7585459Z [============================           ] 71% Unzipping... tools/lib/monitor-x86
2025-11-02T02:17:15.7590036Z [============================           ] 71% Unzipping... tools/lib/httpmime-4.
2025-11-02T02:17:15.7593049Z [============================           ] 71% Unzipping... tools/lib/annotations
2025-11-02T02:17:15.7605502Z [============================           ] 71% Unzipping... tools/lib/lint-26.0.0
2025-11-02T02:17:15.7611879Z [============================           ] 71% Unzipping... tools/lib/apkanalyzer
2025-11-02T02:17:15.7617892Z [============================           ] 71% Unzipping... tools/lib/binary-reso
2025-11-02T02:17:15.7623065Z [============================           ] 71% Unzipping... tools/lib/jopt-simple
2025-11-02T02:17:15.7629184Z [============================           ] 71% Unzipping... tools/lib/util-2.2.1.
2025-11-02T02:17:15.7646528Z [============================           ] 71% Unzipping... tools/lib/ddmuilib-26
2025-11-02T02:17:15.7661279Z [============================           ] 72% Unzipping... tools/lib/ddmuilib-26
2025-11-02T02:17:15.7707113Z [============================           ] 72% Unzipping... tools/lib/sdk-common-
2025-11-02T02:17:15.7715389Z [============================           ] 72% Unzipping... tools/lib/traceview-2
2025-11-02T02:17:15.7728450Z [============================           ] 72% Unzipping... tools/lib/httpcore-4.
2025-11-02T02:17:15.7746762Z [============================           ] 72% Unzipping... tools/lib/screenshot2
2025-11-02T02:17:15.7749834Z [============================           ] 72% Unzipping... tools/lib/commons-cod
2025-11-02T02:17:15.7751158Z [============================           ] 72% Unzipping... tools/lib/proguard-pr
2025-11-02T02:17:15.8306786Z [============================           ] 72% Unzipping... tools/lib/jython-stan
2025-11-02T02:17:15.8364417Z [=============================          ] 73% Unzipping... tools/lib/jython-stan
2025-11-02T02:17:15.8369957Z [=============================          ] 73% Unzipping... tools/lib/annotations
2025-11-02T02:17:15.8373844Z [=============================          ] 73% Unzipping... tools/lib/commons-log
2025-11-02T02:17:15.8437567Z [=============================          ] 73% Unzipping... tools/lib/protobuf-ja
2025-11-02T02:17:15.8442248Z [=============================          ] 73% Unzipping... tools/lib/fakeadbserv
2025-11-02T02:17:15.8592211Z [=============================          ] 73% Unzipping... tools/lib/bcprov-jdk1
2025-11-02T02:17:15.8592802Z [=============================          ] 73% Unzipping... tools/lib/x86/       
2025-11-02T02:17:15.8662386Z [=============================          ] 73% Unzipping... tools/lib/x86/swt.jar
2025-11-02T02:17:15.8707020Z [=============================          ] 73% Unzipping... tools/lib/kotlin-stdl
2025-11-02T02:17:15.8730722Z [=============================          ] 73% Unzipping... tools/lib/commons-com
2025-11-02T02:17:15.8766434Z [=============================          ] 73% Unzipping... tools/lib/lombok-ast-
2025-11-02T02:17:15.8795690Z [=============================          ] 73% Unzipping... tools/lib/trove4j-201
2025-11-02T02:17:15.9025550Z [=============================          ] 73% Unzipping... tools/lib/intellij-co
2025-11-02T02:17:15.9174891Z [=============================          ] 74% Unzipping... tools/lib/intellij-co
2025-11-02T02:17:15.9186839Z [=============================          ] 74% Unzipping... tools/lib/jimfs-1.1.j
2025-11-02T02:17:15.9189389Z [=============================          ] 74% Unzipping... tools/lib/j2objc-anno
2025-11-02T02:17:15.9194870Z [=============================          ] 74% Unzipping... tools/lib/jfreechart-
2025-11-02T02:17:15.9642396Z [=============================          ] 74% Unzipping... tools/lib/monitor-x86
2025-11-02T02:17:16.0031257Z [=============================          ] 75% Unzipping... tools/lib/monitor-x86
2025-11-02T02:17:16.0393504Z [==============================         ] 75% Unzipping... tools/lib/monitor-x86
2025-11-02T02:17:16.1217600Z [==============================         ] 76% Unzipping... tools/lib/monitor-x86
2025-11-02T02:17:16.2765317Z [==============================         ] 77% Unzipping... tools/lib/monitor-x86
2025-11-02T02:17:16.2770129Z [==============================         ] 77% Unzipping... tools/lib/generator.j
2025-11-02T02:17:16.2772212Z [==============================         ] 77% Unzipping... tools/source.properti
2025-11-02T02:17:16.2772979Z [==============================         ] 77% Unzipping... tools/bin/           
2025-11-02T02:17:16.2775559Z [==============================         ] 77% Unzipping... tools/bin/avdmanager 
2025-11-02T02:17:16.2778164Z [==============================         ] 77% Unzipping... tools/bin/jobb       
2025-11-02T02:17:16.2780410Z [==============================         ] 77% Unzipping... tools/bin/uiautomator
2025-11-02T02:17:16.2782880Z [==============================         ] 77% Unzipping... tools/bin/apkanalyzer
2025-11-02T02:17:16.2785109Z [==============================         ] 77% Unzipping... tools/bin/monkeyrunne
2025-11-02T02:17:16.2788251Z [==============================         ] 77% Unzipping... tools/bin/archquery  
2025-11-02T02:17:16.2790531Z [==============================         ] 77% Unzipping... tools/bin/sdkmanager 
2025-11-02T02:17:16.2792928Z [==============================         ] 77% Unzipping... tools/bin/lint       
2025-11-02T02:17:16.2795413Z [==============================         ] 77% Unzipping... tools/bin/screenshot2
2025-11-02T02:17:16.2819098Z [==============================         ] 77% Unzipping... tools/NOTICE.txt     
2025-11-02T02:17:16.2855796Z [==============================         ] 77% Unzipping... tools/emulator       
2025-11-02T02:17:16.2880179Z [==============================         ] 77% Unzipping... tools/emulator-check 
2025-11-02T02:17:16.2882365Z [==============================         ] 77% Unzipping... tools/monitor        
2025-11-02T02:17:16.2884786Z [==============================         ] 77% Unzipping... tools/android        
2025-11-02T02:17:16.2888159Z [==============================         ] 77% Unzipping... tools/mksdcard       
2025-11-02T02:17:16.2888953Z [==============================         ] 77% Unzipping... tools/support/       
2025-11-02T02:17:16.2894350Z [==============================         ] 77% Unzipping... tools/support/typos-d
2025-11-02T02:17:16.2898198Z [==============================         ] 77% Unzipping... tools/support/typos-e
2025-11-02T02:17:16.2900225Z [==============================         ] 77% Unzipping... tools/support/annotat
2025-11-02T02:17:16.2908081Z [==============================         ] 77% Unzipping... tools/support/typos-e
2025-11-02T02:17:16.2911563Z [==============================         ] 77% Unzipping... tools/support/typos-t
2025-11-02T02:17:16.2916054Z [==============================         ] 77% Unzipping... tools/support/typos-p
2025-11-02T02:17:16.2919734Z [==============================         ] 77% Unzipping... tools/support/typos-i
2025-11-02T02:17:16.2922836Z [==============================         ] 77% Unzipping... tools/support/typos-n
2025-11-02T02:17:16.2926649Z [==============================         ] 77% Unzipping... tools/support/typos-h
2025-11-02T02:17:16.3222443Z [==============================         ] 78% Unzipping... tools/support/typos-h
2025-11-02T02:17:16.3223304Z [=======================================] 100% Unzipping... tools/support/typos-
2025-11-02T02:17:16.3271853Z 
2025-11-02T02:17:16.3404773Z [command]/usr/local/lib/android/sdk/cmdline-tools/16.0/bin/sdkmanager platform-tools
2025-11-02T02:17:17.0484173Z Loading package information...                                                  
2025-11-02T02:17:17.1281617Z Loading local repository...                                                     
2025-11-02T02:17:17.1284871Z [                                       ] 3% Loading local repository...        
2025-11-02T02:17:17.1381955Z [                                       ] 3% Fetch remote repository...         
2025-11-02T02:17:17.4978464Z [=                                      ] 3% Fetch remote repository...         
2025-11-02T02:17:17.5753095Z [=                                      ] 4% Fetch remote repository...         
2025-11-02T02:17:17.6027232Z [=                                      ] 5% Fetch remote repository...         
2025-11-02T02:17:17.6559379Z [==                                     ] 5% Fetch remote repository...         
2025-11-02T02:17:17.7111099Z [==                                     ] 6% Fetch remote repository...         
2025-11-02T02:17:17.7859327Z [==                                     ] 7% Fetch remote repository...         
2025-11-02T02:17:17.7861564Z [==                                     ] 7% Computing updates...               
2025-11-02T02:17:17.7971207Z [===                                    ] 8% Computing updates...               
2025-11-02T02:17:17.8029423Z [===                                    ] 10% Computing updates...              
2025-11-02T02:17:17.8037310Z [=======================================] 100% Computing updates...             
2025-11-02T02:17:17.8037821Z 
2025-11-02T02:17:17.8363762Z ##[group]Run mkdir -p gradle/wrapper
2025-11-02T02:17:17.8364121Z [36;1mmkdir -p gradle/wrapper[0m
2025-11-02T02:17:17.8364830Z [36;1mcurl -L -o gradle/wrapper/gradle-wrapper.jar https://raw.githubusercontent.com/gradle/gradle/master/gradle/wrapper/gradle-wrapper.jar[0m
2025-11-02T02:17:17.8400490Z shell: /usr/bin/bash -e {0}
2025-11-02T02:17:17.8400726Z env:
2025-11-02T02:17:17.8400890Z   CARGO_INCREMENTAL: 0
2025-11-02T02:17:17.8401100Z   RUST_BACKTRACE: short
2025-11-02T02:17:17.8401292Z   HUSKY: 0
2025-11-02T02:17:17.8401595Z   JAVA_HOME: /opt/hostedtoolcache/Java_Temurin-Hotspot_jdk/17.0.17-10/x64
2025-11-02T02:17:17.8402082Z   JAVA_HOME_17_X64: /opt/hostedtoolcache/Java_Temurin-Hotspot_jdk/17.0.17-10/x64
2025-11-02T02:17:17.8402475Z   ANDROID_HOME: /usr/local/lib/android/sdk
2025-11-02T02:17:17.8402744Z   ANDROID_SDK_ROOT: /usr/local/lib/android/sdk
2025-11-02T02:17:17.8403000Z ##[endgroup]
2025-11-02T02:17:17.8553790Z   % Total    % Received % Xferd  Average Speed   Time    Time     Time  Current
2025-11-02T02:17:17.8554465Z                                  Dload  Upload   Total   Spent    Left  Speed
2025-11-02T02:17:17.8554811Z 
2025-11-02T02:17:17.8890575Z   0     0    0     0    0     0      0      0 --:--:-- --:--:-- --:--:--     0
2025-11-02T02:17:17.8891338Z 100 45633  100 45633    0     0  1317k      0 --:--:-- --:--:-- --:--:-- 1350k
2025-11-02T02:17:17.8931442Z ##[group]Run chmod +x gradlew
2025-11-02T02:17:17.8931705Z [36;1mchmod +x gradlew[0m
2025-11-02T02:17:17.8961002Z shell: /usr/bin/bash -e {0}
2025-11-02T02:17:17.8961225Z env:
2025-11-02T02:17:17.8961385Z   CARGO_INCREMENTAL: 0
2025-11-02T02:17:17.8961581Z   RUST_BACKTRACE: short
2025-11-02T02:17:17.8961767Z   HUSKY: 0
2025-11-02T02:17:17.8962039Z   JAVA_HOME: /opt/hostedtoolcache/Java_Temurin-Hotspot_jdk/17.0.17-10/x64
2025-11-02T02:17:17.8962484Z   JAVA_HOME_17_X64: /opt/hostedtoolcache/Java_Temurin-Hotspot_jdk/17.0.17-10/x64
2025-11-02T02:17:17.8962851Z   ANDROID_HOME: /usr/local/lib/android/sdk
2025-11-02T02:17:17.8963132Z   ANDROID_SDK_ROOT: /usr/local/lib/android/sdk
2025-11-02T02:17:17.8963369Z ##[endgroup]
2025-11-02T02:17:17.9062352Z ##[group]Run if [ "aarch64" == "universal" ]; then
2025-11-02T02:17:17.9062707Z [36;1mif [ "aarch64" == "universal" ]; then[0m
2025-11-02T02:17:17.9062979Z [36;1m  ./gradlew assembleRelease[0m
2025-11-02T02:17:17.9063257Z [36;1melif [ "aarch64" == "aarch64" ]; then[0m
2025-11-02T02:17:17.9063643Z [36;1m  ./gradlew assembleRelease -Pandroid.injected.build.abi=arm64-v8a[0m
2025-11-02T02:17:17.9064028Z [36;1melif [ "aarch64" == "armv7" ]; then[0m
2025-11-02T02:17:17.9064408Z [36;1m  ./gradlew assembleRelease -Pandroid.injected.build.abi=armeabi-v7a[0m
2025-11-02T02:17:17.9064790Z [36;1melif [ "aarch64" == "x86_64" ]; then[0m
2025-11-02T02:17:17.9065152Z [36;1m  ./gradlew assembleRelease -Pandroid.injected.build.abi=x86_64[0m
2025-11-02T02:17:17.9065490Z [36;1mfi[0m
2025-11-02T02:17:17.9094265Z shell: /usr/bin/bash -e {0}
2025-11-02T02:17:17.9094483Z env:
2025-11-02T02:17:17.9094652Z   CARGO_INCREMENTAL: 0
2025-11-02T02:17:17.9094846Z   RUST_BACKTRACE: short
2025-11-02T02:17:17.9095074Z   HUSKY: 0
2025-11-02T02:17:17.9095360Z   JAVA_HOME: /opt/hostedtoolcache/Java_Temurin-Hotspot_jdk/17.0.17-10/x64
2025-11-02T02:17:17.9095835Z   JAVA_HOME_17_X64: /opt/hostedtoolcache/Java_Temurin-Hotspot_jdk/17.0.17-10/x64
2025-11-02T02:17:17.9096408Z   ANDROID_HOME: /usr/local/lib/android/sdk
2025-11-02T02:17:17.9096694Z   ANDROID_SDK_ROOT: /usr/local/lib/android/sdk
2025-11-02T02:17:17.9096963Z   NODE_OPTIONS: --max_old_space_size=4096
2025-11-02T02:17:17.9097215Z ##[endgroup]
2025-11-02T02:17:17.9957113Z Downloading https://services.gradle.org/distributions/gradle-8.5-bin.zip
2025-11-02T02:17:19.8632945Z ............10%.............20%............30%.............40%.............50%............60%.............70%.............80%............90%.............100%
2025-11-02T02:17:21.0083270Z 
2025-11-02T02:17:21.0084755Z Welcome to Gradle 8.5!
2025-11-02T02:17:21.0085050Z 
2025-11-02T02:17:21.0088459Z Here are the highlights of this release:
2025-11-02T02:17:21.0093876Z  - Support for running on Java 21
2025-11-02T02:17:21.0094574Z  - Faster first use with Kotlin DSL
2025-11-02T02:17:21.0095088Z  - Improved error and warning messages
2025-11-02T02:17:21.0095403Z 
2025-11-02T02:17:21.0095833Z For more details see https://docs.gradle.org/8.5/release-notes.html
2025-11-02T02:17:21.0096706Z 
2025-11-02T02:17:21.3078174Z Starting a Gradle Daemon (subsequent builds will be faster)
2025-11-02T02:17:24.1093869Z Calculating task graph as no cached configuration is available for tasks: assembleRelease
2025-11-02T02:19:46.9105804Z > Task :app:preBuild UP-TO-DATE
2025-11-02T02:19:46.9106899Z > Task :app:preReleaseBuild UP-TO-DATE
2025-11-02T02:19:46.9120420Z > Task :app:checkKotlinGradlePluginConfigurationErrors
2025-11-02T02:19:46.9121572Z > Task :app:generateReleaseResValues
2025-11-02T02:19:46.9122354Z > Task :app:buildKotlinToolingMetadata
2025-11-02T02:19:47.0077676Z > Task :app:generateReleaseResources
2025-11-02T02:19:49.2099066Z > Task :app:mapReleaseSourceSetPaths
2025-11-02T02:19:49.3086152Z > Task :app:dataBindingMergeDependencyArtifactsRelease
2025-11-02T02:19:49.3094879Z > Task :app:checkReleaseAarMetadata
2025-11-02T02:19:49.3125592Z > Task :app:createReleaseCompatibleScreenManifests
2025-11-02T02:19:49.3126889Z > Task :app:extractDeepLinksRelease
2025-11-02T02:19:49.4100839Z > Task :app:packageReleaseResources
2025-11-02T02:19:49.4101919Z > Task :app:javaPreCompileRelease
2025-11-02T02:19:49.5076765Z > Task :app:extractProguardFiles
2025-11-02T02:19:50.5075828Z > Task :app:mergeReleaseJniLibFolders
2025-11-02T02:19:51.1075951Z > Task :app:processReleaseMainManifest
2025-11-02T02:19:51.3075931Z > Task :app:processReleaseManifest
2025-11-02T02:19:51.4099897Z > Task :app:parseReleaseLocalResources
2025-11-02T02:19:52.7076542Z > Task :app:processReleaseManifestForPackage
2025-11-02T02:19:53.9076043Z > Task :app:mergeReleaseResources
2025-11-02T02:19:54.3080738Z > Task :app:mergeReleaseNativeLibs NO-SOURCE
2025-11-02T02:19:54.4101727Z > Task :app:mergeReleaseArtProfile
2025-11-02T02:19:54.4103102Z > Task :app:stripReleaseDebugSymbols NO-SOURCE
2025-11-02T02:19:54.4104007Z > Task :app:extractReleaseNativeSymbolTables NO-SOURCE
2025-11-02T02:19:54.4105082Z > Task :app:mergeReleaseNativeDebugMetadata NO-SOURCE
2025-11-02T02:19:54.4106017Z > Task :app:mergeReleaseShaders FROM-CACHE
2025-11-02T02:19:54.5076440Z > Task :app:compileReleaseShaders NO-SOURCE
2025-11-02T02:19:54.5104857Z > Task :app:generateReleaseAssets UP-TO-DATE
2025-11-02T02:19:54.6096101Z > Task :app:mergeReleaseAssets FROM-CACHE
2025-11-02T02:19:54.6097128Z > Task :app:compressReleaseAssets
2025-11-02T02:19:54.8076451Z > Task :app:extractReleaseVersionControlInfo
2025-11-02T02:19:54.8077207Z > Task :app:checkReleaseDuplicateClasses
2025-11-02T02:19:54.9099622Z > Task :app:collectReleaseDependencies
2025-11-02T02:19:55.0076584Z > Task :app:dataBindingGenBaseClassesRelease
2025-11-02T02:19:55.0081593Z > Task :app:writeReleaseAppMetadata
2025-11-02T02:19:55.0089290Z > Task :app:writeReleaseSigningConfigVersions
2025-11-02T02:19:55.1090845Z > Task :app:sdkReleaseDependencyData
2025-11-02T02:19:55.2108034Z > Task :app:processReleaseResources FAILED
2025-11-02T02:19:55.5075597Z > Task :app:validateSigningRelease
2025-11-02T02:19:55.6091849Z 
2025-11-02T02:19:55.6092871Z 31 actionable tasks: 29 executed, 2 from cache
2025-11-02T02:19:55.6093788Z FAILURE: Build failed with an exception.
2025-11-02T02:19:55.6094539Z Configuration cache entry stored.
2025-11-02T02:19:55.6094998Z 
2025-11-02T02:19:55.6098618Z * What went wrong:
2025-11-02T02:19:55.6099387Z Execution failed for task ':app:processReleaseResources'.
2025-11-02T02:19:55.6100861Z > A failure occurred while executing com.android.build.gradle.internal.res.LinkApplicationAndroidResourcesTask$TaskAction
2025-11-02T02:19:55.6102139Z    > Android resource linking failed
2025-11-02T02:19:55.6104240Z      ERROR: /home/runner/work/shouj/shouj/mobile/app/src/main/AndroidManifest.xml:33:5-128:19: AAPT: error: resource mipmap/ic_launcher (aka io.github.clash_verge_rev.clash_verge_rev:mipmap/ic_launcher) not found.
2025-11-02T02:19:55.6105871Z          
2025-11-02T02:19:55.6111561Z      ERROR: /home/runner/work/shouj/shouj/mobile/app/src/main/AndroidManifest.xml:33:5-128:19: AAPT: error: resource mipmap/ic_launcher_round (aka io.github.clash_verge_rev.clash_verge_rev:mipmap/ic_launcher_round) not found.
2025-11-02T02:19:55.6114043Z          
2025-11-02T02:19:55.6114198Z 
2025-11-02T02:19:55.6114303Z * Try:
2025-11-02T02:19:55.6114752Z > Run with --stacktrace option to get the stack trace.
2025-11-02T02:19:55.6115401Z > Run with --info or --debug option to get more log output.
2025-11-02T02:19:55.6115954Z > Run with --scan to get full insights.
2025-11-02T02:19:55.6116644Z > Get more help at https://help.gradle.org.
2025-11-02T02:19:55.6116947Z 
2025-11-02T02:19:55.6117118Z BUILD FAILED in 2m 37s
2025-11-02T02:19:55.9915816Z ##[error]Process completed with exit code 1.
2025-11-02T02:19:55.9993014Z Post job cleanup.
2025-11-02T02:19:56.1659544Z Post job cleanup.
2025-11-02T02:19:56.2594788Z [command]/usr/bin/git version
2025-11-02T02:19:56.2634028Z git version 2.51.2
2025-11-02T02:19:56.2676970Z Temporarily overriding HOME='/home/runner/work/_temp/b2296859-b27c-4509-b8d3-c82cf39ae77f' before making global git config changes
2025-11-02T02:19:56.2678479Z Adding repository directory to the temporary git global config as a safe directory
2025-11-02T02:19:56.2690503Z [command]/usr/bin/git config --global --add safe.directory /home/runner/work/shouj/shouj
2025-11-02T02:19:56.2727297Z [command]/usr/bin/git config --local --name-only --get-regexp core\.sshCommand
2025-11-02T02:19:56.2761646Z [command]/usr/bin/git submodule foreach --recursive sh -c "git config --local --name-only --get-regexp 'core\.sshCommand' && git config --local --unset-all 'core.sshCommand' || :"
2025-11-02T02:19:56.2988969Z [command]/usr/bin/git config --local --name-only --get-regexp http\.https\:\/\/github\.com\/\.extraheader
2025-11-02T02:19:56.3008307Z http.https://github.com/.extraheader
2025-11-02T02:19:56.3020956Z [command]/usr/bin/git config --local --unset-all http.https://github.com/.extraheader
2025-11-02T02:19:56.3050873Z [command]/usr/bin/git submodule foreach --recursive sh -c "git config --local --name-only --get-regexp 'http\.https\:\/\/github\.com\/\.extraheader' && git config --local --unset-all 'http.https://github.com/.extraheader' || :"
2025-11-02T02:19:56.3356775Z Cleaning up orphan processes
2025-11-02T02:19:56.3726065Z Terminate orphan process: pid (2373) (java)
