2025-11-02T02:16:49.8261502Z Current runner version: '2.329.0'
2025-11-02T02:16:49.8286292Z ##[group]Runner Image Provisioner
2025-11-02T02:16:49.8287182Z Hosted Compute Agent
2025-11-02T02:16:49.8287757Z Version: 20251016.436
2025-11-02T02:16:49.8288406Z Commit: 8ab8ac8bfd662a3739dab9fe09456aba92132568
2025-11-02T02:16:49.8289114Z Build Date: 2025-10-15T20:44:12Z
2025-11-02T02:16:49.8289803Z ##[endgroup]
2025-11-02T02:16:49.8290318Z ##[group]Operating System
2025-11-02T02:16:49.8291245Z Ubuntu
2025-11-02T02:16:49.8291846Z 24.04.3
2025-11-02T02:16:49.8292307Z LTS
2025-11-02T02:16:49.8292824Z ##[endgroup]
2025-11-02T02:16:49.8293394Z ##[group]Runner Image
2025-11-02T02:16:49.8293986Z Image: ubuntu-24.04
2025-11-02T02:16:49.8294488Z Version: 20251030.96.2
2025-11-02T02:16:49.8295607Z Included Software: https://github.com/actions/runner-images/blob/ubuntu24/20251030.96/images/ubuntu/Ubuntu2404-Readme.md
2025-11-02T02:16:49.8297185Z Image Release: https://github.com/actions/runner-images/releases/tag/ubuntu24%2F20251030.96
2025-11-02T02:16:49.8298240Z ##[endgroup]
2025-11-02T02:16:49.8300946Z ##[group]GITHUB_TOKEN Permissions
2025-11-02T02:16:49.8303406Z Actions: write
2025-11-02T02:16:49.8303973Z Attestations: write
2025-11-02T02:16:49.8304519Z Checks: write
2025-11-02T02:16:49.8305073Z Contents: write
2025-11-02T02:16:49.8305632Z Deployments: write
2025-11-02T02:16:49.8306155Z Discussions: write
2025-11-02T02:16:49.8306751Z Issues: write
2025-11-02T02:16:49.8307241Z Metadata: read
2025-11-02T02:16:49.8307752Z Models: read
2025-11-02T02:16:49.8308312Z Packages: write
2025-11-02T02:16:49.8308825Z Pages: write
2025-11-02T02:16:49.8309352Z PullRequests: write
2025-11-02T02:16:49.8310253Z RepositoryProjects: write
2025-11-02T02:16:49.8311354Z SecurityEvents: write
2025-11-02T02:16:49.8311994Z Statuses: write
2025-11-02T02:16:49.8312513Z ##[endgroup]
2025-11-02T02:16:49.8315129Z Secret source: Actions
2025-11-02T02:16:49.8316188Z Prepare workflow directory
2025-11-02T02:16:49.8716754Z Prepare all required actions
2025-11-02T02:16:49.8758303Z Getting action download info
2025-11-02T02:16:50.2113759Z Download action repository 'actions/checkout@v4' (SHA:08eba0b27e820071cde6df949e0beb9ba4906955)
2025-11-02T02:16:50.3267014Z Download action repository 'actions/setup-java@v4' (SHA:c5195efecf7bdfc987ee8bae7a71cb8b11521c00)
2025-11-02T02:16:50.8846733Z Download action repository 'android-actions/setup-android@v3' (SHA:9fc6c4e9069bf8d3d10b2204b1fb8f6ef7065407)
2025-11-02T02:16:51.2749503Z Download action repository 'actions/upload-artifact@v4' (SHA:ea165f8d65b6e75b540449e92b4886f43607fa02)
2025-11-02T02:16:51.5097950Z Complete job name: Build Android APK (x86_64)
2025-11-02T02:16:51.5944068Z ##[group]Run actions/checkout@v4
2025-11-02T02:16:51.5945347Z with:
2025-11-02T02:16:51.5946048Z   fetch-depth: 0
2025-11-02T02:16:51.5946823Z   repository: xiehaibo11/shouj
2025-11-02T02:16:51.5948107Z   token: ***
2025-11-02T02:16:51.5948968Z   ssh-strict: true
2025-11-02T02:16:51.5949719Z   ssh-user: git
2025-11-02T02:16:51.5950633Z   persist-credentials: true
2025-11-02T02:16:51.5951536Z   clean: true
2025-11-02T02:16:51.5952324Z   sparse-checkout-cone-mode: true
2025-11-02T02:16:51.5953278Z   fetch-tags: false
2025-11-02T02:16:51.5954050Z   show-progress: true
2025-11-02T02:16:51.5954832Z   lfs: false
2025-11-02T02:16:51.5955541Z   submodules: false
2025-11-02T02:16:51.5956327Z   set-safe-directory: true
2025-11-02T02:16:51.5957553Z env:
2025-11-02T02:16:51.5958249Z   CARGO_INCREMENTAL: 0
2025-11-02T02:16:51.5959062Z   RUST_BACKTRACE: short
2025-11-02T02:16:51.5959848Z   HUSKY: 0
2025-11-02T02:16:51.5961002Z ##[endgroup]
2025-11-02T02:16:51.7070188Z Syncing repository: xiehaibo11/shouj
2025-11-02T02:16:51.7073218Z ##[group]Getting Git version info
2025-11-02T02:16:51.7074682Z Working directory is '/home/runner/work/shouj/shouj'
2025-11-02T02:16:51.7076520Z [command]/usr/bin/git version
2025-11-02T02:16:51.7131357Z git version 2.51.2
2025-11-02T02:16:51.7158162Z ##[endgroup]
2025-11-02T02:16:51.7181444Z Temporarily overriding HOME='/home/runner/work/_temp/1fa2bf68-3ae5-4f7f-bc69-c6b7b965a848' before making global git config changes
2025-11-02T02:16:51.7184539Z Adding repository directory to the temporary git global config as a safe directory
2025-11-02T02:16:51.7187155Z [command]/usr/bin/git config --global --add safe.directory /home/runner/work/shouj/shouj
2025-11-02T02:16:51.7224197Z Deleting the contents of '/home/runner/work/shouj/shouj'
2025-11-02T02:16:51.7227876Z ##[group]Initializing the repository
2025-11-02T02:16:51.7232356Z [command]/usr/bin/git init /home/runner/work/shouj/shouj
2025-11-02T02:16:51.7332613Z hint: Using 'master' as the name for the initial branch. This default branch name
2025-11-02T02:16:51.7334583Z hint: is subject to change. To configure the initial branch name to use in all
2025-11-02T02:16:51.7336911Z hint: of your new repositories, which will suppress this warning, call:
2025-11-02T02:16:51.7338210Z hint:
2025-11-02T02:16:51.7339110Z hint: 	git config --global init.defaultBranch <name>
2025-11-02T02:16:51.7340256Z hint:
2025-11-02T02:16:51.7342164Z hint: Names commonly chosen instead of 'master' are 'main', 'trunk' and
2025-11-02T02:16:51.7343943Z hint: 'development'. The just-created branch can be renamed via this command:
2025-11-02T02:16:51.7345282Z hint:
2025-11-02T02:16:51.7346083Z hint: 	git branch -m <name>
2025-11-02T02:16:51.7347438Z hint:
2025-11-02T02:16:51.7348589Z hint: Disable this message with "git config set advice.defaultBranchName false"
2025-11-02T02:16:51.7350373Z Initialized empty Git repository in /home/runner/work/shouj/shouj/.git/
2025-11-02T02:16:51.7353632Z [command]/usr/bin/git remote add origin https://github.com/xiehaibo11/shouj
2025-11-02T02:16:51.7386543Z ##[endgroup]
2025-11-02T02:16:51.7387894Z ##[group]Disabling automatic garbage collection
2025-11-02T02:16:51.7391040Z [command]/usr/bin/git config --local gc.auto 0
2025-11-02T02:16:51.7420400Z ##[endgroup]
2025-11-02T02:16:51.7421815Z ##[group]Setting up auth
2025-11-02T02:16:51.7427575Z [command]/usr/bin/git config --local --name-only --get-regexp core\.sshCommand
2025-11-02T02:16:51.7458143Z [command]/usr/bin/git submodule foreach --recursive sh -c "git config --local --name-only --get-regexp 'core\.sshCommand' && git config --local --unset-all 'core.sshCommand' || :"
2025-11-02T02:16:51.7780969Z [command]/usr/bin/git config --local --name-only --get-regexp http\.https\:\/\/github\.com\/\.extraheader
2025-11-02T02:16:51.7812284Z [command]/usr/bin/git submodule foreach --recursive sh -c "git config --local --name-only --get-regexp 'http\.https\:\/\/github\.com\/\.extraheader' && git config --local --unset-all 'http.https://github.com/.extraheader' || :"
2025-11-02T02:16:51.8054084Z [command]/usr/bin/git config --local http.https://github.com/.extraheader AUTHORIZATION: basic ***
2025-11-02T02:16:51.8108209Z ##[endgroup]
2025-11-02T02:16:51.8109572Z ##[group]Fetching the repository
2025-11-02T02:16:51.8117740Z [command]/usr/bin/git -c protocol.version=2 fetch --prune --no-recurse-submodules origin +refs/heads/*:refs/remotes/origin/* +refs/tags/*:refs/tags/*
2025-11-02T02:16:54.1785240Z From https://github.com/xiehaibo11/shouj
2025-11-02T02:16:54.1787177Z  * [new branch]        main       -> origin/main
2025-11-02T02:16:54.1790794Z  * [new branch]        mobile-app -> origin/mobile-app
2025-11-02T02:16:54.1791453Z  * [new tag]           autobuild  -> autobuild
2025-11-02T02:16:54.1829185Z [command]/usr/bin/git branch --list --remote origin/main
2025-11-02T02:16:54.1853534Z   origin/main
2025-11-02T02:16:54.1863695Z [command]/usr/bin/git rev-parse refs/remotes/origin/main
2025-11-02T02:16:54.1885159Z 024f466f84855d4d7d1331bb6057a3d8f8688763
2025-11-02T02:16:54.1891617Z ##[endgroup]
2025-11-02T02:16:54.1892689Z ##[group]Determining the checkout info
2025-11-02T02:16:54.1894106Z ##[endgroup]
2025-11-02T02:16:54.1897890Z [command]/usr/bin/git sparse-checkout disable
2025-11-02T02:16:54.1937141Z [command]/usr/bin/git config --local --unset-all extensions.worktreeConfig
2025-11-02T02:16:54.1962768Z ##[group]Checking out the ref
2025-11-02T02:16:54.1966373Z [command]/usr/bin/git checkout --progress --force -B main refs/remotes/origin/main
2025-11-02T02:16:54.3329235Z Switched to a new branch 'main'
2025-11-02T02:16:54.3330060Z branch 'main' set up to track 'origin/main'.
2025-11-02T02:16:54.3344189Z ##[endgroup]
2025-11-02T02:16:54.3381668Z [command]/usr/bin/git log -1 --format=%H
2025-11-02T02:16:54.3404655Z 024f466f84855d4d7d1331bb6057a3d8f8688763
2025-11-02T02:16:54.3651777Z ##[group]Run actions/setup-java@v4
2025-11-02T02:16:54.3652289Z with:
2025-11-02T02:16:54.3652668Z   distribution: temurin
2025-11-02T02:16:54.3653041Z   java-version: 17
2025-11-02T02:16:54.3653394Z   cache: gradle
2025-11-02T02:16:54.3653804Z   java-package: jdk
2025-11-02T02:16:54.3654128Z   check-latest: false
2025-11-02T02:16:54.3654518Z   server-id: github
2025-11-02T02:16:54.3654865Z   server-username: GITHUB_ACTOR
2025-11-02T02:16:54.3655300Z   server-password: GITHUB_TOKEN
2025-11-02T02:16:54.3655687Z   overwrite-settings: true
2025-11-02T02:16:54.3656135Z   job-status: success
2025-11-02T02:16:54.3656705Z   token: ***
2025-11-02T02:16:54.3656990Z env:
2025-11-02T02:16:54.3657400Z   CARGO_INCREMENTAL: 0
2025-11-02T02:16:54.3657737Z   RUST_BACKTRACE: short
2025-11-02T02:16:54.3658075Z   HUSKY: 0
2025-11-02T02:16:54.3658420Z ##[endgroup]
2025-11-02T02:16:54.5637585Z ##[group]Installed distributions
2025-11-02T02:16:54.5699083Z Resolved Java 17.0.17+10 from tool-cache
2025-11-02T02:16:54.5700319Z Setting Java 17.0.17+10 as the default
2025-11-02T02:16:54.5713678Z Creating toolchains.xml for JDK version 17 from temurin
2025-11-02T02:16:54.5792260Z Writing to /home/runner/.m2/toolchains.xml
2025-11-02T02:16:54.5792726Z 
2025-11-02T02:16:54.5792924Z Java configuration:
2025-11-02T02:16:54.5793708Z   Distribution: temurin
2025-11-02T02:16:54.5794452Z   Version: 17.0.17+10
2025-11-02T02:16:54.5795730Z   Path: /opt/hostedtoolcache/Java_Temurin-Hotspot_jdk/17.0.17-10/x64
2025-11-02T02:16:54.5796267Z 
2025-11-02T02:16:54.5796904Z ##[endgroup]
2025-11-02T02:16:54.5823463Z Creating settings.xml with server-id: github
2025-11-02T02:16:54.5824289Z Writing to /home/runner/.m2/settings.xml
2025-11-02T02:16:54.8041178Z gradle cache is not found
2025-11-02T02:16:54.8124381Z ##[group]Run android-actions/setup-android@v3
2025-11-02T02:16:54.8124720Z with:
2025-11-02T02:16:54.8124912Z   cmdline-tools-version: 12266719
2025-11-02T02:16:54.8125178Z   accept-android-sdk-licenses: true
2025-11-02T02:16:54.8125462Z   log-accepted-android-sdk-licenses: true
2025-11-02T02:16:54.8125769Z   packages: tools platform-tools
2025-11-02T02:16:54.8126005Z env:
2025-11-02T02:16:54.8126265Z   CARGO_INCREMENTAL: 0
2025-11-02T02:16:54.8126526Z   RUST_BACKTRACE: short
2025-11-02T02:16:54.8126717Z   HUSKY: 0
2025-11-02T02:16:54.8127004Z   JAVA_HOME: /opt/hostedtoolcache/Java_Temurin-Hotspot_jdk/17.0.17-10/x64
2025-11-02T02:16:54.8127466Z   JAVA_HOME_17_X64: /opt/hostedtoolcache/Java_Temurin-Hotspot_jdk/17.0.17-10/x64
2025-11-02T02:16:54.8127806Z ##[endgroup]
2025-11-02T02:16:54.9140011Z Found preinstalled sdkmanager in /usr/local/lib/android/sdk/cmdline-tools/latest with following source.properties:
2025-11-02T02:16:54.9141534Z Pkg.Revision=12.0
2025-11-02T02:16:54.9142047Z Pkg.Path=cmdline-tools;12.0
2025-11-02T02:16:54.9142567Z Pkg.Desc=Android SDK Command-line Tools
2025-11-02T02:16:54.9142909Z 
2025-11-02T02:16:54.9143125Z Wrong version in preinstalled sdkmanager
2025-11-02T02:16:54.9144331Z Downloading commandline tools from https://dl.google.com/android/repository/commandlinetools-linux-12266719_latest.zip
2025-11-02T02:16:56.2776692Z [command]/usr/bin/unzip -o -q /home/runner/work/_temp/fd4e203d-1da3-41eb-832a-012cd026e46a
2025-11-02T02:16:57.0930160Z Accepting Android SDK licenses
2025-11-02T02:16:57.0937575Z [command]/usr/local/lib/android/sdk/cmdline-tools/16.0/bin/sdkmanager --licenses
2025-11-02T02:17:00.3246138Z Loading local repository...                                                     
2025-11-02T02:17:00.3246977Z [=========                              ] 25% Loading local repository...       
2025-11-02T02:17:01.6182727Z [=========                              ] 25% Fetch remote repository...        
2025-11-02T02:17:01.9985440Z [==========                             ] 26% Fetch remote repository...        
2025-11-02T02:17:01.9986041Z [============                           ] 31% Fetch remote repository...        
2025-11-02T02:17:02.0171783Z [============                           ] 32% Fetch remote repository...        
2025-11-02T02:17:02.0172746Z [=============                          ] 33% Fetch remote repository...        
2025-11-02T02:17:02.0625973Z [=============                          ] 35% Fetch remote repository...        
2025-11-02T02:17:02.0627707Z [==============                         ] 36% Fetch remote repository...        
2025-11-02T02:17:02.0734630Z [==============                         ] 37% Fetch remote repository...        
2025-11-02T02:17:02.0739452Z [===============                        ] 38% Fetch remote repository...        
2025-11-02T02:17:02.0832748Z [===============                        ] 39% Fetch remote repository...        
2025-11-02T02:17:02.0839911Z [================                       ] 40% Fetch remote repository...        
2025-11-02T02:17:02.0976325Z [================                       ] 41% Fetch remote repository...        
2025-11-02T02:17:02.0979851Z [================                       ] 42% Fetch remote repository...        
2025-11-02T02:17:02.1072747Z [=================                      ] 44% Fetch remote repository...        
2025-11-02T02:17:02.1074814Z [=================                      ] 45% Fetch remote repository...        
2025-11-02T02:17:02.1205090Z [==================                     ] 46% Fetch remote repository...        
2025-11-02T02:17:02.1207577Z [==================                     ] 47% Fetch remote repository...        
2025-11-02T02:17:02.1313357Z [===================                    ] 48% Fetch remote repository...        
2025-11-02T02:17:02.1318194Z [===================                    ] 49% Fetch remote repository...        
2025-11-02T02:17:02.1407461Z [====================                   ] 50% Fetch remote repository...        
2025-11-02T02:17:02.1408925Z [====================                   ] 51% Fetch remote repository...        
2025-11-02T02:17:02.1521250Z [====================                   ] 53% Fetch remote repository...        
2025-11-02T02:17:02.1526860Z [=====================                  ] 54% Fetch remote repository...        
2025-11-02T02:17:02.1690024Z [=====================                  ] 55% Fetch remote repository...        
2025-11-02T02:17:02.1723389Z [======================                 ] 56% Fetch remote repository...        
2025-11-02T02:17:02.1800970Z [======================                 ] 57% Fetch remote repository...        
2025-11-02T02:17:02.1807103Z [=======================                ] 58% Fetch remote repository...        
2025-11-02T02:17:02.1939072Z [=======================                ] 59% Fetch remote repository...        
2025-11-02T02:17:02.1943474Z [========================               ] 60% Fetch remote repository...        
2025-11-02T02:17:02.2289141Z [========================               ] 61% Fetch remote repository...        
2025-11-02T02:17:02.2342326Z [=========================              ] 63% Fetch remote repository...        
2025-11-02T02:17:02.2988673Z [=========================              ] 64% Fetch remote repository...        
2025-11-02T02:17:02.2994611Z [=========================              ] 65% Fetch remote repository...        
2025-11-02T02:17:02.3212697Z [==========================             ] 66% Fetch remote repository...        
2025-11-02T02:17:02.3213871Z [==========================             ] 67% Fetch remote repository...        
2025-11-02T02:17:02.3320745Z [===========================            ] 68% Fetch remote repository...        
2025-11-02T02:17:02.3341381Z [===========================            ] 69% Fetch remote repository...        
2025-11-02T02:17:02.3455275Z [============================           ] 70% Fetch remote repository...        
2025-11-02T02:17:02.3460201Z [============================           ] 72% Fetch remote repository...        
2025-11-02T02:17:02.3957251Z [=============================          ] 73% Fetch remote repository...        
2025-11-02T02:17:02.3957847Z [=============================          ] 74% Fetch remote repository...        
2025-11-02T02:17:02.4071654Z [=============================          ] 75% Fetch remote repository...        
2025-11-02T02:17:02.4199613Z [=============================          ] 75% Computing updates...              
2025-11-02T02:17:02.4200202Z [=======================================] 100% Computing updates...             
2025-11-02T02:17:02.4647711Z 6 of 7 SDK package licenses not accepted.
2025-11-02T02:17:02.4651274Z Review licenses that have not been accepted (y/N)? 
2025-11-02T02:17:02.4651805Z 1/6: License android-googletv-license:
2025-11-02T02:17:02.4652224Z ---------------------------------------
2025-11-02T02:17:02.4658339Z Terms and Conditions
2025-11-02T02:17:02.4659913Z 
2025-11-02T02:17:02.4661778Z This is the Google TV Add-on for the Android Software Development Kit License Agreement.
2025-11-02T02:17:02.4663710Z 
2025-11-02T02:17:02.4665337Z 1. Introduction
2025-11-02T02:17:02.4666939Z 
2025-11-02T02:17:02.4670294Z 1.1 The Google TV Add-on for the Android Software Development Kit (referred to in this License Agreement as the "Google TV Add-on" and specifically including the Android system files, packaged APIs, and Google APIs add-ons) is licensed to you subject to the terms of this License Agreement. This License Agreement forms a legally binding contract between you and Google in relation to your use of the Google TV Add-on.
2025-11-02T02:17:02.4677259Z 
2025-11-02T02:17:02.4678005Z 1.2 "Google" means Google Inc., a Delaware corporation with principal place of business at 1600 Amphitheatre Parkway, Mountain View, CA 94043, United States.
2025-11-02T02:17:02.4678853Z 
2025-11-02T02:17:02.4679001Z 2. Accepting this License Agreement
2025-11-02T02:17:02.4679278Z 
2025-11-02T02:17:02.4680320Z 2.1 In order to use the Google TV Add-on, you must first agree to this License Agreement. You may not use the Google TV Add-on if you do not accept this License Agreement.
2025-11-02T02:17:02.4681384Z 
2025-11-02T02:17:02.4681572Z 2.2 You can accept this License Agreement by:
2025-11-02T02:17:02.4681887Z 
2025-11-02T02:17:02.4682374Z (A) clicking to accept or agree to this License Agreement, where this option is made available to you; or
2025-11-02T02:17:02.4683004Z 
2025-11-02T02:17:02.4683786Z (B) by actually using the Google TV Add-on. In this case, you agree that use of the Google TV Add-on constitutes acceptance of the License Agreement from that point onwards.
2025-11-02T02:17:02.4684697Z 
2025-11-02T02:17:02.4686038Z 2.3 You may not use the Google TV Add-on and may not accept the Licensing Agreement if you are a person barred from receiving the Google TV Add-on under the laws of the United States or other countries including the country in which you are resident or from which you use the Google TV Add-on.
2025-11-02T02:17:02.4687551Z 
2025-11-02T02:17:02.4689396Z 2.4 If you are agreeing to be bound by this License Agreement on behalf of your employer or other entity, you represent and warrant that you have full legal authority to bind your employer or such entity to this License Agreement. If you do not have the requisite authority, you may not accept the Licensing Agreement or use the Google TV Add-on on behalf of your employer or other entity.
2025-11-02T02:17:02.4691471Z 
2025-11-02T02:17:02.4716463Z 3. Google TV Add-on License from Google
2025-11-02T02:17:02.4716769Z 
2025-11-02T02:17:02.4717859Z 3.1 Subject to the terms of this License Agreement, Google grants you a limited, worldwide, royalty-free, non- assignable and non-exclusive license to use the Google TV Add-on solely to develop applications to run on the Google TV platform.
2025-11-02T02:17:02.4719063Z 
2025-11-02T02:17:02.4721103Z 3.2 You agree that Google or third parties own all legal right, title and interest in and to the Google TV Add-on, including any Intellectual Property Rights that subsist in the Google TV Add-on. "Intellectual Property Rights" means any and all rights under patent law, copyright law, trade secret law, trademark law, and any and all other proprietary rights. Google reserves all rights not expressly granted to you.
2025-11-02T02:17:02.4723364Z 
2025-11-02T02:17:02.4726208Z 3.3 Except to the extent required by applicable third party licenses, you may not copy (except for backup purposes), modify, adapt, redistribute, decompile, reverse engineer, disassemble, or create derivative works of the Google TV Add-on or any part of the Google TV Add-on. Except to the extent required by applicable third party licenses, you may not load any part of the Google TV Add-on onto a mobile handset, television, or any other hardware device except a personal computer, combine any part of the Google TV Add-on with other software, or distribute any software or device incorporating a part of the Google TV Add-on.
2025-11-02T02:17:02.4729160Z 
2025-11-02T02:17:02.4730156Z 3.4 Use, reproduction and distribution of components of the Google TV Add-on licensed under an open source software license are governed solely by the terms of that open source software license and not this License Agreement.
2025-11-02T02:17:02.4731476Z 
2025-11-02T02:17:02.4733688Z 3.5 You agree that the form and nature of the Google TV Add-on that Google provides may change without prior notice to you and that future versions of the Google TV Add-on may be incompatible with applications developed on previous versions of the Google TV Add-on. You agree that Google may stop (permanently or temporarily) providing the Google TV Add-on (or any features within the Google TV Add-on) to you or to users generally at Google's sole discretion, without prior notice to you.
2025-11-02T02:17:02.4736004Z 
2025-11-02T02:17:02.4737708Z 3.6 Nothing in this License Agreement gives you a right to use any of Google's or it’s licensors’ trade names, trademarks, service marks, logos, domain names, or other distinctive brand features.
2025-11-02T02:17:02.4739017Z 
2025-11-02T02:17:02.4739962Z 3.7 You agree that you will not remove, obscure, or alter any proprietary rights notices (including copyright and trademark notices) that may be affixed to or contained within the Google TV Add-on.
2025-11-02T02:17:02.4741223Z 
2025-11-02T02:17:02.4741385Z 4. Use of the Google TV Add-on by You
2025-11-02T02:17:02.4741676Z 
2025-11-02T02:17:02.4742993Z 4.1 Google agrees that it obtains no right, title or interest from you (or your licensors) under this License Agreement in or to any software applications that you develop using the Google TV Add-on, including any intellectual property rights that subsist in those applications.
2025-11-02T02:17:02.4744435Z 
2025-11-02T02:17:02.4746206Z 4.2 You agree to use the Google TV Add-on and write applications only for purposes that are permitted by (a) this License Agreement and (b) any applicable law, regulation or generally accepted practices or guidelines in the relevant jurisdictions (including any laws regarding the export of data or software to and from the United States or other relevant countries).
2025-11-02T02:17:02.4748099Z 
2025-11-02T02:17:02.4752155Z 4.3 You agree that if you use the Google TV Add-on to develop applications for general public users, you will protect the privacy and legal rights of those users. If the users provide you with user names, passwords, or other login information or personal information, your must make the users aware that the information will be available to your application, and you must provide legally adequate privacy notice and protection for those users. If your application stores personal or sensitive information provided by users, it must do so securely. If the user provides your application with Google Account information, your application may only use that information to access the user's Google Account when, and for the limited purposes for which, the user has given you explicit permission to do so.
2025-11-02T02:17:02.4756354Z 
2025-11-02T02:17:02.4758415Z 4.4 You agree that you will not engage in any activity with the Google TV Add-on, including the development or distribution of an application, that interferes with, disrupts, damages, or accesses in an unauthorized manner the servers, networks, or other properties or services of any third party including, but not limited to, Google, Multichannel Video Program Distributors or any mobile communications carrier.
2025-11-02T02:17:02.4760834Z 
2025-11-02T02:17:02.4762669Z 4.5 You agree that you are solely responsible for (and that Google has no responsibility to you or to any third party for) any data, content, or resources that you create, transmit or display through the Google TV platform and/or applications for the Google TV platform, and for the consequences of your actions (including any loss or damage which Google may suffer) by doing so.
2025-11-02T02:17:02.4764586Z 
2025-11-02T02:17:02.4766451Z 4.6 You agree that you are solely responsible for (and that Google has no responsibility to you or to any third party for) any breach of your obligations under this License Agreement, any applicable third party contract or Terms of Service, or any applicable law or regulation, and for the consequences (including any loss or damage which Google or any third party may suffer) of any such breach.
2025-11-02T02:17:02.4768461Z 
2025-11-02T02:17:02.4768604Z 5. Your Developer Credentials
2025-11-02T02:17:02.4768849Z 
2025-11-02T02:17:02.4770221Z 5.1 You agree that you are responsible for maintaining the confidentiality of any developer credentials that may be issued to you by Google or which you may choose yourself and that you will be solely responsible for all applications that are developed under your developer credentials.
2025-11-02T02:17:02.4771929Z 
2025-11-02T02:17:02.4772082Z 6. Privacy and Information
2025-11-02T02:17:02.4772313Z 
2025-11-02T02:17:02.4774981Z 6.1 In order to continually innovate and improve the Google TV Add-on, Google may collect certain usage statistics from the software including but not limited to a unique identifier, associated IP address, version number of the software, and information on which tools and/or services in the Google TV Add-on are being used and how they are being used. Before any of this information is collected, the Google TV Add-on will notify you and seek your consent. If you withhold consent, the information will not be collected.
2025-11-02T02:17:02.4777610Z 
2025-11-02T02:17:02.4778289Z 6.2 The data collected is examined in the aggregate to improve the Google TV Add-on and is maintained in accordance with Google's Privacy Policy.
2025-11-02T02:17:02.4779154Z 
2025-11-02T02:17:02.4779410Z 7. Third Party Applications for the Google TV Platform
2025-11-02T02:17:02.4779793Z 
2025-11-02T02:17:02.4783099Z 7.1 If you use the Google TV Add-on to run applications developed by a third party or that access data, content or resources provided by a third party, you agree that Google is not responsible for those applications, data, content, or resources. You understand that all data, content or resources which you may access through such third party applications are the sole responsibility of the person from which they originated and that Google is not liable for any loss or damage that you may experience as a result of the use or access of any of those third party applications, data, content, or resources.
2025-11-02T02:17:02.4786097Z 
2025-11-02T02:17:02.4788381Z 7.2 You should be aware the data, content, and resources presented to you through such a third party application may be protected by intellectual property rights which are owned by the providers (or by other persons or companies on their behalf). You may not modify, rent, lease, loan, sell, distribute or create derivative works based on these data, content, or resources (either in whole or in part) unless you have been specifically given permission to do so by the relevant owners.
2025-11-02T02:17:02.4790951Z 
2025-11-02T02:17:02.4792226Z 7.3 You acknowledge that your use of such third party applications, data, content, or resources may be subject to separate terms between you and the relevant third party. In that case, this License Agreement does not affect your legal relationship with these third parties.
2025-11-02T02:17:02.4793844Z 
2025-11-02T02:17:02.4793974Z 8. Using Google TV APIs
2025-11-02T02:17:02.4794189Z 
2025-11-02T02:17:02.4798246Z 8.1 If you use any Google TV API to retrieve data from Google, you acknowledge that the data (“Google TV API Content”) may be protected by intellectual property rights which are owned by Google or those parties that provide the data (or by other persons or companies on their behalf). Your use of any such API may be subject to additional Terms of Service. You may not modify, rent, lease, loan, sell, distribute or create derivative works based on this data (either in whole or in part) unless allowed by the relevant Terms of Service. Some portions of the Google TV API Content are licensed to Google by third parties, including but not limited to Tribune Media Services
2025-11-02T02:17:02.4801847Z 
2025-11-02T02:17:02.4803042Z 8.2 If you use any API to retrieve a user's data from Google, you acknowledge and agree that you shall retrieve data only with the user's explicit consent and only when, and for the limited purposes for which, the user has given you permission to do so.
2025-11-02T02:17:02.4804342Z 
2025-11-02T02:17:02.4804793Z 8.3 Except as explicitly permitted in Section 3 (Google TV Add-on License from Google), you must:
2025-11-02T02:17:02.4805394Z 
2025-11-02T02:17:02.4806247Z (a) not modify nor format the Google TV API Content except to the extent reasonably and technically necessary to optimize the display such Google TV API Content in your application;
2025-11-02T02:17:02.4807247Z 
2025-11-02T02:17:02.4808153Z (b) not edit the Google TV API Content in a manner that renders the Google TV API Content inaccurate of alters its inherent meaning (provided that displaying excerpts will not violate the foregoing); or
2025-11-02T02:17:02.4809207Z 
2025-11-02T02:17:02.4809865Z (c) not create any commercial audience measurement tool or service using the Google TV API Content
2025-11-02T02:17:02.4810721Z 
2025-11-02T02:17:02.4810903Z 9. Terminating this License Agreement
2025-11-02T02:17:02.4811221Z 
2025-11-02T02:17:02.4811725Z 9.1 This License Agreement will continue to apply until terminated by either you or Google as set out below.
2025-11-02T02:17:02.4812386Z 
2025-11-02T02:17:02.4813061Z 9.2 If you want to terminate this License Agreement, you may do so by ceasing your use of the Google TV Add-on and any relevant developer credentials.
2025-11-02T02:17:02.4813906Z 
2025-11-02T02:17:02.4814221Z 9.3 Google may at any time, terminate this License Agreement with you if:
2025-11-02T02:17:02.4814699Z 
2025-11-02T02:17:02.4814980Z (A) you have breached any provision of this License Agreement; or
2025-11-02T02:17:02.4815412Z 
2025-11-02T02:17:02.4815600Z (B) Google is required to do so by law; or
2025-11-02T02:17:02.4815923Z 
2025-11-02T02:17:02.4816901Z (C) the partner with whom Google offered certain parts of Google TV Add-on (such as APIs) to you has terminated its relationship with Google or ceased to offer certain parts of the Google TV Add-on to you; or
2025-11-02T02:17:02.4818150Z 
2025-11-02T02:17:02.4819662Z (D) Google decides to no longer providing the Google TV Add-on or certain parts of the Google TV Add-on to users in the country in which you are resident or from which you use the service, or the provision of the Google TV Add-on or certain Google TV Add-on services to you by Google is, in Google's sole discretion, no longer commercially viable.
2025-11-02T02:17:02.4821552Z 
2025-11-02T02:17:02.4823770Z 9.4 When this License Agreement comes to an end, all of the legal rights, obligations and liabilities that you and Google have benefited from, been subject to (or which have accrued over time whilst this License Agreement has been in force) or which are expressed to continue indefinitely, shall be unaffected by this cessation, and the provisions of paragraph 14.7 shall continue to apply to such rights, obligations and liabilities indefinitely.
2025-11-02T02:17:02.4826295Z 
2025-11-02T02:17:02.4826448Z 10. DISCLAIMER OF WARRANTIES
2025-11-02T02:17:02.4826699Z 
2025-11-02T02:17:02.4827587Z 10.1 YOU EXPRESSLY UNDERSTAND AND AGREE THAT YOUR USE OF THE GOOGLE TV ADD-ON IS AT YOUR SOLE RISK AND THAT THE GOOGLE TV ADD-ON IS PROVIDED "AS IS" AND "AS AVAILABLE" WITHOUT WARRANTY OF ANY KIND FROM GOOGLE.
2025-11-02T02:17:02.4828591Z 
2025-11-02T02:17:02.4829894Z 10.2 YOUR USE OF THE GOOGLE TV ADD-ON AND ANY MATERIAL DOWNLOADED OR OTHERWISE OBTAINED THROUGH THE USE OF THE GOOGLE TV ADD-ON IS AT YOUR OWN DISCRETION AND RISK AND YOU ARE SOLELY RESPONSIBLE FOR ANY DAMAGE TO YOUR COMPUTER SYSTEM OR OTHER DEVICE OR LOSS OF DATA THAT RESULTS FROM SUCH USE.
2025-11-02T02:17:02.4831542Z 
2025-11-02T02:17:02.4832839Z 10.3 GOOGLE FURTHER EXPRESSLY DISCLAIMS ALL WARRANTIES AND CONDITIONS OF ANY KIND, WHETHER EXPRESS OR IMPLIED, INCLUDING, BUT NOT LIMITED TO THE IMPLIED WARRANTIES AND CONDITIONS OF MERCHANTABILITY, FITNESS FOR A PARTICULAR PURPOSE AND NON-INFRINGEMENT.
2025-11-02T02:17:02.4834299Z 
2025-11-02T02:17:02.4834462Z 11. LIMITATION OF LIABILITY
2025-11-02T02:17:02.4834703Z 
2025-11-02T02:17:02.4836797Z 11.1 YOU EXPRESSLY UNDERSTAND AND AGREE THAT GOOGLE, ITS SUBSIDIARIES AND AFFILIATES, AND ITS LICENSORS SHALL NOT BE LIABLE TO YOU UNDER ANY THEORY OF LIABILITY FOR ANY DIRECT, INDIRECT, INCIDENTAL, SPECIAL CONSEQUENTIAL OR EXEMPLARY DAMAGES THAT MAY BE INCURRED BY YOU, INCLUDING ANY LOSS OF DATA, WHETHER OR NOT GOOGLE OR ITS REPRESENTATIVES HAVE BEEN ADVISED OF OR SHOULD HAVE BEEN AWARE OF THE POSSIBILITY OF ANY SUCH LOSSES ARISING.
2025-11-02T02:17:02.4839025Z 
2025-11-02T02:17:02.4839146Z 12. Indemnification
2025-11-02T02:17:02.4839341Z 
2025-11-02T02:17:02.4843302Z 12.1 To the maximum extent permitted by law, you agree to defend, indemnify and hold harmless Google, its affiliates and their respective directors, officers, employees and agents from and against any and all claims, actions, suits or proceedings, as well as any and all losses, liabilities, damages, costs and expenses (including reasonable attorneys fees) arising out of or accruing from (a) your use of the Google TV Add-on, (b) any application you develop on the Google TV Add-on that infringes any copyright, trademark, trade secret, trade dress, patent or other intellectual property right of any person or defames any person or violates their rights of publicity or privacy, and (c) any non-compliance by you with this License Agreement.
2025-11-02T02:17:02.4846960Z 
2025-11-02T02:17:02.4847145Z 13. Changes to the License Agreement
2025-11-02T02:17:02.4847463Z 
2025-11-02T02:17:02.4847957Z 13.1 Google may make changes to the License Agreement as it distributes new versions of the Google TV Add-on.
2025-11-02T02:17:02.4848584Z 
2025-11-02T02:17:02.4848725Z 14. General Legal Terms
2025-11-02T02:17:02.4848935Z 
2025-11-02T02:17:02.4850698Z 14.1 This License Agreement constitute the whole legal agreement between you and Google and govern your use of the Google TV Add-on (excluding any services which Google may provide to you under a separate written agreement), and completely replace any prior agreements between you and Google in relation to the Google TV Add-on.
2025-11-02T02:17:02.4852381Z 
2025-11-02T02:17:02.4853834Z 14.2 You agree that if Google does not exercise or enforce any legal right or remedy which is contained in this License Agreement (or which Google has the benefit of under any applicable law), this will not be taken to be a formal waiver of Google's rights and that those rights or remedies will still be available to Google.
2025-11-02T02:17:02.4855459Z 
2025-11-02T02:17:02.4857120Z 14.3 If any court of law, having the jurisdiction to decide on this matter, rules that any provision of this License Agreement is invalid, then that provision will be removed from this License Agreement without affecting the rest of this License Agreement. The remaining provisions of this License Agreement will continue to be valid and enforceable.
2025-11-02T02:17:02.4859330Z 
2025-11-02T02:17:02.4864594Z 14.4 You acknowledge and agree that Google’s API data licensors and each member of the group of companies of which Google is the parent shall be third party beneficiaries to this License Agreement and that such other companies shall be entitled to directly enforce, and rely upon, any provision of this License Agreement that confers a benefit on (or rights in favor of) them. Other than this, no other person or company shall be third party beneficiaries to this License Agreement.
2025-11-02T02:17:02.4867115Z 
2025-11-02T02:17:02.4868512Z 14.5 EXPORT RESTRICTIONS. THE GOOGLE TV ADD-ON IS SUBJECT TO UNITED STATES EXPORT LAWS AND REGULATIONS. YOU MUST COMPLY WITH ALL DOMESTIC AND INTERNATIONAL EXPORT LAWS AND REGULATIONS THAT APPLY TO THE GOOGLE TV ADD-ON. THESE LAWS INCLUDE RESTRICTIONS ON DESTINATIONS, END USERS AND END USE.
2025-11-02T02:17:02.4870074Z 
2025-11-02T02:17:02.4871950Z 14.6 The rights granted in this License Agreement may not be assigned or transferred by either you or Google without the prior written approval of the other party. Neither you nor Google shall be permitted to delegate their responsibilities or obligations under this License Agreement without the prior written approval of the other party.
2025-11-02T02:17:02.4873757Z 
2025-11-02T02:17:02.4876513Z 14.7 This License Agreement, and your relationship with Google under this License Agreement, shall be governed by the laws of the State of California without regard to its conflict of laws provisions. You and Google agree to submit to the exclusive jurisdiction of the courts located within the county of Santa Clara, California to resolve any legal matter arising from this License Agreement. Notwithstanding this, you agree that Google shall still be allowed to apply for injunctive remedies (or an equivalent type of urgent legal relief) in any jurisdiction.
2025-11-02T02:17:02.4879479Z 
2025-11-02T02:17:02.4879495Z 
2025-11-02T02:17:02.4879636Z August 15, 2011
2025-11-02T02:17:02.4879957Z ---------------------------------------
2025-11-02T02:17:02.4880831Z Accept? (y/N): 
2025-11-02T02:17:02.4881186Z 2/6: License android-googlexr-license:
2025-11-02T02:17:02.4881574Z ---------------------------------------
2025-11-02T02:17:02.4883051Z To get started with the Android XR Emulator System Image SDK, you must agree to the following terms and conditions. As described below, please note that this is a preview, emulated version of the Android XR OS, subject to change, that you use at your own risk.
2025-11-02T02:17:02.4884405Z 
2025-11-02T02:17:02.4884670Z This is the Android XR Emulator System Image SDK License Agreement
2025-11-02T02:17:02.4885081Z 
2025-11-02T02:17:02.4885201Z 1. Introduction
2025-11-02T02:17:02.4885377Z 
2025-11-02T02:17:02.4887539Z 1.1 The Android Android XR Emulator System Image SDK (referred to in the License Agreement as the "SDK" and specifically including the Android system files,, packaged APIs, library files (if and when they are made available), and Google applications and APIs add-ons) is licensed to you subject to the terms of the License Agreement. The License Agreement forms a legally binding contract between you and Google in relation to your use of the SDK.
2025-11-02T02:17:02.4889909Z 
2025-11-02T02:17:02.4891119Z 1.2 "Android" means the Android software stack for devices, as made available under the Android Open Source Project, which is located at the following URL: https://source.android.com/, as updated from time to time.
2025-11-02T02:17:02.4892306Z 
2025-11-02T02:17:02.4893308Z 1.3 "Google" means Google LLC, organized under the laws of the State of Delaware, USA, and operating under the laws of the USA with principal place of business at 1600 Amphitheatre Parkway, Mountain View, CA 94043, USA.
2025-11-02T02:17:02.4894455Z 
2025-11-02T02:17:02.4894613Z 2. Accepting this License Agreement
2025-11-02T02:17:02.4894893Z 
2025-11-02T02:17:02.4895516Z 2.1 In order to use the SDK, you must first agree to the License Agreement. You may not use the SDK if you do not accept the License Agreement.
2025-11-02T02:17:02.4896664Z 
2025-11-02T02:17:02.4897110Z 2.2 By clicking to accept and/or using this SDK, you hereby agree to the terms of the License Agreement.
2025-11-02T02:17:02.4897690Z 
2025-11-02T02:17:02.4898853Z 2.3 You may not use the SDK and may not accept the License Agreement if you are a person barred from receiving the SDK under the laws of the United States or other countries, including the country in which you are resident or from which you use the SDK.
2025-11-02T02:17:02.4900134Z 
2025-11-02T02:17:02.4901976Z 2.4 If you are agreeing to be bound by the License Agreement on behalf of your employer or other entity, you represent and warrant that you have full legal authority to bind your employer or such entity to the License Agreement. If you do not have the requisite authority, you may not accept the License Agreement or use the SDK on behalf of your employer or other entity.
2025-11-02T02:17:02.4903735Z 
2025-11-02T02:17:02.4903908Z 3. SDK License from Google
2025-11-02T02:17:02.4904159Z 
2025-11-02T02:17:02.4905293Z 3.1 Subject to the terms of the License Agreement, Google grants you a limited, worldwide, royalty-free, non-assignable, non-exclusive, and non-sublicensable license to use the SDK solely to develop applications for Android XR.
2025-11-02T02:17:02.4906551Z 
2025-11-02T02:17:02.4907608Z 3.2 You may not use this SDK to develop applications for other platforms or to develop another SDK. You are of course free to develop applications for other platforms provided that this SDK is not used for that purpose.
2025-11-02T02:17:02.4908794Z 
2025-11-02T02:17:02.4913085Z 3.3 You agree that Google or third parties own all legal right, title and interest in and to the SDK, including any Intellectual Property Rights that subsist in the SDK. "Intellectual Property Rights" means any and all rights under patent law, copyright law, trade secret law, trademark law, and any and all other proprietary rights. Google reserves all rights not expressly granted to you.
2025-11-02T02:17:02.4915111Z 
2025-11-02T02:17:02.4918086Z 3.4 You may not use the SDK for any purpose not expressly permitted by the License Agreement. Except to the extent required by applicable third party licenses, you may not (a) copy (except for backup purposes), modify, adapt, redistribute, decompile, reverse engineer, disassemble, or create derivative works of the SDK or any part of the SDK; or (b) load any part of the SDK onto a mobile handset or any other hardware device except a personal computer, combine any part of the SDK with other software, or distribute any software or device incorporating a part of the SDK.
2025-11-02T02:17:02.4921108Z 
2025-11-02T02:17:02.4923107Z 3.5 Use, reproduction and distribution of components of the SDK licensed under an open source software license are governed solely by the terms of that open source software license and not the License Agreement. You agree to remain a licensee in good standing in regard to such open source software licenses under all the rights granted and to refrain from any actions that may terminate, suspend, or breach such rights.
2025-11-02T02:17:02.4925248Z 
2025-11-02T02:17:02.4927238Z 3.6 You agree that the form and nature of the SDK that Google provides may change without prior notice to you and that future versions of the SDK may be incompatible with applications developed on previous versions of the SDK. You agree that Google may stop (permanently or temporarily) providing the SDK (or any features within the SDK) to you or to users generally at Google's sole discretion, without prior notice to you.
2025-11-02T02:17:02.4929308Z 
2025-11-02T02:17:02.4929776Z 3.7 Nothing in the License Agreement gives you a right to use any of Google's trade names, trademarks, service marks, logos, domain names, or other distinctive brand features.
2025-11-02T02:17:02.4930323Z 
2025-11-02T02:17:02.4931057Z 3.8 You agree that you will not remove, obscure, or alter any proprietary rights notices (including copyright and trademark notices) that may be affixed to or contained within the SDK.
2025-11-02T02:17:02.4931821Z 
2025-11-02T02:17:02.4931908Z 4. Use of the SDK by You
2025-11-02T02:17:02.4932059Z 
2025-11-02T02:17:02.4932786Z 4.1 Google agrees that it obtains no right, title or interest from you (or your licensors) under the License Agreement in or to any software applications that you develop using the SDK, including any intellectual property rights that subsist in those applications.
2025-11-02T02:17:02.4933576Z 
2025-11-02T02:17:02.4934542Z 4.2 You agree to use the SDK and write applications only for purposes that are permitted by (a) the License Agreement and (b) any applicable law, regulation or generally accepted practices or guidelines in the relevant jurisdictions (including any laws regarding the export of data or software to and from the United States or other relevant countries).
2025-11-02T02:17:02.4935578Z 
2025-11-02T02:17:02.4937766Z 4.3 You agree that if you use the SDK to develop applications for general public users, you will protect the privacy and legal rights of those users. If the users provide you with user names, passwords, or other login information or personal information, you must make the users aware that the information will be available to your application, and you must provide legally adequate privacy notice and protection for those users. If your application stores personal or sensitive information provided by users, it must do so securely. If the user provides your application with Google Account information, your application may only use that information to access the user's Google Account when, and for the limited purposes for which, the user has given you permission to do so.
2025-11-02T02:17:02.4940059Z 
2025-11-02T02:17:02.4941257Z 4.4 You agree that you will not engage in any activity with the SDK, including the development or distribution of an application, that interferes with, disrupts, damages, or accesses in an unauthorized manner the servers, networks, or other properties or services of any third party including, but not limited to, Google or any mobile communications carrier.
2025-11-02T02:17:02.4942316Z 
2025-11-02T02:17:02.4943378Z 4.5 You agree that you are solely responsible for (and that Google has no responsibility to you or to any third party for) any data, content, or resources that you create, transmit or display through Android and/or applications for Android, and for the consequences of your actions (including any loss or damage which Google may suffer) by doing so.
2025-11-02T02:17:02.4944408Z 
2025-11-02T02:17:02.4945480Z 4.6 You agree that you are solely responsible for (and that Google has no responsibility to you or to any third party for) any breach of your obligations under the License Agreement, any applicable third party contract or Terms of Service, or any applicable law or regulation, and for the consequences (including any loss or damage which Google or any third party may suffer) of any such breach.
2025-11-02T02:17:02.4946608Z 
2025-11-02T02:17:02.4947403Z 4.7 The SDK is in development, and your testing and feedback are an important part of the development process. By using the SDK, you acknowledge that implementation of some features are still under development and that you should not rely on the SDK having the full functionality of a stable release.
2025-11-02T02:17:02.4948284Z 
2025-11-02T02:17:02.4948370Z 5. Your Developer Credentials
2025-11-02T02:17:02.4948517Z 
2025-11-02T02:17:02.4949289Z 5.1 You agree that you are responsible for maintaining the confidentiality of any developer credentials that may be issued to you by Google or which you may choose yourself and that you will be solely responsible for all applications that are developed under your developer credentials.
2025-11-02T02:17:02.4950138Z 
2025-11-02T02:17:02.4950223Z 6. Privacy and Information
2025-11-02T02:17:02.4950361Z 
2025-11-02T02:17:02.4951920Z 6.1 In order to continually innovate and improve the SDK, Google may collect certain usage statistics from the software including but not limited to a unique identifier, associated IP address, version number of the software, and information on which tools and/or services in the SDK are being used and how they are being used. Before any of this information is collected, the SDK will notify you and seek your consent. If you withhold consent, the information will not be collected.
2025-11-02T02:17:02.4953445Z 
2025-11-02T02:17:02.4954015Z 6.2 The data collected is examined in the aggregate to improve the SDK and is maintained in accordance with Google's Privacy Policy, which is located at the following URL: https://policies.google.com/privacy
2025-11-02T02:17:02.4954645Z 
2025-11-02T02:17:02.4954909Z 6.3 Anonymized and aggregated sets of the data may be shared with Google partners to improve the SDK.
2025-11-02T02:17:02.4955240Z 
2025-11-02T02:17:02.4955327Z 7. Third Party Applications
2025-11-02T02:17:02.4955474Z 
2025-11-02T02:17:02.4957089Z 7.1 If you use the SDK to run applications developed by a third party or that access data, content or resources provided by a third party, you agree that Google is not responsible for those applications, data, content, or resources. You understand that all data, content or resources which you may access through such third party applications are the sole responsibility of the person from which they originated and that Google is not liable for any loss or damage that you may experience as a result of the use or access of any of those third party applications, data, content, or resources.
2025-11-02T02:17:02.4958760Z 
2025-11-02T02:17:02.4960075Z 7.2 You should be aware that the data, content, and resources presented to you through such a third party application may be protected by intellectual property rights which are owned by the providers (or by other persons or companies on their behalf). You may not modify, rent, lease, loan, sell, distribute or create derivative works based on these data, content, or resources (either in whole or in part) unless you have been specifically given permission to do so by the relevant owners.
2025-11-02T02:17:02.4961587Z 
2025-11-02T02:17:02.4962429Z 7.3 You acknowledge that your use of such third party applications, data, content, or resources may be subject to separate terms between you and the relevant third party. In that case, the License Agreement does not affect your legal relationship with these third parties.
2025-11-02T02:17:02.4963259Z 
2025-11-02T02:17:02.4963345Z 8. Using Android APIs
2025-11-02T02:17:02.4963471Z 
2025-11-02T02:17:02.4963542Z 8.1 Google Data APIs
2025-11-02T02:17:02.4963662Z 
2025-11-02T02:17:02.4964997Z 8.1.1 If you use any API to retrieve data from Google, you acknowledge that the data may be protected by intellectual property rights which are owned by Google or those parties that provide the data (or by other persons or companies on their behalf). Your use of any such API may be subject to additional Terms of Service. You may not modify, rent, lease, loan, sell, distribute or create derivative works based on this data (either in whole or in part) unless allowed by the relevant Terms of Service.
2025-11-02T02:17:02.4966423Z 
2025-11-02T02:17:02.4968788Z 8.1.2 If you use any API to retrieve a user's data from Google, you acknowledge and agree that you shall retrieve data only with the user's explicit consent and only when, and for the limited purposes for which, the user has given you permission to do so. If you use the Android Recognition Service API, documented at the following URL: https://developer.android.com/reference/android/speech/RecognitionService, as updated from time to time, you acknowledge that the use of the API is subject to the Data Processing Addendum for Products where Google is a Data Processor, which is located at the following URL: https://privacy.google.com/businesses/gdprprocessorterms/, as updated from time to time. By clicking to accept, you hereby agree to the terms of the Data Processing Addendum for Products where Google is a Data Processor.
2025-11-02T02:17:02.4971306Z 
2025-11-02T02:17:02.4971401Z 9. Terminating this License Agreement
2025-11-02T02:17:02.4971689Z 
2025-11-02T02:17:02.4971978Z 9.1 The License Agreement will continue to apply until terminated by either you or Google as set out below.
2025-11-02T02:17:02.4972329Z 
2025-11-02T02:17:02.4972652Z 9.2 If you want to terminate the License Agreement, you may do so by ceasing your use of the SDK and any relevant developer credentials.
2025-11-02T02:17:02.4973060Z 
2025-11-02T02:17:02.4974739Z 9.3 Google may at any time, terminate the License Agreement with you if: (A) you have breached any provision of the License Agreement; or (B) Google is required to do so by law; or (C) the partner with whom Google offered certain parts of SDK (such as APIs) to you has terminated its relationship with Google or ceased to offer certain parts of the SDK to you; or (D) Google decides to no longer provide the SDK or certain parts of the SDK to users in the country in which you are resident or from which you use the service, or the provision of the SDK or certain SDK services to you by Google is, in Google's sole discretion, no longer commercially viable.
2025-11-02T02:17:02.4976477Z 
2025-11-02T02:17:02.4977686Z 9.4 When the License Agreement comes to an end, all of the legal rights, obligations and liabilities that you and Google have benefited from, been subject to (or which have accrued over time whilst the License Agreement has been in force) or which are expressed to continue indefinitely, shall be unaffected by this cessation, and the provisions of paragraph 14.7 shall continue to apply to such rights, obligations and liabilities indefinitely.
2025-11-02T02:17:02.4978964Z 
2025-11-02T02:17:02.4979047Z 10. DISCLAIMER OF WARRANTIES
2025-11-02T02:17:02.4979187Z 
2025-11-02T02:17:02.4979620Z 10.1 YOU EXPRESSLY UNDERSTAND AND AGREE THAT YOUR USE OF THE SDK IS AT YOUR SOLE RISK AND THAT THE SDK IS PROVIDED "AS IS" AND "AS AVAILABLE" WITHOUT WARRANTY OF ANY KIND FROM GOOGLE.
2025-11-02T02:17:02.4980138Z 
2025-11-02T02:17:02.4981010Z 10.2 YOUR USE OF THE SDK AND ANY MATERIAL DOWNLOADED OR OTHERWISE OBTAINED THROUGH THE USE OF THE SDK IS AT YOUR OWN DISCRETION AND RISK AND YOU ARE SOLELY RESPONSIBLE FOR ANY DAMAGE TO YOUR COMPUTER SYSTEM OR OTHER DEVICE OR LOSS OF DATA THAT RESULTS FROM SUCH USE.
2025-11-02T02:17:02.4981795Z 
2025-11-02T02:17:02.4982505Z 10.3 GOOGLE FURTHER EXPRESSLY DISCLAIMS ALL WARRANTIES AND CONDITIONS OF ANY KIND, WHETHER EXPRESS OR IMPLIED, INCLUDING, BUT NOT LIMITED TO THE IMPLIED WARRANTIES AND CONDITIONS OF MERCHANTABILITY, FITNESS FOR A PARTICULAR PURPOSE AND NON-INFRINGEMENT.
2025-11-02T02:17:02.4983294Z 
2025-11-02T02:17:02.4983381Z 11. LIMITATION OF LIABILITY
2025-11-02T02:17:02.4983515Z 
2025-11-02T02:17:02.4984714Z 11.1 YOU EXPRESSLY UNDERSTAND AND AGREE THAT GOOGLE, ITS SUBSIDIARIES AND AFFILIATES, AND ITS LICENSORS SHALL NOT BE LIABLE TO YOU UNDER ANY THEORY OF LIABILITY FOR ANY DIRECT, INDIRECT, INCIDENTAL, SPECIAL, CONSEQUENTIAL OR EXEMPLARY DAMAGES THAT MAY BE INCURRED BY YOU, INCLUDING ANY LOSS OF DATA, WHETHER OR NOT GOOGLE OR ITS REPRESENTATIVES HAVE BEEN ADVISED OF OR SHOULD HAVE BEEN AWARE OF THE POSSIBILITY OF ANY SUCH LOSSES ARISING.
2025-11-02T02:17:02.4985984Z 
2025-11-02T02:17:02.4986058Z 12. Indemnification
2025-11-02T02:17:02.4986171Z 
2025-11-02T02:17:02.4988161Z 12.1 To the maximum extent permitted by law, you agree to defend, indemnify and hold harmless Google, its affiliates and their respective directors, officers, employees and agents from and against any and all claims, actions, suits or proceedings, as well as any and all losses, liabilities, damages, costs and expenses (including reasonable attorneys fees) arising out of or accruing from (a) your use of the SDK, (b) any application you develop on the SDK that infringes any copyright, trademark, trade secret, trade dress, patent or other intellectual property right of any person or defames any person or violates their rights of publicity or privacy, and (c) any non-compliance by you with the License Agreement.
2025-11-02T02:17:02.4990246Z 
2025-11-02T02:17:02.4990331Z 13. Changes to the License Agreement
2025-11-02T02:17:02.4990830Z 
2025-11-02T02:17:02.4991475Z 13.1 Google may make changes to the License Agreement as it distributes new versions of the SDK. When these changes are made, Google will make a new version of the License Agreement available on the website where the SDK is made available.
2025-11-02T02:17:02.4992179Z 
2025-11-02T02:17:02.4992255Z 14. General Legal Terms
2025-11-02T02:17:02.4992380Z 
2025-11-02T02:17:02.4993222Z 14.1 The License Agreement constitutes the whole legal agreement between you and Google and governs your use of the SDK (excluding any services which Google may provide to you under a separate written agreement), and completely replaces any prior agreements between you and Google in relation to the SDK.
2025-11-02T02:17:02.4994132Z 
2025-11-02T02:17:02.4994961Z 14.2 You agree that if Google does not exercise or enforce any legal right or remedy which is contained in the License Agreement (or which Google has the benefit of under any applicable law), this will not be taken to be a formal waiver of Google's rights and that those rights or remedies will still be available to Google.
2025-11-02T02:17:02.4995871Z 
2025-11-02T02:17:02.4996802Z 14.3 If any court of law, having the jurisdiction to decide on this matter, rules that any provision of the License Agreement is invalid, then that provision will be removed from the License Agreement without affecting the rest of the License Agreement. The remaining provisions of the License Agreement will continue to be valid and enforceable.
2025-11-02T02:17:02.4997820Z 
2025-11-02T02:17:02.4999020Z 14.4 You acknowledge and agree that each member of the group of companies of which Google is the parent shall be third party beneficiaries to the License Agreement and that such other companies shall be entitled to directly enforce, and rely upon, any provision of the License Agreement that confers a benefit on (or rights in favor of) them. Other than this, no other person or company shall be third party beneficiaries to the License Agreement.
2025-11-02T02:17:02.5000289Z 
2025-11-02T02:17:02.5001280Z 14.5 EXPORT RESTRICTIONS. THE SDK IS SUBJECT TO UNITED STATES EXPORT LAWS AND REGULATIONS. YOU MUST COMPLY WITH ALL DOMESTIC AND INTERNATIONAL EXPORT LAWS AND REGULATIONS THAT APPLY TO THE SDK. THESE LAWS INCLUDE RESTRICTIONS ON DESTINATIONS, END USERS AND END USE.
2025-11-02T02:17:02.5002089Z 
2025-11-02T02:17:02.5003029Z 14.6 The rights granted in the License Agreement may not be assigned or transferred by either you or Google without the prior written approval of the other party. Neither you nor Google shall be permitted to delegate their responsibilities or obligations under the License Agreement without the prior written approval of the other party.
2025-11-02T02:17:02.5004040Z 
2025-11-02T02:17:02.5005596Z 14.7 The License Agreement, and your relationship with Google under the License Agreement, shall be governed by the laws of the State of California without regard to its conflict of laws provisions. You and Google agree to submit to the exclusive jurisdiction of the courts located within the county of Santa Clara, California to resolve any legal matter arising from the License Agreement. Notwithstanding this, you agree that Google shall still be allowed to apply for injunctive remedies (or an equivalent type of urgent legal relief) in any jurisdiction.
2025-11-02T02:17:02.5007299Z ---------------------------------------
2025-11-02T02:17:02.5007541Z Accept? (y/N): 
2025-11-02T02:17:02.5007745Z 3/6: License android-sdk-arm-dbt-license:
2025-11-02T02:17:02.5008001Z ---------------------------------------
2025-11-02T02:17:02.5008219Z Terms and Conditions
2025-11-02T02:17:02.5008342Z 
2025-11-02T02:17:02.5008486Z This is the Android Software Development Kit License Agreement
2025-11-02T02:17:02.5008713Z 
2025-11-02T02:17:02.5008790Z 1. Introduction
2025-11-02T02:17:02.5008895Z 
2025-11-02T02:17:02.5009887Z 1.1 The Android Software Development Kit (referred to in the License Agreement as the "SDK" and specifically including the Android system files, packaged APIs, and Google APIs add-ons) is licensed to you subject to the terms of the License Agreement. The License Agreement forms a legally binding contract between you and Google in relation to your use of the SDK.
2025-11-02T02:17:02.5011163Z 
2025-11-02T02:17:02.5011733Z 1.2 "Android" means the Android software stack for devices, as made available under the Android Open Source Project, which is located at the following URL: http://source.android.com/, as updated from time to time.
2025-11-02T02:17:02.5012373Z 
2025-11-02T02:17:02.5013340Z 1.3 A "compatible implementation" means any Android device that (i) complies with the Android Compatibility Definition document, which can be found at the Android compatibility website (http://source.android.com/compatibility) and which may be updated from time to time; and (ii) successfully passes the Android Compatibility Test Suite (CTS).
2025-11-02T02:17:02.5014370Z 
2025-11-02T02:17:02.5014785Z 1.4 "Google" means Google Inc., a Delaware corporation with principal place of business at 1600 Amphitheatre Parkway, Mountain View, CA 94043, United States.
2025-11-02T02:17:02.5015274Z 
2025-11-02T02:17:02.5015282Z 
2025-11-02T02:17:02.5015371Z 2. Accepting the License Agreement
2025-11-02T02:17:02.5015533Z 
2025-11-02T02:17:02.5015868Z 2.1 In order to use the SDK, you must first agree to the License Agreement. You may not use the SDK if you do not accept the License Agreement.
2025-11-02T02:17:02.5016277Z 
2025-11-02T02:17:02.5016467Z 2.2 By clicking to accept, you hereby agree to the terms of the License Agreement.
2025-11-02T02:17:02.5016740Z 
2025-11-02T02:17:02.5017383Z 2.3 You may not use the SDK and may not accept the License Agreement if you are a person barred from receiving the SDK under the laws of the United States or other countries, including the country in which you are resident or from which you use the SDK.
2025-11-02T02:17:02.5018108Z 
2025-11-02T02:17:02.5019176Z 2.4 If you are agreeing to be bound by the License Agreement on behalf of your employer or other entity, you represent and warrant that you have full legal authority to bind your employer or such entity to the License Agreement. If you do not have the requisite authority, you may not accept the License Agreement or use the SDK on behalf of your employer or other entity.
2025-11-02T02:17:02.5020219Z 
2025-11-02T02:17:02.5020229Z 
2025-11-02T02:17:02.5020310Z 3. SDK License from Google
2025-11-02T02:17:02.5020550Z 
2025-11-02T02:17:02.5021251Z 3.1 Subject to the terms of the License Agreement, Google grants you a limited, worldwide, royalty-free, non-assignable, non-exclusive, and non-sublicensable license to use the SDK solely to develop applications for compatible implementations of Android.
2025-11-02T02:17:02.5022032Z 
2025-11-02T02:17:02.5022941Z 3.2 You may not use this SDK to develop applications for other platforms (including non-compatible implementations of Android) or to develop another SDK. You are of course free to develop applications for other platforms, including non-compatible implementations of Android, provided that this SDK is not used for that purpose.
2025-11-02T02:17:02.5023930Z 
2025-11-02T02:17:02.5024994Z 3.3 You agree that Google or third parties own all legal right, title and interest in and to the SDK, including any Intellectual Property Rights that subsist in the SDK. "Intellectual Property Rights" means any and all rights under patent law, copyright law, trade secret law, trademark law, and any and all other proprietary rights. Google reserves all rights not expressly granted to you.
2025-11-02T02:17:02.5026133Z 
2025-11-02T02:17:02.5027232Z 3.4 You may not use the SDK for any purpose not expressly permitted by the License Agreement. Except to the extent required by applicable third party licenses, you may not copy (except for backup purposes), modify, adapt, redistribute, decompile, reverse engineer, disassemble, or create derivative works of the SDK or any part of the SDK.
2025-11-02T02:17:02.5028403Z 
2025-11-02T02:17:02.5029382Z 3.5 Use, reproduction and distribution of components of the SDK licensed under an open source software license are governed solely by the terms of that open source software license and not the License Agreement.
2025-11-02T02:17:02.5030924Z 
2025-11-02T02:17:02.5032821Z 3.6 You agree that the form and nature of the SDK that Google provides may change without prior notice to you and that future versions of the SDK may be incompatible with applications developed on previous versions of the SDK. You agree that Google may stop (permanently or temporarily) providing the SDK (or any features within the SDK) to you or to users generally at Google's sole discretion, without prior notice to you.
2025-11-02T02:17:02.5034906Z 
2025-11-02T02:17:02.5035687Z 3.7 Nothing in the License Agreement gives you a right to use any of Google's trade names, trademarks, service marks, logos, domain names, or other distinctive brand features.
2025-11-02T02:17:02.5036614Z 
2025-11-02T02:17:02.5037466Z 3.8 You agree that you will not remove, obscure, or alter any proprietary rights notices (including copyright and trademark notices) that may be affixed to or contained within the SDK.
2025-11-02T02:17:02.5038440Z 
2025-11-02T02:17:02.5038452Z 
2025-11-02T02:17:02.5038585Z 4. Use of the SDK by You
2025-11-02T02:17:02.5038799Z 
2025-11-02T02:17:02.5039999Z 4.1 Google agrees that it obtains no right, title or interest from you (or your licensors) under the License Agreement in or to any software applications that you develop using the SDK, including any intellectual property rights that subsist in those applications.
2025-11-02T02:17:02.5041497Z 
2025-11-02T02:17:02.5043200Z 4.2 You agree to use the SDK and write applications only for purposes that are permitted by (a) the License Agreement and (b) any applicable law, regulation or generally accepted practices or guidelines in the relevant jurisdictions (including any laws regarding the export of data or software to and from the United States or other relevant countries).
2025-11-02T02:17:02.5045063Z 
2025-11-02T02:17:02.5049101Z 4.3 You agree that if you use the SDK to develop applications for general public users, you will protect the privacy and legal rights of those users. If the users provide you with user names, passwords, or other login information or personal information, you must make the users aware that the information will be available to your application, and you must provide legally adequate privacy notice and protection for those users. If your application stores personal or sensitive information provided by users, it must do so securely. If the user provides your application with Google Account information, your application may only use that information to access the user's Google Account when, and for the limited purposes for which, the user has given you permission to do so.
2025-11-02T02:17:02.5053219Z 
2025-11-02T02:17:02.5055124Z 4.4 You agree that you will not engage in any activity with the SDK, including the development or distribution of an application, that interferes with, disrupts, damages, or accesses in an unauthorized manner the servers, networks, or other properties or services of any third party including, but not limited to, Google or any mobile communications carrier.
2025-11-02T02:17:02.5057148Z 
2025-11-02T02:17:02.5058744Z 4.5 You agree that you are solely responsible for (and that Google has no responsibility to you or to any third party for) any data, content, or resources that you create, transmit or display through Android and/or applications for Android, and for the consequences of your actions (including any loss or damage which Google may suffer) by doing so.
2025-11-02T02:17:02.5060660Z 
2025-11-02T02:17:02.5062531Z 4.6 You agree that you are solely responsible for (and that Google has no responsibility to you or to any third party for) any breach of your obligations under the License Agreement, any applicable third party contract or Terms of Service, or any applicable law or regulation, and for the consequences (including any loss or damage which Google or any third party may suffer) of any such breach.
2025-11-02T02:17:02.5064649Z 
2025-11-02T02:17:02.5067111Z 4.7 This software enables the execution of intellectual property owned by Arm Limited. You agree that your use of the software, that allows execution of ARM Instruction Set Architecture (“ISA”) compliant executables for application development and debug only on x86 desktop, laptop, customer on-premise servers, and customer-procured cloud-based environments.
2025-11-02T02:17:02.5069032Z 
2025-11-02T02:17:02.5069176Z 5. Your Developer Credentials
2025-11-02T02:17:02.5069428Z 
2025-11-02T02:17:02.5070956Z 5.1 You agree that you are responsible for maintaining the confidentiality of any developer credentials that may be issued to you by Google or which you may choose yourself and that you will be solely responsible for all applications that are developed under your developer credentials.
2025-11-02T02:17:02.5072476Z 
2025-11-02T02:17:02.5072615Z 6. Privacy and Information
2025-11-02T02:17:02.5072843Z 
2025-11-02T02:17:02.5075180Z 6.1 In order to continually innovate and improve the SDK, Google may collect certain usage statistics from the software including but not limited to a unique identifier, associated IP address, version number of the software, and information on which tools and/or services in the SDK are being used and how they are being used. Before any of this information is collected, the SDK will notify you and seek your consent. If you withhold consent, the information will not be collected.
2025-11-02T02:17:02.5077614Z 
2025-11-02T02:17:02.5078183Z 6.2 The data collected is examined in the aggregate to improve the SDK and is maintained in accordance with Google's Privacy Policy.
2025-11-02T02:17:02.5078956Z 
2025-11-02T02:17:02.5078963Z 
2025-11-02T02:17:02.5079108Z 7. Third Party Applications
2025-11-02T02:17:02.5079347Z 
2025-11-02T02:17:02.5082521Z 7.1 If you use the SDK to run applications developed by a third party or that access data, content or resources provided by a third party, you agree that Google is not responsible for those applications, data, content, or resources. You understand that all data, content or resources which you may access through such third party applications are the sole responsibility of the person from which they originated and that Google is not liable for any loss or damage that you may experience as a result of the use or access of any of those third party applications, data, content, or resources.
2025-11-02T02:17:02.5085457Z 
2025-11-02T02:17:02.5087717Z 7.2 You should be aware the data, content, and resources presented to you through such a third party application may be protected by intellectual property rights which are owned by the providers (or by other persons or companies on their behalf). You may not modify, rent, lease, loan, sell, distribute or create derivative works based on these data, content, or resources (either in whole or in part) unless you have been specifically given permission to do so by the relevant owners.
2025-11-02T02:17:02.5090129Z 
2025-11-02T02:17:02.5091503Z 7.3 You acknowledge that your use of such third party applications, data, content, or resources may be subject to separate terms between you and the relevant third party. In that case, the License Agreement does not affect your legal relationship with these third parties.
2025-11-02T02:17:02.5092926Z 
2025-11-02T02:17:02.5092933Z 
2025-11-02T02:17:02.5093059Z 8. Using Android APIs
2025-11-02T02:17:02.5093264Z 
2025-11-02T02:17:02.5093389Z 8.1 Google Data APIs
2025-11-02T02:17:02.5093581Z 
2025-11-02T02:17:02.5095934Z 8.1.1 If you use any API to retrieve data from Google, you acknowledge that the data may be protected by intellectual property rights which are owned by Google or those parties that provide the data (or by other persons or companies on their behalf). Your use of any such API may be subject to additional Terms of Service. You may not modify, rent, lease, loan, sell, distribute or create derivative works based on this data (either in whole or in part) unless allowed by the relevant Terms of Service.
2025-11-02T02:17:02.5098348Z 
2025-11-02T02:17:02.5102962Z 8.1.2 If you use any API to retrieve a user's data from Google, you acknowledge and agree that you shall retrieve data only with the user's explicit consent and only when, and for the limited purposes for which, the user has given you permission to do so. If you use the Android Recognition Service API, documented at the following URL: https://developer.android.com/reference/android/speech/RecognitionService, as updated from time to time, you acknowledge that the use of the API is subject to the Data Processing Addendum for Products where Google is a Data Processor, which is located at the following URL: https://privacy.google.com/businesses/gdprprocessorterms/, as updated from time to time. By clicking to accept, you hereby agree to the terms of the Data Processing Addendum for Products where Google is a Data Processor.
2025-11-02T02:17:02.5107185Z 
2025-11-02T02:17:02.5107192Z 
2025-11-02T02:17:02.5107353Z 9. Terminating the License Agreement
2025-11-02T02:17:02.5107644Z 
2025-11-02T02:17:02.5108137Z 9.1 The License Agreement will continue to apply until terminated by either you or Google as set out below.
2025-11-02T02:17:02.5108760Z 
2025-11-02T02:17:02.5109326Z 9.2 If you want to terminate the License Agreement, you may do so by ceasing your use of the SDK and any relevant developer credentials.
2025-11-02T02:17:02.5110031Z 
2025-11-02T02:17:02.5113141Z 9.3 Google may at any time, terminate the License Agreement with you if: (A) you have breached any provision of the License Agreement; or (B) Google is required to do so by law; or (C) the partner with whom Google offered certain parts of SDK (such as APIs) to you has terminated its relationship with Google or ceased to offer certain parts of the SDK to you; or (D) Google decides to no longer provide the SDK or certain parts of the SDK to users in the country in which you are resident or from which you use the service, or the provision of the SDK or certain SDK services to you by Google is, in Google's sole discretion, no longer commercially viable.
2025-11-02T02:17:02.5116175Z 
2025-11-02T02:17:02.5118454Z 9.4 When the License Agreement comes to an end, all of the legal rights, obligations and liabilities that you and Google have benefited from, been subject to (or which have accrued over time whilst the License Agreement has been in force) or which are expressed to continue indefinitely, shall be unaffected by this cessation, and the provisions of paragraph 14.7 shall continue to apply to such rights, obligations and liabilities indefinitely.
2025-11-02T02:17:02.5120859Z 
2025-11-02T02:17:02.5120865Z 
2025-11-02T02:17:02.5121007Z 10. DISCLAIMER OF WARRANTIES
2025-11-02T02:17:02.5121254Z 
2025-11-02T02:17:02.5122006Z 10.1 YOU EXPRESSLY UNDERSTAND AND AGREE THAT YOUR USE OF THE SDK IS AT YOUR SOLE RISK AND THAT THE SDK IS PROVIDED "AS IS" AND "AS AVAILABLE" WITHOUT WARRANTY OF ANY KIND FROM GOOGLE.
2025-11-02T02:17:02.5122904Z 
2025-11-02T02:17:02.5124144Z 10.2 YOUR USE OF THE SDK AND ANY MATERIAL DOWNLOADED OR OTHERWISE OBTAINED THROUGH THE USE OF THE SDK IS AT YOUR OWN DISCRETION AND RISK AND YOU ARE SOLELY RESPONSIBLE FOR ANY DAMAGE TO YOUR COMPUTER SYSTEM OR OTHER DEVICE OR LOSS OF DATA THAT RESULTS FROM SUCH USE.
2025-11-02T02:17:02.5125503Z 
2025-11-02T02:17:02.5126766Z 10.3 GOOGLE FURTHER EXPRESSLY DISCLAIMS ALL WARRANTIES AND CONDITIONS OF ANY KIND, WHETHER EXPRESS OR IMPLIED, INCLUDING, BUT NOT LIMITED TO THE IMPLIED WARRANTIES AND CONDITIONS OF MERCHANTABILITY, FITNESS FOR A PARTICULAR PURPOSE AND NON-INFRINGEMENT.
2025-11-02T02:17:02.5128163Z 
2025-11-02T02:17:02.5128169Z 
2025-11-02T02:17:02.5128303Z 11. LIMITATION OF LIABILITY
2025-11-02T02:17:02.5128529Z 
2025-11-02T02:17:02.5130812Z 11.1 YOU EXPRESSLY UNDERSTAND AND AGREE THAT GOOGLE, ITS SUBSIDIARIES AND AFFILIATES, AND ITS LICENSORS SHALL NOT BE LIABLE TO YOU UNDER ANY THEORY OF LIABILITY FOR ANY DIRECT, INDIRECT, INCIDENTAL, SPECIAL, CONSEQUENTIAL OR EXEMPLARY DAMAGES THAT MAY BE INCURRED BY YOU, INCLUDING ANY LOSS OF DATA, WHETHER OR NOT GOOGLE OR ITS REPRESENTATIVES HAVE BEEN ADVISED OF OR SHOULD HAVE BEEN AWARE OF THE POSSIBILITY OF ANY SUCH LOSSES ARISING.
2025-11-02T02:17:02.5133210Z 
2025-11-02T02:17:02.5133222Z 
2025-11-02T02:17:02.5133352Z 12. Indemnification
2025-11-02T02:17:02.5133540Z 
2025-11-02T02:17:02.5137070Z 12.1 To the maximum extent permitted by law, you agree to defend, indemnify and hold harmless Google, its affiliates and their respective directors, officers, employees and agents from and against any and all claims, actions, suits or proceedings, as well as any and all losses, liabilities, damages, costs and expenses (including reasonable attorneys fees) arising out of or accruing from (a) your use of the SDK, (b) any application you develop on the SDK that infringes any copyright, trademark, trade secret, trade dress, patent or other intellectual property right of any person or defames any person or violates their rights of publicity or privacy, and (c) any non-compliance by you with the License Agreement.
2025-11-02T02:17:02.5140774Z 
2025-11-02T02:17:02.5140786Z 
2025-11-02T02:17:02.5140947Z 13. Changes to the License Agreement
2025-11-02T02:17:02.5141228Z 
2025-11-02T02:17:02.5142331Z 13.1 Google may make changes to the License Agreement as it distributes new versions of the SDK. When these changes are made, Google will make a new version of the License Agreement available on the website where the SDK is made available.
2025-11-02T02:17:02.5143557Z 
2025-11-02T02:17:02.5143570Z 
2025-11-02T02:17:02.5143720Z 14. General Legal Terms
2025-11-02T02:17:02.5143938Z 
2025-11-02T02:17:02.5145416Z 14.1 The License Agreement constitutes the whole legal agreement between you and Google and governs your use of the SDK (excluding any services which Google may provide to you under a separate written agreement), and completely replaces any prior agreements between you and Google in relation to the SDK.
2025-11-02T02:17:02.5147029Z 
2025-11-02T02:17:02.5148624Z 14.2 You agree that if Google does not exercise or enforce any legal right or remedy which is contained in the License Agreement (or which Google has the benefit of under any applicable law), this will not be taken to be a formal waiver of Google's rights and that those rights or remedies will still be available to Google.
2025-11-02T02:17:02.5150256Z 
2025-11-02T02:17:02.5151586Z 14.3 If any court of law, having the jurisdiction to decide on this matter, rules that any provision of the License Agreement is invalid, then that provision will be removed from the License Agreement without affecting the rest of the License Agreement. The remaining provisions of the License Agreement will continue to be valid and enforceable.
2025-11-02T02:17:02.5152635Z 
2025-11-02T02:17:02.5153869Z 14.4 You acknowledge and agree that each member of the group of companies of which Google is the parent shall be third party beneficiaries to the License Agreement and that such other companies shall be entitled to directly enforce, and rely upon, any provision of the License Agreement that confers a benefit on (or rights in favor of) them. Other than this, no other person or company shall be third party beneficiaries to the License Agreement.
2025-11-02T02:17:02.5155148Z 
2025-11-02T02:17:02.5156249Z 14.5 EXPORT RESTRICTIONS. THE SDK IS SUBJECT TO UNITED STATES EXPORT LAWS AND REGULATIONS. YOU MUST COMPLY WITH ALL DOMESTIC AND INTERNATIONAL EXPORT LAWS AND REGULATIONS THAT APPLY TO THE SDK. THESE LAWS INCLUDE RESTRICTIONS ON DESTINATIONS, END USERS AND END USE.
2025-11-02T02:17:02.5157508Z 
2025-11-02T02:17:02.5159160Z 14.6 The rights granted in the License Agreement may not be assigned or transferred by either you or Google without the prior written approval of the other party. Neither you nor Google shall be permitted to delegate their responsibilities or obligations under the License Agreement without the prior written approval of the other party.
2025-11-02T02:17:02.5160304Z 
2025-11-02T02:17:02.5163037Z 14.7 The License Agreement, and your relationship with Google under the License Agreement, shall be governed by the laws of the State of California without regard to its conflict of laws provisions. You and Google agree to submit to the exclusive jurisdiction of the courts located within the county of Santa Clara, California to resolve any legal matter arising from the License Agreement. Notwithstanding this, you agree that Google shall still be allowed to apply for injunctive remedies (or an equivalent type of urgent legal relief) in any jurisdiction.
2025-11-02T02:17:02.5166018Z 
2025-11-02T02:17:02.5166027Z 
2025-11-02T02:17:02.5166166Z January 16, 2019
2025-11-02T02:17:02.5166521Z ---------------------------------------
2025-11-02T02:17:02.5166903Z Accept? (y/N): 
2025-11-02T02:17:02.5167266Z 4/6: License android-sdk-preview-license:
2025-11-02T02:17:02.5167715Z ---------------------------------------
2025-11-02T02:17:02.5169766Z To get started with the Android SDK Preview, you must agree to the following terms and conditions. As described below, please note that this is a preview version of the Android SDK, subject to change, that you use at your own risk. The Android SDK Preview is not a stable release, and may contain errors and defects that can result in serious damage to your computer systems, devices and data.
2025-11-02T02:17:02.5171911Z 
2025-11-02T02:17:02.5172218Z This is the Android SDK Preview License Agreement (the "License Agreement").
2025-11-02T02:17:02.5172649Z 
2025-11-02T02:17:02.5172774Z 1. Introduction
2025-11-02T02:17:02.5172955Z 
2025-11-02T02:17:02.5175480Z 1.1 The Android SDK Preview (referred to in the License Agreement as the “Preview” and specifically including the Android system files, packaged APIs, and Preview library files, if and when they are made available) is licensed to you subject to the terms of the License Agreement. The License Agreement forms a legally binding contract between you and Google in relation to your use of the Preview.
2025-11-02T02:17:02.5177487Z 
2025-11-02T02:17:02.5178416Z 1.2 "Android" means the Android software stack for devices, as made available under the Android Open Source Project, which is located at the following URL: http://source.android.com/, as updated from time to time.
2025-11-02T02:17:02.5179509Z 
2025-11-02T02:17:02.5180388Z 1.3 "Google" means Google Inc., a Delaware corporation with principal place of business at 1600 Amphitheatre Parkway, Mountain View, CA 94043, United States.
2025-11-02T02:17:02.5181348Z 
2025-11-02T02:17:02.5181453Z 2. Accepting the License Agreement
2025-11-02T02:17:02.5181626Z 
2025-11-02T02:17:02.5182000Z 2.1 In order to use the Preview, you must first agree to the License Agreement. You may not use the Preview if you do not accept the License Agreement.
2025-11-02T02:17:02.5182441Z 
2025-11-02T02:17:02.5182709Z 2.2 By clicking to accept and/or using the Preview, you hereby agree to the terms of the License Agreement.
2025-11-02T02:17:02.5183053Z 
2025-11-02T02:17:02.5183743Z 2.3 You may not use the Preview and may not accept the License Agreement if you are a person barred from receiving the Preview under the laws of the United States or other countries including the country in which you are resident or from which you use the Preview.
2025-11-02T02:17:02.5184514Z 
2025-11-02T02:17:02.5185706Z 2.4 If you will use the Preview internally within your company or organization you agree to be bound by the License Agreement on behalf of your employer or other entity, and you represent and warrant that you have full legal authority to bind your employer or such entity to the License Agreement. If you do not have the requisite authority, you may not accept the License Agreement or use the Preview on behalf of your employer or other entity.
2025-11-02T02:17:02.5186980Z 
2025-11-02T02:17:02.5187069Z 3. Preview License from Google
2025-11-02T02:17:02.5187219Z 
2025-11-02T02:17:02.5188102Z 3.1 Subject to the terms of the License Agreement, Google grants you a royalty-free, non-assignable, non-exclusive, non-sublicensable, limited, revocable license to use the Preview, personally or internally within your company or organization, solely to develop applications to run on the Android platform.
2025-11-02T02:17:02.5189172Z 
2025-11-02T02:17:02.5190340Z 3.2 You agree that Google or third parties owns all legal right, title and interest in and to the Preview, including any Intellectual Property Rights that subsist in the Preview. "Intellectual Property Rights" means any and all rights under patent law, copyright law, trade secret law, trademark law, and any and all other proprietary rights. Google reserves all rights not expressly granted to you.
2025-11-02T02:17:02.5192117Z 
2025-11-02T02:17:02.5194935Z 3.3 You may not use the Preview for any purpose not expressly permitted by the License Agreement. Except to the extent required by applicable third party licenses, you may not: (a) copy (except for backup purposes), modify, adapt, redistribute, decompile, reverse engineer, disassemble, or create derivative works of the Preview or any part of the Preview; or (b) load any part of the Preview onto a mobile handset or any other hardware device except a personal computer, combine any part of the Preview with other software, or distribute any software or device incorporating a part of the Preview.
2025-11-02T02:17:02.5197877Z 
2025-11-02T02:17:02.5198595Z 3.4 You agree that you will not take any actions that may cause or result in the fragmentation of Android, including but not limited to distributing, participating in the creation of, or promoting in any way a software development kit derived from the Preview.
2025-11-02T02:17:02.5199388Z 
2025-11-02T02:17:02.5200844Z 3.5 Use, reproduction and distribution of components of the Preview licensed under an open source software license are governed solely by the terms of that open source software license and not the License Agreement. You agree to remain a licensee in good standing in regard to such open source software licenses under all the rights granted and to refrain from any actions that may terminate, suspend, or breach such rights.
2025-11-02T02:17:02.5202209Z 
2025-11-02T02:17:02.5203601Z 3.6 You agree that the form and nature of the Preview that Google provides may change without prior notice to you and that future versions of the Preview may be incompatible with applications developed on previous versions of the Preview. You agree that Google may stop (permanently or temporarily) providing the Preview (or any features within the Preview) to you or to users generally at Google's sole discretion, without prior notice to you.
2025-11-02T02:17:02.5204931Z 
2025-11-02T02:17:02.5205381Z 3.7 Nothing in the License Agreement gives you a right to use any of Google's trade names, trademarks, service marks, logos, domain names, or other distinctive brand features.
2025-11-02T02:17:02.5205906Z 
2025-11-02T02:17:02.5206403Z 3.8 You agree that you will not remove, obscure, or alter any proprietary rights notices (including copyright and trademark notices) that may be affixed to or contained within the Preview.
2025-11-02T02:17:02.5206975Z 
2025-11-02T02:17:02.5207059Z 4. Use of the Preview by You
2025-11-02T02:17:02.5207204Z 
2025-11-02T02:17:02.5208040Z 4.1 Google agrees that nothing in the License Agreement gives Google any right, title or interest from you (or your licensors) under the License Agreement in or to any software applications that you develop using the Preview, including any intellectual property rights that subsist in those applications.
2025-11-02T02:17:02.5208941Z 
2025-11-02T02:17:02.5209916Z 4.2 You agree to use the Preview and write applications only for purposes that are permitted by (a) the License Agreement, and (b) any applicable law, regulation or generally accepted practices or guidelines in the relevant jurisdictions (including any laws regarding the export of data or software to and from the United States or other relevant countries).
2025-11-02T02:17:02.5211265Z 
2025-11-02T02:17:02.5213327Z 4.3 You agree that if you use the Preview to develop applications, you will protect the privacy and legal rights of users. If users provide you with user names, passwords, or other login information or personal information, you must make the users aware that the information will be available to your application, and you must provide legally adequate privacy notice and protection for those users. If your application stores personal or sensitive information provided by users, it must do so securely. If users provide you with Google Account information, your application may only use that information to access the user's Google Account when, and for the limited purposes for which, each user has given you permission to do so.
2025-11-02T02:17:02.5215572Z 
2025-11-02T02:17:02.5216386Z 4.4 You agree that you will not engage in any activity with the Preview, including the development or distribution of an application, that interferes with, disrupts, damages, or accesses in an unauthorized manner the servers, networks, or other properties or services of Google or any third party.
2025-11-02T02:17:02.5217264Z 
2025-11-02T02:17:02.5218193Z 4.5 You agree that you are solely responsible for (and that Google has no responsibility to you or to any third party for) any data, content, or resources that you create, transmit or display through Android and/or applications for Android, and for the consequences of your actions (including any loss or damage which Google may suffer) by doing so.
2025-11-02T02:17:02.5219195Z 
2025-11-02T02:17:02.5220244Z 4.6 You agree that you are solely responsible for (and that Google has no responsibility to you or to any third party for) any breach of your obligations under the License Agreement, any applicable third party contract or Terms of Service, or any applicable law or regulation, and for the consequences (including any loss or damage which Google or any third party may suffer) of any such breach.
2025-11-02T02:17:02.5221621Z 
2025-11-02T02:17:02.5223089Z 4.7 The Preview is in development, and your testing and feedback are an important part of the development process. By using the Preview, you acknowledge that implementation of some features are still under development and that you should not rely on the Preview having the full functionality of a stable release. You agree not to publicly distribute or ship any application using this Preview as this Preview will no longer be supported after the official Android SDK is released.
2025-11-02T02:17:02.5224500Z 
2025-11-02T02:17:02.5224586Z 5. Your Developer Credentials
2025-11-02T02:17:02.5224732Z 
2025-11-02T02:17:02.5225505Z 5.1 You agree that you are responsible for maintaining the confidentiality of any developer credentials that may be issued to you by Google or which you may choose yourself and that you will be solely responsible for all applications that are developed under your developer credentials.
2025-11-02T02:17:02.5226350Z 
2025-11-02T02:17:02.5226430Z 6. Privacy and Information
2025-11-02T02:17:02.5226569Z 
2025-11-02T02:17:02.5227937Z 6.1 In order to continually innovate and improve the Preview, Google may collect certain usage statistics from the software including but not limited to a unique identifier, associated IP address, version number of the software, and information on which tools and/or services in the Preview are being used and how they are being used. Before any of this information is collected, the Preview will notify you and seek your consent. If you withhold consent, the information will not be collected.
2025-11-02T02:17:02.5229379Z 
2025-11-02T02:17:02.5229902Z 6.2 The data collected is examined in the aggregate to improve the Preview and is maintained in accordance with Google's Privacy Policy located at http://www.google.com/policies/privacy/.
2025-11-02T02:17:02.5230705Z 
2025-11-02T02:17:02.5230851Z 7. Third Party Applications
2025-11-02T02:17:02.5231002Z 
2025-11-02T02:17:02.5232641Z 7.1 If you use the Preview to run applications developed by a third party or that access data, content or resources provided by a third party, you agree that Google is not responsible for those applications, data, content, or resources. You understand that all data, content or resources which you may access through such third party applications are the sole responsibility of the person from which they originated and that Google is not liable for any loss or damage that you may experience as a result of the use or access of any of those third party applications, data, content, or resources.
2025-11-02T02:17:02.5234513Z 
2025-11-02T02:17:02.5235833Z 7.2 You should be aware the data, content, and resources presented to you through such a third party application may be protected by intellectual property rights which are owned by the providers (or by other persons or companies on their behalf). You may not modify, rent, lease, loan, sell, distribute or create derivative works based on these data, content, or resources (either in whole or in part) unless you have been specifically given permission to do so by the relevant owners.
2025-11-02T02:17:02.5237218Z 
2025-11-02T02:17:02.5237656Z 7.3 You acknowledge that your use of such third party applications, data, content, or resources may be subject to separate terms between you and the relevant third party.
2025-11-02T02:17:02.5238184Z 
2025-11-02T02:17:02.5238259Z 8. Using Google APIs
2025-11-02T02:17:02.5238380Z 
2025-11-02T02:17:02.5238453Z 8.1 Google APIs
2025-11-02T02:17:02.5238564Z 
2025-11-02T02:17:02.5239891Z 8.1.1 If you use any API to retrieve data from Google, you acknowledge that the data may be protected by intellectual property rights which are owned by Google or those parties that provide the data (or by other persons or companies on their behalf). Your use of any such API may be subject to additional Terms of Service. You may not modify, rent, lease, loan, sell, distribute or create derivative works based on this data (either in whole or in part) unless allowed by the relevant Terms of Service.
2025-11-02T02:17:02.5241465Z 
2025-11-02T02:17:02.5242112Z 8.1.2 If you use any API to retrieve a user's data from Google, you acknowledge and agree that you shall retrieve data only with the user's explicit consent and only when, and for the limited purposes for which, the user has given you permission to do so.
2025-11-02T02:17:02.5242844Z 
2025-11-02T02:17:02.5242938Z 9. Terminating the License Agreement
2025-11-02T02:17:02.5243098Z 
2025-11-02T02:17:02.5243506Z 9.1 the License Agreement will continue to apply until terminated by either you or Google as set out below.
2025-11-02T02:17:02.5243875Z 
2025-11-02T02:17:02.5244202Z 9.2 If you want to terminate the License Agreement, you may do so by ceasing your use of the Preview and any relevant developer credentials.
2025-11-02T02:17:02.5244618Z 
2025-11-02T02:17:02.5244873Z 9.3 Google may at any time, terminate the License Agreement, with or without cause, upon notice to you.
2025-11-02T02:17:02.5245201Z 
2025-11-02T02:17:02.5246083Z 9.4 The License Agreement will automatically terminate without notice or other action upon the earlier of: (A) when Google ceases to provide the Preview or certain parts of the Preview to users in the country in which you are resident or from which you use the service; and (B) Google issues a final release version of the Android SDK.
2025-11-02T02:17:02.5247047Z 
2025-11-02T02:17:02.5247688Z 9.5 When the License Agreement is terminated, the license granted to you in the License Agreement will terminate, you will immediately cease all use of the Preview, and the provisions of paragraphs 10, 11, 12 and 14 shall survive indefinitely.
2025-11-02T02:17:02.5248419Z 
2025-11-02T02:17:02.5248488Z 10. DISCLAIMERS
2025-11-02T02:17:02.5248593Z 
2025-11-02T02:17:02.5249101Z 10.1 YOU EXPRESSLY UNDERSTAND AND AGREE THAT YOUR USE OF THE PREVIEW IS AT YOUR SOLE RISK AND THAT THE PREVIEW IS PROVIDED "AS IS" AND "AS AVAILABLE" WITHOUT WARRANTY OF ANY KIND FROM GOOGLE.
2025-11-02T02:17:02.5250058Z 
2025-11-02T02:17:02.5252129Z 10.2 YOUR USE OF THE PREVIEW AND ANY MATERIAL DOWNLOADED OR OTHERWISE OBTAINED THROUGH THE USE OF THE PREVIEW IS AT YOUR OWN DISCRETION AND RISK AND YOU ARE SOLELY RESPONSIBLE FOR ANY DAMAGE TO YOUR COMPUTER SYSTEM OR OTHER DEVICE OR LOSS OF DATA THAT RESULTS FROM SUCH USE. WITHOUT LIMITING THE FOREGOING, YOU UNDERSTAND THAT THE PREVIEW IS NOT A STABLE RELEASE AND MAY CONTAIN ERRORS, DEFECTS AND SECURITY VULNERABILITIES THAT CAN RESULT IN SIGNIFICANT DAMAGE, INCLUDING THE COMPLETE, IRRECOVERABLE LOSS OF USE OF YOUR COMPUTER SYSTEM OR OTHER DEVICE.
2025-11-02T02:17:02.5253946Z 
2025-11-02T02:17:02.5254655Z 10.3 GOOGLE FURTHER EXPRESSLY DISCLAIMS ALL WARRANTIES AND CONDITIONS OF ANY KIND, WHETHER EXPRESS OR IMPLIED, INCLUDING, BUT NOT LIMITED TO THE IMPLIED WARRANTIES AND CONDITIONS OF MERCHANTABILITY, FITNESS FOR A PARTICULAR PURPOSE AND NON-INFRINGEMENT.
2025-11-02T02:17:02.5255437Z 
2025-11-02T02:17:02.5255517Z 11. LIMITATION OF LIABILITY
2025-11-02T02:17:02.5255655Z 
2025-11-02T02:17:02.5256859Z 11.1 YOU EXPRESSLY UNDERSTAND AND AGREE THAT GOOGLE, ITS SUBSIDIARIES AND AFFILIATES, AND ITS LICENSORS SHALL NOT BE LIABLE TO YOU UNDER ANY THEORY OF LIABILITY FOR ANY DIRECT, INDIRECT, INCIDENTAL, SPECIAL, CONSEQUENTIAL OR EXEMPLARY DAMAGES THAT MAY BE INCURRED BY YOU, INCLUDING ANY LOSS OF DATA, WHETHER OR NOT GOOGLE OR ITS REPRESENTATIVES HAVE BEEN ADVISED OF OR SHOULD HAVE BEEN AWARE OF THE POSSIBILITY OF ANY SUCH LOSSES ARISING.
2025-11-02T02:17:02.5258121Z 
2025-11-02T02:17:02.5258196Z 12. Indemnification
2025-11-02T02:17:02.5258315Z 
2025-11-02T02:17:02.5261046Z 12.1 To the maximum extent permitted by law, you agree to defend, indemnify and hold harmless Google, its affiliates and their respective directors, officers, employees and agents from and against any and all claims, actions, suits or proceedings, as well as any and all losses, liabilities, damages, costs and expenses (including reasonable attorneys’ fees) arising out of or accruing from (a) your use of the Preview, (b) any application you develop on the Preview that infringes any Intellectual Property Rights of any person or defames any person or violates their rights of publicity or privacy, and (c) any non-compliance by you of the License Agreement.
2025-11-02T02:17:02.5263100Z 
2025-11-02T02:17:02.5263196Z 13. Changes to the License Agreement
2025-11-02T02:17:02.5263462Z 
2025-11-02T02:17:02.5264821Z 13.1 Google may make changes to the License Agreement as it distributes new versions of the Preview. When these changes are made, Google will make a new version of the License Agreement available on the website where the Preview is made available.
2025-11-02T02:17:02.5265772Z 
2025-11-02T02:17:02.5265870Z 14. General Legal Terms
2025-11-02T02:17:02.5266009Z 
2025-11-02T02:17:02.5266891Z 14.1 the License Agreement constitutes the whole legal agreement between you and Google and governs your use of the Preview (excluding any services which Google may provide to you under a separate written agreement), and completely replaces any prior agreements between you and Google in relation to the Preview.
2025-11-02T02:17:02.5267832Z 
2025-11-02T02:17:02.5268672Z 14.2 You agree that if Google does not exercise or enforce any legal right or remedy which is contained in the License Agreement (or which Google has the benefit of under any applicable law), this will not be taken to be a formal waiver of Google's rights and that those rights or remedies will still be available to Google.
2025-11-02T02:17:02.5269581Z 
2025-11-02T02:17:02.5270799Z 14.3 If any court of law, having the jurisdiction to decide on this matter, rules that any provision of the License Agreement is invalid, then that provision will be removed from the License Agreement without affecting the rest of the License Agreement. The remaining provisions of the License Agreement will continue to be valid and enforceable.
2025-11-02T02:17:02.5271842Z 
2025-11-02T02:17:02.5273193Z 14.4 You acknowledge and agree that each member of the group of companies of which Google is the parent shall be third party beneficiaries to the License Agreement and that such other companies shall be entitled to directly enforce, and rely upon, any provision of the License Agreement that confers a benefit on (or rights in favor of) them. Other than this, no other person or company shall be third party beneficiaries to the License Agreement.
2025-11-02T02:17:02.5274944Z 
2025-11-02T02:17:02.5275988Z 14.5 EXPORT RESTRICTIONS. THE PREVIEW IS SUBJECT TO UNITED STATES EXPORT LAWS AND REGULATIONS. YOU MUST COMPLY WITH ALL DOMESTIC AND INTERNATIONAL EXPORT LAWS AND REGULATIONS THAT APPLY TO THE PREVIEW. THESE LAWS INCLUDE RESTRICTIONS ON DESTINATIONS, END USERS AND END USE.
2025-11-02T02:17:02.5276853Z 
2025-11-02T02:17:02.5277861Z 14.6 The License Agreement may not be assigned or transferred by you without the prior written approval of Google, and any attempted assignment without such approval will be void. You shall not delegate your responsibilities or obligations under the License Agreement without the prior written approval of Google.
2025-11-02T02:17:02.5279494Z 
2025-11-02T02:17:02.5282660Z 14.7 The License Agreement, and your relationship with Google under the License Agreement, shall be governed by the laws of the State of California without regard to its conflict of laws provisions. You and Google agree to submit to the exclusive jurisdiction of the courts located within the county of Santa Clara, California to resolve any legal matter arising from the License Agreement. Notwithstanding this, you agree that Google shall still be allowed to apply for injunctive remedies (or an equivalent type of urgent legal relief) in any jurisdiction.
2025-11-02T02:17:02.5285496Z 
2025-11-02T02:17:02.5285627Z June 2014.
2025-11-02T02:17:02.5285926Z ---------------------------------------
2025-11-02T02:17:02.5286325Z Accept? (y/N): 
2025-11-02T02:17:02.5286655Z 5/6: License google-gdk-license:
2025-11-02T02:17:02.5287054Z ---------------------------------------
2025-11-02T02:17:02.5287564Z This is a Developer Preview of the GDK that is subject to change.
2025-11-02T02:17:02.5287951Z 
2025-11-02T02:17:02.5288079Z Terms and Conditions
2025-11-02T02:17:02.5288299Z 
2025-11-02T02:17:02.5288498Z This is the Glass Development Kit License Agreement.
2025-11-02T02:17:02.5288845Z 
2025-11-02T02:17:02.5288965Z 1. Introduction
2025-11-02T02:17:02.5289150Z 
2025-11-02T02:17:02.5291499Z 1.1 The Glass Development Kit (referred to in this License Agreement as the "GDK" and specifically including the Android system files, packaged APIs, and GDK library files, if and when they are made available) is licensed to you subject to the terms of this License Agreement. This License Agreement forms a legally binding contract between you and Google in relation to your use of the GDK.
2025-11-02T02:17:02.5293530Z 
2025-11-02T02:17:02.5293896Z 1.2 "Glass" means Glass devices and the Glass software stack for use on Glass devices.
2025-11-02T02:17:02.5294401Z 
2025-11-02T02:17:02.5294407Z 
2025-11-02T02:17:02.5295407Z 1.3 "Android" means the Android software stack for devices, as made available under the Android Open Source Project, which is located at the following URL: http://source.android.com/, as updated from time to time.
2025-11-02T02:17:02.5296532Z 
2025-11-02T02:17:02.5297244Z 1.4 "Google" means Google Inc., a Delaware corporation with principal place of business at 1600 Amphitheatre Parkway, Mountain View, CA 94043, United States.
2025-11-02T02:17:02.5298149Z 
2025-11-02T02:17:02.5298276Z 2. Accepting this License Agreement
2025-11-02T02:17:02.5298447Z 
2025-11-02T02:17:02.5298801Z 2.1 In order to use the GDK, you must first agree to this License Agreement. You may not use the GDK if you do not accept this License Agreement.
2025-11-02T02:17:02.5299226Z 
2025-11-02T02:17:02.5299421Z 2.2 By clicking to accept, you hereby agree to the terms of this License Agreement.
2025-11-02T02:17:02.5299705Z 
2025-11-02T02:17:02.5300353Z 2.3 You may not use the GDK and may not accept the License Agreement if you are a person barred from receiving the GDK under the laws of the United States or other countries including the country in which you are resident or from which you use the GDK.
2025-11-02T02:17:02.5301527Z 
2025-11-02T02:17:02.5302527Z 2.4 If you are agreeing to be bound by this License Agreement on behalf of your employer or other entity, you represent and warrant that you have full legal authority to bind your employer or such entity to this License Agreement. If you do not have the requisite authority, you may not accept the License Agreement or use the GDK on behalf of your employer or other entity.
2025-11-02T02:17:02.5303774Z 
2025-11-02T02:17:02.5303860Z 3. GDK License from Google
2025-11-02T02:17:02.5304002Z 
2025-11-02T02:17:02.5304651Z 3.1 Subject to the terms of this License Agreement, Google grants you a limited, worldwide, royalty-free, non-assignable and non-exclusive license to use the GDK solely to develop applications to run on the Glass platform for Glass devices.
2025-11-02T02:17:02.5305384Z 
2025-11-02T02:17:02.5306444Z 3.2 You agree that Google or third parties own all legal right, title and interest in and to the GDK, including any Intellectual Property Rights that subsist in the GDK. "Intellectual Property Rights" means any and all rights under patent law, copyright law, trade secret law, trademark law, and any and all other proprietary rights. Google reserves all rights not expressly granted to you.
2025-11-02T02:17:02.5307584Z 
2025-11-02T02:17:02.5309312Z 3.3 You may not use the GDK for any purpose not expressly permitted by this License Agreement. Except to the extent required by applicable third party licenses, you may not: (a) copy (except for backup purposes), modify, adapt, redistribute, decompile, reverse engineer, disassemble, or create derivative works of the GDK or any part of the GDK; or (b) load any part of the GDK onto a mobile handset or wearable computing device or any other hardware device except a Glass device personal computer, combine any part of the GDK with other software, or distribute any software or device incorporating a part of the GDK.
2025-11-02T02:17:02.5311285Z 
2025-11-02T02:17:02.5311955Z 3.4 You agree that you will not take any actions that may cause or result in the fragmentation of Glass, including but not limited to distributing, participating in the creation of, or promoting in any way a software development kit derived from the GDK.
2025-11-02T02:17:02.5312694Z 
2025-11-02T02:17:02.5313387Z 3.5 Use, reproduction and distribution of components of the GDK licensed under an open source software license are governed solely by the terms of that open source software license and not this License Agreement.
2025-11-02T02:17:02.5314035Z 
2025-11-02T02:17:02.5315158Z 3.6 You agree that the form and nature of the GDK that Google provides may change without prior notice to you and that future versions of the GDK may be incompatible with applications developed on previous versions of the GDK. You agree that Google may stop (permanently or temporarily) providing the GDK (or any features within the GDK) to you or to users generally at Google's sole discretion, without prior notice to you.
2025-11-02T02:17:02.5316353Z 
2025-11-02T02:17:02.5316794Z 3.7 Nothing in this License Agreement gives you a right to use any of Google's trade names, trademarks, service marks, logos, domain names, or other distinctive brand features.
2025-11-02T02:17:02.5317318Z 
2025-11-02T02:17:02.5317810Z 3.8 You agree that you will not remove, obscure, or alter any proprietary rights notices (including copyright and trademark notices) that may be affixed to or contained within the GDK.
2025-11-02T02:17:02.5318374Z 
2025-11-02T02:17:02.5318378Z 
2025-11-02T02:17:02.5319376Z 3.9 Your use of any Android system files, packaged APIs, or other components of the GDK which are part of the Android Software Development Kit is subject to the terms of the Android Software Development Kit License Agreement located at http://developer.android.com/sdk/terms.html. These terms are hereby incorporated by reference into this License Agreement.
2025-11-02T02:17:02.5320613Z 
2025-11-02T02:17:02.5320756Z 4. Use of the GDK by You
2025-11-02T02:17:02.5320910Z 
2025-11-02T02:17:02.5321634Z 4.1 Google agrees that it obtains no right, title or interest from you (or your licensors) under this License Agreement in or to any software applications that you develop using the GDK, including any intellectual property rights that subsist in those applications.
2025-11-02T02:17:02.5322581Z 
2025-11-02T02:17:02.5324072Z 4.2 You agree to use the GDK and write applications only for purposes that are permitted by (a) this License Agreement, (b) the Glass Platform Developer Policies (located at https://developers.google.com/glass/policies, and hereby incorporated into this License Agreement by reference), and (c) any applicable law, regulation or generally accepted practices or guidelines in the relevant jurisdictions (including any laws regarding the export of data or software to and from the United States or other relevant countries).
2025-11-02T02:17:02.5325607Z 
2025-11-02T02:17:02.5327800Z 4.3 You agree that if you use the GDK to develop applications for general public users, you will protect the privacy and legal rights of those users. If the users provide you with user names, passwords, or other login information or personal information, you must make the users aware that the information will be available to your application, and you must provide legally adequate privacy notice and protection for those users. If your application stores personal or sensitive information provided by users, it must do so securely. If the user provides your application with Google Account information, your application may only use that information to access the user's Google Account when, and for the limited purposes for which, the user has given you permission to do so.
2025-11-02T02:17:02.5330039Z 
2025-11-02T02:17:02.5331222Z 4.4 You agree that you will not engage in any activity with the GDK, including the development or distribution of an application, that interferes with, disrupts, damages, or accesses in an unauthorized manner the servers, networks, or other properties or services of any third party including, but not limited to, Google.
2025-11-02T02:17:02.5332181Z 
2025-11-02T02:17:02.5333237Z 4.5 You agree that you are solely responsible for (and that Google has no responsibility to you or to any third party for) any data, content, or resources that you create, transmit or display through Glass and/or applications for Glass, and for the consequences of your actions (including any loss or damage which Google may suffer) by doing so.
2025-11-02T02:17:02.5334244Z 
2025-11-02T02:17:02.5335304Z 4.6 You agree that you are solely responsible for (and that Google has no responsibility to you or to any third party for) any breach of your obligations under this License Agreement, any applicable third party contract or Terms of Service, or any applicable law or regulation, and for the consequences (including any loss or damage which Google or any third party may suffer) of any such breach.
2025-11-02T02:17:02.5336430Z 
2025-11-02T02:17:02.5336434Z 
2025-11-02T02:17:02.5337440Z 4.7 The GDK is in development, and your testing and feedback are an important part of the development process. By using the GDK, you acknowledge that implementation of some features are still under development and that you should not rely on the GDK, Glass devices, Glass system software, Google Mirror API, or Glass services having the full functionality of a stable release.
2025-11-02T02:17:02.5338531Z 
2025-11-02T02:17:02.5338623Z 5. Your Developer Credentials
2025-11-02T02:17:02.5338771Z 
2025-11-02T02:17:02.5339543Z 5.1 You agree that you are responsible for maintaining the confidentiality of any developer credentials that may be issued to you by Google or which you may choose yourself and that you will be solely responsible for all applications that are developed under your developer credentials.
2025-11-02T02:17:02.5340384Z 
2025-11-02T02:17:02.5340678Z 6. Privacy and Information
2025-11-02T02:17:02.5340839Z 
2025-11-02T02:17:02.5340843Z 
2025-11-02T02:17:02.5342163Z 6.1 In order to continually innovate and improve the GDK, Google may collect certain usage statistics from the software including but not limited to a unique identifier, associated IP address, version number of the software, and information on which tools and/or services in the GDK are being used and how they are being used. Before any of this information is collected, the GDK will notify you and seek your consent. If you withhold consent, the information will not be collected.
2025-11-02T02:17:02.5343689Z 
2025-11-02T02:17:02.5344019Z 6.2 The data collected is examined in the aggregate to improve the GDK and is maintained in accordance with Google's Privacy Policy.
2025-11-02T02:17:02.5344437Z 
2025-11-02T02:17:02.5344519Z 7. Third Party Applications
2025-11-02T02:17:02.5344656Z 
2025-11-02T02:17:02.5346255Z 7.1 If you use the GDK to run applications developed by a third party or that access data, content or resources provided by a third party, you agree that Google is not responsible for those applications, data, content, or resources. You understand that all data, content or resources which you may access through such third party applications are the sole responsibility of the person from which they originated and that Google is not liable for any loss or damage that you may experience as a result of the use or access of any of those third party applications, data, content, or resources.
2025-11-02T02:17:02.5347922Z 
2025-11-02T02:17:02.5349232Z 7.2 You should be aware the data, content, and resources presented to you through such a third party application may be protected by intellectual property rights which are owned by the providers (or by other persons or companies on their behalf). You may not modify, rent, lease, loan, sell, distribute or create derivative works based on these data, content, or resources (either in whole or in part) unless you have been specifically given permission to do so by the relevant owners.
2025-11-02T02:17:02.5350849Z 
2025-11-02T02:17:02.5351581Z 7.3 You acknowledge that your use of such third party applications, data, content, or resources may be subject to separate terms between you and the relevant third party. In that case, this License Agreement does not affect your legal relationship with these third parties.
2025-11-02T02:17:02.5352396Z 
2025-11-02T02:17:02.5352468Z 8. Using Google APIs
2025-11-02T02:17:02.5352586Z 
2025-11-02T02:17:02.5352675Z 8.1 Google APIs
2025-11-02T02:17:02.5352783Z 
2025-11-02T02:17:02.5354234Z 8.1.1 If you use any API to retrieve data from Google, you acknowledge that the data may be protected by intellectual property rights which are owned by Google or those parties that provide the data (or by other persons or companies on their behalf). Your use of any such API may be subject to additional Terms of Service. You may not modify, rent, lease, loan, sell, distribute or create derivative works based on this data (either in whole or in part) unless allowed by the relevant Terms of Service.
2025-11-02T02:17:02.5355633Z 
2025-11-02T02:17:02.5356273Z 8.1.2 If you use any API to retrieve a user's data from Google, you acknowledge and agree that you shall retrieve data only with the user's explicit consent and only when, and for the limited purposes for which, the user has given you permission to do so.
2025-11-02T02:17:02.5357000Z 
2025-11-02T02:17:02.5357091Z 9. Terminating this License Agreement
2025-11-02T02:17:02.5357259Z 
2025-11-02T02:17:02.5357541Z 9.1 This License Agreement will continue to apply until terminated by either you or Google as set out below.
2025-11-02T02:17:02.5357896Z 
2025-11-02T02:17:02.5358216Z 9.2 If you want to terminate this License Agreement, you may do so by ceasing your use of the GDK and any relevant developer credentials.
2025-11-02T02:17:02.5358624Z 
2025-11-02T02:17:02.5360295Z 9.3 Google may at any time, terminate this License Agreement with you if: (A) you have breached any provision of this License Agreement; or (B) Google is required to do so by law; or (C) the partner with whom Google offered certain parts of GDK (such as APIs) to you has terminated its relationship with Google or ceased to offer certain parts of the GDK to you; or (D) Google decides to no longer provide the GDK or certain parts of the GDK to users in the country in which you are resident or from which you use the service, or the provision of the GDK or certain GDK services to you by Google is, in Google's sole discretion, no longer commercially viable.
2025-11-02T02:17:02.5362372Z 
2025-11-02T02:17:02.5363585Z 9.4 When this License Agreement comes to an end, all of the legal rights, obligations and liabilities that you and Google have benefited from, been subject to (or which have accrued over time whilst this License Agreement has been in force) or which are expressed to continue indefinitely, shall be unaffected by this cessation, and the provisions of paragraph 14.7 shall continue to apply to such rights, obligations and liabilities indefinitely.
2025-11-02T02:17:02.5364861Z 
2025-11-02T02:17:02.5364943Z 10. DISCLAIMER OF WARRANTIES
2025-11-02T02:17:02.5365081Z 
2025-11-02T02:17:02.5365568Z 10.1 YOU EXPRESSLY UNDERSTAND AND AGREE THAT YOUR USE OF THE GDK IS AT YOUR SOLE RISK AND THAT THE GDK IS PROVIDED "AS IS" AND "AS AVAILABLE" WITHOUT WARRANTY OF ANY KIND FROM GOOGLE.
2025-11-02T02:17:02.5366083Z 
2025-11-02T02:17:02.5366770Z 10.2 YOUR USE OF THE GDK AND ANY MATERIAL DOWNLOADED OR OTHERWISE OBTAINED THROUGH THE USE OF THE GDK IS AT YOUR OWN DISCRETION AND RISK AND YOU ARE SOLELY RESPONSIBLE FOR ANY DAMAGE TO YOUR COMPUTER SYSTEM OR OTHER DEVICE OR LOSS OF DATA THAT RESULTS FROM SUCH USE.
2025-11-02T02:17:02.5367529Z 
2025-11-02T02:17:02.5368225Z 10.3 GOOGLE FURTHER EXPRESSLY DISCLAIMS ALL WARRANTIES AND CONDITIONS OF ANY KIND, WHETHER EXPRESS OR IMPLIED, INCLUDING, BUT NOT LIMITED TO THE IMPLIED WARRANTIES AND CONDITIONS OF MERCHANTABILITY, FITNESS FOR A PARTICULAR PURPOSE AND NON-INFRINGEMENT.
2025-11-02T02:17:02.5369001Z 
2025-11-02T02:17:02.5369085Z 11. LIMITATION OF LIABILITY
2025-11-02T02:17:02.5369216Z 
2025-11-02T02:17:02.5370559Z 11.1 YOU EXPRESSLY UNDERSTAND AND AGREE THAT GOOGLE, ITS SUBSIDIARIES AND AFFILIATES, AND ITS LICENSORS SHALL NOT BE LIABLE TO YOU UNDER ANY THEORY OF LIABILITY FOR ANY DIRECT, INDIRECT, INCIDENTAL, SPECIAL, CONSEQUENTIAL OR EXEMPLARY DAMAGES THAT MAY BE INCURRED BY YOU, INCLUDING ANY LOSS OF DATA, WHETHER OR NOT GOOGLE OR ITS REPRESENTATIVES HAVE BEEN ADVISED OF OR SHOULD HAVE BEEN AWARE OF THE POSSIBILITY OF ANY SUCH LOSSES ARISING.
2025-11-02T02:17:02.5371867Z 
2025-11-02T02:17:02.5372074Z 12. Indemnification
2025-11-02T02:17:02.5372196Z 
2025-11-02T02:17:02.5374172Z 12.1 To the maximum extent permitted by law, you agree to defend, indemnify and hold harmless Google, its affiliates and their respective directors, officers, employees and agents from and against any and all claims, actions, suits or proceedings, as well as any and all losses, liabilities, damages, costs and expenses (including reasonable attorneys fees) arising out of or accruing from (a) your use of the GDK, (b) any application you develop on the GDK that infringes any copyright, trademark, trade secret, trade dress, patent or other intellectual property right of any person or defames any person or violates their rights of publicity or privacy, and (c) any non-compliance by you with this License Agreement.
2025-11-02T02:17:02.5376197Z 
2025-11-02T02:17:02.5376283Z 13. Changes to the License Agreement
2025-11-02T02:17:02.5376447Z 
2025-11-02T02:17:02.5377061Z 13.1 Google may make changes to the License Agreement as it distributes new versions of the GDK. When these changes are made, Google will make a new version of the License Agreement available on the website where the GDK is made available.
2025-11-02T02:17:02.5377754Z 
2025-11-02T02:17:02.5377827Z 14. General Legal Terms
2025-11-02T02:17:02.5377947Z 
2025-11-02T02:17:02.5378784Z 14.1 This License Agreement constitutes the whole legal agreement between you and Google and governs your use of the GDK (excluding any services which Google may provide to you under a separate written agreement), and completely replaces any prior agreements between you and Google in relation to the GDK.
2025-11-02T02:17:02.5379693Z 
2025-11-02T02:17:02.5380731Z 14.2 You agree that if Google does not exercise or enforce any legal right or remedy which is contained in this License Agreement (or which Google has the benefit of under any applicable law), this will not be taken to be a formal waiver of Google's rights and that those rights or remedies will still be available to Google.
2025-11-02T02:17:02.5381782Z 
2025-11-02T02:17:02.5382729Z 14.3 If any court of law, having the jurisdiction to decide on this matter, rules that any provision of this License Agreement is invalid, then that provision will be removed from this License Agreement without affecting the rest of this License Agreement. The remaining provisions of this License Agreement will continue to be valid and enforceable.
2025-11-02T02:17:02.5383749Z 
2025-11-02T02:17:02.5384952Z 14.4 You acknowledge and agree that each member of the group of companies of which Google is the parent shall be third party beneficiaries to this License Agreement and that such other companies shall be entitled to directly enforce, and rely upon, any provision of this License Agreement that confers a benefit on (or rights in favor of) them. Other than this, no other person or company shall be third party beneficiaries to this License Agreement.
2025-11-02T02:17:02.5386231Z 
2025-11-02T02:17:02.5386949Z 14.5 EXPORT RESTRICTIONS. THE GDK IS SUBJECT TO UNITED STATES EXPORT LAWS AND REGULATIONS. YOU MUST COMPLY WITH ALL DOMESTIC AND INTERNATIONAL EXPORT LAWS AND REGULATIONS THAT APPLY TO THE GDK. THESE LAWS INCLUDE RESTRICTIONS ON DESTINATIONS, END USERS AND END USE.
2025-11-02T02:17:02.5387749Z 
2025-11-02T02:17:02.5388680Z 14.6 The rights granted in this License Agreement may not be assigned or transferred by either you or Google without the prior written approval of the other party. Neither you nor Google shall be permitted to delegate their responsibilities or obligations under this License Agreement without the prior written approval of the other party.
2025-11-02T02:17:02.5389729Z 
2025-11-02T02:17:02.5391650Z 14.7 This License Agreement, and your relationship with Google under this License Agreement, shall be governed by the laws of the State of California without regard to its conflict of laws provisions. You and Google agree to submit to the exclusive jurisdiction of the courts located within the county of Santa Clara, California to resolve any legal matter arising from this License Agreement. Notwithstanding this, you agree that Google shall still be allowed to apply for injunctive remedies (or an equivalent type of urgent legal relief) in any jurisdiction.
2025-11-02T02:17:02.5393302Z 
2025-11-02T02:17:02.5393382Z November 19, 2013
2025-11-02T02:17:02.5393641Z ---------------------------------------
2025-11-02T02:17:02.5393988Z Accept? (y/N): 
2025-11-02T02:17:02.5394315Z 6/6: License mips-android-sysimage-license:
2025-11-02T02:17:02.5394605Z ---------------------------------------
2025-11-02T02:17:02.5396588Z MIPS Technologies, Inc. (“MIPS”) Internal Evaluation License Agreement for MIPS Android™ System Images for Android Software Development Kit (SDK): This Internal Evaluation License Agreement (this "Agreement") is entered into by and between MIPS and you (as an individual developer or a legal entity -- identified below as “Recipient”). MIPS shall make the Evaluation Software available to Recipient as described in accordance with the terms and conditions set forth below.
2025-11-02T02:17:02.5398012Z 
2025-11-02T02:17:02.5399945Z By clicking on the “Accept” button, downloading, installing, or otherwise using the Evaluation Materials (defined below), you agree to be bound by the terms of this Agreement effective as of the date you click “Accept” (the “Effective Date”), and if doing so on behalf of an entity, you represent that you are authorized to bind the entity to the terms and conditions of this Agreement. If you do not agree to be bound by the terms and conditions of this Agreement, do not download, install, or use the Evaluation Materials.
2025-11-02T02:17:02.5401811Z 
2025-11-02T02:17:02.5401976Z 1. DEFINITIONS. These terms shall have the following meanings:
2025-11-02T02:17:02.5402233Z 
2025-11-02T02:17:02.5402773Z 1.1 “MIPS” shall mean MIPS Technologies, Inc., a Delaware corporation having a principal place of business at: 955 East Arques Ave., Sunnyvale, CA 94085
2025-11-02T02:17:02.5403452Z 
2025-11-02T02:17:02.5403987Z 1.2 “Evaluation Software” shall mean MIPS Android™ emulator system images for Android Software Development Kit (SDK), as made available to Recipient.
2025-11-02T02:17:02.5404476Z 
2025-11-02T02:17:02.5405573Z 1.3 “Evaluation Materials" means, collectively, the Evaluation Software (in source and/or object code form) and documentation (including, without limitation, any design documents, specifications, reference manuals, and other related materials) related to the Evaluation Software as made available to Recipient.
2025-11-02T02:17:02.5406558Z 
2025-11-02T02:17:02.5409853Z 1.4 “Open Source Software” means any software that requires (as a condition of use, modification and/or distribution of such software) that such software or other software incorporated into, derived from or distributed with such software (a) be disclosed or distributed in source code form; or (b) be licensed by the user to third parties for the purpose of making and/or distributing derivative works; or (c) be redistributable at no charge. Open Source Software includes, without limitation, software licensed or distributed under any of the following licenses or distribution models, or licenses or distribution models substantially similar to any of the following: (a) GNU’s General Public License (GPL) or Lesser/Library GPL (LGPL), (b) the Artistic License (e.g., PERL), (c) the Mozilla Public License, (d) the Netscape Public License, (e) the Sun Community Source License (SCSL), (f) the Sun Industry Source License (SISL), (g) the Apache Software license and (h) the Common Public License (CPL).
2025-11-02T02:17:02.5412999Z 
2025-11-02T02:17:02.5414017Z 1.5 “Pre-Release Materials” means “alpha” or “beta” designated pre-release features, which may not be fully functional, which MIPS may substantially modify in producing any production version of the Evaluation Materials, and/or which is still under development by MIPS and/or MIPS’ suppliers.
2025-11-02T02:17:02.5414914Z 
2025-11-02T02:17:02.5416708Z 2. PURPOSE. MIPS desires to make the Evaluation Materials available to Recipient solely for Recipient's internal evaluation of the Evaluation Software to evaluate the desirability of cooperating with MIPS in developing products that are compatible with the Evaluation Software and/or to advise MIPS as to possible modifications to the Evaluation Software. Recipient may not disclose, distribute, modify (except to facilitate the above-mentioned internal evaluation), or make commercial use of the Evaluation Materials or any modifications of the Evaluation Materials.
2025-11-02T02:17:02.5418423Z 
2025-11-02T02:17:02.5419753Z THE EVALUATION MATERIALS ARE PROVIDED FOR EVALUATION PURPOSES ONLY AND MAY NOT BE MODIFIED (EXCEPT TO FACILITATE THE INTERNAL EVALUATION) OR DISTRIBUTED BY RECIPIENT OR INCORPORATED INTO RECIPIENT’S PRODUCTS OR SOFTWARE. PLEASE CONTACT A MIPS SALES REPRESENTATIVE TO LEARN ABOUT THE AVAILABILITY AND COST OF A COMMERCIAL VERSION OF THE EVALUATION SOFTWARE.
2025-11-02T02:17:02.5421012Z 
2025-11-02T02:17:02.5421809Z 3. TITLE. Title to the Evaluation Materials remains with MIPS or its suppliers. Recipient shall not mortgage, pledge or encumber the Evaluation Materials in any way. Recipient shall return all Evaluation Materials, keeping no copies, upon termination or expiration of this Agreement.
2025-11-02T02:17:02.5422668Z 
2025-11-02T02:17:02.5425958Z 4. LICENSE. MIPS grants Recipient a royalty-free, personal, nontransferable, nonexclusive license under its copyrights to use the Evaluation Software only for the purposes described in paragraph 2 above and only for a period beginning on the Effective Date and extending to the first anniversary of the Effective Date (the “Evaluation Period”). Unless otherwise communicated in writing by MIPS to Recipient, to the extent the Evaluation Software is provided in more than one delivery or release (each, a “Release”) the license grant in this Section 4 and the Evaluation Period shall apply to each Release, in which case the Evaluation Period shall begin on the date that the Release is made generally available and continue to the first anniversary of such date. Recipient may not make modifications to the Evaluation Software. Recipient shall not disassemble, reverse-engineer, or decompile any software that is not provided to Recipient in source code form.
2025-11-02T02:17:02.5428906Z 
2025-11-02T02:17:02.5428910Z 
2025-11-02T02:17:02.5429831Z EXCEPT AS PROVIDED HEREIN, NO OTHER LICENSE, EXPRESS OR IMPLIED, BY ESTOPPEL OR OTHERWISE, TO ANY OTHER MIPS INTELLECTUAL PROPERTY RIGHTS IS GRANTED TO THE RECIPIENT. OTHER THAN AS EXPLICITLY SET FORTH IN PARAGRAPH 2 ABOVE, NO RIGHT TO COPY, TO REPRODUCE, TO MODIFY, OR TO CREATE DERIVATIVE WORKS OF, THE EVALUATION MATERIALS IS GRANTED HEREIN.
2025-11-02T02:17:02.5430981Z 
2025-11-02T02:17:02.5431692Z 5. NO OBLIGATION. Recipient shall have no duty to purchase or license any product from MIPS. MIPS and its suppliers shall have no obligation to provide support for, or develop a non-evaluation version of, the Evaluation Software or to license any version of it.
2025-11-02T02:17:02.5432478Z 
2025-11-02T02:17:02.5435790Z 6. MODIFICATIONS. This Agreement does not obligate Recipient to provide MIPS with comments or suggestions regarding Evaluation Materials. However, should Recipient provide MIPS with comments or suggestions for the modification, correction, improvement or enhancement of (a) the Evaluation Materials or (b) MIPS products or processes which may embody the Evaluation Materials, then Recipient agrees to grant and hereby grants to MIPS a non-exclusive, irrevocable, worldwide, fully paid-up, royalty-free license, with the right to sublicense MIPS’ licensees and customers, under Recipient’s Intellectual property rights, to use and disclose such comments and suggestions in any manner MIPS chooses and to display, perform, copy, make, have made, use, sell, offer to sell, import, and otherwise dispose of MIPS’ and its sublicensee’s products embodying such comments and suggestions in any manner and via any media MIPS chooses, without reference to the source.
2025-11-02T02:17:02.5438619Z 
2025-11-02T02:17:02.5440264Z 7. WARRANTY DISCLAIMER. MIPS AND ITS SUPPLIERS MAKE NO WARRANTIES WITH RESPECT TO EVALUATION MATERIALS, EITHER EXPRESS OR IMPLIED, INCLUDING ANY IMPLIED WARRANTIES OF MERCHANTABILITY OR FITNESS FOR A PARTICULAR PURPOSE, OR ANY IMPLIED WARRANTY OF NONINFRINGEMENT WITH RESPECT TO THIRD PARTY INTELLECTUAL PROPERTY. RECIPIENT ACKNOWLEDGES AND AGREES THAT THE EVALUATION MATERIALS ARE PROVIDED “AS IS,” WITHOUT WARRANTY OF ANY KIND.
2025-11-02T02:17:02.5441735Z 
2025-11-02T02:17:02.5443371Z 8. LIMITATION OF LIABILITY. MIPS AND ITS SUPPLIERS SHALL NOT BE LIABLE FOR ANY PROPERTY DAMAGE, PERSONAL INJURY, LOSS OF PROFITS, INTERRUPTION OF BUSINESS OR FOR ANY DIRECT, INDIRECT, SPECIAL, CONSEQUENTIAL OR INCIDENTAL DAMAGES, HOWEVER CAUSED OR ALLEGED, WHETHER FOR BREACH OF WARRANTY, CONTRACT, STRICT LIABILITY OR OTHERWISE, INCLUDING WITHOUT LIMITATION, UNDER TORT OR OTHER LEGAL THEORY. MIPS AND ITS SUPPLIERS DISCLAIM ANY AND ALL LIABILITY, INCLUDING LIABILITY FOR INFRINGEMENT OF ANY INTELLECTUAL PROPERTY RIGHTS OF ANY KIND RELATING TO THE EVALUATION MATERIALS.
2025-11-02T02:17:02.5445077Z 
2025-11-02T02:17:02.5445710Z 9. EXPIRATION. MIPS may terminate this Agreement immediately after a breach by Recipient or otherwise at MIPS’ reasonable discretion and upon five (5) business days’ notice to Recipient.
2025-11-02T02:17:02.5446301Z 
2025-11-02T02:17:02.5446369Z 10. GENERAL.
2025-11-02T02:17:02.5446470Z 
2025-11-02T02:17:02.5449360Z 10.1 Controlling Law. This Agreement shall be governed by California law excluding its choice of law rules. With the exception of MIPS’ rights to enforce its intellectual property rights and any confidentiality obligations under this Agreement or any licenses distributed with the Evaluation Materials, all disputes and any claims arising under or relating to this Agreement shall be subject to the exclusive jurisdiction and venue of the state and federal courts located in Santa Clara County, California. Each party hereby agrees to jurisdiction and venue in the courts set forth in the preceding sentence. The parties agree that the United Nations Convention on Contracts for the International Sale of Goods is specifically excluded from application to this Agreement. The parties consent to the personal jurisdiction of the above courts.
2025-11-02T02:17:02.5452273Z 
2025-11-02T02:17:02.5453656Z 10.2 Remedies. Recipient acknowledges and agrees that any breach of confidentiality obligations under this Agreement or any licenses distributed with the Evaluation Materials, as well as any disclosure, commercialization, or public use of the Evaluation Materials, would cause irreparable injury to MIPS, and therefore Recipient agrees to consent to, and hereby consents to, the grant of an injunction by any court of competent jurisdiction in the event of an actual or threatened breach.
2025-11-02T02:17:02.5455104Z 
2025-11-02T02:17:02.5456889Z 10.3 Assignment. Recipient may not delegate, assign or transfer this Agreement, the license granted or any of Recipient’s rights, obligations, or duties hereunder, expressly, by implication, by operation of law, by way of merger (regardless of whether Recipient is the surviving entity) or acquisition, or otherwise and any attempt to do so, without MIPS’ express prior written consent, shall be ineffective, null and void. MIPS may freely assign this Agreement, and its rights and obligations hereunder, in its sole discretion.
2025-11-02T02:17:02.5458421Z 
2025-11-02T02:17:02.5459726Z 10.4 Entire Agreement. This Agreement constitutes the entire agreement between Recipient and MIPS and supersedes in their entirety any and all oral or written agreements previously existing between Recipient and MIPS with respect to the subject matter hereof. This Agreement may only be amended or supplemented by a writing that refers explicitly to this Agreement and that is signed or otherwise accepted by duly authorized representatives of Recipient and MIPS.
2025-11-02T02:17:02.5461264Z 
2025-11-02T02:17:02.5462741Z 10.5 Severability. In the event that any provision of this Agreement is finally adjudicated to be unenforceable or invalid under any applicable law, such unenforceability or invalidity shall not render this Agreement unenforceable or invalid as a whole, and, in such event, such unenforceable or invalid provision shall be interpreted so as to best accomplish the objectives of such provision within the limits of applicable law or applicable court decisions.
2025-11-02T02:17:02.5464117Z 
2025-11-02T02:17:02.5468254Z 10.6 Export Regulations / Export Control. Recipient shall not export, either directly or indirectly, any product, service or technical data or system incorporating the Evaluation Materials without first obtaining any required license or other necessary approval from the U.S. Department of Commerce or any other governing agency or department of the United States Government. In the event any product is exported from the United States or re-exported from a foreign destination by Recipient, Recipient shall ensure that the distribution and export/re-export or import of the product is in compliance with all applicable laws, regulations, orders, or other restrictions of the U.S. Export Administration Regulations and the appropriate foreign government. Recipient agrees that neither it nor any of its subsidiaries will export/re-export any technical data, process, product, or service, directly or indirectly, to any country for which the United States government or any agency thereof or the foreign government from where it is shipping requires an export license, or other governmental approval, without first obtaining such license or approval. Recipient also agrees to implement measures to ensure that foreign national employees are authorized to receive any information controlled by U.S. export control laws. An export is "deemed" to take place when information is released to a foreign national wherever located.
2025-11-02T02:17:02.5472759Z 
2025-11-02T02:17:02.5475930Z 10.7 Special Terms for Pre-Release Materials. If so indicated in the description of the Evaluation Software, the Evaluation Software may contain Pre-Release Materials. Recipient hereby understands, acknowledges and agrees that: (i) Pre-Release Materials may not be fully tested and may contain bugs or errors; (ii) Pre-Release materials are not suitable for commercial release in their current state; (iii) regulatory approvals for Pre-Release Materials (such as UL or FCC) have not been obtained, and Pre-Release Materials may therefore not be certified for use in certain countries or environments or may not be suitable for certain applications and (iv) MIPS can provide no assurance that it will ever produce or make generally available a production version of the Pre-Release Materials . MIPS is not under any obligation to develop and/or release or offer for sale or license a final product based upon the Pre-Release Materials and may unilaterally elect to abandon the Pre-Release Materials or any such development platform at any time and without any obligation or liability whatsoever to Recipient or any other person.
2025-11-02T02:17:02.5479445Z 
2025-11-02T02:17:02.5480030Z ANY PRE-RELEASE MATERIALS ARE NON-QUALIFIED AND, AS SUCH, ARE PROVIDED “AS IS” AND “AS AVAILABLE”, POSSIBLY WITH FAULTS, AND WITHOUT REPRESENTATION OR WARRANTY OF ANY KIND.
2025-11-02T02:17:02.5480670Z 
2025-11-02T02:17:02.5482486Z 10.8 Open Source Software. In the event Open Source software is included with Evaluation Software, such Open Source software is licensed pursuant to the applicable Open Source software license agreement identified in the Open Source software comments in the applicable source code file(s) and/or file header as indicated in the Evaluation Software. Additional detail may be available (where applicable) in the accompanying on-line documentation. With respect to the Open Source software, nothing in this Agreement limits any rights under, or grants rights that supersede, the terms of any applicable Open Source software license agreement.
2025-11-02T02:17:02.5484644Z ---------------------------------------
2025-11-02T02:17:02.5484940Z Accept? (y/N): All SDK package licenses accepted
2025-11-02T02:17:02.5485282Z 
2025-11-02T02:17:02.5485520Z [command]/usr/local/lib/android/sdk/cmdline-tools/16.0/bin/sdkmanager tools
2025-11-02T02:17:03.2449822Z Loading package information...                                                  
2025-11-02T02:17:03.3348911Z Loading local repository...                                                     
2025-11-02T02:17:03.3352098Z [                                       ] 3% Loading local repository...        
2025-11-02T02:17:03.3447184Z [                                       ] 3% Fetch remote repository...         
2025-11-02T02:17:03.6994222Z [=                                      ] 3% Fetch remote repository...         
2025-11-02T02:17:03.7846003Z [=                                      ] 4% Fetch remote repository...         
2025-11-02T02:17:03.8159533Z [=                                      ] 5% Fetch remote repository...         
2025-11-02T02:17:03.8765997Z [==                                     ] 5% Fetch remote repository...         
2025-11-02T02:17:03.9497895Z [==                                     ] 6% Fetch remote repository...         
2025-11-02T02:17:04.0291685Z [==                                     ] 7% Fetch remote repository...         
2025-11-02T02:17:04.0292701Z [==                                     ] 7% Computing updates...               
2025-11-02T02:17:04.0406191Z [===                                    ] 8% Computing updates...               
2025-11-02T02:17:04.0590641Z [===                                    ] 10% Computing updates...              
2025-11-02T02:17:04.5124468Z [===                                    ] 10% Installing Android Emulator       
2025-11-02T02:17:04.7026617Z [===                                    ] 10% Downloading emulator-linux_x64-142
2025-11-02T02:17:04.7987976Z [====                                   ] 10% Downloading emulator-linux_x64-142
2025-11-02T02:17:05.0057585Z [====                                   ] 11% Downloading emulator-linux_x64-142
2025-11-02T02:17:05.1726611Z [====                                   ] 12% Downloading emulator-linux_x64-142
2025-11-02T02:17:05.3476111Z [=====                                  ] 13% Downloading emulator-linux_x64-142
2025-11-02T02:17:05.4923741Z [=====                                  ] 14% Downloading emulator-linux_x64-142
2025-11-02T02:17:05.5829516Z [=====                                  ] 15% Downloading emulator-linux_x64-142
2025-11-02T02:17:05.6548414Z [======                                 ] 15% Downloading emulator-linux_x64-142
2025-11-02T02:17:05.8172421Z [======                                 ] 16% Downloading emulator-linux_x64-142
2025-11-02T02:17:05.9771055Z [======                                 ] 17% Downloading emulator-linux_x64-142
2025-11-02T02:17:06.1376439Z [=======                                ] 18% Downloading emulator-linux_x64-142
2025-11-02T02:17:06.2970254Z [=======                                ] 19% Downloading emulator-linux_x64-142
2025-11-02T02:17:06.3677064Z [=======                                ] 20% Downloading emulator-linux_x64-142
2025-11-02T02:17:06.4623790Z [========                               ] 20% Downloading emulator-linux_x64-142
2025-11-02T02:17:06.5750218Z [========                               ] 21% Downloading emulator-linux_x64-142
2025-11-02T02:17:06.6497100Z [========                               ] 21% Unzipping...                      
2025-11-02T02:17:06.6498098Z [========                               ] 21% Unzipping... emulator/            
2025-11-02T02:17:06.6511643Z [========                               ] 21% Unzipping... emulator/NOTICE.csv  
2025-11-02T02:17:06.6521615Z [========                               ] 21% Unzipping... emulator/bin64/      
2025-11-02T02:17:06.6522531Z [========                               ] 21% Unzipping... emulator/android-info
2025-11-02T02:17:06.6562233Z [========                               ] 21% Unzipping... emulator/NOTICE.txt  
2025-11-02T02:17:06.6564632Z [========                               ] 21% Unzipping... emulator/qemu/       
2025-11-02T02:17:06.6590751Z [========                               ] 21% Unzipping... emulator/mksdcard    
2025-11-02T02:17:06.6592099Z [========                               ] 21% Unzipping... emulator/lib64/      
2025-11-02T02:17:06.6949627Z [========                               ] 21% Unzipping... emulator/qsn         
2025-11-02T02:17:06.7221908Z [========                               ] 21% Unzipping... emulator/crashreport 
2025-11-02T02:17:06.7428950Z [========                               ] 21% Unzipping... emulator/crashpad_han
2025-11-02T02:17:06.7442463Z [========                               ] 21% Unzipping... emulator/lib/        
2025-11-02T02:17:06.7615158Z [========                               ] 21% Unzipping... emulator/emulator-che
2025-11-02T02:17:06.7703729Z [========                               ] 21% Unzipping... emulator/qemu-img    
2025-11-02T02:17:06.7711291Z [========                               ] 21% Unzipping... emulator/LICENSE     
2025-11-02T02:17:06.7712108Z [========                               ] 21% Unzipping... emulator/source.prope
2025-11-02T02:17:06.7712671Z [========                               ] 21% Unzipping... emulator/resources/  
2025-11-02T02:17:06.7776087Z [========                               ] 21% Unzipping... emulator/nimble_bridg
2025-11-02T02:17:06.8194395Z [========                               ] 22% Unzipping... emulator/nimble_bridg
2025-11-02T02:17:06.9498544Z [========                               ] 22% Unzipping... emulator/netsimd     
2025-11-02T02:17:06.9499716Z [========                               ] 22% Unzipping... emulator/include/    
2025-11-02T02:17:06.9584073Z [========                               ] 22% Unzipping... emulator/emulator    
2025-11-02T02:17:06.9608200Z [========                               ] 22% Unzipping... emulator/bin64/mkfs.e
2025-11-02T02:17:06.9644518Z [========                               ] 22% Unzipping... emulator/bin64/e2fsck
2025-11-02T02:17:06.9660775Z [========                               ] 22% Unzipping... emulator/bin64/resize
2025-11-02T02:17:06.9701258Z [========                               ] 22% Unzipping... emulator/bin64/fsck.e
2025-11-02T02:17:06.9723048Z [========                               ] 22% Unzipping... emulator/bin64/tune2f
2025-11-02T02:17:07.1361940Z [========                               ] 22% Unzipping... emulator/qemu/linux-x
2025-11-02T02:17:07.4878605Z [=========                              ] 23% Unzipping... emulator/qemu/linux-x
2025-11-02T02:17:07.8195599Z [=========                              ] 24% Unzipping... emulator/qemu/linux-x
2025-11-02T02:17:07.9988351Z [=========                              ] 25% Unzipping... emulator/qemu/linux-x
2025-11-02T02:17:08.0364985Z [==========                             ] 25% Unzipping... emulator/qemu/linux-x
2025-11-02T02:17:08.0369807Z [==========                             ] 25% Unzipping... emulator/lib64/libemu
2025-11-02T02:17:08.1777551Z [==========                             ] 25% Unzipping... emulator/lib64/liband
2025-11-02T02:17:08.1778197Z [==========                             ] 25% Unzipping... emulator/lib64/gles_a
2025-11-02T02:17:08.1870254Z [==========                             ] 25% Unzipping... emulator/lib64/libgfx
2025-11-02T02:17:08.2501473Z [==========                             ] 26% Unzipping... emulator/lib64/libgfx
2025-11-02T02:17:08.2629129Z [==========                             ] 26% Unzipping... emulator/lib64/libpro
2025-11-02T02:17:08.2629826Z [==========                             ] 26% Unzipping... emulator/lib64/qt/   
2025-11-02T02:17:08.2638273Z [==========                             ] 26% Unzipping... emulator/lib64/liband
2025-11-02T02:17:08.2763240Z [==========                             ] 26% Unzipping... emulator/lib64/libpro
2025-11-02T02:17:08.2921680Z [==========                             ] 26% Unzipping... emulator/lib64/liband
2025-11-02T02:17:08.2925873Z [==========                             ] 26% Unzipping... emulator/lib64/libima
2025-11-02T02:17:08.2927719Z [==========                             ] 26% Unzipping... emulator/lib64/gles_m
2025-11-02T02:17:08.2953566Z [==========                             ] 26% Unzipping... emulator/lib64/libtcm
2025-11-02T02:17:08.3007218Z [==========                             ] 26% Unzipping... emulator/lib64/liband
2025-11-02T02:17:08.3018789Z [==========                             ] 26% Unzipping... emulator/lib64/libdrm
2025-11-02T02:17:08.3249847Z [==========                             ] 26% Unzipping... emulator/lib64/liband
2025-11-02T02:17:08.3319091Z [==========                             ] 26% Unzipping... emulator/lib64/libc++
2025-11-02T02:17:08.3542671Z [==========                             ] 26% Unzipping... emulator/lib64/liband
2025-11-02T02:17:08.3618040Z [==========                             ] 26% Unzipping... emulator/lib64/libsha
2025-11-02T02:17:08.3618642Z [==========                             ] 26% Unzipping... emulator/lib64/gles_s
2025-11-02T02:17:08.3670067Z [==========                             ] 26% Unzipping... emulator/lib64/libabs
2025-11-02T02:17:08.3678893Z [==========                             ] 26% Unzipping... emulator/lib64/liband
2025-11-02T02:17:08.3754108Z [==========                             ] 26% Unzipping... emulator/lib64/libzst
2025-11-02T02:17:08.3854382Z [==========                             ] 26% Unzipping... emulator/lib64/libgli
2025-11-02T02:17:08.3856751Z [==========                             ] 26% Unzipping... emulator/lib64/vulkan
2025-11-02T02:17:08.3927203Z [==========                             ] 26% Unzipping... emulator/lib64/libc++
2025-11-02T02:17:08.4535999Z [==========                             ] 26% Unzipping... emulator/lib64/gles_a
2025-11-02T02:17:08.4536669Z [==========                             ] 26% Unzipping... emulator/lib64/qt/lib
2025-11-02T02:17:08.4537229Z [==========                             ] 26% Unzipping... emulator/lib64/qt/plu
2025-11-02T02:17:08.4538071Z [==========                             ] 26% Unzipping... emulator/lib64/qt/tra
2025-11-02T02:17:08.4538583Z [==========                             ] 26% Unzipping... emulator/lib64/qt/res
2025-11-02T02:17:08.4796559Z [==========                             ] 26% Unzipping... emulator/lib64/qt/lib
2025-11-02T02:17:08.8540360Z [==========                             ] 27% Unzipping... emulator/lib64/qt/lib
2025-11-02T02:17:09.2334999Z [===========                            ] 28% Unzipping... emulator/lib64/qt/lib
2025-11-02T02:17:09.6188403Z [===========                            ] 29% Unzipping... emulator/lib64/qt/lib
2025-11-02T02:17:09.6934220Z [===========                            ] 30% Unzipping... emulator/lib64/qt/lib
2025-11-02T02:17:09.7067242Z [===========                            ] 30% Unzipping... emulator/lib64/qt/plu
2025-11-02T02:17:09.8310079Z [===========                            ] 30% Unzipping... emulator/lib64/qt/tra
2025-11-02T02:17:09.8360920Z [===========                            ] 30% Unzipping... emulator/lib64/qt/res
2025-11-02T02:17:09.9078872Z [============                           ] 30% Unzipping... emulator/lib64/qt/res
2025-11-02T02:17:09.9144916Z [============                           ] 30% Unzipping... emulator/lib64/gles_m
2025-11-02T02:17:10.1144105Z [============                           ] 31% Unzipping... emulator/lib64/gles_m
2025-11-02T02:17:10.2360399Z [============                           ] 31% Unzipping... emulator/lib64/gles_s
2025-11-02T02:17:10.3426503Z [============                           ] 31% Unzipping... emulator/lib64/vulkan
2025-11-02T02:17:10.5651935Z [============                           ] 32% Unzipping... emulator/lib64/vulkan
2025-11-02T02:17:10.5654944Z [============                           ] 32% Unzipping... emulator/lib/ice_conf
2025-11-02T02:17:10.5658222Z [============                           ] 32% Unzipping... emulator/lib/emulator
2025-11-02T02:17:10.5661529Z [============                           ] 32% Unzipping... emulator/lib/rtc_serv
2025-11-02T02:17:10.5663904Z [============                           ] 32% Unzipping... emulator/lib/pc-bios/
2025-11-02T02:17:10.5664739Z [============                           ] 32% Unzipping... emulator/lib/cmake/  
2025-11-02T02:17:10.5687593Z [============                           ] 32% Unzipping... emulator/lib/snapshot
2025-11-02T02:17:10.5688227Z [============                           ] 32% Unzipping... emulator/lib/pkgconfi
2025-11-02T02:17:10.5688695Z [============                           ] 32% Unzipping... emulator/lib/emulator
2025-11-02T02:17:10.6033202Z [============                           ] 32% Unzipping... emulator/lib/libflatb
2025-11-02T02:17:10.6043843Z [============                           ] 32% Unzipping... emulator/lib/snapshot
2025-11-02T02:17:10.6044488Z [============                           ] 32% Unzipping... emulator/lib/control_
2025-11-02T02:17:10.6045662Z [============                           ] 32% Unzipping... emulator/lib/emulated
2025-11-02T02:17:10.6048436Z [============                           ] 32% Unzipping... emulator/lib/grpc_end
2025-11-02T02:17:10.6051212Z [============                           ] 32% Unzipping... emulator/lib/emu-orig
2025-11-02T02:17:10.6067405Z [============                           ] 32% Unzipping... emulator/lib/ca-bundl
2025-11-02T02:17:10.6074322Z [============                           ] 32% Unzipping... emulator/lib/hostapd.
2025-11-02T02:17:10.6077447Z [============                           ] 32% Unzipping... emulator/lib/rtc_serv
2025-11-02T02:17:10.6081989Z [============                           ] 32% Unzipping... emulator/lib/hardware
2025-11-02T02:17:10.6086737Z [============                           ] 32% Unzipping... emulator/lib/advanced
2025-11-02T02:17:10.6089906Z [============                           ] 32% Unzipping... emulator/lib/ui_contr
2025-11-02T02:17:10.6092678Z [============                           ] 32% Unzipping... emulator/lib/waterfal
2025-11-02T02:17:10.6094960Z [============                           ] 32% Unzipping... emulator/lib/adb_serv
2025-11-02T02:17:10.6100116Z [============                           ] 32% Unzipping... emulator/lib/emulator
2025-11-02T02:17:10.6245516Z [============                           ] 32% Unzipping... emulator/lib/pc-bios/
2025-11-02T02:17:10.6254870Z [============                           ] 32% Unzipping... emulator/lib/cmake/fl
2025-11-02T02:17:10.6256334Z [============                           ] 32% Unzipping... emulator/lib/pkgconfi
2025-11-02T02:17:10.6571293Z [============                           ] 32% Unzipping... emulator/resources/To
2025-11-02T02:17:10.6572491Z [============                           ] 32% Unzipping... emulator/resources/ma
2025-11-02T02:17:10.6582610Z [============                           ] 32% Unzipping... emulator/resources/po
2025-11-02T02:17:10.6657536Z [============                           ] 32% Unzipping... emulator/resources/ma
2025-11-02T02:17:10.7086438Z [============                           ] 32% Unzipping... emulator/include/flat
2025-11-02T02:17:10.7733204Z [=============                          ] 33% Unzipping... emulator/include/flat
2025-11-02T02:17:11.0406593Z [=====================                  ] 55% Unzipping... emulator/include/flat
2025-11-02T02:17:11.0789840Z [=====================                  ] 55% Installing Android SDK Tools emula
2025-11-02T02:17:11.0987613Z [=====================                  ] 55% Downloading sdk-tools-linux-433379
2025-11-02T02:17:11.1318749Z [======================                 ] 55% Downloading sdk-tools-linux-433379
2025-11-02T02:17:11.2091616Z [======================                 ] 56% Downloading sdk-tools-linux-433379
2025-11-02T02:17:11.2872962Z [======================                 ] 57% Downloading sdk-tools-linux-433379
2025-11-02T02:17:11.3647715Z [=======================                ] 58% Downloading sdk-tools-linux-433379
2025-11-02T02:17:11.4327643Z [=======================                ] 59% Downloading sdk-tools-linux-433379
2025-11-02T02:17:11.4771534Z [=======================                ] 60% Downloading sdk-tools-linux-433379
2025-11-02T02:17:11.5117810Z [========================               ] 60% Downloading sdk-tools-linux-433379
2025-11-02T02:17:11.5885372Z [========================               ] 61% Downloading sdk-tools-linux-433379
2025-11-02T02:17:11.6702773Z [========================               ] 62% Downloading sdk-tools-linux-433379
2025-11-02T02:17:11.7472840Z [=========================              ] 63% Downloading sdk-tools-linux-433379
2025-11-02T02:17:11.8275409Z [=========================              ] 64% Downloading sdk-tools-linux-433379
2025-11-02T02:17:11.8615893Z [=========================              ] 65% Downloading sdk-tools-linux-433379
2025-11-02T02:17:11.9052969Z [==========================             ] 65% Downloading sdk-tools-linux-433379
2025-11-02T02:17:11.9580203Z [==========================             ] 66% Downloading sdk-tools-linux-433379
2025-11-02T02:17:12.0098851Z [==========================             ] 66% Unzipping... emulator/include/flat
2025-11-02T02:17:12.0099924Z [==========================             ] 66% Unzipping... tools/               
2025-11-02T02:17:12.0101924Z [==========================             ] 66% Unzipping... tools/proguard/      
2025-11-02T02:17:12.0104524Z [==========================             ] 66% Unzipping... tools/proguard/licens
2025-11-02T02:17:12.0105090Z [==========================             ] 66% Unzipping... tools/proguard/lib/  
2025-11-02T02:17:12.0154718Z [==========================             ] 66% Unzipping... tools/proguard/lib/pr
2025-11-02T02:17:12.0157213Z [==========================             ] 66% Unzipping... tools/proguard/lib/re
2025-11-02T02:17:12.0167157Z [==========================             ] 66% Unzipping... tools/proguard/lib/pr
2025-11-02T02:17:12.0167663Z [==========================             ] 66% Unzipping... tools/proguard/ant/  
2025-11-02T02:17:12.0170206Z [==========================             ] 66% Unzipping... tools/proguard/ant/ta
2025-11-02T02:17:12.0171387Z [==========================             ] 66% Unzipping... tools/proguard/docs/ 
2025-11-02T02:17:12.0174430Z [==========================             ] 66% Unzipping... tools/proguard/docs/f
2025-11-02T02:17:12.0182285Z [==========================             ] 66% Unzipping... tools/proguard/docs/s
2025-11-02T02:17:12.0184789Z [==========================             ] 66% Unzipping... tools/proguard/docs/d
2025-11-02T02:17:12.0188765Z [==========================             ] 66% Unzipping... tools/proguard/docs/s
2025-11-02T02:17:12.0191456Z [==========================             ] 66% Unzipping... tools/proguard/docs/F
2025-11-02T02:17:12.0195893Z [==========================             ] 66% Unzipping... tools/proguard/docs/s
2025-11-02T02:17:12.0199113Z [==========================             ] 66% Unzipping... tools/proguard/docs/l
2025-11-02T02:17:12.0203264Z [==========================             ] 66% Unzipping... tools/proguard/docs/s
2025-11-02T02:17:12.0206971Z [==========================             ] 66% Unzipping... tools/proguard/docs/d
2025-11-02T02:17:12.0213574Z [==========================             ] 66% Unzipping... tools/proguard/docs/s
2025-11-02T02:17:12.0216103Z [==========================             ] 66% Unzipping... tools/proguard/docs/r
2025-11-02T02:17:12.0218067Z [==========================             ] 66% Unzipping... tools/proguard/docs/d
2025-11-02T02:17:12.0220259Z [==========================             ] 66% Unzipping... tools/proguard/docs/t
2025-11-02T02:17:12.0222832Z [==========================             ] 66% Unzipping... tools/proguard/docs/f
2025-11-02T02:17:12.0226868Z [==========================             ] 66% Unzipping... tools/proguard/docs/s
2025-11-02T02:17:12.0228980Z [==========================             ] 66% Unzipping... tools/proguard/docs/t
2025-11-02T02:17:12.0233084Z [==========================             ] 66% Unzipping... tools/proguard/docs/i
2025-11-02T02:17:12.0236498Z [==========================             ] 66% Unzipping... tools/proguard/docs/s
2025-11-02T02:17:12.0238700Z [==========================             ] 66% Unzipping... tools/proguard/docs/m
2025-11-02T02:17:12.0240110Z [==========================             ] 66% Unzipping... tools/proguard/docs/s
2025-11-02T02:17:12.0242592Z [==========================             ] 66% Unzipping... tools/proguard/docs/q
2025-11-02T02:17:12.0245610Z [==========================             ] 66% Unzipping... tools/proguard/docs/G
2025-11-02T02:17:12.0247669Z [==========================             ] 66% Unzipping... tools/proguard/docs/t
2025-11-02T02:17:12.0259685Z [==========================             ] 66% Unzipping... tools/proguard/docs/s
2025-11-02T02:17:12.0306032Z [==========================             ] 66% Unzipping... tools/proguard/docs/m
2025-11-02T02:17:12.0308191Z [==========================             ] 66% Unzipping... tools/proguard/docs/s
2025-11-02T02:17:12.0310603Z [==========================             ] 66% Unzipping... tools/proguard/docs/G
2025-11-02T02:17:12.0312651Z [==========================             ] 66% Unzipping... tools/proguard/docs/c
2025-11-02T02:17:12.0317201Z [==========================             ] 66% Unzipping... tools/proguard/docs/a
2025-11-02T02:17:12.0325305Z [==========================             ] 66% Unzipping... tools/proguard/docs/s
2025-11-02T02:17:12.0327542Z [==========================             ] 66% Unzipping... tools/proguard/docs/d
2025-11-02T02:17:12.0405681Z [==========================             ] 66% Unzipping... tools/proguard/exampl
2025-11-02T02:17:12.0406249Z [==========================             ] 66% Unzipping... tools/proguard/bin/  
2025-11-02T02:17:12.0410375Z [==========================             ] 66% Unzipping... tools/proguard/bin/pr
2025-11-02T02:17:12.0413011Z [==========================             ] 66% Unzipping... tools/proguard/bin/re
2025-11-02T02:17:12.0414957Z [==========================             ] 66% Unzipping... tools/proguard/README
2025-11-02T02:17:12.0420658Z [==========================             ] 66% Unzipping... tools/proguard/progua
2025-11-02T02:17:12.0421847Z [==========================             ] 66% Unzipping... tools/lib/           
2025-11-02T02:17:12.0467399Z [==========================             ] 66% Unzipping... tools/lib/bcpkix-jdk1
2025-11-02T02:17:12.0478702Z [==========================             ] 66% Unzipping... tools/lib/org-eclipse
2025-11-02T02:17:12.0494021Z [==========================             ] 66% Unzipping... tools/lib/manifest-me
2025-11-02T02:17:12.0501126Z [==========================             ] 66% Unzipping... tools/lib/jcommander-
2025-11-02T02:17:12.0518543Z [==========================             ] 66% Unzipping... tools/lib/gson-2.3.ja
2025-11-02T02:17:12.0523133Z [==========================             ] 66% Unzipping... tools/lib/ddms-26.0.0
2025-11-02T02:17:12.0525877Z [==========================             ] 66% Unzipping... tools/lib/asm-tree-5.
2025-11-02T02:17:12.0590867Z [==========================             ] 66% Unzipping... tools/lib/uast-26.0.0
2025-11-02T02:17:12.0602731Z [==========================             ] 66% Unzipping... tools/lib/dexlib2-2.2
2025-11-02T02:17:12.0658353Z [==========================             ] 67% Unzipping... tools/lib/dexlib2-2.2
2025-11-02T02:17:12.0663143Z [==========================             ] 67% Unzipping... tools/lib/android.el 
2025-11-02T02:17:12.0667506Z [==========================             ] 67% Unzipping... tools/lib/apkanalyzer
2025-11-02T02:17:12.0840745Z [==========================             ] 67% Unzipping... tools/lib/guava-22.0.
2025-11-02T02:17:12.0882082Z [==========================             ] 67% Unzipping... tools/lib/lint-api-26
2025-11-02T02:17:12.0893687Z [==========================             ] 67% Unzipping... tools/lib/baksmali-2.
2025-11-02T02:17:12.0898595Z [==========================             ] 67% Unzipping... tools/lib/shared.jar 
2025-11-02T02:17:12.0904492Z [==========================             ] 67% Unzipping... tools/lib/jsr305-1.3.
2025-11-02T02:17:12.0938658Z [==========================             ] 67% Unzipping... tools/lib/httpclient-
2025-11-02T02:17:12.1050654Z [==========================             ] 67% Unzipping... tools/lib/ecj-4.6.1.j
2025-11-02T02:17:12.1054510Z [==========================             ] 67% Unzipping... tools/lib/jobb-26.0.0
2025-11-02T02:17:12.1074710Z [==========================             ] 67% Unzipping... tools/lib/jcommon-1.0
2025-11-02T02:17:12.1079235Z [==========================             ] 67% Unzipping... tools/lib/kxml2-2.3.0
2025-11-02T02:17:12.1145544Z [==========================             ] 67% Unzipping... tools/lib/jfreechart-
2025-11-02T02:17:12.1156409Z [==========================             ] 67% Unzipping... tools/lib/common-26.0
2025-11-02T02:17:12.1212270Z [==========================             ] 67% Unzipping... tools/lib/lint-checks
2025-11-02T02:17:12.1336108Z [==========================             ] 67% Unzipping... tools/lib/kotlin-refl
2025-11-02T02:17:12.1336807Z [==========================             ] 67% Unzipping... tools/lib/builder-mod
2025-11-02T02:17:12.1371395Z [==========================             ] 67% Unzipping... tools/lib/sdklib-26.0
2025-11-02T02:17:12.1378027Z [==========================             ] 67% Unzipping... tools/lib/layoutlib-a
2025-11-02T02:17:12.1382071Z [==========================             ] 67% Unzipping... tools/lib/annotations
2025-11-02T02:17:12.1388218Z [==========================             ] 67% Unzipping... tools/lib/fat32lib.ja
2025-11-02T02:17:12.1392727Z [==========================             ] 67% Unzipping... tools/lib/jsr305-3.0.
2025-11-02T02:17:12.1445147Z [==========================             ] 67% Unzipping... tools/lib/org-eclipse
2025-11-02T02:17:12.1448419Z [==========================             ] 67% Unzipping... tools/lib/error_prone
2025-11-02T02:17:12.1456824Z [==========================             ] 67% Unzipping... tools/lib/org-eclipse
2025-11-02T02:17:12.1460820Z [==========================             ] 67% Unzipping... tools/lib/animal-snif
2025-11-02T02:17:12.1495857Z [==========================             ] 67% Unzipping... tools/lib/asset-studi
2025-11-02T02:17:12.1526164Z [===========================            ] 68% Unzipping... tools/lib/asset-studi
2025-11-02T02:17:12.1539734Z [===========================            ] 68% Unzipping... tools/lib/repository-
2025-11-02T02:17:12.1544544Z [===========================            ] 68% Unzipping... tools/lib/dvlib-26.0.
2025-11-02T02:17:12.1573522Z [===========================            ] 68% Unzipping... tools/lib/jsilver-1.0
2025-11-02T02:17:12.1579163Z [===========================            ] 68% Unzipping... tools/lib/asm-5.1.jar
2025-11-02T02:17:12.1582583Z [===========================            ] 68% Unzipping... tools/lib/devices.xml
2025-11-02T02:17:12.1586821Z [===========================            ] 68% Unzipping... tools/lib/asm-analysi
2025-11-02T02:17:12.1619639Z [===========================            ] 68% Unzipping... tools/lib/hierarchyvi
2025-11-02T02:17:12.1625743Z [===========================            ] 68% Unzipping... tools/lib/monkeyrunne
2025-11-02T02:17:12.1635674Z [===========================            ] 68% Unzipping... tools/lib/uiautomator
2025-11-02T02:17:12.1642910Z [===========================            ] 68% Unzipping... tools/lib/archquery-2
2025-11-02T02:17:12.1643515Z [===========================            ] 68% Unzipping... tools/lib/chimpchat-2
2025-11-02T02:17:12.1647686Z [===========================            ] 68% Unzipping... tools/lib/explainer.j
2025-11-02T02:17:12.1673285Z [===========================            ] 68% Unzipping... tools/lib/ddmlib-26.0
2025-11-02T02:17:12.1676961Z [===========================            ] 68% Unzipping... tools/lib/swtmenubar-
2025-11-02T02:17:12.1778903Z [===========================            ] 68% Unzipping... tools/lib/osgi-4.0.0.
2025-11-02T02:17:12.1779801Z [===========================            ] 68% Unzipping... tools/lib/x86_64/    
2025-11-02T02:17:12.1855869Z [===========================            ] 68% Unzipping... tools/lib/x86_64/swt.
2025-11-02T02:17:12.2294310Z [===========================            ] 68% Unzipping... tools/lib/monitor-x86
2025-11-02T02:17:12.3111458Z [===========================            ] 69% Unzipping... tools/lib/monitor-x86
2025-11-02T02:17:12.3707455Z [===========================            ] 70% Unzipping... tools/lib/monitor-x86
2025-11-02T02:17:12.4189032Z [============================           ] 70% Unzipping... tools/lib/monitor-x86
2025-11-02T02:17:12.5764754Z [============================           ] 71% Unzipping... tools/lib/monitor-x86
2025-11-02T02:17:12.5765950Z [============================           ] 71% Unzipping... tools/lib/httpmime-4.
2025-11-02T02:17:12.5768436Z [============================           ] 71% Unzipping... tools/lib/annotations
2025-11-02T02:17:12.5783064Z [============================           ] 71% Unzipping... tools/lib/lint-26.0.0
2025-11-02T02:17:12.5789518Z [============================           ] 71% Unzipping... tools/lib/apkanalyzer
2025-11-02T02:17:12.5796583Z [============================           ] 71% Unzipping... tools/lib/binary-reso
2025-11-02T02:17:12.5803479Z [============================           ] 71% Unzipping... tools/lib/jopt-simple
2025-11-02T02:17:12.5811181Z [============================           ] 71% Unzipping... tools/lib/util-2.2.1.
2025-11-02T02:17:12.5830155Z [============================           ] 71% Unzipping... tools/lib/ddmuilib-26
2025-11-02T02:17:12.5845555Z [============================           ] 72% Unzipping... tools/lib/ddmuilib-26
2025-11-02T02:17:12.5893828Z [============================           ] 72% Unzipping... tools/lib/sdk-common-
2025-11-02T02:17:12.5904164Z [============================           ] 72% Unzipping... tools/lib/traceview-2
2025-11-02T02:17:12.5917468Z [============================           ] 72% Unzipping... tools/lib/httpcore-4.
2025-11-02T02:17:12.5921617Z [============================           ] 72% Unzipping... tools/lib/screenshot2
2025-11-02T02:17:12.5939943Z [============================           ] 72% Unzipping... tools/lib/commons-cod
2025-11-02T02:17:12.5941960Z [============================           ] 72% Unzipping... tools/lib/proguard-pr
2025-11-02T02:17:12.6508722Z [============================           ] 72% Unzipping... tools/lib/jython-stan
2025-11-02T02:17:12.6567638Z [=============================          ] 73% Unzipping... tools/lib/jython-stan
2025-11-02T02:17:12.6571200Z [=============================          ] 73% Unzipping... tools/lib/annotations
2025-11-02T02:17:12.6576122Z [=============================          ] 73% Unzipping... tools/lib/commons-log
2025-11-02T02:17:12.6641049Z [=============================          ] 73% Unzipping... tools/lib/protobuf-ja
2025-11-02T02:17:12.6646223Z [=============================          ] 73% Unzipping... tools/lib/fakeadbserv
2025-11-02T02:17:12.6808631Z [=============================          ] 73% Unzipping... tools/lib/bcprov-jdk1
2025-11-02T02:17:12.6809472Z [=============================          ] 73% Unzipping... tools/lib/x86/       
2025-11-02T02:17:12.6878182Z [=============================          ] 73% Unzipping... tools/lib/x86/swt.jar
2025-11-02T02:17:12.6922733Z [=============================          ] 73% Unzipping... tools/lib/kotlin-stdl
2025-11-02T02:17:12.6946803Z [=============================          ] 73% Unzipping... tools/lib/commons-com
2025-11-02T02:17:12.6983292Z [=============================          ] 73% Unzipping... tools/lib/lombok-ast-
2025-11-02T02:17:12.7012890Z [=============================          ] 73% Unzipping... tools/lib/trove4j-201
2025-11-02T02:17:12.7246292Z [=============================          ] 73% Unzipping... tools/lib/intellij-co
2025-11-02T02:17:12.7397509Z [=============================          ] 74% Unzipping... tools/lib/intellij-co
2025-11-02T02:17:12.7411297Z [=============================          ] 74% Unzipping... tools/lib/jimfs-1.1.j
2025-11-02T02:17:12.7417707Z [=============================          ] 74% Unzipping... tools/lib/j2objc-anno
2025-11-02T02:17:12.7421620Z [=============================          ] 74% Unzipping... tools/lib/jfreechart-
2025-11-02T02:17:12.7907837Z [=============================          ] 74% Unzipping... tools/lib/monitor-x86
2025-11-02T02:17:12.8315736Z [=============================          ] 75% Unzipping... tools/lib/monitor-x86
2025-11-02T02:17:12.8686666Z [==============================         ] 75% Unzipping... tools/lib/monitor-x86
2025-11-02T02:17:12.9593285Z [==============================         ] 76% Unzipping... tools/lib/monitor-x86
2025-11-02T02:17:13.1135656Z [==============================         ] 77% Unzipping... tools/lib/monitor-x86
2025-11-02T02:17:13.1140036Z [==============================         ] 77% Unzipping... tools/lib/generator.j
2025-11-02T02:17:13.1142258Z [==============================         ] 77% Unzipping... tools/source.properti
2025-11-02T02:17:13.1142821Z [==============================         ] 77% Unzipping... tools/bin/           
2025-11-02T02:17:13.1145582Z [==============================         ] 77% Unzipping... tools/bin/avdmanager 
2025-11-02T02:17:13.1149584Z [==============================         ] 77% Unzipping... tools/bin/jobb       
2025-11-02T02:17:13.1150581Z [==============================         ] 77% Unzipping... tools/bin/uiautomator
2025-11-02T02:17:13.1153242Z [==============================         ] 77% Unzipping... tools/bin/apkanalyzer
2025-11-02T02:17:13.1156031Z [==============================         ] 77% Unzipping... tools/bin/monkeyrunne
2025-11-02T02:17:13.1160374Z [==============================         ] 77% Unzipping... tools/bin/archquery  
2025-11-02T02:17:13.1161551Z [==============================         ] 77% Unzipping... tools/bin/sdkmanager 
2025-11-02T02:17:13.1164769Z [==============================         ] 77% Unzipping... tools/bin/lint       
2025-11-02T02:17:13.1167655Z [==============================         ] 77% Unzipping... tools/bin/screenshot2
2025-11-02T02:17:13.1194510Z [==============================         ] 77% Unzipping... tools/NOTICE.txt     
2025-11-02T02:17:13.1235073Z [==============================         ] 77% Unzipping... tools/emulator       
2025-11-02T02:17:13.1259636Z [==============================         ] 77% Unzipping... tools/emulator-check 
2025-11-02T02:17:13.1262294Z [==============================         ] 77% Unzipping... tools/monitor        
2025-11-02T02:17:13.1264246Z [==============================         ] 77% Unzipping... tools/android        
2025-11-02T02:17:13.1266911Z [==============================         ] 77% Unzipping... tools/mksdcard       
2025-11-02T02:17:13.1267416Z [==============================         ] 77% Unzipping... tools/support/       
2025-11-02T02:17:13.1273469Z [==============================         ] 77% Unzipping... tools/support/typos-d
2025-11-02T02:17:13.1277022Z [==============================         ] 77% Unzipping... tools/support/typos-e
2025-11-02T02:17:13.1279146Z [==============================         ] 77% Unzipping... tools/support/annotat
2025-11-02T02:17:13.1286974Z [==============================         ] 77% Unzipping... tools/support/typos-e
2025-11-02T02:17:13.1290659Z [==============================         ] 77% Unzipping... tools/support/typos-t
2025-11-02T02:17:13.1295377Z [==============================         ] 77% Unzipping... tools/support/typos-p
2025-11-02T02:17:13.1299146Z [==============================         ] 77% Unzipping... tools/support/typos-i
2025-11-02T02:17:13.1302411Z [==============================         ] 77% Unzipping... tools/support/typos-n
2025-11-02T02:17:13.1306074Z [==============================         ] 77% Unzipping... tools/support/typos-h
2025-11-02T02:17:13.1607182Z [==============================         ] 78% Unzipping... tools/support/typos-h
2025-11-02T02:17:13.1608757Z [=======================================] 100% Unzipping... tools/support/typos-
2025-11-02T02:17:13.1658786Z 
2025-11-02T02:17:13.1791607Z [command]/usr/local/lib/android/sdk/cmdline-tools/16.0/bin/sdkmanager platform-tools
2025-11-02T02:17:13.9113829Z Loading package information...                                                  
2025-11-02T02:17:13.9945550Z Loading local repository...                                                     
2025-11-02T02:17:13.9949321Z [                                       ] 3% Loading local repository...        
2025-11-02T02:17:14.0040350Z [                                       ] 3% Fetch remote repository...         
2025-11-02T02:17:14.3231512Z [=                                      ] 3% Fetch remote repository...         
2025-11-02T02:17:14.4670262Z [=                                      ] 4% Fetch remote repository...         
2025-11-02T02:17:14.4998481Z [=                                      ] 5% Fetch remote repository...         
2025-11-02T02:17:14.5639773Z [==                                     ] 5% Fetch remote repository...         
2025-11-02T02:17:14.6523601Z [==                                     ] 6% Fetch remote repository...         
2025-11-02T02:17:14.7204163Z [==                                     ] 7% Fetch remote repository...         
2025-11-02T02:17:14.7204966Z [==                                     ] 7% Computing updates...               
2025-11-02T02:17:14.7325915Z [===                                    ] 8% Computing updates...               
2025-11-02T02:17:14.7385512Z [===                                    ] 10% Computing updates...              
2025-11-02T02:17:14.7388092Z [=======================================] 100% Computing updates...             
2025-11-02T02:17:14.7388319Z 
2025-11-02T02:17:14.7736567Z ##[group]Run mkdir -p gradle/wrapper
2025-11-02T02:17:14.7736936Z [36;1mmkdir -p gradle/wrapper[0m
2025-11-02T02:17:14.7737577Z [36;1mcurl -L -o gradle/wrapper/gradle-wrapper.jar https://raw.githubusercontent.com/gradle/gradle/master/gradle/wrapper/gradle-wrapper.jar[0m
2025-11-02T02:17:14.7775186Z shell: /usr/bin/bash -e {0}
2025-11-02T02:17:14.7775429Z env:
2025-11-02T02:17:14.7775598Z   CARGO_INCREMENTAL: 0
2025-11-02T02:17:14.7775806Z   RUST_BACKTRACE: short
2025-11-02T02:17:14.7775996Z   HUSKY: 0
2025-11-02T02:17:14.7776278Z   JAVA_HOME: /opt/hostedtoolcache/Java_Temurin-Hotspot_jdk/17.0.17-10/x64
2025-11-02T02:17:14.7776732Z   JAVA_HOME_17_X64: /opt/hostedtoolcache/Java_Temurin-Hotspot_jdk/17.0.17-10/x64
2025-11-02T02:17:14.7777117Z   ANDROID_HOME: /usr/local/lib/android/sdk
2025-11-02T02:17:14.7777389Z   ANDROID_SDK_ROOT: /usr/local/lib/android/sdk
2025-11-02T02:17:14.7777640Z ##[endgroup]
2025-11-02T02:17:14.7930376Z   % Total    % Received % Xferd  Average Speed   Time    Time     Time  Current
2025-11-02T02:17:14.7931653Z                                  Dload  Upload   Total   Spent    Left  Speed
2025-11-02T02:17:14.7932032Z 
2025-11-02T02:17:14.8933790Z   0     0    0     0    0     0      0      0 --:--:-- --:--:-- --:--:--     0
2025-11-02T02:17:14.8934815Z 100 45633  100 45633    0     0   443k      0 --:--:-- --:--:-- --:--:--  445k
2025-11-02T02:17:14.8987836Z ##[group]Run chmod +x gradlew
2025-11-02T02:17:14.8988128Z [36;1mchmod +x gradlew[0m
2025-11-02T02:17:14.9022134Z shell: /usr/bin/bash -e {0}
2025-11-02T02:17:14.9022379Z env:
2025-11-02T02:17:14.9022553Z   CARGO_INCREMENTAL: 0
2025-11-02T02:17:14.9022752Z   RUST_BACKTRACE: short
2025-11-02T02:17:14.9022942Z   HUSKY: 0
2025-11-02T02:17:14.9023216Z   JAVA_HOME: /opt/hostedtoolcache/Java_Temurin-Hotspot_jdk/17.0.17-10/x64
2025-11-02T02:17:14.9023680Z   JAVA_HOME_17_X64: /opt/hostedtoolcache/Java_Temurin-Hotspot_jdk/17.0.17-10/x64
2025-11-02T02:17:14.9024039Z   ANDROID_HOME: /usr/local/lib/android/sdk
2025-11-02T02:17:14.9024322Z   ANDROID_SDK_ROOT: /usr/local/lib/android/sdk
2025-11-02T02:17:14.9024566Z ##[endgroup]
2025-11-02T02:17:14.9132576Z ##[group]Run if [ "x86_64" == "universal" ]; then
2025-11-02T02:17:14.9132927Z [36;1mif [ "x86_64" == "universal" ]; then[0m
2025-11-02T02:17:14.9133198Z [36;1m  ./gradlew assembleRelease[0m
2025-11-02T02:17:14.9133481Z [36;1melif [ "x86_64" == "aarch64" ]; then[0m
2025-11-02T02:17:14.9133868Z [36;1m  ./gradlew assembleRelease -Pandroid.injected.build.abi=arm64-v8a[0m
2025-11-02T02:17:14.9134240Z [36;1melif [ "x86_64" == "armv7" ]; then[0m
2025-11-02T02:17:14.9134604Z [36;1m  ./gradlew assembleRelease -Pandroid.injected.build.abi=armeabi-v7a[0m
2025-11-02T02:17:14.9134995Z [36;1melif [ "x86_64" == "x86_64" ]; then[0m
2025-11-02T02:17:14.9135350Z [36;1m  ./gradlew assembleRelease -Pandroid.injected.build.abi=x86_64[0m
2025-11-02T02:17:14.9135684Z [36;1mfi[0m
2025-11-02T02:17:14.9166895Z shell: /usr/bin/bash -e {0}
2025-11-02T02:17:14.9167129Z env:
2025-11-02T02:17:14.9167304Z   CARGO_INCREMENTAL: 0
2025-11-02T02:17:14.9167508Z   RUST_BACKTRACE: short
2025-11-02T02:17:14.9167727Z   HUSKY: 0
2025-11-02T02:17:14.9168011Z   JAVA_HOME: /opt/hostedtoolcache/Java_Temurin-Hotspot_jdk/17.0.17-10/x64
2025-11-02T02:17:14.9168533Z   JAVA_HOME_17_X64: /opt/hostedtoolcache/Java_Temurin-Hotspot_jdk/17.0.17-10/x64
2025-11-02T02:17:14.9168917Z   ANDROID_HOME: /usr/local/lib/android/sdk
2025-11-02T02:17:14.9169304Z   ANDROID_SDK_ROOT: /usr/local/lib/android/sdk
2025-11-02T02:17:14.9169754Z   NODE_OPTIONS: --max_old_space_size=4096
2025-11-02T02:17:14.9170005Z ##[endgroup]
2025-11-02T02:17:14.9983827Z Downloading https://services.gradle.org/distributions/gradle-8.5-bin.zip
2025-11-02T02:17:16.6740764Z ............10%.............20%............30%.............40%.............50%............60%.............70%.............80%............90%.............100%
2025-11-02T02:17:17.7740364Z 
2025-11-02T02:17:17.7743237Z Welcome to Gradle 8.5!
2025-11-02T02:17:17.7743843Z 
2025-11-02T02:17:17.7751226Z Here are the highlights of this release:
2025-11-02T02:17:17.7752145Z  - Support for running on Java 21
2025-11-02T02:17:17.7752753Z  - Faster first use with Kotlin DSL
2025-11-02T02:17:17.7753362Z  - Improved error and warning messages
2025-11-02T02:17:17.7753696Z 
2025-11-02T02:17:17.7754170Z For more details see https://docs.gradle.org/8.5/release-notes.html
2025-11-02T02:17:17.7755090Z 
2025-11-02T02:17:17.9734267Z Starting a Gradle Daemon (subsequent builds will be faster)
2025-11-02T02:17:20.2735987Z Calculating task graph as no cached configuration is available for tasks: assembleRelease
2025-11-02T02:18:45.8775267Z > Task :app:preBuild UP-TO-DATE
2025-11-02T02:18:45.8779254Z > Task :app:preReleaseBuild UP-TO-DATE
2025-11-02T02:18:45.8783291Z > Task :app:checkKotlinGradlePluginConfigurationErrors
2025-11-02T02:18:45.9761647Z > Task :app:generateReleaseResValues
2025-11-02T02:18:45.9762272Z > Task :app:buildKotlinToolingMetadata
2025-11-02T02:18:45.9762796Z > Task :app:generateReleaseResources
2025-11-02T02:18:48.2733115Z > Task :app:mapReleaseSourceSetPaths
2025-11-02T02:18:48.3774627Z > Task :app:dataBindingMergeDependencyArtifactsRelease
2025-11-02T02:18:48.3783138Z > Task :app:createReleaseCompatibleScreenManifests
2025-11-02T02:18:48.3784135Z > Task :app:extractDeepLinksRelease
2025-11-02T02:18:48.3833889Z > Task :app:checkReleaseAarMetadata
2025-11-02T02:18:48.3834807Z > Task :app:javaPreCompileRelease
2025-11-02T02:18:48.3835318Z > Task :app:extractProguardFiles
2025-11-02T02:18:48.4733451Z > Task :app:packageReleaseResources
2025-11-02T02:18:49.0747175Z > Task :app:mergeReleaseJniLibFolders
2025-11-02T02:18:49.9746424Z > Task :app:parseReleaseLocalResources
2025-11-02T02:18:49.9747815Z > Task :app:mergeReleaseNativeLibs NO-SOURCE
2025-11-02T02:18:49.9748731Z > Task :app:stripReleaseDebugSymbols NO-SOURCE
2025-11-02T02:18:50.0748572Z > Task :app:extractReleaseNativeSymbolTables NO-SOURCE
2025-11-02T02:18:50.0771050Z > Task :app:mergeReleaseNativeDebugMetadata NO-SOURCE
2025-11-02T02:18:50.2737667Z > Task :app:processReleaseMainManifest
2025-11-02T02:18:50.4774257Z > Task :app:processReleaseManifest
2025-11-02T02:18:52.3735048Z > Task :app:processReleaseManifestForPackage
2025-11-02T02:18:52.3735986Z > Task :app:mergeReleaseShaders FROM-CACHE
2025-11-02T02:18:52.3736805Z > Task :app:compileReleaseShaders NO-SOURCE
2025-11-02T02:18:52.3737555Z > Task :app:generateReleaseAssets UP-TO-DATE
2025-11-02T02:18:52.9773274Z > Task :app:mergeReleaseAssets FROM-CACHE
2025-11-02T02:18:52.9803230Z > Task :app:compressReleaseAssets
2025-11-02T02:18:52.9803953Z > Task :app:mergeReleaseArtProfile
2025-11-02T02:18:53.1734385Z > Task :app:collectReleaseDependencies
2025-11-02T02:18:53.1742324Z > Task :app:extractReleaseVersionControlInfo
2025-11-02T02:18:53.3747924Z > Task :app:checkReleaseDuplicateClasses
2025-11-02T02:18:53.3753614Z > Task :app:sdkReleaseDependencyData
2025-11-02T02:18:53.3757284Z > Task :app:writeReleaseAppMetadata
2025-11-02T02:18:53.3761344Z > Task :app:writeReleaseSigningConfigVersions
2025-11-02T02:18:54.0747919Z > Task :app:validateSigningRelease
2025-11-02T02:18:54.3733953Z > Task :app:mergeReleaseResources
2025-11-02T02:18:54.8733121Z > Task :app:dataBindingGenBaseClassesRelease
2025-11-02T02:18:55.0751267Z 
2025-11-02T02:18:55.0751862Z > Task :app:processReleaseResources FAILED
2025-11-02T02:18:55.0752932Z FAILURE: Build failed with an exception.
2025-11-02T02:18:55.0753436Z 31 actionable tasks: 29 executed, 2 from cache
2025-11-02T02:18:55.0753988Z 
2025-11-02T02:18:55.0754196Z Configuration cache entry stored.
2025-11-02T02:18:55.0754806Z * What went wrong:
2025-11-02T02:18:55.0755447Z Execution failed for task ':app:processReleaseResources'.
2025-11-02T02:18:55.0756677Z > A failure occurred while executing com.android.build.gradle.internal.res.LinkApplicationAndroidResourcesTask$TaskAction
2025-11-02T02:18:55.0757684Z    > Android resource linking failed
2025-11-02T02:18:55.0759588Z      ERROR: /home/runner/work/shouj/shouj/mobile/app/src/main/AndroidManifest.xml:33:5-128:19: AAPT: error: resource mipmap/ic_launcher (aka io.github.clash_verge_rev.clash_verge_rev:mipmap/ic_launcher) not found.
2025-11-02T02:18:55.0764046Z          
2025-11-02T02:18:55.0765482Z      ERROR: /home/runner/work/shouj/shouj/mobile/app/src/main/AndroidManifest.xml:33:5-128:19: AAPT: error: resource mipmap/ic_launcher_round (aka io.github.clash_verge_rev.clash_verge_rev:mipmap/ic_launcher_round) not found.
2025-11-02T02:18:55.0766930Z          
2025-11-02T02:18:55.0767073Z 
2025-11-02T02:18:55.0767165Z * Try:
2025-11-02T02:18:55.0767548Z > Run with --stacktrace option to get the stack trace.
2025-11-02T02:18:55.0768103Z > Run with --info or --debug option to get more log output.
2025-11-02T02:18:55.0768586Z > Run with --scan to get full insights.
2025-11-02T02:18:55.0769027Z > Get more help at https://help.gradle.org.
2025-11-02T02:18:55.0769285Z 
2025-11-02T02:18:55.0769435Z BUILD FAILED in 1m 40s
2025-11-02T02:18:55.4904342Z ##[error]Process completed with exit code 1.
2025-11-02T02:18:55.5003574Z Post job cleanup.
2025-11-02T02:18:55.6789248Z Post job cleanup.
2025-11-02T02:18:55.7755987Z [command]/usr/bin/git version
2025-11-02T02:18:55.7794502Z git version 2.51.2
2025-11-02T02:18:55.7841442Z Temporarily overriding HOME='/home/runner/work/_temp/1965cd33-13cd-44a7-915b-50beab0c2d17' before making global git config changes
2025-11-02T02:18:55.7842973Z Adding repository directory to the temporary git global config as a safe directory
2025-11-02T02:18:55.7856875Z [command]/usr/bin/git config --global --add safe.directory /home/runner/work/shouj/shouj
2025-11-02T02:18:55.7894008Z [command]/usr/bin/git config --local --name-only --get-regexp core\.sshCommand
2025-11-02T02:18:55.7928124Z [command]/usr/bin/git submodule foreach --recursive sh -c "git config --local --name-only --get-regexp 'core\.sshCommand' && git config --local --unset-all 'core.sshCommand' || :"
2025-11-02T02:18:55.8165097Z [command]/usr/bin/git config --local --name-only --get-regexp http\.https\:\/\/github\.com\/\.extraheader
2025-11-02T02:18:55.8186745Z http.https://github.com/.extraheader
2025-11-02T02:18:55.8200098Z [command]/usr/bin/git config --local --unset-all http.https://github.com/.extraheader
2025-11-02T02:18:55.8232342Z [command]/usr/bin/git submodule foreach --recursive sh -c "git config --local --name-only --get-regexp 'http\.https\:\/\/github\.com\/\.extraheader' && git config --local --unset-all 'http.https://github.com/.extraheader' || :"
2025-11-02T02:18:55.8571456Z Cleaning up orphan processes
2025-11-02T02:18:55.8933820Z Terminate orphan process: pid (2378) (java)
