2025-11-02T02:16:49.4125862Z Current runner version: '2.329.0'
2025-11-02T02:16:49.4151364Z ##[group]Runner Image Provisioner
2025-11-02T02:16:49.4152212Z Hosted Compute Agent
2025-11-02T02:16:49.4152839Z Version: 20251016.436
2025-11-02T02:16:49.4153448Z Commit: 8ab8ac8bfd662a3739dab9fe09456aba92132568
2025-11-02T02:16:49.4154423Z Build Date: 2025-10-15T20:44:12Z
2025-11-02T02:16:49.4155104Z ##[endgroup]
2025-11-02T02:16:49.4155609Z ##[group]Operating System
2025-11-02T02:16:49.4156212Z Ubuntu
2025-11-02T02:16:49.4156745Z 24.04.3
2025-11-02T02:16:49.4157184Z LTS
2025-11-02T02:16:49.4157649Z ##[endgroup]
2025-11-02T02:16:49.4158135Z ##[group]Runner Image
2025-11-02T02:16:49.4158743Z Image: ubuntu-24.04
2025-11-02T02:16:49.4159220Z Version: 20251030.96.2
2025-11-02T02:16:49.4160254Z Included Software: https://github.com/actions/runner-images/blob/ubuntu24/20251030.96/images/ubuntu/Ubuntu2404-Readme.md
2025-11-02T02:16:49.4161764Z Image Release: https://github.com/actions/runner-images/releases/tag/ubuntu24%2F20251030.96
2025-11-02T02:16:49.4162795Z ##[endgroup]
2025-11-02T02:16:49.4165442Z ##[group]GITHUB_TOKEN Permissions
2025-11-02T02:16:49.4167906Z Actions: write
2025-11-02T02:16:49.4168464Z Attestations: write
2025-11-02T02:16:49.4169017Z Checks: write
2025-11-02T02:16:49.4169467Z Contents: write
2025-11-02T02:16:49.4170045Z Deployments: write
2025-11-02T02:16:49.4170526Z Discussions: write
2025-11-02T02:16:49.4171059Z Issues: write
2025-11-02T02:16:49.4171624Z Metadata: read
2025-11-02T02:16:49.4172160Z Models: read
2025-11-02T02:16:49.4172723Z Packages: write
2025-11-02T02:16:49.4173264Z Pages: write
2025-11-02T02:16:49.4174157Z PullRequests: write
2025-11-02T02:16:49.4174710Z RepositoryProjects: write
2025-11-02T02:16:49.4175713Z SecurityEvents: write
2025-11-02T02:16:49.4176335Z Statuses: write
2025-11-02T02:16:49.4176854Z ##[endgroup]
2025-11-02T02:16:49.4179173Z Secret source: Actions
2025-11-02T02:16:49.4179902Z Prepare workflow directory
2025-11-02T02:16:49.4706732Z Prepare all required actions
2025-11-02T02:16:49.4766299Z Getting action download info
2025-11-02T02:16:49.9244502Z Download action repository 'actions/checkout@v4' (SHA:08eba0b27e820071cde6df949e0beb9ba4906955)
2025-11-02T02:16:50.1183999Z Download action repository 'actions/setup-java@v4' (SHA:c5195efecf7bdfc987ee8bae7a71cb8b11521c00)
2025-11-02T02:16:50.7297049Z Download action repository 'android-actions/setup-android@v3' (SHA:9fc6c4e9069bf8d3d10b2204b1fb8f6ef7065407)
2025-11-02T02:16:51.2120514Z Download action repository 'actions/upload-artifact@v4' (SHA:ea165f8d65b6e75b540449e92b4886f43607fa02)
2025-11-02T02:16:51.4128787Z Complete job name: Build Android APK (universal)
2025-11-02T02:16:51.4867699Z ##[group]Run actions/checkout@v4
2025-11-02T02:16:51.4868612Z with:
2025-11-02T02:16:51.4869016Z   fetch-depth: 0
2025-11-02T02:16:51.4869467Z   repository: xiehaibo11/shouj
2025-11-02T02:16:51.4870156Z   token: ***
2025-11-02T02:16:51.4870578Z   ssh-strict: true
2025-11-02T02:16:51.4870995Z   ssh-user: git
2025-11-02T02:16:51.4871421Z   persist-credentials: true
2025-11-02T02:16:51.4871923Z   clean: true
2025-11-02T02:16:51.4872340Z   sparse-checkout-cone-mode: true
2025-11-02T02:16:51.4872860Z   fetch-tags: false
2025-11-02T02:16:51.4873297Z   show-progress: true
2025-11-02T02:16:51.4873902Z   lfs: false
2025-11-02T02:16:51.4874307Z   submodules: false
2025-11-02T02:16:51.4874751Z   set-safe-directory: true
2025-11-02T02:16:51.4875805Z env:
2025-11-02T02:16:51.4876209Z   CARGO_INCREMENTAL: 0
2025-11-02T02:16:51.4876678Z   RUST_BACKTRACE: short
2025-11-02T02:16:51.4877160Z   HUSKY: 0
2025-11-02T02:16:51.4877596Z ##[endgroup]
2025-11-02T02:16:51.5994909Z Syncing repository: xiehaibo11/shouj
2025-11-02T02:16:51.5996938Z ##[group]Getting Git version info
2025-11-02T02:16:51.5997628Z Working directory is '/home/runner/work/shouj/shouj'
2025-11-02T02:16:51.5998570Z [command]/usr/bin/git version
2025-11-02T02:16:51.6096397Z git version 2.51.2
2025-11-02T02:16:51.6126052Z ##[endgroup]
2025-11-02T02:16:51.6152344Z Temporarily overriding HOME='/home/runner/work/_temp/5053a7a7-9ff2-4e8d-b1b0-40f704d1b916' before making global git config changes
2025-11-02T02:16:51.6155551Z Adding repository directory to the temporary git global config as a safe directory
2025-11-02T02:16:51.6159694Z [command]/usr/bin/git config --global --add safe.directory /home/runner/work/shouj/shouj
2025-11-02T02:16:51.6203978Z Deleting the contents of '/home/runner/work/shouj/shouj'
2025-11-02T02:16:51.6208492Z ##[group]Initializing the repository
2025-11-02T02:16:51.6213478Z [command]/usr/bin/git init /home/runner/work/shouj/shouj
2025-11-02T02:16:51.6344263Z hint: Using 'master' as the name for the initial branch. This default branch name
2025-11-02T02:16:51.6345646Z hint: is subject to change. To configure the initial branch name to use in all
2025-11-02T02:16:51.6346873Z hint: of your new repositories, which will suppress this warning, call:
2025-11-02T02:16:51.6348170Z hint:
2025-11-02T02:16:51.6348761Z hint: 	git config --global init.defaultBranch <name>
2025-11-02T02:16:51.6349736Z hint:
2025-11-02T02:16:51.6350767Z hint: Names commonly chosen instead of 'master' are 'main', 'trunk' and
2025-11-02T02:16:51.6352497Z hint: 'development'. The just-created branch can be renamed via this command:
2025-11-02T02:16:51.6354021Z hint:
2025-11-02T02:16:51.6354826Z hint: 	git branch -m <name>
2025-11-02T02:16:51.6355635Z hint:
2025-11-02T02:16:51.6356709Z hint: Disable this message with "git config set advice.defaultBranchName false"
2025-11-02T02:16:51.6358375Z Initialized empty Git repository in /home/runner/work/shouj/shouj/.git/
2025-11-02T02:16:51.6364625Z [command]/usr/bin/git remote add origin https://github.com/xiehaibo11/shouj
2025-11-02T02:16:51.6405704Z ##[endgroup]
2025-11-02T02:16:51.6406985Z ##[group]Disabling automatic garbage collection
2025-11-02T02:16:51.6411021Z [command]/usr/bin/git config --local gc.auto 0
2025-11-02T02:16:51.6442792Z ##[endgroup]
2025-11-02T02:16:51.6444505Z ##[group]Setting up auth
2025-11-02T02:16:51.6451688Z [command]/usr/bin/git config --local --name-only --get-regexp core\.sshCommand
2025-11-02T02:16:51.6485570Z [command]/usr/bin/git submodule foreach --recursive sh -c "git config --local --name-only --get-regexp 'core\.sshCommand' && git config --local --unset-all 'core.sshCommand' || :"
2025-11-02T02:16:51.6886357Z [command]/usr/bin/git config --local --name-only --get-regexp http\.https\:\/\/github\.com\/\.extraheader
2025-11-02T02:16:51.6920614Z [command]/usr/bin/git submodule foreach --recursive sh -c "git config --local --name-only --get-regexp 'http\.https\:\/\/github\.com\/\.extraheader' && git config --local --unset-all 'http.https://github.com/.extraheader' || :"
2025-11-02T02:16:51.7155825Z [command]/usr/bin/git config --local http.https://github.com/.extraheader AUTHORIZATION: basic ***
2025-11-02T02:16:51.7201811Z ##[endgroup]
2025-11-02T02:16:51.7202746Z ##[group]Fetching the repository
2025-11-02T02:16:51.7212032Z [command]/usr/bin/git -c protocol.version=2 fetch --prune --no-recurse-submodules origin +refs/heads/*:refs/remotes/origin/* +refs/tags/*:refs/tags/*
2025-11-02T02:16:54.1498582Z From https://github.com/xiehaibo11/shouj
2025-11-02T02:16:54.1499376Z  * [new branch]        main       -> origin/main
2025-11-02T02:16:54.1499787Z  * [new branch]        mobile-app -> origin/mobile-app
2025-11-02T02:16:54.1500168Z  * [new tag]           autobuild  -> autobuild
2025-11-02T02:16:54.1541029Z [command]/usr/bin/git branch --list --remote origin/main
2025-11-02T02:16:54.1564454Z   origin/main
2025-11-02T02:16:54.1574252Z [command]/usr/bin/git rev-parse refs/remotes/origin/main
2025-11-02T02:16:54.1594814Z 024f466f84855d4d7d1331bb6057a3d8f8688763
2025-11-02T02:16:54.1600340Z ##[endgroup]
2025-11-02T02:16:54.1601281Z ##[group]Determining the checkout info
2025-11-02T02:16:54.1602288Z ##[endgroup]
2025-11-02T02:16:54.1606188Z [command]/usr/bin/git sparse-checkout disable
2025-11-02T02:16:54.1645613Z [command]/usr/bin/git config --local --unset-all extensions.worktreeConfig
2025-11-02T02:16:54.1674169Z ##[group]Checking out the ref
2025-11-02T02:16:54.1674740Z [command]/usr/bin/git checkout --progress --force -B main refs/remotes/origin/main
2025-11-02T02:16:54.3058319Z Switched to a new branch 'main'
2025-11-02T02:16:54.3059203Z branch 'main' set up to track 'origin/main'.
2025-11-02T02:16:54.3073025Z ##[endgroup]
2025-11-02T02:16:54.3113953Z [command]/usr/bin/git log -1 --format=%H
2025-11-02T02:16:54.3138227Z 024f466f84855d4d7d1331bb6057a3d8f8688763
2025-11-02T02:16:54.3393980Z ##[group]Run actions/setup-java@v4
2025-11-02T02:16:54.3394413Z with:
2025-11-02T02:16:54.3394798Z   distribution: temurin
2025-11-02T02:16:54.3395169Z   java-version: 17
2025-11-02T02:16:54.3395504Z   cache: gradle
2025-11-02T02:16:54.3395872Z   java-package: jdk
2025-11-02T02:16:54.3396188Z   check-latest: false
2025-11-02T02:16:54.3396523Z   server-id: github
2025-11-02T02:16:54.3396812Z   server-username: GITHUB_ACTOR
2025-11-02T02:16:54.3397287Z   server-password: GITHUB_TOKEN
2025-11-02T02:16:54.3397666Z   overwrite-settings: true
2025-11-02T02:16:54.3398064Z   job-status: success
2025-11-02T02:16:54.3398666Z   token: ***
2025-11-02T02:16:54.3398948Z env:
2025-11-02T02:16:54.3399244Z   CARGO_INCREMENTAL: 0
2025-11-02T02:16:54.3399625Z   RUST_BACKTRACE: short
2025-11-02T02:16:54.3399990Z   HUSKY: 0
2025-11-02T02:16:54.3400256Z ##[endgroup]
2025-11-02T02:16:54.5393114Z ##[group]Installed distributions
2025-11-02T02:16:54.5775521Z Resolved Java 17.0.17+10 from tool-cache
2025-11-02T02:16:54.5777168Z Setting Java 17.0.17+10 as the default
2025-11-02T02:16:54.5791046Z Creating toolchains.xml for JDK version 17 from temurin
2025-11-02T02:16:54.5871738Z Writing to /home/runner/.m2/toolchains.xml
2025-11-02T02:16:54.5873445Z 
2025-11-02T02:16:54.5874375Z Java configuration:
2025-11-02T02:16:54.5874937Z   Distribution: temurin
2025-11-02T02:16:54.5875460Z   Version: 17.0.17+10
2025-11-02T02:16:54.5876074Z   Path: /opt/hostedtoolcache/Java_Temurin-Hotspot_jdk/17.0.17-10/x64
2025-11-02T02:16:54.5876768Z 
2025-11-02T02:16:54.5877331Z ##[endgroup]
2025-11-02T02:16:54.5893357Z Creating settings.xml with server-id: github
2025-11-02T02:16:54.5899851Z Writing to /home/runner/.m2/settings.xml
2025-11-02T02:16:54.9472076Z gradle cache is not found
2025-11-02T02:16:54.9633512Z ##[group]Run android-actions/setup-android@v3
2025-11-02T02:16:54.9634544Z with:
2025-11-02T02:16:54.9634751Z   cmdline-tools-version: 12266719
2025-11-02T02:16:54.9635007Z   accept-android-sdk-licenses: true
2025-11-02T02:16:54.9635444Z   log-accepted-android-sdk-licenses: true
2025-11-02T02:16:54.9635939Z   packages: tools platform-tools
2025-11-02T02:16:54.9636346Z env:
2025-11-02T02:16:54.9636646Z   CARGO_INCREMENTAL: 0
2025-11-02T02:16:54.9637025Z   RUST_BACKTRACE: short
2025-11-02T02:16:54.9637357Z   HUSKY: 0
2025-11-02T02:16:54.9637855Z   JAVA_HOME: /opt/hostedtoolcache/Java_Temurin-Hotspot_jdk/17.0.17-10/x64
2025-11-02T02:16:54.9638650Z   JAVA_HOME_17_X64: /opt/hostedtoolcache/Java_Temurin-Hotspot_jdk/17.0.17-10/x64
2025-11-02T02:16:54.9639268Z ##[endgroup]
2025-11-02T02:16:55.0761289Z Found preinstalled sdkmanager in /usr/local/lib/android/sdk/cmdline-tools/latest with following source.properties:
2025-11-02T02:16:55.0762222Z Pkg.Revision=12.0
2025-11-02T02:16:55.0762659Z Pkg.Path=cmdline-tools;12.0
2025-11-02T02:16:55.0763110Z Pkg.Desc=Android SDK Command-line Tools
2025-11-02T02:16:55.0763333Z 
2025-11-02T02:16:55.0763965Z Wrong version in preinstalled sdkmanager
2025-11-02T02:16:55.0765337Z Downloading commandline tools from https://dl.google.com/android/repository/commandlinetools-linux-12266719_latest.zip
2025-11-02T02:16:56.9475636Z [command]/usr/bin/unzip -o -q /home/runner/work/_temp/ec3b0f6d-dcd7-411b-9b25-650e90f71566
2025-11-02T02:16:57.7795133Z Accepting Android SDK licenses
2025-11-02T02:16:57.7801711Z [command]/usr/local/lib/android/sdk/cmdline-tools/16.0/bin/sdkmanager --licenses
2025-11-02T02:17:02.6380437Z Loading local repository...                                                     
2025-11-02T02:17:02.6382699Z [=========                              ] 25% Loading local repository...       
2025-11-02T02:17:05.1632001Z [=========                              ] 25% Fetch remote repository...        
2025-11-02T02:17:05.5854293Z [==========                             ] 26% Fetch remote repository...        
2025-11-02T02:17:05.5854960Z [============                           ] 31% Fetch remote repository...        
2025-11-02T02:17:05.6084148Z [============                           ] 32% Fetch remote repository...        
2025-11-02T02:17:05.6092403Z [=============                          ] 33% Fetch remote repository...        
2025-11-02T02:17:05.6250874Z [=============                          ] 35% Fetch remote repository...        
2025-11-02T02:17:05.6251495Z [==============                         ] 36% Fetch remote repository...        
2025-11-02T02:17:05.6625093Z [==============                         ] 37% Fetch remote repository...        
2025-11-02T02:17:05.6626258Z [===============                        ] 38% Fetch remote repository...        
2025-11-02T02:17:05.6779479Z [===============                        ] 39% Fetch remote repository...        
2025-11-02T02:17:05.6785492Z [================                       ] 40% Fetch remote repository...        
2025-11-02T02:17:05.6962706Z [================                       ] 41% Fetch remote repository...        
2025-11-02T02:17:05.6969878Z [================                       ] 42% Fetch remote repository...        
2025-11-02T02:17:05.7119724Z [=================                      ] 44% Fetch remote repository...        
2025-11-02T02:17:05.7137579Z [=================                      ] 45% Fetch remote repository...        
2025-11-02T02:17:05.7234136Z [==================                     ] 46% Fetch remote repository...        
2025-11-02T02:17:05.7235495Z [==================                     ] 47% Fetch remote repository...        
2025-11-02T02:17:05.7360126Z [===================                    ] 48% Fetch remote repository...        
2025-11-02T02:17:05.7363504Z [===================                    ] 49% Fetch remote repository...        
2025-11-02T02:17:05.7486148Z [====================                   ] 50% Fetch remote repository...        
2025-11-02T02:17:05.7491948Z [====================                   ] 51% Fetch remote repository...        
2025-11-02T02:17:05.7607581Z [====================                   ] 53% Fetch remote repository...        
2025-11-02T02:17:05.7616311Z [=====================                  ] 54% Fetch remote repository...        
2025-11-02T02:17:05.7733353Z [=====================                  ] 55% Fetch remote repository...        
2025-11-02T02:17:05.7739049Z [======================                 ] 56% Fetch remote repository...        
2025-11-02T02:17:05.8101592Z [======================                 ] 57% Fetch remote repository...        
2025-11-02T02:17:05.8103620Z [=======================                ] 58% Fetch remote repository...        
2025-11-02T02:17:05.8227219Z [=======================                ] 59% Fetch remote repository...        
2025-11-02T02:17:05.8237835Z [========================               ] 60% Fetch remote repository...        
2025-11-02T02:17:05.8367789Z [========================               ] 61% Fetch remote repository...        
2025-11-02T02:17:05.8368440Z [=========================              ] 63% Fetch remote repository...        
2025-11-02T02:17:05.8579586Z [=========================              ] 64% Fetch remote repository...        
2025-11-02T02:17:05.8582168Z [=========================              ] 65% Fetch remote repository...        
2025-11-02T02:17:05.8857239Z [==========================             ] 66% Fetch remote repository...        
2025-11-02T02:17:05.8862004Z [==========================             ] 67% Fetch remote repository...        
2025-11-02T02:17:05.9616402Z [===========================            ] 68% Fetch remote repository...        
2025-11-02T02:17:05.9620020Z [===========================            ] 69% Fetch remote repository...        
2025-11-02T02:17:06.0106371Z [============================           ] 70% Fetch remote repository...        
2025-11-02T02:17:06.0107161Z [============================           ] 72% Fetch remote repository...        
2025-11-02T02:17:16.0131685Z [=============================          ] 73% Fetch remote repository...        
2025-11-02T02:17:16.0132831Z                                                                                 
2025-11-02T02:17:16.0133465Z Warning: Still waiting for package manifests to be fetched remotely.
2025-11-02T02:17:26.0149017Z [=============================          ] 73% Fetch remote repository...        
2025-11-02T02:17:26.0150268Z                                                                                 
2025-11-02T02:17:26.0151038Z Warning: Still waiting for package manifests to be fetched remotely.
2025-11-02T02:17:36.0169360Z [=============================          ] 73% Fetch remote repository...        
2025-11-02T02:17:36.0169922Z                                                                                 
2025-11-02T02:17:36.0170572Z Warning: Still waiting for package manifests to be fetched remotely.
2025-11-02T02:17:37.8264408Z [=============================          ] 73% Fetch remote repository...        
2025-11-02T02:17:37.8265343Z [=============================          ] 74% Fetch remote repository...        
2025-11-02T02:17:37.8394978Z [=============================          ] 75% Fetch remote repository...        
2025-11-02T02:17:37.8471110Z [=============================          ] 75% Computing updates...              
2025-11-02T02:17:37.8471907Z [=======================================] 100% Computing updates...             
2025-11-02T02:17:37.9107309Z 6 of 7 SDK package licenses not accepted.
2025-11-02T02:17:37.9107982Z Review licenses that have not been accepted (y/N)? 
2025-11-02T02:17:37.9108618Z 1/6: License android-googletv-license:
2025-11-02T02:17:37.9109069Z ---------------------------------------
2025-11-02T02:17:37.9109488Z Terms and Conditions
2025-11-02T02:17:37.9109704Z 
2025-11-02T02:17:37.9110117Z This is the Google TV Add-on for the Android Software Development Kit License Agreement.
2025-11-02T02:17:37.9110660Z 
2025-11-02T02:17:37.9111192Z 1. Introduction
2025-11-02T02:17:37.9111413Z 
2025-11-02T02:17:37.9113621Z 1.1 The Google TV Add-on for the Android Software Development Kit (referred to in this License Agreement as the "Google TV Add-on" and specifically including the Android system files, packaged APIs, and Google APIs add-ons) is licensed to you subject to the terms of this License Agreement. This License Agreement forms a legally binding contract between you and Google in relation to your use of the Google TV Add-on.
2025-11-02T02:17:37.9116232Z 
2025-11-02T02:17:37.9117024Z 1.2 "Google" means Google Inc., a Delaware corporation with principal place of business at 1600 Amphitheatre Parkway, Mountain View, CA 94043, United States.
2025-11-02T02:17:37.9117966Z 
2025-11-02T02:17:37.9118120Z 2. Accepting this License Agreement
2025-11-02T02:17:37.9118410Z 
2025-11-02T02:17:37.9119192Z 2.1 In order to use the Google TV Add-on, you must first agree to this License Agreement. You may not use the Google TV Add-on if you do not accept this License Agreement.
2025-11-02T02:17:37.9120161Z 
2025-11-02T02:17:37.9120352Z 2.2 You can accept this License Agreement by:
2025-11-02T02:17:37.9120683Z 
2025-11-02T02:17:37.9121181Z (A) clicking to accept or agree to this License Agreement, where this option is made available to you; or
2025-11-02T02:17:37.9121810Z 
2025-11-02T02:17:37.9122604Z (B) by actually using the Google TV Add-on. In this case, you agree that use of the Google TV Add-on constitutes acceptance of the License Agreement from that point onwards.
2025-11-02T02:17:37.9123560Z 
2025-11-02T02:17:37.9125166Z 2.3 You may not use the Google TV Add-on and may not accept the Licensing Agreement if you are a person barred from receiving the Google TV Add-on under the laws of the United States or other countries including the country in which you are resident or from which you use the Google TV Add-on.
2025-11-02T02:17:37.9127027Z 
2025-11-02T02:17:37.9128981Z 2.4 If you are agreeing to be bound by this License Agreement on behalf of your employer or other entity, you represent and warrant that you have full legal authority to bind your employer or such entity to this License Agreement. If you do not have the requisite authority, you may not accept the Licensing Agreement or use the Google TV Add-on on behalf of your employer or other entity.
2025-11-02T02:17:37.9131040Z 
2025-11-02T02:17:37.9131218Z 3. Google TV Add-on License from Google
2025-11-02T02:17:37.9131542Z 
2025-11-02T02:17:37.9132752Z 3.1 Subject to the terms of this License Agreement, Google grants you a limited, worldwide, royalty-free, non- assignable and non-exclusive license to use the Google TV Add-on solely to develop applications to run on the Google TV platform.
2025-11-02T02:17:37.9149306Z 
2025-11-02T02:17:37.9151495Z 3.2 You agree that Google or third parties own all legal right, title and interest in and to the Google TV Add-on, including any Intellectual Property Rights that subsist in the Google TV Add-on. "Intellectual Property Rights" means any and all rights under patent law, copyright law, trade secret law, trademark law, and any and all other proprietary rights. Google reserves all rights not expressly granted to you.
2025-11-02T02:17:37.9154125Z 
2025-11-02T02:17:37.9162253Z 3.3 Except to the extent required by applicable third party licenses, you may not copy (except for backup purposes), modify, adapt, redistribute, decompile, reverse engineer, disassemble, or create derivative works of the Google TV Add-on or any part of the Google TV Add-on. Except to the extent required by applicable third party licenses, you may not load any part of the Google TV Add-on onto a mobile handset, television, or any other hardware device except a personal computer, combine any part of the Google TV Add-on with other software, or distribute any software or device incorporating a part of the Google TV Add-on.
2025-11-02T02:17:37.9165890Z 
2025-11-02T02:17:37.9167402Z 3.4 Use, reproduction and distribution of components of the Google TV Add-on licensed under an open source software license are governed solely by the terms of that open source software license and not this License Agreement.
2025-11-02T02:17:37.9168707Z 
2025-11-02T02:17:37.9171149Z 3.5 You agree that the form and nature of the Google TV Add-on that Google provides may change without prior notice to you and that future versions of the Google TV Add-on may be incompatible with applications developed on previous versions of the Google TV Add-on. You agree that Google may stop (permanently or temporarily) providing the Google TV Add-on (or any features within the Google TV Add-on) to you or to users generally at Google's sole discretion, without prior notice to you.
2025-11-02T02:17:37.9173879Z 
2025-11-02T02:17:37.9175822Z 3.6 Nothing in this License Agreement gives you a right to use any of Google's or it’s licensors’ trade names, trademarks, service marks, logos, domain names, or other distinctive brand features.
2025-11-02T02:17:37.9187372Z 
2025-11-02T02:17:37.9188387Z 3.7 You agree that you will not remove, obscure, or alter any proprietary rights notices (including copyright and trademark notices) that may be affixed to or contained within the Google TV Add-on.
2025-11-02T02:17:37.9189534Z 
2025-11-02T02:17:37.9189703Z 4. Use of the Google TV Add-on by You
2025-11-02T02:17:37.9190009Z 
2025-11-02T02:17:37.9191397Z 4.1 Google agrees that it obtains no right, title or interest from you (or your licensors) under this License Agreement in or to any software applications that you develop using the Google TV Add-on, including any intellectual property rights that subsist in those applications.
2025-11-02T02:17:37.9192983Z 
2025-11-02T02:17:37.9195114Z 4.2 You agree to use the Google TV Add-on and write applications only for purposes that are permitted by (a) this License Agreement and (b) any applicable law, regulation or generally accepted practices or guidelines in the relevant jurisdictions (including any laws regarding the export of data or software to and from the United States or other relevant countries).
2025-11-02T02:17:37.9197442Z 
2025-11-02T02:17:37.9201787Z 4.3 You agree that if you use the Google TV Add-on to develop applications for general public users, you will protect the privacy and legal rights of those users. If the users provide you with user names, passwords, or other login information or personal information, your must make the users aware that the information will be available to your application, and you must provide legally adequate privacy notice and protection for those users. If your application stores personal or sensitive information provided by users, it must do so securely. If the user provides your application with Google Account information, your application may only use that information to access the user's Google Account when, and for the limited purposes for which, the user has given you explicit permission to do so.
2025-11-02T02:17:37.9206388Z 
2025-11-02T02:17:37.9208584Z 4.4 You agree that you will not engage in any activity with the Google TV Add-on, including the development or distribution of an application, that interferes with, disrupts, damages, or accesses in an unauthorized manner the servers, networks, or other properties or services of any third party including, but not limited to, Google, Multichannel Video Program Distributors or any mobile communications carrier.
2025-11-02T02:17:37.9210925Z 
2025-11-02T02:17:37.9212904Z 4.5 You agree that you are solely responsible for (and that Google has no responsibility to you or to any third party for) any data, content, or resources that you create, transmit or display through the Google TV platform and/or applications for the Google TV platform, and for the consequences of your actions (including any loss or damage which Google may suffer) by doing so.
2025-11-02T02:17:37.9225928Z 
2025-11-02T02:17:37.9228178Z 4.6 You agree that you are solely responsible for (and that Google has no responsibility to you or to any third party for) any breach of your obligations under this License Agreement, any applicable third party contract or Terms of Service, or any applicable law or regulation, and for the consequences (including any loss or damage which Google or any third party may suffer) of any such breach.
2025-11-02T02:17:37.9230361Z 
2025-11-02T02:17:37.9230517Z 5. Your Developer Credentials
2025-11-02T02:17:37.9230793Z 
2025-11-02T02:17:37.9232293Z 5.1 You agree that you are responsible for maintaining the confidentiality of any developer credentials that may be issued to you by Google or which you may choose yourself and that you will be solely responsible for all applications that are developed under your developer credentials.
2025-11-02T02:17:37.9237144Z 
2025-11-02T02:17:37.9237318Z 6. Privacy and Information
2025-11-02T02:17:37.9237579Z 
2025-11-02T02:17:37.9240340Z 6.1 In order to continually innovate and improve the Google TV Add-on, Google may collect certain usage statistics from the software including but not limited to a unique identifier, associated IP address, version number of the software, and information on which tools and/or services in the Google TV Add-on are being used and how they are being used. Before any of this information is collected, the Google TV Add-on will notify you and seek your consent. If you withhold consent, the information will not be collected.
2025-11-02T02:17:37.9243226Z 
2025-11-02T02:17:37.9244102Z 6.2 The data collected is examined in the aggregate to improve the Google TV Add-on and is maintained in accordance with Google's Privacy Policy.
2025-11-02T02:17:37.9244980Z 
2025-11-02T02:17:37.9245213Z 7. Third Party Applications for the Google TV Platform
2025-11-02T02:17:37.9245595Z 
2025-11-02T02:17:37.9248807Z 7.1 If you use the Google TV Add-on to run applications developed by a third party or that access data, content or resources provided by a third party, you agree that Google is not responsible for those applications, data, content, or resources. You understand that all data, content or resources which you may access through such third party applications are the sole responsibility of the person from which they originated and that Google is not liable for any loss or damage that you may experience as a result of the use or access of any of those third party applications, data, content, or resources.
2025-11-02T02:17:37.9252290Z 
2025-11-02T02:17:37.9258745Z 7.2 You should be aware the data, content, and resources presented to you through such a third party application may be protected by intellectual property rights which are owned by the providers (or by other persons or companies on their behalf). You may not modify, rent, lease, loan, sell, distribute or create derivative works based on these data, content, or resources (either in whole or in part) unless you have been specifically given permission to do so by the relevant owners.
2025-11-02T02:17:37.9261434Z 
2025-11-02T02:17:37.9262835Z 7.3 You acknowledge that your use of such third party applications, data, content, or resources may be subject to separate terms between you and the relevant third party. In that case, this License Agreement does not affect your legal relationship with these third parties.
2025-11-02T02:17:37.9264555Z 
2025-11-02T02:17:37.9264689Z 8. Using Google TV APIs
2025-11-02T02:17:37.9264913Z 
2025-11-02T02:17:37.9270405Z 8.1 If you use any Google TV API to retrieve data from Google, you acknowledge that the data (“Google TV API Content”) may be protected by intellectual property rights which are owned by Google or those parties that provide the data (or by other persons or companies on their behalf). Your use of any such API may be subject to additional Terms of Service. You may not modify, rent, lease, loan, sell, distribute or create derivative works based on this data (either in whole or in part) unless allowed by the relevant Terms of Service. Some portions of the Google TV API Content are licensed to Google by third parties, including but not limited to Tribune Media Services
2025-11-02T02:17:37.9272738Z 
2025-11-02T02:17:37.9273621Z 8.2 If you use any API to retrieve a user's data from Google, you acknowledge and agree that you shall retrieve data only with the user's explicit consent and only when, and for the limited purposes for which, the user has given you permission to do so.
2025-11-02T02:17:37.9274645Z 
2025-11-02T02:17:37.9274915Z 8.3 Except as explicitly permitted in Section 3 (Google TV Add-on License from Google), you must:
2025-11-02T02:17:37.9275270Z 
2025-11-02T02:17:37.9275769Z (a) not modify nor format the Google TV API Content except to the extent reasonably and technically necessary to optimize the display such Google TV API Content in your application;
2025-11-02T02:17:37.9276359Z 
2025-11-02T02:17:37.9276898Z (b) not edit the Google TV API Content in a manner that renders the Google TV API Content inaccurate of alters its inherent meaning (provided that displaying excerpts will not violate the foregoing); or
2025-11-02T02:17:37.9277531Z 
2025-11-02T02:17:37.9277799Z (c) not create any commercial audience measurement tool or service using the Google TV API Content
2025-11-02T02:17:37.9278150Z 
2025-11-02T02:17:37.9278250Z 9. Terminating this License Agreement
2025-11-02T02:17:37.9278425Z 
2025-11-02T02:17:37.9278703Z 9.1 This License Agreement will continue to apply until terminated by either you or Google as set out below.
2025-11-02T02:17:37.9279064Z 
2025-11-02T02:17:37.9279435Z 9.2 If you want to terminate this License Agreement, you may do so by ceasing your use of the Google TV Add-on and any relevant developer credentials.
2025-11-02T02:17:37.9279887Z 
2025-11-02T02:17:37.9280053Z 9.3 Google may at any time, terminate this License Agreement with you if:
2025-11-02T02:17:37.9280315Z 
2025-11-02T02:17:37.9280463Z (A) you have breached any provision of this License Agreement; or
2025-11-02T02:17:37.9280697Z 
2025-11-02T02:17:37.9280801Z (B) Google is required to do so by law; or
2025-11-02T02:17:37.9280975Z 
2025-11-02T02:17:37.9281521Z (C) the partner with whom Google offered certain parts of Google TV Add-on (such as APIs) to you has terminated its relationship with Google or ceased to offer certain parts of the Google TV Add-on to you; or
2025-11-02T02:17:37.9282307Z 
2025-11-02T02:17:37.9283196Z (D) Google decides to no longer providing the Google TV Add-on or certain parts of the Google TV Add-on to users in the country in which you are resident or from which you use the service, or the provision of the Google TV Add-on or certain Google TV Add-on services to you by Google is, in Google's sole discretion, no longer commercially viable.
2025-11-02T02:17:37.9284283Z 
2025-11-02T02:17:37.9285530Z 9.4 When this License Agreement comes to an end, all of the legal rights, obligations and liabilities that you and Google have benefited from, been subject to (or which have accrued over time whilst this License Agreement has been in force) or which are expressed to continue indefinitely, shall be unaffected by this cessation, and the provisions of paragraph 14.7 shall continue to apply to such rights, obligations and liabilities indefinitely.
2025-11-02T02:17:37.9286856Z 
2025-11-02T02:17:37.9286956Z 10. DISCLAIMER OF WARRANTIES
2025-11-02T02:17:37.9287107Z 
2025-11-02T02:17:37.9287621Z 10.1 YOU EXPRESSLY UNDERSTAND AND AGREE THAT YOUR USE OF THE GOOGLE TV ADD-ON IS AT YOUR SOLE RISK AND THAT THE GOOGLE TV ADD-ON IS PROVIDED "AS IS" AND "AS AVAILABLE" WITHOUT WARRANTY OF ANY KIND FROM GOOGLE.
2025-11-02T02:17:37.9288214Z 
2025-11-02T02:17:37.9288971Z 10.2 YOUR USE OF THE GOOGLE TV ADD-ON AND ANY MATERIAL DOWNLOADED OR OTHERWISE OBTAINED THROUGH THE USE OF THE GOOGLE TV ADD-ON IS AT YOUR OWN DISCRETION AND RISK AND YOU ARE SOLELY RESPONSIBLE FOR ANY DAMAGE TO YOUR COMPUTER SYSTEM OR OTHER DEVICE OR LOSS OF DATA THAT RESULTS FROM SUCH USE.
2025-11-02T02:17:37.9289819Z 
2025-11-02T02:17:37.9290564Z 10.3 GOOGLE FURTHER EXPRESSLY DISCLAIMS ALL WARRANTIES AND CONDITIONS OF ANY KIND, WHETHER EXPRESS OR IMPLIED, INCLUDING, BUT NOT LIMITED TO THE IMPLIED WARRANTIES AND CONDITIONS OF MERCHANTABILITY, FITNESS FOR A PARTICULAR PURPOSE AND NON-INFRINGEMENT.
2025-11-02T02:17:37.9291493Z 
2025-11-02T02:17:37.9291706Z 11. LIMITATION OF LIABILITY
2025-11-02T02:17:37.9291900Z 
2025-11-02T02:17:37.9293136Z 11.1 YOU EXPRESSLY UNDERSTAND AND AGREE THAT GOOGLE, ITS SUBSIDIARIES AND AFFILIATES, AND ITS LICENSORS SHALL NOT BE LIABLE TO YOU UNDER ANY THEORY OF LIABILITY FOR ANY DIRECT, INDIRECT, INCIDENTAL, SPECIAL CONSEQUENTIAL OR EXEMPLARY DAMAGES THAT MAY BE INCURRED BY YOU, INCLUDING ANY LOSS OF DATA, WHETHER OR NOT GOOGLE OR ITS REPRESENTATIVES HAVE BEEN ADVISED OF OR SHOULD HAVE BEEN AWARE OF THE POSSIBILITY OF ANY SUCH LOSSES ARISING.
2025-11-02T02:17:37.9294658Z 
2025-11-02T02:17:37.9294738Z 12. Indemnification
2025-11-02T02:17:37.9294855Z 
2025-11-02T02:17:37.9296978Z 12.1 To the maximum extent permitted by law, you agree to defend, indemnify and hold harmless Google, its affiliates and their respective directors, officers, employees and agents from and against any and all claims, actions, suits or proceedings, as well as any and all losses, liabilities, damages, costs and expenses (including reasonable attorneys fees) arising out of or accruing from (a) your use of the Google TV Add-on, (b) any application you develop on the Google TV Add-on that infringes any copyright, trademark, trade secret, trade dress, patent or other intellectual property right of any person or defames any person or violates their rights of publicity or privacy, and (c) any non-compliance by you with this License Agreement.
2025-11-02T02:17:37.9299166Z 
2025-11-02T02:17:37.9299255Z 13. Changes to the License Agreement
2025-11-02T02:17:37.9299418Z 
2025-11-02T02:17:37.9299698Z 13.1 Google may make changes to the License Agreement as it distributes new versions of the Google TV Add-on.
2025-11-02T02:17:37.9300053Z 
2025-11-02T02:17:37.9300129Z 14. General Legal Terms
2025-11-02T02:17:37.9300253Z 
2025-11-02T02:17:37.9301220Z 14.1 This License Agreement constitute the whole legal agreement between you and Google and govern your use of the Google TV Add-on (excluding any services which Google may provide to you under a separate written agreement), and completely replace any prior agreements between you and Google in relation to the Google TV Add-on.
2025-11-02T02:17:37.9302364Z 
2025-11-02T02:17:37.9303237Z 14.2 You agree that if Google does not exercise or enforce any legal right or remedy which is contained in this License Agreement (or which Google has the benefit of under any applicable law), this will not be taken to be a formal waiver of Google's rights and that those rights or remedies will still be available to Google.
2025-11-02T02:17:37.9304275Z 
2025-11-02T02:17:37.9305247Z 14.3 If any court of law, having the jurisdiction to decide on this matter, rules that any provision of this License Agreement is invalid, then that provision will be removed from this License Agreement without affecting the rest of this License Agreement. The remaining provisions of this License Agreement will continue to be valid and enforceable.
2025-11-02T02:17:37.9306305Z 
2025-11-02T02:17:37.9308012Z 14.4 You acknowledge and agree that Google’s API data licensors and each member of the group of companies of which Google is the parent shall be third party beneficiaries to this License Agreement and that such other companies shall be entitled to directly enforce, and rely upon, any provision of this License Agreement that confers a benefit on (or rights in favor of) them. Other than this, no other person or company shall be third party beneficiaries to this License Agreement.
2025-11-02T02:17:37.9309454Z 
2025-11-02T02:17:37.9310270Z 14.5 EXPORT RESTRICTIONS. THE GOOGLE TV ADD-ON IS SUBJECT TO UNITED STATES EXPORT LAWS AND REGULATIONS. YOU MUST COMPLY WITH ALL DOMESTIC AND INTERNATIONAL EXPORT LAWS AND REGULATIONS THAT APPLY TO THE GOOGLE TV ADD-ON. THESE LAWS INCLUDE RESTRICTIONS ON DESTINATIONS, END USERS AND END USE.
2025-11-02T02:17:37.9311168Z 
2025-11-02T02:17:37.9312252Z 14.6 The rights granted in this License Agreement may not be assigned or transferred by either you or Google without the prior written approval of the other party. Neither you nor Google shall be permitted to delegate their responsibilities or obligations under this License Agreement without the prior written approval of the other party.
2025-11-02T02:17:37.9313319Z 
2025-11-02T02:17:37.9315151Z 14.7 This License Agreement, and your relationship with Google under this License Agreement, shall be governed by the laws of the State of California without regard to its conflict of laws provisions. You and Google agree to submit to the exclusive jurisdiction of the courts located within the county of Santa Clara, California to resolve any legal matter arising from this License Agreement. Notwithstanding this, you agree that Google shall still be allowed to apply for injunctive remedies (or an equivalent type of urgent legal relief) in any jurisdiction.
2025-11-02T02:17:37.9316849Z 
2025-11-02T02:17:37.9316853Z 
2025-11-02T02:17:37.9316934Z August 15, 2011
2025-11-02T02:17:37.9317150Z ---------------------------------------
2025-11-02T02:17:37.9317510Z Accept? (y/N): 
2025-11-02T02:17:37.9317718Z 2/6: License android-googlexr-license:
2025-11-02T02:17:37.9317972Z ---------------------------------------
2025-11-02T02:17:37.9318831Z To get started with the Android XR Emulator System Image SDK, you must agree to the following terms and conditions. As described below, please note that this is a preview, emulated version of the Android XR OS, subject to change, that you use at your own risk.
2025-11-02T02:17:37.9319605Z 
2025-11-02T02:17:37.9319755Z This is the Android XR Emulator System Image SDK License Agreement
2025-11-02T02:17:37.9319998Z 
2025-11-02T02:17:37.9320066Z 1. Introduction
2025-11-02T02:17:37.9320167Z 
2025-11-02T02:17:37.9321416Z 1.1 The Android Android XR Emulator System Image SDK (referred to in the License Agreement as the "SDK" and specifically including the Android system files,, packaged APIs, library files (if and when they are made available), and Google applications and APIs add-ons) is licensed to you subject to the terms of the License Agreement. The License Agreement forms a legally binding contract between you and Google in relation to your use of the SDK.
2025-11-02T02:17:37.9322883Z 
2025-11-02T02:17:37.9323489Z 1.2 "Android" means the Android software stack for devices, as made available under the Android Open Source Project, which is located at the following URL: https://source.android.com/, as updated from time to time.
2025-11-02T02:17:37.9324286Z 
2025-11-02T02:17:37.9324862Z 1.3 "Google" means Google LLC, organized under the laws of the State of Delaware, USA, and operating under the laws of the USA with principal place of business at 1600 Amphitheatre Parkway, Mountain View, CA 94043, USA.
2025-11-02T02:17:37.9325517Z 
2025-11-02T02:17:37.9325608Z 2. Accepting this License Agreement
2025-11-02T02:17:37.9325773Z 
2025-11-02T02:17:37.9326114Z 2.1 In order to use the SDK, you must first agree to the License Agreement. You may not use the SDK if you do not accept the License Agreement.
2025-11-02T02:17:37.9326558Z 
2025-11-02T02:17:37.9326809Z 2.2 By clicking to accept and/or using this SDK, you hereby agree to the terms of the License Agreement.
2025-11-02T02:17:37.9327154Z 
2025-11-02T02:17:37.9327827Z 2.3 You may not use the SDK and may not accept the License Agreement if you are a person barred from receiving the SDK under the laws of the United States or other countries, including the country in which you are resident or from which you use the SDK.
2025-11-02T02:17:37.9328568Z 
2025-11-02T02:17:37.9329569Z 2.4 If you are agreeing to be bound by the License Agreement on behalf of your employer or other entity, you represent and warrant that you have full legal authority to bind your employer or such entity to the License Agreement. If you do not have the requisite authority, you may not accept the License Agreement or use the SDK on behalf of your employer or other entity.
2025-11-02T02:17:37.9330647Z 
2025-11-02T02:17:37.9330729Z 3. SDK License from Google
2025-11-02T02:17:37.9330874Z 
2025-11-02T02:17:37.9331682Z 3.1 Subject to the terms of the License Agreement, Google grants you a limited, worldwide, royalty-free, non-assignable, non-exclusive, and non-sublicensable license to use the SDK solely to develop applications for Android XR.
2025-11-02T02:17:37.9332406Z 
2025-11-02T02:17:37.9332996Z 3.2 You may not use this SDK to develop applications for other platforms or to develop another SDK. You are of course free to develop applications for other platforms provided that this SDK is not used for that purpose.
2025-11-02T02:17:37.9333765Z 
2025-11-02T02:17:37.9334864Z 3.3 You agree that Google or third parties own all legal right, title and interest in and to the SDK, including any Intellectual Property Rights that subsist in the SDK. "Intellectual Property Rights" means any and all rights under patent law, copyright law, trade secret law, trademark law, and any and all other proprietary rights. Google reserves all rights not expressly granted to you.
2025-11-02T02:17:37.9336031Z 
2025-11-02T02:17:37.9337680Z 3.4 You may not use the SDK for any purpose not expressly permitted by the License Agreement. Except to the extent required by applicable third party licenses, you may not (a) copy (except for backup purposes), modify, adapt, redistribute, decompile, reverse engineer, disassemble, or create derivative works of the SDK or any part of the SDK; or (b) load any part of the SDK onto a mobile handset or any other hardware device except a personal computer, combine any part of the SDK with other software, or distribute any software or device incorporating a part of the SDK.
2025-11-02T02:17:37.9339347Z 
2025-11-02T02:17:37.9340523Z 3.5 Use, reproduction and distribution of components of the SDK licensed under an open source software license are governed solely by the terms of that open source software license and not the License Agreement. You agree to remain a licensee in good standing in regard to such open source software licenses under all the rights granted and to refrain from any actions that may terminate, suspend, or breach such rights.
2025-11-02T02:17:37.9341927Z 
2025-11-02T02:17:37.9343108Z 3.6 You agree that the form and nature of the SDK that Google provides may change without prior notice to you and that future versions of the SDK may be incompatible with applications developed on previous versions of the SDK. You agree that Google may stop (permanently or temporarily) providing the SDK (or any features within the SDK) to you or to users generally at Google's sole discretion, without prior notice to you.
2025-11-02T02:17:37.9344472Z 
2025-11-02T02:17:37.9344932Z 3.7 Nothing in the License Agreement gives you a right to use any of Google's trade names, trademarks, service marks, logos, domain names, or other distinctive brand features.
2025-11-02T02:17:37.9345472Z 
2025-11-02T02:17:37.9345975Z 3.8 You agree that you will not remove, obscure, or alter any proprietary rights notices (including copyright and trademark notices) that may be affixed to or contained within the SDK.
2025-11-02T02:17:37.9346562Z 
2025-11-02T02:17:37.9346639Z 4. Use of the SDK by You
2025-11-02T02:17:37.9346776Z 
2025-11-02T02:17:37.9347506Z 4.1 Google agrees that it obtains no right, title or interest from you (or your licensors) under the License Agreement in or to any software applications that you develop using the SDK, including any intellectual property rights that subsist in those applications.
2025-11-02T02:17:37.9348313Z 
2025-11-02T02:17:37.9349290Z 4.2 You agree to use the SDK and write applications only for purposes that are permitted by (a) the License Agreement and (b) any applicable law, regulation or generally accepted practices or guidelines in the relevant jurisdictions (including any laws regarding the export of data or software to and from the United States or other relevant countries).
2025-11-02T02:17:37.9350352Z 
2025-11-02T02:17:37.9352725Z 4.3 You agree that if you use the SDK to develop applications for general public users, you will protect the privacy and legal rights of those users. If the users provide you with user names, passwords, or other login information or personal information, you must make the users aware that the information will be available to your application, and you must provide legally adequate privacy notice and protection for those users. If your application stores personal or sensitive information provided by users, it must do so securely. If the user provides your application with Google Account information, your application may only use that information to access the user's Google Account when, and for the limited purposes for which, the user has given you permission to do so.
2025-11-02T02:17:37.9355252Z 
2025-11-02T02:17:37.9356266Z 4.4 You agree that you will not engage in any activity with the SDK, including the development or distribution of an application, that interferes with, disrupts, damages, or accesses in an unauthorized manner the servers, networks, or other properties or services of any third party including, but not limited to, Google or any mobile communications carrier.
2025-11-02T02:17:37.9357353Z 
2025-11-02T02:17:37.9358328Z 4.5 You agree that you are solely responsible for (and that Google has no responsibility to you or to any third party for) any data, content, or resources that you create, transmit or display through Android and/or applications for Android, and for the consequences of your actions (including any loss or damage which Google may suffer) by doing so.
2025-11-02T02:17:37.9359362Z 
2025-11-02T02:17:37.9360459Z 4.6 You agree that you are solely responsible for (and that Google has no responsibility to you or to any third party for) any breach of your obligations under the License Agreement, any applicable third party contract or Terms of Service, or any applicable law or regulation, and for the consequences (including any loss or damage which Google or any third party may suffer) of any such breach.
2025-11-02T02:17:37.9361629Z 
2025-11-02T02:17:37.9362457Z 4.7 The SDK is in development, and your testing and feedback are an important part of the development process. By using the SDK, you acknowledge that implementation of some features are still under development and that you should not rely on the SDK having the full functionality of a stable release.
2025-11-02T02:17:37.9363496Z 
2025-11-02T02:17:37.9363582Z 5. Your Developer Credentials
2025-11-02T02:17:37.9363900Z 
2025-11-02T02:17:37.9364703Z 5.1 You agree that you are responsible for maintaining the confidentiality of any developer credentials that may be issued to you by Google or which you may choose yourself and that you will be solely responsible for all applications that are developed under your developer credentials.
2025-11-02T02:17:37.9365579Z 
2025-11-02T02:17:37.9365660Z 6. Privacy and Information
2025-11-02T02:17:37.9365805Z 
2025-11-02T02:17:37.9367161Z 6.1 In order to continually innovate and improve the SDK, Google may collect certain usage statistics from the software including but not limited to a unique identifier, associated IP address, version number of the software, and information on which tools and/or services in the SDK are being used and how they are being used. Before any of this information is collected, the SDK will notify you and seek your consent. If you withhold consent, the information will not be collected.
2025-11-02T02:17:37.9368604Z 
2025-11-02T02:17:37.9369177Z 6.2 The data collected is examined in the aggregate to improve the SDK and is maintained in accordance with Google's Privacy Policy, which is located at the following URL: https://policies.google.com/privacy
2025-11-02T02:17:37.9369820Z 
2025-11-02T02:17:37.9370078Z 6.3 Anonymized and aggregated sets of the data may be shared with Google partners to improve the SDK.
2025-11-02T02:17:37.9370420Z 
2025-11-02T02:17:37.9370505Z 7. Third Party Applications
2025-11-02T02:17:37.9370653Z 
2025-11-02T02:17:37.9372522Z 7.1 If you use the SDK to run applications developed by a third party or that access data, content or resources provided by a third party, you agree that Google is not responsible for those applications, data, content, or resources. You understand that all data, content or resources which you may access through such third party applications are the sole responsibility of the person from which they originated and that Google is not liable for any loss or damage that you may experience as a result of the use or access of any of those third party applications, data, content, or resources.
2025-11-02T02:17:37.9374403Z 
2025-11-02T02:17:37.9375780Z 7.2 You should be aware that the data, content, and resources presented to you through such a third party application may be protected by intellectual property rights which are owned by the providers (or by other persons or companies on their behalf). You may not modify, rent, lease, loan, sell, distribute or create derivative works based on these data, content, or resources (either in whole or in part) unless you have been specifically given permission to do so by the relevant owners.
2025-11-02T02:17:37.9377237Z 
2025-11-02T02:17:37.9377986Z 7.3 You acknowledge that your use of such third party applications, data, content, or resources may be subject to separate terms between you and the relevant third party. In that case, the License Agreement does not affect your legal relationship with these third parties.
2025-11-02T02:17:37.9378824Z 
2025-11-02T02:17:37.9378906Z 8. Using Android APIs
2025-11-02T02:17:37.9379028Z 
2025-11-02T02:17:37.9379099Z 8.1 Google Data APIs
2025-11-02T02:17:37.9379220Z 
2025-11-02T02:17:37.9380595Z 8.1.1 If you use any API to retrieve data from Google, you acknowledge that the data may be protected by intellectual property rights which are owned by Google or those parties that provide the data (or by other persons or companies on their behalf). Your use of any such API may be subject to additional Terms of Service. You may not modify, rent, lease, loan, sell, distribute or create derivative works based on this data (either in whole or in part) unless allowed by the relevant Terms of Service.
2025-11-02T02:17:37.9382050Z 
2025-11-02T02:17:37.9386101Z 8.1.2 If you use any API to retrieve a user's data from Google, you acknowledge and agree that you shall retrieve data only with the user's explicit consent and only when, and for the limited purposes for which, the user has given you permission to do so. If you use the Android Recognition Service API, documented at the following URL: https://developer.android.com/reference/android/speech/RecognitionService, as updated from time to time, you acknowledge that the use of the API is subject to the Data Processing Addendum for Products where Google is a Data Processor, which is located at the following URL: https://privacy.google.com/businesses/gdprprocessorterms/, as updated from time to time. By clicking to accept, you hereby agree to the terms of the Data Processing Addendum for Products where Google is a Data Processor.
2025-11-02T02:17:37.9388686Z 
2025-11-02T02:17:37.9388792Z 9. Terminating this License Agreement
2025-11-02T02:17:37.9388974Z 
2025-11-02T02:17:37.9389270Z 9.1 The License Agreement will continue to apply until terminated by either you or Google as set out below.
2025-11-02T02:17:37.9389649Z 
2025-11-02T02:17:37.9389993Z 9.2 If you want to terminate the License Agreement, you may do so by ceasing your use of the SDK and any relevant developer credentials.
2025-11-02T02:17:37.9390434Z 
2025-11-02T02:17:37.9392164Z 9.3 Google may at any time, terminate the License Agreement with you if: (A) you have breached any provision of the License Agreement; or (B) Google is required to do so by law; or (C) the partner with whom Google offered certain parts of SDK (such as APIs) to you has terminated its relationship with Google or ceased to offer certain parts of the SDK to you; or (D) Google decides to no longer provide the SDK or certain parts of the SDK to users in the country in which you are resident or from which you use the service, or the provision of the SDK or certain SDK services to you by Google is, in Google's sole discretion, no longer commercially viable.
2025-11-02T02:17:37.9394246Z 
2025-11-02T02:17:37.9395659Z 9.4 When the License Agreement comes to an end, all of the legal rights, obligations and liabilities that you and Google have benefited from, been subject to (or which have accrued over time whilst the License Agreement has been in force) or which are expressed to continue indefinitely, shall be unaffected by this cessation, and the provisions of paragraph 14.7 shall continue to apply to such rights, obligations and liabilities indefinitely.
2025-11-02T02:17:37.9397025Z 
2025-11-02T02:17:37.9397110Z 10. DISCLAIMER OF WARRANTIES
2025-11-02T02:17:37.9397257Z 
2025-11-02T02:17:37.9397711Z 10.1 YOU EXPRESSLY UNDERSTAND AND AGREE THAT YOUR USE OF THE SDK IS AT YOUR SOLE RISK AND THAT THE SDK IS PROVIDED "AS IS" AND "AS AVAILABLE" WITHOUT WARRANTY OF ANY KIND FROM GOOGLE.
2025-11-02T02:17:37.9398235Z 
2025-11-02T02:17:37.9398933Z 10.2 YOUR USE OF THE SDK AND ANY MATERIAL DOWNLOADED OR OTHERWISE OBTAINED THROUGH THE USE OF THE SDK IS AT YOUR OWN DISCRETION AND RISK AND YOU ARE SOLELY RESPONSIBLE FOR ANY DAMAGE TO YOUR COMPUTER SYSTEM OR OTHER DEVICE OR LOSS OF DATA THAT RESULTS FROM SUCH USE.
2025-11-02T02:17:37.9399727Z 
2025-11-02T02:17:37.9400459Z 10.3 GOOGLE FURTHER EXPRESSLY DISCLAIMS ALL WARRANTIES AND CONDITIONS OF ANY KIND, WHETHER EXPRESS OR IMPLIED, INCLUDING, BUT NOT LIMITED TO THE IMPLIED WARRANTIES AND CONDITIONS OF MERCHANTABILITY, FITNESS FOR A PARTICULAR PURPOSE AND NON-INFRINGEMENT.
2025-11-02T02:17:37.9401304Z 
2025-11-02T02:17:37.9401392Z 11. LIMITATION OF LIABILITY
2025-11-02T02:17:37.9401528Z 
2025-11-02T02:17:37.9402766Z 11.1 YOU EXPRESSLY UNDERSTAND AND AGREE THAT GOOGLE, ITS SUBSIDIARIES AND AFFILIATES, AND ITS LICENSORS SHALL NOT BE LIABLE TO YOU UNDER ANY THEORY OF LIABILITY FOR ANY DIRECT, INDIRECT, INCIDENTAL, SPECIAL, CONSEQUENTIAL OR EXEMPLARY DAMAGES THAT MAY BE INCURRED BY YOU, INCLUDING ANY LOSS OF DATA, WHETHER OR NOT GOOGLE OR ITS REPRESENTATIVES HAVE BEEN ADVISED OF OR SHOULD HAVE BEEN AWARE OF THE POSSIBILITY OF ANY SUCH LOSSES ARISING.
2025-11-02T02:17:37.9404439Z 
2025-11-02T02:17:37.9404514Z 12. Indemnification
2025-11-02T02:17:37.9404644Z 
2025-11-02T02:17:37.9406697Z 12.1 To the maximum extent permitted by law, you agree to defend, indemnify and hold harmless Google, its affiliates and their respective directors, officers, employees and agents from and against any and all claims, actions, suits or proceedings, as well as any and all losses, liabilities, damages, costs and expenses (including reasonable attorneys fees) arising out of or accruing from (a) your use of the SDK, (b) any application you develop on the SDK that infringes any copyright, trademark, trade secret, trade dress, patent or other intellectual property right of any person or defames any person or violates their rights of publicity or privacy, and (c) any non-compliance by you with the License Agreement.
2025-11-02T02:17:37.9408810Z 
2025-11-02T02:17:37.9408898Z 13. Changes to the License Agreement
2025-11-02T02:17:37.9409060Z 
2025-11-02T02:17:37.9409700Z 13.1 Google may make changes to the License Agreement as it distributes new versions of the SDK. When these changes are made, Google will make a new version of the License Agreement available on the website where the SDK is made available.
2025-11-02T02:17:37.9410420Z 
2025-11-02T02:17:37.9410493Z 14. General Legal Terms
2025-11-02T02:17:37.9410622Z 
2025-11-02T02:17:37.9411486Z 14.1 The License Agreement constitutes the whole legal agreement between you and Google and governs your use of the SDK (excluding any services which Google may provide to you under a separate written agreement), and completely replaces any prior agreements between you and Google in relation to the SDK.
2025-11-02T02:17:37.9412412Z 
2025-11-02T02:17:37.9413273Z 14.2 You agree that if Google does not exercise or enforce any legal right or remedy which is contained in the License Agreement (or which Google has the benefit of under any applicable law), this will not be taken to be a formal waiver of Google's rights and that those rights or remedies will still be available to Google.
2025-11-02T02:17:37.9414378Z 
2025-11-02T02:17:37.9415466Z 14.3 If any court of law, having the jurisdiction to decide on this matter, rules that any provision of the License Agreement is invalid, then that provision will be removed from the License Agreement without affecting the rest of the License Agreement. The remaining provisions of the License Agreement will continue to be valid and enforceable.
2025-11-02T02:17:37.9416515Z 
2025-11-02T02:17:37.9417757Z 14.4 You acknowledge and agree that each member of the group of companies of which Google is the parent shall be third party beneficiaries to the License Agreement and that such other companies shall be entitled to directly enforce, and rely upon, any provision of the License Agreement that confers a benefit on (or rights in favor of) them. Other than this, no other person or company shall be third party beneficiaries to the License Agreement.
2025-11-02T02:17:37.9419061Z 
2025-11-02T02:17:37.9419803Z 14.5 EXPORT RESTRICTIONS. THE SDK IS SUBJECT TO UNITED STATES EXPORT LAWS AND REGULATIONS. YOU MUST COMPLY WITH ALL DOMESTIC AND INTERNATIONAL EXPORT LAWS AND REGULATIONS THAT APPLY TO THE SDK. THESE LAWS INCLUDE RESTRICTIONS ON DESTINATIONS, END USERS AND END USE.
2025-11-02T02:17:37.9420627Z 
2025-11-02T02:17:37.9421594Z 14.6 The rights granted in the License Agreement may not be assigned or transferred by either you or Google without the prior written approval of the other party. Neither you nor Google shall be permitted to delegate their responsibilities or obligations under the License Agreement without the prior written approval of the other party.
2025-11-02T02:17:37.9422632Z 
2025-11-02T02:17:37.9424411Z 14.7 The License Agreement, and your relationship with Google under the License Agreement, shall be governed by the laws of the State of California without regard to its conflict of laws provisions. You and Google agree to submit to the exclusive jurisdiction of the courts located within the county of Santa Clara, California to resolve any legal matter arising from the License Agreement. Notwithstanding this, you agree that Google shall still be allowed to apply for injunctive remedies (or an equivalent type of urgent legal relief) in any jurisdiction.
2025-11-02T02:17:37.9426313Z ---------------------------------------
2025-11-02T02:17:37.9426561Z Accept? (y/N): 
2025-11-02T02:17:37.9426771Z 3/6: License android-sdk-arm-dbt-license:
2025-11-02T02:17:37.9427026Z ---------------------------------------
2025-11-02T02:17:37.9427258Z Terms and Conditions
2025-11-02T02:17:37.9427376Z 
2025-11-02T02:17:37.9427531Z This is the Android Software Development Kit License Agreement
2025-11-02T02:17:37.9427767Z 
2025-11-02T02:17:37.9427834Z 1. Introduction
2025-11-02T02:17:37.9427946Z 
2025-11-02T02:17:37.9428984Z 1.1 The Android Software Development Kit (referred to in the License Agreement as the "SDK" and specifically including the Android system files, packaged APIs, and Google APIs add-ons) is licensed to you subject to the terms of the License Agreement. The License Agreement forms a legally binding contract between you and Google in relation to your use of the SDK.
2025-11-02T02:17:37.9430073Z 
2025-11-02T02:17:37.9430663Z 1.2 "Android" means the Android software stack for devices, as made available under the Android Open Source Project, which is located at the following URL: http://source.android.com/, as updated from time to time.
2025-11-02T02:17:37.9431319Z 
2025-11-02T02:17:37.9432330Z 1.3 A "compatible implementation" means any Android device that (i) complies with the Android Compatibility Definition document, which can be found at the Android compatibility website (http://source.android.com/compatibility) and which may be updated from time to time; and (ii) successfully passes the Android Compatibility Test Suite (CTS).
2025-11-02T02:17:37.9433418Z 
2025-11-02T02:17:37.9434035Z 1.4 "Google" means Google Inc., a Delaware corporation with principal place of business at 1600 Amphitheatre Parkway, Mountain View, CA 94043, United States.
2025-11-02T02:17:37.9434556Z 
2025-11-02T02:17:37.9434567Z 
2025-11-02T02:17:37.9434785Z 2. Accepting the License Agreement
2025-11-02T02:17:37.9434961Z 
2025-11-02T02:17:37.9435310Z 2.1 In order to use the SDK, you must first agree to the License Agreement. You may not use the SDK if you do not accept the License Agreement.
2025-11-02T02:17:37.9435744Z 
2025-11-02T02:17:37.9435958Z 2.2 By clicking to accept, you hereby agree to the terms of the License Agreement.
2025-11-02T02:17:37.9436243Z 
2025-11-02T02:17:37.9436904Z 2.3 You may not use the SDK and may not accept the License Agreement if you are a person barred from receiving the SDK under the laws of the United States or other countries, including the country in which you are resident or from which you use the SDK.
2025-11-02T02:17:37.9437645Z 
2025-11-02T02:17:37.9438654Z 2.4 If you are agreeing to be bound by the License Agreement on behalf of your employer or other entity, you represent and warrant that you have full legal authority to bind your employer or such entity to the License Agreement. If you do not have the requisite authority, you may not accept the License Agreement or use the SDK on behalf of your employer or other entity.
2025-11-02T02:17:37.9439739Z 
2025-11-02T02:17:37.9439744Z 
2025-11-02T02:17:37.9439823Z 3. SDK License from Google
2025-11-02T02:17:37.9439963Z 
2025-11-02T02:17:37.9440697Z 3.1 Subject to the terms of the License Agreement, Google grants you a limited, worldwide, royalty-free, non-assignable, non-exclusive, and non-sublicensable license to use the SDK solely to develop applications for compatible implementations of Android.
2025-11-02T02:17:37.9441511Z 
2025-11-02T02:17:37.9442451Z 3.2 You may not use this SDK to develop applications for other platforms (including non-compatible implementations of Android) or to develop another SDK. You are of course free to develop applications for other platforms, including non-compatible implementations of Android, provided that this SDK is not used for that purpose.
2025-11-02T02:17:37.9443578Z 
2025-11-02T02:17:37.9444903Z 3.3 You agree that Google or third parties own all legal right, title and interest in and to the SDK, including any Intellectual Property Rights that subsist in the SDK. "Intellectual Property Rights" means any and all rights under patent law, copyright law, trade secret law, trademark law, and any and all other proprietary rights. Google reserves all rights not expressly granted to you.
2025-11-02T02:17:37.9446082Z 
2025-11-02T02:17:37.9447048Z 3.4 You may not use the SDK for any purpose not expressly permitted by the License Agreement. Except to the extent required by applicable third party licenses, you may not copy (except for backup purposes), modify, adapt, redistribute, decompile, reverse engineer, disassemble, or create derivative works of the SDK or any part of the SDK.
2025-11-02T02:17:37.9448089Z 
2025-11-02T02:17:37.9448667Z 3.5 Use, reproduction and distribution of components of the SDK licensed under an open source software license are governed solely by the terms of that open source software license and not the License Agreement.
2025-11-02T02:17:37.9449343Z 
2025-11-02T02:17:37.9450513Z 3.6 You agree that the form and nature of the SDK that Google provides may change without prior notice to you and that future versions of the SDK may be incompatible with applications developed on previous versions of the SDK. You agree that Google may stop (permanently or temporarily) providing the SDK (or any features within the SDK) to you or to users generally at Google's sole discretion, without prior notice to you.
2025-11-02T02:17:37.9451760Z 
2025-11-02T02:17:37.9452207Z 3.7 Nothing in the License Agreement gives you a right to use any of Google's trade names, trademarks, service marks, logos, domain names, or other distinctive brand features.
2025-11-02T02:17:37.9452736Z 
2025-11-02T02:17:37.9453249Z 3.8 You agree that you will not remove, obscure, or alter any proprietary rights notices (including copyright and trademark notices) that may be affixed to or contained within the SDK.
2025-11-02T02:17:37.9454099Z 
2025-11-02T02:17:37.9454105Z 
2025-11-02T02:17:37.9454352Z 4. Use of the SDK by You
2025-11-02T02:17:37.9454512Z 
2025-11-02T02:17:37.9455245Z 4.1 Google agrees that it obtains no right, title or interest from you (or your licensors) under the License Agreement in or to any software applications that you develop using the SDK, including any intellectual property rights that subsist in those applications.
2025-11-02T02:17:37.9456046Z 
2025-11-02T02:17:37.9457032Z 4.2 You agree to use the SDK and write applications only for purposes that are permitted by (a) the License Agreement and (b) any applicable law, regulation or generally accepted practices or guidelines in the relevant jurisdictions (including any laws regarding the export of data or software to and from the United States or other relevant countries).
2025-11-02T02:17:37.9458101Z 
2025-11-02T02:17:37.9460374Z 4.3 You agree that if you use the SDK to develop applications for general public users, you will protect the privacy and legal rights of those users. If the users provide you with user names, passwords, or other login information or personal information, you must make the users aware that the information will be available to your application, and you must provide legally adequate privacy notice and protection for those users. If your application stores personal or sensitive information provided by users, it must do so securely. If the user provides your application with Google Account information, your application may only use that information to access the user's Google Account when, and for the limited purposes for which, the user has given you permission to do so.
2025-11-02T02:17:37.9462680Z 
2025-11-02T02:17:37.9464076Z 4.4 You agree that you will not engage in any activity with the SDK, including the development or distribution of an application, that interferes with, disrupts, damages, or accesses in an unauthorized manner the servers, networks, or other properties or services of any third party including, but not limited to, Google or any mobile communications carrier.
2025-11-02T02:17:37.9465323Z 
2025-11-02T02:17:37.9466317Z 4.5 You agree that you are solely responsible for (and that Google has no responsibility to you or to any third party for) any data, content, or resources that you create, transmit or display through Android and/or applications for Android, and for the consequences of your actions (including any loss or damage which Google may suffer) by doing so.
2025-11-02T02:17:37.9467347Z 
2025-11-02T02:17:37.9468424Z 4.6 You agree that you are solely responsible for (and that Google has no responsibility to you or to any third party for) any breach of your obligations under the License Agreement, any applicable third party contract or Terms of Service, or any applicable law or regulation, and for the consequences (including any loss or damage which Google or any third party may suffer) of any such breach.
2025-11-02T02:17:37.9469585Z 
2025-11-02T02:17:37.9470933Z 4.7 This software enables the execution of intellectual property owned by Arm Limited. You agree that your use of the software, that allows execution of ARM Instruction Set Architecture (“ISA”) compliant executables for application development and debug only on x86 desktop, laptop, customer on-premise servers, and customer-procured cloud-based environments.
2025-11-02T02:17:37.9472072Z 
2025-11-02T02:17:37.9472159Z 5. Your Developer Credentials
2025-11-02T02:17:37.9472309Z 
2025-11-02T02:17:37.9473110Z 5.1 You agree that you are responsible for maintaining the confidentiality of any developer credentials that may be issued to you by Google or which you may choose yourself and that you will be solely responsible for all applications that are developed under your developer credentials.
2025-11-02T02:17:37.9474263Z 
2025-11-02T02:17:37.9474351Z 6. Privacy and Information
2025-11-02T02:17:37.9474501Z 
2025-11-02T02:17:37.9475989Z 6.1 In order to continually innovate and improve the SDK, Google may collect certain usage statistics from the software including but not limited to a unique identifier, associated IP address, version number of the software, and information on which tools and/or services in the SDK are being used and how they are being used. Before any of this information is collected, the SDK will notify you and seek your consent. If you withhold consent, the information will not be collected.
2025-11-02T02:17:37.9477430Z 
2025-11-02T02:17:37.9477766Z 6.2 The data collected is examined in the aggregate to improve the SDK and is maintained in accordance with Google's Privacy Policy.
2025-11-02T02:17:37.9478179Z 
2025-11-02T02:17:37.9478183Z 
2025-11-02T02:17:37.9478275Z 7. Third Party Applications
2025-11-02T02:17:37.9478417Z 
2025-11-02T02:17:37.9480081Z 7.1 If you use the SDK to run applications developed by a third party or that access data, content or resources provided by a third party, you agree that Google is not responsible for those applications, data, content, or resources. You understand that all data, content or resources which you may access through such third party applications are the sole responsibility of the person from which they originated and that Google is not liable for any loss or damage that you may experience as a result of the use or access of any of those third party applications, data, content, or resources.
2025-11-02T02:17:37.9481818Z 
2025-11-02T02:17:37.9483171Z 7.2 You should be aware the data, content, and resources presented to you through such a third party application may be protected by intellectual property rights which are owned by the providers (or by other persons or companies on their behalf). You may not modify, rent, lease, loan, sell, distribute or create derivative works based on these data, content, or resources (either in whole or in part) unless you have been specifically given permission to do so by the relevant owners.
2025-11-02T02:17:37.9484713Z 
2025-11-02T02:17:37.9485570Z 7.3 You acknowledge that your use of such third party applications, data, content, or resources may be subject to separate terms between you and the relevant third party. In that case, the License Agreement does not affect your legal relationship with these third parties.
2025-11-02T02:17:37.9487108Z 
2025-11-02T02:17:37.9487115Z 
2025-11-02T02:17:37.9487243Z 8. Using Android APIs
2025-11-02T02:17:37.9487449Z 
2025-11-02T02:17:37.9487572Z 8.1 Google Data APIs
2025-11-02T02:17:37.9487807Z 
2025-11-02T02:17:37.9490186Z 8.1.1 If you use any API to retrieve data from Google, you acknowledge that the data may be protected by intellectual property rights which are owned by Google or those parties that provide the data (or by other persons or companies on their behalf). Your use of any such API may be subject to additional Terms of Service. You may not modify, rent, lease, loan, sell, distribute or create derivative works based on this data (either in whole or in part) unless allowed by the relevant Terms of Service.
2025-11-02T02:17:37.9492585Z 
2025-11-02T02:17:37.9497006Z 8.1.2 If you use any API to retrieve a user's data from Google, you acknowledge and agree that you shall retrieve data only with the user's explicit consent and only when, and for the limited purposes for which, the user has given you permission to do so. If you use the Android Recognition Service API, documented at the following URL: https://developer.android.com/reference/android/speech/RecognitionService, as updated from time to time, you acknowledge that the use of the API is subject to the Data Processing Addendum for Products where Google is a Data Processor, which is located at the following URL: https://privacy.google.com/businesses/gdprprocessorterms/, as updated from time to time. By clicking to accept, you hereby agree to the terms of the Data Processing Addendum for Products where Google is a Data Processor.
2025-11-02T02:17:37.9501556Z 
2025-11-02T02:17:37.9501564Z 
2025-11-02T02:17:37.9501735Z 9. Terminating the License Agreement
2025-11-02T02:17:37.9502019Z 
2025-11-02T02:17:37.9502475Z 9.1 The License Agreement will continue to apply until terminated by either you or Google as set out below.
2025-11-02T02:17:37.9503068Z 
2025-11-02T02:17:37.9504066Z 9.2 If you want to terminate the License Agreement, you may do so by ceasing your use of the SDK and any relevant developer credentials.
2025-11-02T02:17:37.9504786Z 
2025-11-02T02:17:37.9507655Z 9.3 Google may at any time, terminate the License Agreement with you if: (A) you have breached any provision of the License Agreement; or (B) Google is required to do so by law; or (C) the partner with whom Google offered certain parts of SDK (such as APIs) to you has terminated its relationship with Google or ceased to offer certain parts of the SDK to you; or (D) Google decides to no longer provide the SDK or certain parts of the SDK to users in the country in which you are resident or from which you use the service, or the provision of the SDK or certain SDK services to you by Google is, in Google's sole discretion, no longer commercially viable.
2025-11-02T02:17:37.9510578Z 
2025-11-02T02:17:37.9512640Z 9.4 When the License Agreement comes to an end, all of the legal rights, obligations and liabilities that you and Google have benefited from, been subject to (or which have accrued over time whilst the License Agreement has been in force) or which are expressed to continue indefinitely, shall be unaffected by this cessation, and the provisions of paragraph 14.7 shall continue to apply to such rights, obligations and liabilities indefinitely.
2025-11-02T02:17:37.9514198Z 
2025-11-02T02:17:37.9514204Z 
2025-11-02T02:17:37.9514317Z 10. DISCLAIMER OF WARRANTIES
2025-11-02T02:17:37.9514469Z 
2025-11-02T02:17:37.9514922Z 10.1 YOU EXPRESSLY UNDERSTAND AND AGREE THAT YOUR USE OF THE SDK IS AT YOUR SOLE RISK AND THAT THE SDK IS PROVIDED "AS IS" AND "AS AVAILABLE" WITHOUT WARRANTY OF ANY KIND FROM GOOGLE.
2025-11-02T02:17:37.9515462Z 
2025-11-02T02:17:37.9516156Z 10.2 YOUR USE OF THE SDK AND ANY MATERIAL DOWNLOADED OR OTHERWISE OBTAINED THROUGH THE USE OF THE SDK IS AT YOUR OWN DISCRETION AND RISK AND YOU ARE SOLELY RESPONSIBLE FOR ANY DAMAGE TO YOUR COMPUTER SYSTEM OR OTHER DEVICE OR LOSS OF DATA THAT RESULTS FROM SUCH USE.
2025-11-02T02:17:37.9517109Z 
2025-11-02T02:17:37.9517832Z 10.3 GOOGLE FURTHER EXPRESSLY DISCLAIMS ALL WARRANTIES AND CONDITIONS OF ANY KIND, WHETHER EXPRESS OR IMPLIED, INCLUDING, BUT NOT LIMITED TO THE IMPLIED WARRANTIES AND CONDITIONS OF MERCHANTABILITY, FITNESS FOR A PARTICULAR PURPOSE AND NON-INFRINGEMENT.
2025-11-02T02:17:37.9518632Z 
2025-11-02T02:17:37.9518636Z 
2025-11-02T02:17:37.9518723Z 11. LIMITATION OF LIABILITY
2025-11-02T02:17:37.9518865Z 
2025-11-02T02:17:37.9520085Z 11.1 YOU EXPRESSLY UNDERSTAND AND AGREE THAT GOOGLE, ITS SUBSIDIARIES AND AFFILIATES, AND ITS LICENSORS SHALL NOT BE LIABLE TO YOU UNDER ANY THEORY OF LIABILITY FOR ANY DIRECT, INDIRECT, INCIDENTAL, SPECIAL, CONSEQUENTIAL OR EXEMPLARY DAMAGES THAT MAY BE INCURRED BY YOU, INCLUDING ANY LOSS OF DATA, WHETHER OR NOT GOOGLE OR ITS REPRESENTATIVES HAVE BEEN ADVISED OF OR SHOULD HAVE BEEN AWARE OF THE POSSIBILITY OF ANY SUCH LOSSES ARISING.
2025-11-02T02:17:37.9521404Z 
2025-11-02T02:17:37.9521408Z 
2025-11-02T02:17:37.9521481Z 12. Indemnification
2025-11-02T02:17:37.9521594Z 
2025-11-02T02:17:37.9523806Z 12.1 To the maximum extent permitted by law, you agree to defend, indemnify and hold harmless Google, its affiliates and their respective directors, officers, employees and agents from and against any and all claims, actions, suits or proceedings, as well as any and all losses, liabilities, damages, costs and expenses (including reasonable attorneys fees) arising out of or accruing from (a) your use of the SDK, (b) any application you develop on the SDK that infringes any copyright, trademark, trade secret, trade dress, patent or other intellectual property right of any person or defames any person or violates their rights of publicity or privacy, and (c) any non-compliance by you with the License Agreement.
2025-11-02T02:17:37.9526871Z 
2025-11-02T02:17:37.9526881Z 
2025-11-02T02:17:37.9527132Z 13. Changes to the License Agreement
2025-11-02T02:17:37.9527503Z 
2025-11-02T02:17:37.9528887Z 13.1 Google may make changes to the License Agreement as it distributes new versions of the SDK. When these changes are made, Google will make a new version of the License Agreement available on the website where the SDK is made available.
2025-11-02T02:17:37.9530230Z 
2025-11-02T02:17:37.9530237Z 
2025-11-02T02:17:37.9530381Z 14. General Legal Terms
2025-11-02T02:17:37.9530617Z 
2025-11-02T02:17:37.9531692Z 14.1 The License Agreement constitutes the whole legal agreement between you and Google and governs your use of the SDK (excluding any services which Google may provide to you under a separate written agreement), and completely replaces any prior agreements between you and Google in relation to the SDK.
2025-11-02T02:17:37.9532669Z 
2025-11-02T02:17:37.9533558Z 14.2 You agree that if Google does not exercise or enforce any legal right or remedy which is contained in the License Agreement (or which Google has the benefit of under any applicable law), this will not be taken to be a formal waiver of Google's rights and that those rights or remedies will still be available to Google.
2025-11-02T02:17:37.9534732Z 
2025-11-02T02:17:37.9535697Z 14.3 If any court of law, having the jurisdiction to decide on this matter, rules that any provision of the License Agreement is invalid, then that provision will be removed from the License Agreement without affecting the rest of the License Agreement. The remaining provisions of the License Agreement will continue to be valid and enforceable.
2025-11-02T02:17:37.9536734Z 
2025-11-02T02:17:37.9537975Z 14.4 You acknowledge and agree that each member of the group of companies of which Google is the parent shall be third party beneficiaries to the License Agreement and that such other companies shall be entitled to directly enforce, and rely upon, any provision of the License Agreement that confers a benefit on (or rights in favor of) them. Other than this, no other person or company shall be third party beneficiaries to the License Agreement.
2025-11-02T02:17:37.9539528Z 
2025-11-02T02:17:37.9540277Z 14.5 EXPORT RESTRICTIONS. THE SDK IS SUBJECT TO UNITED STATES EXPORT LAWS AND REGULATIONS. YOU MUST COMPLY WITH ALL DOMESTIC AND INTERNATIONAL EXPORT LAWS AND REGULATIONS THAT APPLY TO THE SDK. THESE LAWS INCLUDE RESTRICTIONS ON DESTINATIONS, END USERS AND END USE.
2025-11-02T02:17:37.9541098Z 
2025-11-02T02:17:37.9542061Z 14.6 The rights granted in the License Agreement may not be assigned or transferred by either you or Google without the prior written approval of the other party. Neither you nor Google shall be permitted to delegate their responsibilities or obligations under the License Agreement without the prior written approval of the other party.
2025-11-02T02:17:37.9543097Z 
2025-11-02T02:17:37.9544896Z 14.7 The License Agreement, and your relationship with Google under the License Agreement, shall be governed by the laws of the State of California without regard to its conflict of laws provisions. You and Google agree to submit to the exclusive jurisdiction of the courts located within the county of Santa Clara, California to resolve any legal matter arising from the License Agreement. Notwithstanding this, you agree that Google shall still be allowed to apply for injunctive remedies (or an equivalent type of urgent legal relief) in any jurisdiction.
2025-11-02T02:17:37.9546580Z 
2025-11-02T02:17:37.9546585Z 
2025-11-02T02:17:37.9546656Z January 16, 2019
2025-11-02T02:17:37.9546848Z ---------------------------------------
2025-11-02T02:17:37.9547092Z Accept? (y/N): 
2025-11-02T02:17:37.9547305Z 4/6: License android-sdk-preview-license:
2025-11-02T02:17:37.9547575Z ---------------------------------------
2025-11-02T02:17:37.9548823Z To get started with the Android SDK Preview, you must agree to the following terms and conditions. As described below, please note that this is a preview version of the Android SDK, subject to change, that you use at your own risk. The Android SDK Preview is not a stable release, and may contain errors and defects that can result in serious damage to your computer systems, devices and data.
2025-11-02T02:17:37.9550121Z 
2025-11-02T02:17:37.9550311Z This is the Android SDK Preview License Agreement (the "License Agreement").
2025-11-02T02:17:37.9550590Z 
2025-11-02T02:17:37.9550658Z 1. Introduction
2025-11-02T02:17:37.9550760Z 
2025-11-02T02:17:37.9552218Z 1.1 The Android SDK Preview (referred to in the License Agreement as the “Preview” and specifically including the Android system files, packaged APIs, and Preview library files, if and when they are made available) is licensed to you subject to the terms of the License Agreement. The License Agreement forms a legally binding contract between you and Google in relation to your use of the Preview.
2025-11-02T02:17:37.9553410Z 
2025-11-02T02:17:37.9554284Z 1.2 "Android" means the Android software stack for devices, as made available under the Android Open Source Project, which is located at the following URL: http://source.android.com/, as updated from time to time.
2025-11-02T02:17:37.9554980Z 
2025-11-02T02:17:37.9555409Z 1.3 "Google" means Google Inc., a Delaware corporation with principal place of business at 1600 Amphitheatre Parkway, Mountain View, CA 94043, United States.
2025-11-02T02:17:37.9555913Z 
2025-11-02T02:17:37.9556003Z 2. Accepting the License Agreement
2025-11-02T02:17:37.9556161Z 
2025-11-02T02:17:37.9556539Z 2.1 In order to use the Preview, you must first agree to the License Agreement. You may not use the Preview if you do not accept the License Agreement.
2025-11-02T02:17:37.9556991Z 
2025-11-02T02:17:37.9557253Z 2.2 By clicking to accept and/or using the Preview, you hereby agree to the terms of the License Agreement.
2025-11-02T02:17:37.9557595Z 
2025-11-02T02:17:37.9558295Z 2.3 You may not use the Preview and may not accept the License Agreement if you are a person barred from receiving the Preview under the laws of the United States or other countries including the country in which you are resident or from which you use the Preview.
2025-11-02T02:17:37.9559229Z 
2025-11-02T02:17:37.9560461Z 2.4 If you will use the Preview internally within your company or organization you agree to be bound by the License Agreement on behalf of your employer or other entity, and you represent and warrant that you have full legal authority to bind your employer or such entity to the License Agreement. If you do not have the requisite authority, you may not accept the License Agreement or use the Preview on behalf of your employer or other entity.
2025-11-02T02:17:37.9561751Z 
2025-11-02T02:17:37.9561840Z 3. Preview License from Google
2025-11-02T02:17:37.9561990Z 
2025-11-02T02:17:37.9562884Z 3.1 Subject to the terms of the License Agreement, Google grants you a royalty-free, non-assignable, non-exclusive, non-sublicensable, limited, revocable license to use the Preview, personally or internally within your company or organization, solely to develop applications to run on the Android platform.
2025-11-02T02:17:37.9564172Z 
2025-11-02T02:17:37.9565353Z 3.2 You agree that Google or third parties owns all legal right, title and interest in and to the Preview, including any Intellectual Property Rights that subsist in the Preview. "Intellectual Property Rights" means any and all rights under patent law, copyright law, trade secret law, trademark law, and any and all other proprietary rights. Google reserves all rights not expressly granted to you.
2025-11-02T02:17:37.9566563Z 
2025-11-02T02:17:37.9568251Z 3.3 You may not use the Preview for any purpose not expressly permitted by the License Agreement. Except to the extent required by applicable third party licenses, you may not: (a) copy (except for backup purposes), modify, adapt, redistribute, decompile, reverse engineer, disassemble, or create derivative works of the Preview or any part of the Preview; or (b) load any part of the Preview onto a mobile handset or any other hardware device except a personal computer, combine any part of the Preview with other software, or distribute any software or device incorporating a part of the Preview.
2025-11-02T02:17:37.9570010Z 
2025-11-02T02:17:37.9570833Z 3.4 You agree that you will not take any actions that may cause or result in the fragmentation of Android, including but not limited to distributing, participating in the creation of, or promoting in any way a software development kit derived from the Preview.
2025-11-02T02:17:37.9571633Z 
2025-11-02T02:17:37.9572822Z 3.5 Use, reproduction and distribution of components of the Preview licensed under an open source software license are governed solely by the terms of that open source software license and not the License Agreement. You agree to remain a licensee in good standing in regard to such open source software licenses under all the rights granted and to refrain from any actions that may terminate, suspend, or breach such rights.
2025-11-02T02:17:37.9574285Z 
2025-11-02T02:17:37.9575547Z 3.6 You agree that the form and nature of the Preview that Google provides may change without prior notice to you and that future versions of the Preview may be incompatible with applications developed on previous versions of the Preview. You agree that Google may stop (permanently or temporarily) providing the Preview (or any features within the Preview) to you or to users generally at Google's sole discretion, without prior notice to you.
2025-11-02T02:17:37.9576871Z 
2025-11-02T02:17:37.9577321Z 3.7 Nothing in the License Agreement gives you a right to use any of Google's trade names, trademarks, service marks, logos, domain names, or other distinctive brand features.
2025-11-02T02:17:37.9577862Z 
2025-11-02T02:17:37.9578367Z 3.8 You agree that you will not remove, obscure, or alter any proprietary rights notices (including copyright and trademark notices) that may be affixed to or contained within the Preview.
2025-11-02T02:17:37.9578961Z 
2025-11-02T02:17:37.9579050Z 4. Use of the Preview by You
2025-11-02T02:17:37.9579194Z 
2025-11-02T02:17:37.9580047Z 4.1 Google agrees that nothing in the License Agreement gives Google any right, title or interest from you (or your licensors) under the License Agreement in or to any software applications that you develop using the Preview, including any intellectual property rights that subsist in those applications.
2025-11-02T02:17:37.9581104Z 
2025-11-02T02:17:37.9582470Z 4.2 You agree to use the Preview and write applications only for purposes that are permitted by (a) the License Agreement, and (b) any applicable law, regulation or generally accepted practices or guidelines in the relevant jurisdictions (including any laws regarding the export of data or software to and from the United States or other relevant countries).
2025-11-02T02:17:37.9584282Z 
2025-11-02T02:17:37.9586407Z 4.3 You agree that if you use the Preview to develop applications, you will protect the privacy and legal rights of users. If users provide you with user names, passwords, or other login information or personal information, you must make the users aware that the information will be available to your application, and you must provide legally adequate privacy notice and protection for those users. If your application stores personal or sensitive information provided by users, it must do so securely. If users provide you with Google Account information, your application may only use that information to access the user's Google Account when, and for the limited purposes for which, each user has given you permission to do so.
2025-11-02T02:17:37.9588586Z 
2025-11-02T02:17:37.9589416Z 4.4 You agree that you will not engage in any activity with the Preview, including the development or distribution of an application, that interferes with, disrupts, damages, or accesses in an unauthorized manner the servers, networks, or other properties or services of Google or any third party.
2025-11-02T02:17:37.9590333Z 
2025-11-02T02:17:37.9591425Z 4.5 You agree that you are solely responsible for (and that Google has no responsibility to you or to any third party for) any data, content, or resources that you create, transmit or display through Android and/or applications for Android, and for the consequences of your actions (including any loss or damage which Google may suffer) by doing so.
2025-11-02T02:17:37.9592472Z 
2025-11-02T02:17:37.9593565Z 4.6 You agree that you are solely responsible for (and that Google has no responsibility to you or to any third party for) any breach of your obligations under the License Agreement, any applicable third party contract or Terms of Service, or any applicable law or regulation, and for the consequences (including any loss or damage which Google or any third party may suffer) of any such breach.
2025-11-02T02:17:37.9594936Z 
2025-11-02T02:17:37.9596676Z 4.7 The Preview is in development, and your testing and feedback are an important part of the development process. By using the Preview, you acknowledge that implementation of some features are still under development and that you should not rely on the Preview having the full functionality of a stable release. You agree not to publicly distribute or ship any application using this Preview as this Preview will no longer be supported after the official Android SDK is released.
2025-11-02T02:17:37.9598730Z 
2025-11-02T02:17:37.9598827Z 5. Your Developer Credentials
2025-11-02T02:17:37.9598995Z 
2025-11-02T02:17:37.9599792Z 5.1 You agree that you are responsible for maintaining the confidentiality of any developer credentials that may be issued to you by Google or which you may choose yourself and that you will be solely responsible for all applications that are developed under your developer credentials.
2025-11-02T02:17:37.9600674Z 
2025-11-02T02:17:37.9600756Z 6. Privacy and Information
2025-11-02T02:17:37.9600893Z 
2025-11-02T02:17:37.9602341Z 6.1 In order to continually innovate and improve the Preview, Google may collect certain usage statistics from the software including but not limited to a unique identifier, associated IP address, version number of the software, and information on which tools and/or services in the Preview are being used and how they are being used. Before any of this information is collected, the Preview will notify you and seek your consent. If you withhold consent, the information will not be collected.
2025-11-02T02:17:37.9604174Z 
2025-11-02T02:17:37.9604715Z 6.2 The data collected is examined in the aggregate to improve the Preview and is maintained in accordance with Google's Privacy Policy located at http://www.google.com/policies/privacy/.
2025-11-02T02:17:37.9605322Z 
2025-11-02T02:17:37.9605406Z 7. Third Party Applications
2025-11-02T02:17:37.9605546Z 
2025-11-02T02:17:37.9607825Z 7.1 If you use the Preview to run applications developed by a third party or that access data, content or resources provided by a third party, you agree that Google is not responsible for those applications, data, content, or resources. You understand that all data, content or resources which you may access through such third party applications are the sole responsibility of the person from which they originated and that Google is not liable for any loss or damage that you may experience as a result of the use or access of any of those third party applications, data, content, or resources.
2025-11-02T02:17:37.9609817Z 
2025-11-02T02:17:37.9611610Z 7.2 You should be aware the data, content, and resources presented to you through such a third party application may be protected by intellectual property rights which are owned by the providers (or by other persons or companies on their behalf). You may not modify, rent, lease, loan, sell, distribute or create derivative works based on these data, content, or resources (either in whole or in part) unless you have been specifically given permission to do so by the relevant owners.
2025-11-02T02:17:37.9614515Z 
2025-11-02T02:17:37.9615478Z 7.3 You acknowledge that your use of such third party applications, data, content, or resources may be subject to separate terms between you and the relevant third party.
2025-11-02T02:17:37.9616473Z 
2025-11-02T02:17:37.9616605Z 8. Using Google APIs
2025-11-02T02:17:37.9616838Z 
2025-11-02T02:17:37.9616957Z 8.1 Google APIs
2025-11-02T02:17:37.9617141Z 
2025-11-02T02:17:37.9619745Z 8.1.1 If you use any API to retrieve data from Google, you acknowledge that the data may be protected by intellectual property rights which are owned by Google or those parties that provide the data (or by other persons or companies on their behalf). Your use of any such API may be subject to additional Terms of Service. You may not modify, rent, lease, loan, sell, distribute or create derivative works based on this data (either in whole or in part) unless allowed by the relevant Terms of Service.
2025-11-02T02:17:37.9622285Z 
2025-11-02T02:17:37.9623478Z 8.1.2 If you use any API to retrieve a user's data from Google, you acknowledge and agree that you shall retrieve data only with the user's explicit consent and only when, and for the limited purposes for which, the user has given you permission to do so.
2025-11-02T02:17:37.9625023Z 
2025-11-02T02:17:37.9625192Z 9. Terminating the License Agreement
2025-11-02T02:17:37.9625503Z 
2025-11-02T02:17:37.9626023Z 9.1 the License Agreement will continue to apply until terminated by either you or Google as set out below.
2025-11-02T02:17:37.9626677Z 
2025-11-02T02:17:37.9627297Z 9.2 If you want to terminate the License Agreement, you may do so by ceasing your use of the Preview and any relevant developer credentials.
2025-11-02T02:17:37.9628084Z 
2025-11-02T02:17:37.9628530Z 9.3 Google may at any time, terminate the License Agreement, with or without cause, upon notice to you.
2025-11-02T02:17:37.9629118Z 
2025-11-02T02:17:37.9630739Z 9.4 The License Agreement will automatically terminate without notice or other action upon the earlier of: (A) when Google ceases to provide the Preview or certain parts of the Preview to users in the country in which you are resident or from which you use the service; and (B) Google issues a final release version of the Android SDK.
2025-11-02T02:17:37.9632334Z 
2025-11-02T02:17:37.9633012Z 9.5 When the License Agreement is terminated, the license granted to you in the License Agreement will terminate, you will immediately cease all use of the Preview, and the provisions of paragraphs 10, 11, 12 and 14 shall survive indefinitely.
2025-11-02T02:17:37.9634175Z 
2025-11-02T02:17:37.9634252Z 10. DISCLAIMERS
2025-11-02T02:17:37.9634371Z 
2025-11-02T02:17:37.9634857Z 10.1 YOU EXPRESSLY UNDERSTAND AND AGREE THAT YOUR USE OF THE PREVIEW IS AT YOUR SOLE RISK AND THAT THE PREVIEW IS PROVIDED "AS IS" AND "AS AVAILABLE" WITHOUT WARRANTY OF ANY KIND FROM GOOGLE.
2025-11-02T02:17:37.9635415Z 
2025-11-02T02:17:37.9637011Z 10.2 YOUR USE OF THE PREVIEW AND ANY MATERIAL DOWNLOADED OR OTHERWISE OBTAINED THROUGH THE USE OF THE PREVIEW IS AT YOUR OWN DISCRETION AND RISK AND YOU ARE SOLELY RESPONSIBLE FOR ANY DAMAGE TO YOUR COMPUTER SYSTEM OR OTHER DEVICE OR LOSS OF DATA THAT RESULTS FROM SUCH USE. WITHOUT LIMITING THE FOREGOING, YOU UNDERSTAND THAT THE PREVIEW IS NOT A STABLE RELEASE AND MAY CONTAIN ERRORS, DEFECTS AND SECURITY VULNERABILITIES THAT CAN RESULT IN SIGNIFICANT DAMAGE, INCLUDING THE COMPLETE, IRRECOVERABLE LOSS OF USE OF YOUR COMPUTER SYSTEM OR OTHER DEVICE.
2025-11-02T02:17:37.9638664Z 
2025-11-02T02:17:37.9639384Z 10.3 GOOGLE FURTHER EXPRESSLY DISCLAIMS ALL WARRANTIES AND CONDITIONS OF ANY KIND, WHETHER EXPRESS OR IMPLIED, INCLUDING, BUT NOT LIMITED TO THE IMPLIED WARRANTIES AND CONDITIONS OF MERCHANTABILITY, FITNESS FOR A PARTICULAR PURPOSE AND NON-INFRINGEMENT.
2025-11-02T02:17:37.9640199Z 
2025-11-02T02:17:37.9640286Z 11. LIMITATION OF LIABILITY
2025-11-02T02:17:37.9640436Z 
2025-11-02T02:17:37.9641673Z 11.1 YOU EXPRESSLY UNDERSTAND AND AGREE THAT GOOGLE, ITS SUBSIDIARIES AND AFFILIATES, AND ITS LICENSORS SHALL NOT BE LIABLE TO YOU UNDER ANY THEORY OF LIABILITY FOR ANY DIRECT, INDIRECT, INCIDENTAL, SPECIAL, CONSEQUENTIAL OR EXEMPLARY DAMAGES THAT MAY BE INCURRED BY YOU, INCLUDING ANY LOSS OF DATA, WHETHER OR NOT GOOGLE OR ITS REPRESENTATIVES HAVE BEEN ADVISED OF OR SHOULD HAVE BEEN AWARE OF THE POSSIBILITY OF ANY SUCH LOSSES ARISING.
2025-11-02T02:17:37.9642982Z 
2025-11-02T02:17:37.9643050Z 12. Indemnification
2025-11-02T02:17:37.9643162Z 
2025-11-02T02:17:37.9646041Z 12.1 To the maximum extent permitted by law, you agree to defend, indemnify and hold harmless Google, its affiliates and their respective directors, officers, employees and agents from and against any and all claims, actions, suits or proceedings, as well as any and all losses, liabilities, damages, costs and expenses (including reasonable attorneys’ fees) arising out of or accruing from (a) your use of the Preview, (b) any application you develop on the Preview that infringes any Intellectual Property Rights of any person or defames any person or violates their rights of publicity or privacy, and (c) any non-compliance by you of the License Agreement.
2025-11-02T02:17:37.9648022Z 
2025-11-02T02:17:37.9648123Z 13. Changes to the License Agreement
2025-11-02T02:17:37.9648298Z 
2025-11-02T02:17:37.9648969Z 13.1 Google may make changes to the License Agreement as it distributes new versions of the Preview. When these changes are made, Google will make a new version of the License Agreement available on the website where the Preview is made available.
2025-11-02T02:17:37.9649729Z 
2025-11-02T02:17:37.9649802Z 14. General Legal Terms
2025-11-02T02:17:37.9649922Z 
2025-11-02T02:17:37.9650801Z 14.1 the License Agreement constitutes the whole legal agreement between you and Google and governs your use of the Preview (excluding any services which Google may provide to you under a separate written agreement), and completely replaces any prior agreements between you and Google in relation to the Preview.
2025-11-02T02:17:37.9651761Z 
2025-11-02T02:17:37.9652616Z 14.2 You agree that if Google does not exercise or enforce any legal right or remedy which is contained in the License Agreement (or which Google has the benefit of under any applicable law), this will not be taken to be a formal waiver of Google's rights and that those rights or remedies will still be available to Google.
2025-11-02T02:17:37.9653876Z 
2025-11-02T02:17:37.9654906Z 14.3 If any court of law, having the jurisdiction to decide on this matter, rules that any provision of the License Agreement is invalid, then that provision will be removed from the License Agreement without affecting the rest of the License Agreement. The remaining provisions of the License Agreement will continue to be valid and enforceable.
2025-11-02T02:17:37.9655948Z 
2025-11-02T02:17:37.9657183Z 14.4 You acknowledge and agree that each member of the group of companies of which Google is the parent shall be third party beneficiaries to the License Agreement and that such other companies shall be entitled to directly enforce, and rely upon, any provision of the License Agreement that confers a benefit on (or rights in favor of) them. Other than this, no other person or company shall be third party beneficiaries to the License Agreement.
2025-11-02T02:17:37.9658475Z 
2025-11-02T02:17:37.9659255Z 14.5 EXPORT RESTRICTIONS. THE PREVIEW IS SUBJECT TO UNITED STATES EXPORT LAWS AND REGULATIONS. YOU MUST COMPLY WITH ALL DOMESTIC AND INTERNATIONAL EXPORT LAWS AND REGULATIONS THAT APPLY TO THE PREVIEW. THESE LAWS INCLUDE RESTRICTIONS ON DESTINATIONS, END USERS AND END USE.
2025-11-02T02:17:37.9660108Z 
2025-11-02T02:17:37.9661006Z 14.6 The License Agreement may not be assigned or transferred by you without the prior written approval of Google, and any attempted assignment without such approval will be void. You shall not delegate your responsibilities or obligations under the License Agreement without the prior written approval of Google.
2025-11-02T02:17:37.9661979Z 
2025-11-02T02:17:37.9663880Z 14.7 The License Agreement, and your relationship with Google under the License Agreement, shall be governed by the laws of the State of California without regard to its conflict of laws provisions. You and Google agree to submit to the exclusive jurisdiction of the courts located within the county of Santa Clara, California to resolve any legal matter arising from the License Agreement. Notwithstanding this, you agree that Google shall still be allowed to apply for injunctive remedies (or an equivalent type of urgent legal relief) in any jurisdiction.
2025-11-02T02:17:37.9665630Z 
2025-11-02T02:17:37.9665698Z June 2014.
2025-11-02T02:17:37.9665883Z ---------------------------------------
2025-11-02T02:17:37.9666121Z Accept? (y/N): 
2025-11-02T02:17:37.9666318Z 5/6: License google-gdk-license:
2025-11-02T02:17:37.9666541Z ---------------------------------------
2025-11-02T02:17:37.9666854Z This is a Developer Preview of the GDK that is subject to change.
2025-11-02T02:17:37.9667098Z 
2025-11-02T02:17:37.9667179Z Terms and Conditions
2025-11-02T02:17:37.9667302Z 
2025-11-02T02:17:37.9667420Z This is the Glass Development Kit License Agreement.
2025-11-02T02:17:37.9667629Z 
2025-11-02T02:17:37.9667699Z 1. Introduction
2025-11-02T02:17:37.9667807Z 
2025-11-02T02:17:37.9668912Z 1.1 The Glass Development Kit (referred to in this License Agreement as the "GDK" and specifically including the Android system files, packaged APIs, and GDK library files, if and when they are made available) is licensed to you subject to the terms of this License Agreement. This License Agreement forms a legally binding contract between you and Google in relation to your use of the GDK.
2025-11-02T02:17:37.9670067Z 
2025-11-02T02:17:37.9670273Z 1.2 "Glass" means Glass devices and the Glass software stack for use on Glass devices.
2025-11-02T02:17:37.9670569Z 
2025-11-02T02:17:37.9670573Z 
2025-11-02T02:17:37.9671165Z 1.3 "Android" means the Android software stack for devices, as made available under the Android Open Source Project, which is located at the following URL: http://source.android.com/, as updated from time to time.
2025-11-02T02:17:37.9671822Z 
2025-11-02T02:17:37.9672254Z 1.4 "Google" means Google Inc., a Delaware corporation with principal place of business at 1600 Amphitheatre Parkway, Mountain View, CA 94043, United States.
2025-11-02T02:17:37.9672768Z 
2025-11-02T02:17:37.9672856Z 2. Accepting this License Agreement
2025-11-02T02:17:37.9673184Z 
2025-11-02T02:17:37.9673537Z 2.1 In order to use the GDK, you must first agree to this License Agreement. You may not use the GDK if you do not accept this License Agreement.
2025-11-02T02:17:37.9674312Z 
2025-11-02T02:17:37.9674526Z 2.2 By clicking to accept, you hereby agree to the terms of this License Agreement.
2025-11-02T02:17:37.9674813Z 
2025-11-02T02:17:37.9675469Z 2.3 You may not use the GDK and may not accept the License Agreement if you are a person barred from receiving the GDK under the laws of the United States or other countries including the country in which you are resident or from which you use the GDK.
2025-11-02T02:17:37.9676206Z 
2025-11-02T02:17:37.9677205Z 2.4 If you are agreeing to be bound by this License Agreement on behalf of your employer or other entity, you represent and warrant that you have full legal authority to bind your employer or such entity to this License Agreement. If you do not have the requisite authority, you may not accept the License Agreement or use the GDK on behalf of your employer or other entity.
2025-11-02T02:17:37.9678291Z 
2025-11-02T02:17:37.9678384Z 3. GDK License from Google
2025-11-02T02:17:37.9678524Z 
2025-11-02T02:17:37.9679205Z 3.1 Subject to the terms of this License Agreement, Google grants you a limited, worldwide, royalty-free, non-assignable and non-exclusive license to use the GDK solely to develop applications to run on the Glass platform for Glass devices.
2025-11-02T02:17:37.9679948Z 
2025-11-02T02:17:37.9681044Z 3.2 You agree that Google or third parties own all legal right, title and interest in and to the GDK, including any Intellectual Property Rights that subsist in the GDK. "Intellectual Property Rights" means any and all rights under patent law, copyright law, trade secret law, trademark law, and any and all other proprietary rights. Google reserves all rights not expressly granted to you.
2025-11-02T02:17:37.9682210Z 
2025-11-02T02:17:37.9684283Z 3.3 You may not use the GDK for any purpose not expressly permitted by this License Agreement. Except to the extent required by applicable third party licenses, you may not: (a) copy (except for backup purposes), modify, adapt, redistribute, decompile, reverse engineer, disassemble, or create derivative works of the GDK or any part of the GDK; or (b) load any part of the GDK onto a mobile handset or wearable computing device or any other hardware device except a Glass device personal computer, combine any part of the GDK with other software, or distribute any software or device incorporating a part of the GDK.
2025-11-02T02:17:37.9686119Z 
2025-11-02T02:17:37.9686796Z 3.4 You agree that you will not take any actions that may cause or result in the fragmentation of Glass, including but not limited to distributing, participating in the creation of, or promoting in any way a software development kit derived from the GDK.
2025-11-02T02:17:37.9687554Z 
2025-11-02T02:17:37.9688135Z 3.5 Use, reproduction and distribution of components of the GDK licensed under an open source software license are governed solely by the terms of that open source software license and not this License Agreement.
2025-11-02T02:17:37.9688800Z 
2025-11-02T02:17:37.9689972Z 3.6 You agree that the form and nature of the GDK that Google provides may change without prior notice to you and that future versions of the GDK may be incompatible with applications developed on previous versions of the GDK. You agree that Google may stop (permanently or temporarily) providing the GDK (or any features within the GDK) to you or to users generally at Google's sole discretion, without prior notice to you.
2025-11-02T02:17:37.9691204Z 
2025-11-02T02:17:37.9691663Z 3.7 Nothing in this License Agreement gives you a right to use any of Google's trade names, trademarks, service marks, logos, domain names, or other distinctive brand features.
2025-11-02T02:17:37.9692199Z 
2025-11-02T02:17:37.9692690Z 3.8 You agree that you will not remove, obscure, or alter any proprietary rights notices (including copyright and trademark notices) that may be affixed to or contained within the GDK.
2025-11-02T02:17:37.9693385Z 
2025-11-02T02:17:37.9693397Z 
2025-11-02T02:17:37.9694720Z 3.9 Your use of any Android system files, packaged APIs, or other components of the GDK which are part of the Android Software Development Kit is subject to the terms of the Android Software Development Kit License Agreement located at http://developer.android.com/sdk/terms.html. These terms are hereby incorporated by reference into this License Agreement.
2025-11-02T02:17:37.9695843Z 
2025-11-02T02:17:37.9695921Z 4. Use of the GDK by You
2025-11-02T02:17:37.9696050Z 
2025-11-02T02:17:37.9696776Z 4.1 Google agrees that it obtains no right, title or interest from you (or your licensors) under this License Agreement in or to any software applications that you develop using the GDK, including any intellectual property rights that subsist in those applications.
2025-11-02T02:17:37.9697585Z 
2025-11-02T02:17:37.9699111Z 4.2 You agree to use the GDK and write applications only for purposes that are permitted by (a) this License Agreement, (b) the Glass Platform Developer Policies (located at https://developers.google.com/glass/policies, and hereby incorporated into this License Agreement by reference), and (c) any applicable law, regulation or generally accepted practices or guidelines in the relevant jurisdictions (including any laws regarding the export of data or software to and from the United States or other relevant countries).
2025-11-02T02:17:37.9700703Z 
2025-11-02T02:17:37.9703105Z 4.3 You agree that if you use the GDK to develop applications for general public users, you will protect the privacy and legal rights of those users. If the users provide you with user names, passwords, or other login information or personal information, you must make the users aware that the information will be available to your application, and you must provide legally adequate privacy notice and protection for those users. If your application stores personal or sensitive information provided by users, it must do so securely. If the user provides your application with Google Account information, your application may only use that information to access the user's Google Account when, and for the limited purposes for which, the user has given you permission to do so.
2025-11-02T02:17:37.9705767Z 
2025-11-02T02:17:37.9706662Z 4.4 You agree that you will not engage in any activity with the GDK, including the development or distribution of an application, that interferes with, disrupts, damages, or accesses in an unauthorized manner the servers, networks, or other properties or services of any third party including, but not limited to, Google.
2025-11-02T02:17:37.9707637Z 
2025-11-02T02:17:37.9708567Z 4.5 You agree that you are solely responsible for (and that Google has no responsibility to you or to any third party for) any data, content, or resources that you create, transmit or display through Glass and/or applications for Glass, and for the consequences of your actions (including any loss or damage which Google may suffer) by doing so.
2025-11-02T02:17:37.9709588Z 
2025-11-02T02:17:37.9710685Z 4.6 You agree that you are solely responsible for (and that Google has no responsibility to you or to any third party for) any breach of your obligations under this License Agreement, any applicable third party contract or Terms of Service, or any applicable law or regulation, and for the consequences (including any loss or damage which Google or any third party may suffer) of any such breach.
2025-11-02T02:17:37.9711860Z 
2025-11-02T02:17:37.9711864Z 
2025-11-02T02:17:37.9712906Z 4.7 The GDK is in development, and your testing and feedback are an important part of the development process. By using the GDK, you acknowledge that implementation of some features are still under development and that you should not rely on the GDK, Glass devices, Glass system software, Google Mirror API, or Glass services having the full functionality of a stable release.
2025-11-02T02:17:37.9714366Z 
2025-11-02T02:17:37.9714462Z 5. Your Developer Credentials
2025-11-02T02:17:37.9714611Z 
2025-11-02T02:17:37.9715403Z 5.1 You agree that you are responsible for maintaining the confidentiality of any developer credentials that may be issued to you by Google or which you may choose yourself and that you will be solely responsible for all applications that are developed under your developer credentials.
2025-11-02T02:17:37.9716279Z 
2025-11-02T02:17:37.9716357Z 6. Privacy and Information
2025-11-02T02:17:37.9716491Z 
2025-11-02T02:17:37.9716495Z 
2025-11-02T02:17:37.9717847Z 6.1 In order to continually innovate and improve the GDK, Google may collect certain usage statistics from the software including but not limited to a unique identifier, associated IP address, version number of the software, and information on which tools and/or services in the GDK are being used and how they are being used. Before any of this information is collected, the GDK will notify you and seek your consent. If you withhold consent, the information will not be collected.
2025-11-02T02:17:37.9719266Z 
2025-11-02T02:17:37.9719607Z 6.2 The data collected is examined in the aggregate to improve the GDK and is maintained in accordance with Google's Privacy Policy.
2025-11-02T02:17:37.9720025Z 
2025-11-02T02:17:37.9720108Z 7. Third Party Applications
2025-11-02T02:17:37.9720252Z 
2025-11-02T02:17:37.9721908Z 7.1 If you use the GDK to run applications developed by a third party or that access data, content or resources provided by a third party, you agree that Google is not responsible for those applications, data, content, or resources. You understand that all data, content or resources which you may access through such third party applications are the sole responsibility of the person from which they originated and that Google is not liable for any loss or damage that you may experience as a result of the use or access of any of those third party applications, data, content, or resources.
2025-11-02T02:17:37.9723634Z 
2025-11-02T02:17:37.9725260Z 7.2 You should be aware the data, content, and resources presented to you through such a third party application may be protected by intellectual property rights which are owned by the providers (or by other persons or companies on their behalf). You may not modify, rent, lease, loan, sell, distribute or create derivative works based on these data, content, or resources (either in whole or in part) unless you have been specifically given permission to do so by the relevant owners.
2025-11-02T02:17:37.9726687Z 
2025-11-02T02:17:37.9727438Z 7.3 You acknowledge that your use of such third party applications, data, content, or resources may be subject to separate terms between you and the relevant third party. In that case, this License Agreement does not affect your legal relationship with these third parties.
2025-11-02T02:17:37.9728259Z 
2025-11-02T02:17:37.9728336Z 8. Using Google APIs
2025-11-02T02:17:37.9728459Z 
2025-11-02T02:17:37.9728526Z 8.1 Google APIs
2025-11-02T02:17:37.9728631Z 
2025-11-02T02:17:37.9730020Z 8.1.1 If you use any API to retrieve data from Google, you acknowledge that the data may be protected by intellectual property rights which are owned by Google or those parties that provide the data (or by other persons or companies on their behalf). Your use of any such API may be subject to additional Terms of Service. You may not modify, rent, lease, loan, sell, distribute or create derivative works based on this data (either in whole or in part) unless allowed by the relevant Terms of Service.
2025-11-02T02:17:37.9731442Z 
2025-11-02T02:17:37.9732105Z 8.1.2 If you use any API to retrieve a user's data from Google, you acknowledge and agree that you shall retrieve data only with the user's explicit consent and only when, and for the limited purposes for which, the user has given you permission to do so.
2025-11-02T02:17:37.9732839Z 
2025-11-02T02:17:37.9732934Z 9. Terminating this License Agreement
2025-11-02T02:17:37.9733106Z 
2025-11-02T02:17:37.9733391Z 9.1 This License Agreement will continue to apply until terminated by either you or Google as set out below.
2025-11-02T02:17:37.9734034Z 
2025-11-02T02:17:37.9734381Z 9.2 If you want to terminate this License Agreement, you may do so by ceasing your use of the GDK and any relevant developer credentials.
2025-11-02T02:17:37.9734803Z 
2025-11-02T02:17:37.9736519Z 9.3 Google may at any time, terminate this License Agreement with you if: (A) you have breached any provision of this License Agreement; or (B) Google is required to do so by law; or (C) the partner with whom Google offered certain parts of GDK (such as APIs) to you has terminated its relationship with Google or ceased to offer certain parts of the GDK to you; or (D) Google decides to no longer provide the GDK or certain parts of the GDK to users in the country in which you are resident or from which you use the service, or the provision of the GDK or certain GDK services to you by Google is, in Google's sole discretion, no longer commercially viable.
2025-11-02T02:17:37.9738317Z 
2025-11-02T02:17:37.9739574Z 9.4 When this License Agreement comes to an end, all of the legal rights, obligations and liabilities that you and Google have benefited from, been subject to (or which have accrued over time whilst this License Agreement has been in force) or which are expressed to continue indefinitely, shall be unaffected by this cessation, and the provisions of paragraph 14.7 shall continue to apply to such rights, obligations and liabilities indefinitely.
2025-11-02T02:17:37.9740892Z 
2025-11-02T02:17:37.9740975Z 10. DISCLAIMER OF WARRANTIES
2025-11-02T02:17:37.9741120Z 
2025-11-02T02:17:37.9741562Z 10.1 YOU EXPRESSLY UNDERSTAND AND AGREE THAT YOUR USE OF THE GDK IS AT YOUR SOLE RISK AND THAT THE GDK IS PROVIDED "AS IS" AND "AS AVAILABLE" WITHOUT WARRANTY OF ANY KIND FROM GOOGLE.
2025-11-02T02:17:37.9742085Z 
2025-11-02T02:17:37.9742783Z 10.2 YOUR USE OF THE GDK AND ANY MATERIAL DOWNLOADED OR OTHERWISE OBTAINED THROUGH THE USE OF THE GDK IS AT YOUR OWN DISCRETION AND RISK AND YOU ARE SOLELY RESPONSIBLE FOR ANY DAMAGE TO YOUR COMPUTER SYSTEM OR OTHER DEVICE OR LOSS OF DATA THAT RESULTS FROM SUCH USE.
2025-11-02T02:17:37.9743864Z 
2025-11-02T02:17:37.9744652Z 10.3 GOOGLE FURTHER EXPRESSLY DISCLAIMS ALL WARRANTIES AND CONDITIONS OF ANY KIND, WHETHER EXPRESS OR IMPLIED, INCLUDING, BUT NOT LIMITED TO THE IMPLIED WARRANTIES AND CONDITIONS OF MERCHANTABILITY, FITNESS FOR A PARTICULAR PURPOSE AND NON-INFRINGEMENT.
2025-11-02T02:17:37.9745609Z 
2025-11-02T02:17:37.9745692Z 11. LIMITATION OF LIABILITY
2025-11-02T02:17:37.9745830Z 
2025-11-02T02:17:37.9747077Z 11.1 YOU EXPRESSLY UNDERSTAND AND AGREE THAT GOOGLE, ITS SUBSIDIARIES AND AFFILIATES, AND ITS LICENSORS SHALL NOT BE LIABLE TO YOU UNDER ANY THEORY OF LIABILITY FOR ANY DIRECT, INDIRECT, INCIDENTAL, SPECIAL, CONSEQUENTIAL OR EXEMPLARY DAMAGES THAT MAY BE INCURRED BY YOU, INCLUDING ANY LOSS OF DATA, WHETHER OR NOT GOOGLE OR ITS REPRESENTATIVES HAVE BEEN ADVISED OF OR SHOULD HAVE BEEN AWARE OF THE POSSIBILITY OF ANY SUCH LOSSES ARISING.
2025-11-02T02:17:37.9748382Z 
2025-11-02T02:17:37.9748460Z 12. Indemnification
2025-11-02T02:17:37.9748575Z 
2025-11-02T02:17:37.9750618Z 12.1 To the maximum extent permitted by law, you agree to defend, indemnify and hold harmless Google, its affiliates and their respective directors, officers, employees and agents from and against any and all claims, actions, suits or proceedings, as well as any and all losses, liabilities, damages, costs and expenses (including reasonable attorneys fees) arising out of or accruing from (a) your use of the GDK, (b) any application you develop on the GDK that infringes any copyright, trademark, trade secret, trade dress, patent or other intellectual property right of any person or defames any person or violates their rights of publicity or privacy, and (c) any non-compliance by you with this License Agreement.
2025-11-02T02:17:37.9752726Z 
2025-11-02T02:17:37.9752811Z 13. Changes to the License Agreement
2025-11-02T02:17:37.9752978Z 
2025-11-02T02:17:37.9753610Z 13.1 Google may make changes to the License Agreement as it distributes new versions of the GDK. When these changes are made, Google will make a new version of the License Agreement available on the website where the GDK is made available.
2025-11-02T02:17:37.9754691Z 
2025-11-02T02:17:37.9754783Z 14. General Legal Terms
2025-11-02T02:17:37.9754912Z 
2025-11-02T02:17:37.9755783Z 14.1 This License Agreement constitutes the whole legal agreement between you and Google and governs your use of the GDK (excluding any services which Google may provide to you under a separate written agreement), and completely replaces any prior agreements between you and Google in relation to the GDK.
2025-11-02T02:17:37.9756731Z 
2025-11-02T02:17:37.9757597Z 14.2 You agree that if Google does not exercise or enforce any legal right or remedy which is contained in this License Agreement (or which Google has the benefit of under any applicable law), this will not be taken to be a formal waiver of Google's rights and that those rights or remedies will still be available to Google.
2025-11-02T02:17:37.9758541Z 
2025-11-02T02:17:37.9759505Z 14.3 If any court of law, having the jurisdiction to decide on this matter, rules that any provision of this License Agreement is invalid, then that provision will be removed from this License Agreement without affecting the rest of this License Agreement. The remaining provisions of this License Agreement will continue to be valid and enforceable.
2025-11-02T02:17:37.9760554Z 
2025-11-02T02:17:37.9761824Z 14.4 You acknowledge and agree that each member of the group of companies of which Google is the parent shall be third party beneficiaries to this License Agreement and that such other companies shall be entitled to directly enforce, and rely upon, any provision of this License Agreement that confers a benefit on (or rights in favor of) them. Other than this, no other person or company shall be third party beneficiaries to this License Agreement.
2025-11-02T02:17:37.9763151Z 
2025-11-02T02:17:37.9764271Z 14.5 EXPORT RESTRICTIONS. THE GDK IS SUBJECT TO UNITED STATES EXPORT LAWS AND REGULATIONS. YOU MUST COMPLY WITH ALL DOMESTIC AND INTERNATIONAL EXPORT LAWS AND REGULATIONS THAT APPLY TO THE GDK. THESE LAWS INCLUDE RESTRICTIONS ON DESTINATIONS, END USERS AND END USE.
2025-11-02T02:17:37.9765133Z 
2025-11-02T02:17:37.9766112Z 14.6 The rights granted in this License Agreement may not be assigned or transferred by either you or Google without the prior written approval of the other party. Neither you nor Google shall be permitted to delegate their responsibilities or obligations under this License Agreement without the prior written approval of the other party.
2025-11-02T02:17:37.9767155Z 
2025-11-02T02:17:37.9768779Z 14.7 This License Agreement, and your relationship with Google under this License Agreement, shall be governed by the laws of the State of California without regard to its conflict of laws provisions. You and Google agree to submit to the exclusive jurisdiction of the courts located within the county of Santa Clara, California to resolve any legal matter arising from this License Agreement. Notwithstanding this, you agree that Google shall still be allowed to apply for injunctive remedies (or an equivalent type of urgent legal relief) in any jurisdiction.
2025-11-02T02:17:37.9770477Z 
2025-11-02T02:17:37.9770548Z November 19, 2013
2025-11-02T02:17:37.9770739Z ---------------------------------------
2025-11-02T02:17:37.9770967Z Accept? (y/N): 
2025-11-02T02:17:37.9771181Z 6/6: License mips-android-sysimage-license:
2025-11-02T02:17:37.9771435Z ---------------------------------------
2025-11-02T02:17:37.9773347Z MIPS Technologies, Inc. (“MIPS”) Internal Evaluation License Agreement for MIPS Android™ System Images for Android Software Development Kit (SDK): This Internal Evaluation License Agreement (this "Agreement") is entered into by and between MIPS and you (as an individual developer or a legal entity -- identified below as “Recipient”). MIPS shall make the Evaluation Software available to Recipient as described in accordance with the terms and conditions set forth below.
2025-11-02T02:17:37.9775168Z 
2025-11-02T02:17:37.9776936Z By clicking on the “Accept” button, downloading, installing, or otherwise using the Evaluation Materials (defined below), you agree to be bound by the terms of this Agreement effective as of the date you click “Accept” (the “Effective Date”), and if doing so on behalf of an entity, you represent that you are authorized to bind the entity to the terms and conditions of this Agreement. If you do not agree to be bound by the terms and conditions of this Agreement, do not download, install, or use the Evaluation Materials.
2025-11-02T02:17:37.9778451Z 
2025-11-02T02:17:37.9778617Z 1. DEFINITIONS. These terms shall have the following meanings:
2025-11-02T02:17:37.9778855Z 
2025-11-02T02:17:37.9779377Z 1.1 “MIPS” shall mean MIPS Technologies, Inc., a Delaware corporation having a principal place of business at: 955 East Arques Ave., Sunnyvale, CA 94085
2025-11-02T02:17:37.9779868Z 
2025-11-02T02:17:37.9780401Z 1.2 “Evaluation Software” shall mean MIPS Android™ emulator system images for Android Software Development Kit (SDK), as made available to Recipient.
2025-11-02T02:17:37.9780906Z 
2025-11-02T02:17:37.9781987Z 1.3 “Evaluation Materials" means, collectively, the Evaluation Software (in source and/or object code form) and documentation (including, without limitation, any design documents, specifications, reference manuals, and other related materials) related to the Evaluation Software as made available to Recipient.
2025-11-02T02:17:37.9782968Z 
2025-11-02T02:17:37.9786659Z 1.4 “Open Source Software” means any software that requires (as a condition of use, modification and/or distribution of such software) that such software or other software incorporated into, derived from or distributed with such software (a) be disclosed or distributed in source code form; or (b) be licensed by the user to third parties for the purpose of making and/or distributing derivative works; or (c) be redistributable at no charge. Open Source Software includes, without limitation, software licensed or distributed under any of the following licenses or distribution models, or licenses or distribution models substantially similar to any of the following: (a) GNU’s General Public License (GPL) or Lesser/Library GPL (LGPL), (b) the Artistic License (e.g., PERL), (c) the Mozilla Public License, (d) the Netscape Public License, (e) the Sun Community Source License (SCSL), (f) the Sun Industry Source License (SISL), (g) the Apache Software license and (h) the Common Public License (CPL).
2025-11-02T02:17:37.9789573Z 
2025-11-02T02:17:37.9790592Z 1.5 “Pre-Release Materials” means “alpha” or “beta” designated pre-release features, which may not be fully functional, which MIPS may substantially modify in producing any production version of the Evaluation Materials, and/or which is still under development by MIPS and/or MIPS’ suppliers.
2025-11-02T02:17:37.9791517Z 
2025-11-02T02:17:37.9793192Z 2. PURPOSE. MIPS desires to make the Evaluation Materials available to Recipient solely for Recipient's internal evaluation of the Evaluation Software to evaluate the desirability of cooperating with MIPS in developing products that are compatible with the Evaluation Software and/or to advise MIPS as to possible modifications to the Evaluation Software. Recipient may not disclose, distribute, modify (except to facilitate the above-mentioned internal evaluation), or make commercial use of the Evaluation Materials or any modifications of the Evaluation Materials.
2025-11-02T02:17:37.9795259Z 
2025-11-02T02:17:37.9796524Z THE EVALUATION MATERIALS ARE PROVIDED FOR EVALUATION PURPOSES ONLY AND MAY NOT BE MODIFIED (EXCEPT TO FACILITATE THE INTERNAL EVALUATION) OR DISTRIBUTED BY RECIPIENT OR INCORPORATED INTO RECIPIENT’S PRODUCTS OR SOFTWARE. PLEASE CONTACT A MIPS SALES REPRESENTATIVE TO LEARN ABOUT THE AVAILABILITY AND COST OF A COMMERCIAL VERSION OF THE EVALUATION SOFTWARE.
2025-11-02T02:17:37.9797653Z 
2025-11-02T02:17:37.9798453Z 3. TITLE. Title to the Evaluation Materials remains with MIPS or its suppliers. Recipient shall not mortgage, pledge or encumber the Evaluation Materials in any way. Recipient shall return all Evaluation Materials, keeping no copies, upon termination or expiration of this Agreement.
2025-11-02T02:17:37.9799464Z 
2025-11-02T02:17:37.9802844Z 4. LICENSE. MIPS grants Recipient a royalty-free, personal, nontransferable, nonexclusive license under its copyrights to use the Evaluation Software only for the purposes described in paragraph 2 above and only for a period beginning on the Effective Date and extending to the first anniversary of the Effective Date (the “Evaluation Period”). Unless otherwise communicated in writing by MIPS to Recipient, to the extent the Evaluation Software is provided in more than one delivery or release (each, a “Release”) the license grant in this Section 4 and the Evaluation Period shall apply to each Release, in which case the Evaluation Period shall begin on the date that the Release is made generally available and continue to the first anniversary of such date. Recipient may not make modifications to the Evaluation Software. Recipient shall not disassemble, reverse-engineer, or decompile any software that is not provided to Recipient in source code form.
2025-11-02T02:17:37.9805982Z 
2025-11-02T02:17:37.9805986Z 
2025-11-02T02:17:37.9806921Z EXCEPT AS PROVIDED HEREIN, NO OTHER LICENSE, EXPRESS OR IMPLIED, BY ESTOPPEL OR OTHERWISE, TO ANY OTHER MIPS INTELLECTUAL PROPERTY RIGHTS IS GRANTED TO THE RECIPIENT. OTHER THAN AS EXPLICITLY SET FORTH IN PARAGRAPH 2 ABOVE, NO RIGHT TO COPY, TO REPRODUCE, TO MODIFY, OR TO CREATE DERIVATIVE WORKS OF, THE EVALUATION MATERIALS IS GRANTED HEREIN.
2025-11-02T02:17:37.9807940Z 
2025-11-02T02:17:37.9808651Z 5. NO OBLIGATION. Recipient shall have no duty to purchase or license any product from MIPS. MIPS and its suppliers shall have no obligation to provide support for, or develop a non-evaluation version of, the Evaluation Software or to license any version of it.
2025-11-02T02:17:37.9809440Z 
2025-11-02T02:17:37.9812954Z 6. MODIFICATIONS. This Agreement does not obligate Recipient to provide MIPS with comments or suggestions regarding Evaluation Materials. However, should Recipient provide MIPS with comments or suggestions for the modification, correction, improvement or enhancement of (a) the Evaluation Materials or (b) MIPS products or processes which may embody the Evaluation Materials, then Recipient agrees to grant and hereby grants to MIPS a non-exclusive, irrevocable, worldwide, fully paid-up, royalty-free license, with the right to sublicense MIPS’ licensees and customers, under Recipient’s Intellectual property rights, to use and disclose such comments and suggestions in any manner MIPS chooses and to display, perform, copy, make, have made, use, sell, offer to sell, import, and otherwise dispose of MIPS’ and its sublicensee’s products embodying such comments and suggestions in any manner and via any media MIPS chooses, without reference to the source.
2025-11-02T02:17:37.9816083Z 
2025-11-02T02:17:37.9817657Z 7. WARRANTY DISCLAIMER. MIPS AND ITS SUPPLIERS MAKE NO WARRANTIES WITH RESPECT TO EVALUATION MATERIALS, EITHER EXPRESS OR IMPLIED, INCLUDING ANY IMPLIED WARRANTIES OF MERCHANTABILITY OR FITNESS FOR A PARTICULAR PURPOSE, OR ANY IMPLIED WARRANTY OF NONINFRINGEMENT WITH RESPECT TO THIRD PARTY INTELLECTUAL PROPERTY. RECIPIENT ACKNOWLEDGES AND AGREES THAT THE EVALUATION MATERIALS ARE PROVIDED “AS IS,” WITHOUT WARRANTY OF ANY KIND.
2025-11-02T02:17:37.9819013Z 
2025-11-02T02:17:37.9820683Z 8. LIMITATION OF LIABILITY. MIPS AND ITS SUPPLIERS SHALL NOT BE LIABLE FOR ANY PROPERTY DAMAGE, PERSONAL INJURY, LOSS OF PROFITS, INTERRUPTION OF BUSINESS OR FOR ANY DIRECT, INDIRECT, SPECIAL, CONSEQUENTIAL OR INCIDENTAL DAMAGES, HOWEVER CAUSED OR ALLEGED, WHETHER FOR BREACH OF WARRANTY, CONTRACT, STRICT LIABILITY OR OTHERWISE, INCLUDING WITHOUT LIMITATION, UNDER TORT OR OTHER LEGAL THEORY. MIPS AND ITS SUPPLIERS DISCLAIM ANY AND ALL LIABILITY, INCLUDING LIABILITY FOR INFRINGEMENT OF ANY INTELLECTUAL PROPERTY RIGHTS OF ANY KIND RELATING TO THE EVALUATION MATERIALS.
2025-11-02T02:17:37.9822555Z 
2025-11-02T02:17:37.9823220Z 9. EXPIRATION. MIPS may terminate this Agreement immediately after a breach by Recipient or otherwise at MIPS’ reasonable discretion and upon five (5) business days’ notice to Recipient.
2025-11-02T02:17:37.9823938Z 
2025-11-02T02:17:37.9824005Z 10. GENERAL.
2025-11-02T02:17:37.9824114Z 
2025-11-02T02:17:37.9827492Z 10.1 Controlling Law. This Agreement shall be governed by California law excluding its choice of law rules. With the exception of MIPS’ rights to enforce its intellectual property rights and any confidentiality obligations under this Agreement or any licenses distributed with the Evaluation Materials, all disputes and any claims arising under or relating to this Agreement shall be subject to the exclusive jurisdiction and venue of the state and federal courts located in Santa Clara County, California. Each party hereby agrees to jurisdiction and venue in the courts set forth in the preceding sentence. The parties agree that the United Nations Convention on Contracts for the International Sale of Goods is specifically excluded from application to this Agreement. The parties consent to the personal jurisdiction of the above courts.
2025-11-02T02:17:37.9831941Z 
2025-11-02T02:17:37.9833585Z 10.2 Remedies. Recipient acknowledges and agrees that any breach of confidentiality obligations under this Agreement or any licenses distributed with the Evaluation Materials, as well as any disclosure, commercialization, or public use of the Evaluation Materials, would cause irreparable injury to MIPS, and therefore Recipient agrees to consent to, and hereby consents to, the grant of an injunction by any court of competent jurisdiction in the event of an actual or threatened breach.
2025-11-02T02:17:37.9835480Z 
2025-11-02T02:17:37.9838954Z 10.3 Assignment. Recipient may not delegate, assign or transfer this Agreement, the license granted or any of Recipient’s rights, obligations, or duties hereunder, expressly, by implication, by operation of law, by way of merger (regardless of whether Recipient is the surviving entity) or acquisition, or otherwise and any attempt to do so, without MIPS’ express prior written consent, shall be ineffective, null and void. MIPS may freely assign this Agreement, and its rights and obligations hereunder, in its sole discretion.
2025-11-02T02:17:37.9841158Z 
2025-11-02T02:17:37.9842541Z 10.4 Entire Agreement. This Agreement constitutes the entire agreement between Recipient and MIPS and supersedes in their entirety any and all oral or written agreements previously existing between Recipient and MIPS with respect to the subject matter hereof. This Agreement may only be amended or supplemented by a writing that refers explicitly to this Agreement and that is signed or otherwise accepted by duly authorized representatives of Recipient and MIPS.
2025-11-02T02:17:37.9844225Z 
2025-11-02T02:17:37.9845560Z 10.5 Severability. In the event that any provision of this Agreement is finally adjudicated to be unenforceable or invalid under any applicable law, such unenforceability or invalidity shall not render this Agreement unenforceable or invalid as a whole, and, in such event, such unenforceable or invalid provision shall be interpreted so as to best accomplish the objectives of such provision within the limits of applicable law or applicable court decisions.
2025-11-02T02:17:37.9846989Z 
2025-11-02T02:17:37.9851235Z 10.6 Export Regulations / Export Control. Recipient shall not export, either directly or indirectly, any product, service or technical data or system incorporating the Evaluation Materials without first obtaining any required license or other necessary approval from the U.S. Department of Commerce or any other governing agency or department of the United States Government. In the event any product is exported from the United States or re-exported from a foreign destination by Recipient, Recipient shall ensure that the distribution and export/re-export or import of the product is in compliance with all applicable laws, regulations, orders, or other restrictions of the U.S. Export Administration Regulations and the appropriate foreign government. Recipient agrees that neither it nor any of its subsidiaries will export/re-export any technical data, process, product, or service, directly or indirectly, to any country for which the United States government or any agency thereof or the foreign government from where it is shipping requires an export license, or other governmental approval, without first obtaining such license or approval. Recipient also agrees to implement measures to ensure that foreign national employees are authorized to receive any information controlled by U.S. export control laws. An export is "deemed" to take place when information is released to a foreign national wherever located.
2025-11-02T02:17:37.9856080Z 
2025-11-02T02:17:37.9860247Z 10.7 Special Terms for Pre-Release Materials. If so indicated in the description of the Evaluation Software, the Evaluation Software may contain Pre-Release Materials. Recipient hereby understands, acknowledges and agrees that: (i) Pre-Release Materials may not be fully tested and may contain bugs or errors; (ii) Pre-Release materials are not suitable for commercial release in their current state; (iii) regulatory approvals for Pre-Release Materials (such as UL or FCC) have not been obtained, and Pre-Release Materials may therefore not be certified for use in certain countries or environments or may not be suitable for certain applications and (iv) MIPS can provide no assurance that it will ever produce or make generally available a production version of the Pre-Release Materials . MIPS is not under any obligation to develop and/or release or offer for sale or license a final product based upon the Pre-Release Materials and may unilaterally elect to abandon the Pre-Release Materials or any such development platform at any time and without any obligation or liability whatsoever to Recipient or any other person.
2025-11-02T02:17:37.9864809Z 
2025-11-02T02:17:37.9865780Z ANY PRE-RELEASE MATERIALS ARE NON-QUALIFIED AND, AS SUCH, ARE PROVIDED “AS IS” AND “AS AVAILABLE”, POSSIBLY WITH FAULTS, AND WITHOUT REPRESENTATION OR WARRANTY OF ANY KIND.
2025-11-02T02:17:37.9866373Z 
2025-11-02T02:17:37.9868236Z 10.8 Open Source Software. In the event Open Source software is included with Evaluation Software, such Open Source software is licensed pursuant to the applicable Open Source software license agreement identified in the Open Source software comments in the applicable source code file(s) and/or file header as indicated in the Evaluation Software. Additional detail may be available (where applicable) in the accompanying on-line documentation. With respect to the Open Source software, nothing in this Agreement limits any rights under, or grants rights that supersede, the terms of any applicable Open Source software license agreement.
2025-11-02T02:17:37.9870245Z ---------------------------------------
2025-11-02T02:17:37.9870526Z Accept? (y/N): All SDK package licenses accepted
2025-11-02T02:17:37.9870736Z 
2025-11-02T02:17:37.9870977Z [command]/usr/local/lib/android/sdk/cmdline-tools/16.0/bin/sdkmanager tools
2025-11-02T02:17:38.7038355Z Loading package information...                                                  
2025-11-02T02:17:38.7863873Z Loading local repository...                                                     
2025-11-02T02:17:38.7866961Z [                                       ] 3% Loading local repository...        
2025-11-02T02:17:38.7966186Z [                                       ] 3% Fetch remote repository...         
2025-11-02T02:17:39.1514897Z [=                                      ] 3% Fetch remote repository...         
2025-11-02T02:17:39.2229999Z [=                                      ] 4% Fetch remote repository...         
2025-11-02T02:17:39.2754199Z [=                                      ] 5% Fetch remote repository...         
2025-11-02T02:17:39.3363984Z [==                                     ] 5% Fetch remote repository...         
2025-11-02T02:17:39.4178037Z [==                                     ] 6% Fetch remote repository...         
2025-11-02T02:17:39.4766665Z [==                                     ] 7% Fetch remote repository...         
2025-11-02T02:17:39.4796111Z [==                                     ] 7% Computing updates...               
2025-11-02T02:17:39.4909222Z [===                                    ] 8% Computing updates...               
2025-11-02T02:17:39.5128462Z [===                                    ] 10% Computing updates...              
2025-11-02T02:17:39.9007526Z [===                                    ] 10% Installing Android Emulator       
2025-11-02T02:17:40.0227482Z [===                                    ] 10% Downloading emulator-linux_x64-142
2025-11-02T02:17:40.1750082Z [====                                   ] 10% Downloading emulator-linux_x64-142
2025-11-02T02:17:40.4317644Z [====                                   ] 11% Downloading emulator-linux_x64-142
2025-11-02T02:17:40.6760621Z [====                                   ] 12% Downloading emulator-linux_x64-142
2025-11-02T02:17:40.9212254Z [=====                                  ] 13% Downloading emulator-linux_x64-142
2025-11-02T02:17:41.1327332Z [=====                                  ] 14% Downloading emulator-linux_x64-142
2025-11-02T02:17:41.2606910Z [=====                                  ] 15% Downloading emulator-linux_x64-142
2025-11-02T02:17:41.3665569Z [======                                 ] 15% Downloading emulator-linux_x64-142
2025-11-02T02:17:41.6207227Z [======                                 ] 16% Downloading emulator-linux_x64-142
2025-11-02T02:17:41.8455356Z [======                                 ] 17% Downloading emulator-linux_x64-142
2025-11-02T02:17:42.0905690Z [=======                                ] 18% Downloading emulator-linux_x64-142
2025-11-02T02:17:42.3779621Z [=======                                ] 19% Downloading emulator-linux_x64-142
2025-11-02T02:17:42.5145144Z [=======                                ] 20% Downloading emulator-linux_x64-142
2025-11-02T02:17:42.6552740Z [========                               ] 20% Downloading emulator-linux_x64-142
2025-11-02T02:17:42.8082033Z [========                               ] 21% Downloading emulator-linux_x64-142
2025-11-02T02:17:42.8916605Z [========                               ] 21% Unzipping...                      
2025-11-02T02:17:42.8918352Z [========                               ] 21% Unzipping... emulator/            
2025-11-02T02:17:42.8930894Z [========                               ] 21% Unzipping... emulator/NOTICE.csv  
2025-11-02T02:17:42.8933558Z [========                               ] 21% Unzipping... emulator/bin64/      
2025-11-02T02:17:42.8937190Z [========                               ] 21% Unzipping... emulator/android-info
2025-11-02T02:17:42.8974318Z [========                               ] 21% Unzipping... emulator/NOTICE.txt  
2025-11-02T02:17:42.8980632Z [========                               ] 21% Unzipping... emulator/qemu/       
2025-11-02T02:17:42.9095816Z [========                               ] 21% Unzipping... emulator/mksdcard    
2025-11-02T02:17:42.9097270Z [========                               ] 21% Unzipping... emulator/lib64/      
2025-11-02T02:17:42.9506990Z [========                               ] 21% Unzipping... emulator/qsn         
2025-11-02T02:17:42.9830686Z [========                               ] 21% Unzipping... emulator/crashreport 
2025-11-02T02:17:43.0097776Z [========                               ] 21% Unzipping... emulator/crashpad_han
2025-11-02T02:17:43.0102962Z [========                               ] 21% Unzipping... emulator/lib/        
2025-11-02T02:17:43.0352965Z [========                               ] 21% Unzipping... emulator/emulator-che
2025-11-02T02:17:43.0479474Z [========                               ] 21% Unzipping... emulator/qemu-img    
2025-11-02T02:17:43.0490006Z [========                               ] 21% Unzipping... emulator/LICENSE     
2025-11-02T02:17:43.0491429Z [========                               ] 21% Unzipping... emulator/source.prope
2025-11-02T02:17:43.0492295Z [========                               ] 21% Unzipping... emulator/resources/  
2025-11-02T02:17:43.0585078Z [========                               ] 21% Unzipping... emulator/nimble_bridg
2025-11-02T02:17:43.1117563Z [========                               ] 22% Unzipping... emulator/nimble_bridg
2025-11-02T02:17:43.2406200Z [========                               ] 22% Unzipping... emulator/netsimd     
2025-11-02T02:17:43.2407411Z [========                               ] 22% Unzipping... emulator/include/    
2025-11-02T02:17:43.2537405Z [========                               ] 22% Unzipping... emulator/emulator    
2025-11-02T02:17:43.2564949Z [========                               ] 22% Unzipping... emulator/bin64/mkfs.e
2025-11-02T02:17:43.2601107Z [========                               ] 22% Unzipping... emulator/bin64/e2fsck
2025-11-02T02:17:43.2616663Z [========                               ] 22% Unzipping... emulator/bin64/resize
2025-11-02T02:17:43.2652649Z [========                               ] 22% Unzipping... emulator/bin64/fsck.e
2025-11-02T02:17:43.2677331Z [========                               ] 22% Unzipping... emulator/bin64/tune2f
2025-11-02T02:17:43.4322903Z [========                               ] 22% Unzipping... emulator/qemu/linux-x
2025-11-02T02:17:43.7817970Z [=========                              ] 23% Unzipping... emulator/qemu/linux-x
2025-11-02T02:17:44.1098840Z [=========                              ] 24% Unzipping... emulator/qemu/linux-x
2025-11-02T02:17:44.2889085Z [=========                              ] 25% Unzipping... emulator/qemu/linux-x
2025-11-02T02:17:44.3265807Z [==========                             ] 25% Unzipping... emulator/qemu/linux-x
2025-11-02T02:17:44.3271352Z [==========                             ] 25% Unzipping... emulator/lib64/libemu
2025-11-02T02:17:44.4678450Z [==========                             ] 25% Unzipping... emulator/lib64/liband
2025-11-02T02:17:44.4680576Z [==========                             ] 25% Unzipping... emulator/lib64/gles_a
2025-11-02T02:17:44.4772821Z [==========                             ] 25% Unzipping... emulator/lib64/libgfx
2025-11-02T02:17:44.5400410Z [==========                             ] 26% Unzipping... emulator/lib64/libgfx
2025-11-02T02:17:44.5528806Z [==========                             ] 26% Unzipping... emulator/lib64/libpro
2025-11-02T02:17:44.5529199Z [==========                             ] 26% Unzipping... emulator/lib64/qt/   
2025-11-02T02:17:44.5537070Z [==========                             ] 26% Unzipping... emulator/lib64/liband
2025-11-02T02:17:44.5662654Z [==========                             ] 26% Unzipping... emulator/lib64/libpro
2025-11-02T02:17:44.5819197Z [==========                             ] 26% Unzipping... emulator/lib64/liband
2025-11-02T02:17:44.5823466Z [==========                             ] 26% Unzipping... emulator/lib64/libima
2025-11-02T02:17:44.5825072Z [==========                             ] 26% Unzipping... emulator/lib64/gles_m
2025-11-02T02:17:44.5849120Z [==========                             ] 26% Unzipping... emulator/lib64/libtcm
2025-11-02T02:17:44.5887364Z [==========                             ] 26% Unzipping... emulator/lib64/liband
2025-11-02T02:17:44.5896313Z [==========                             ] 26% Unzipping... emulator/lib64/libdrm
2025-11-02T02:17:44.6129181Z [==========                             ] 26% Unzipping... emulator/lib64/liband
2025-11-02T02:17:44.6196091Z [==========                             ] 26% Unzipping... emulator/lib64/libc++
2025-11-02T02:17:44.6412261Z [==========                             ] 26% Unzipping... emulator/lib64/liband
2025-11-02T02:17:44.6489528Z [==========                             ] 26% Unzipping... emulator/lib64/libsha
2025-11-02T02:17:44.6490287Z [==========                             ] 26% Unzipping... emulator/lib64/gles_s
2025-11-02T02:17:44.6542783Z [==========                             ] 26% Unzipping... emulator/lib64/libabs
2025-11-02T02:17:44.6552986Z [==========                             ] 26% Unzipping... emulator/lib64/liband
2025-11-02T02:17:44.6610411Z [==========                             ] 26% Unzipping... emulator/lib64/libzst
2025-11-02T02:17:44.6685995Z [==========                             ] 26% Unzipping... emulator/lib64/libgli
2025-11-02T02:17:44.6688030Z [==========                             ] 26% Unzipping... emulator/lib64/vulkan
2025-11-02T02:17:44.6752885Z [==========                             ] 26% Unzipping... emulator/lib64/libc++
2025-11-02T02:17:44.7367598Z [==========                             ] 26% Unzipping... emulator/lib64/gles_a
2025-11-02T02:17:44.7368620Z [==========                             ] 26% Unzipping... emulator/lib64/qt/lib
2025-11-02T02:17:44.7369217Z [==========                             ] 26% Unzipping... emulator/lib64/qt/plu
2025-11-02T02:17:44.7370047Z [==========                             ] 26% Unzipping... emulator/lib64/qt/tra
2025-11-02T02:17:44.7371441Z [==========                             ] 26% Unzipping... emulator/lib64/qt/res
2025-11-02T02:17:44.7630116Z [==========                             ] 26% Unzipping... emulator/lib64/qt/lib
2025-11-02T02:17:45.1358172Z [==========                             ] 27% Unzipping... emulator/lib64/qt/lib
2025-11-02T02:17:45.5151121Z [===========                            ] 28% Unzipping... emulator/lib64/qt/lib
2025-11-02T02:17:45.9126796Z [===========                            ] 29% Unzipping... emulator/lib64/qt/lib
2025-11-02T02:17:45.9849439Z [===========                            ] 30% Unzipping... emulator/lib64/qt/lib
2025-11-02T02:17:45.9976434Z [===========                            ] 30% Unzipping... emulator/lib64/qt/plu
2025-11-02T02:17:46.1148696Z [===========                            ] 30% Unzipping... emulator/lib64/qt/tra
2025-11-02T02:17:46.1199280Z [===========                            ] 30% Unzipping... emulator/lib64/qt/res
2025-11-02T02:17:46.1914762Z [============                           ] 30% Unzipping... emulator/lib64/qt/res
2025-11-02T02:17:46.1978534Z [============                           ] 30% Unzipping... emulator/lib64/gles_m
2025-11-02T02:17:46.3812459Z [============                           ] 31% Unzipping... emulator/lib64/gles_m
2025-11-02T02:17:46.4508607Z [============                           ] 31% Unzipping... emulator/lib64/gles_s
2025-11-02T02:17:46.5574809Z [============                           ] 31% Unzipping... emulator/lib64/vulkan
2025-11-02T02:17:46.7808353Z [============                           ] 32% Unzipping... emulator/lib64/vulkan
2025-11-02T02:17:46.7814605Z [============                           ] 32% Unzipping... emulator/lib/ice_conf
2025-11-02T02:17:46.7815571Z [============                           ] 32% Unzipping... emulator/lib/emulator
2025-11-02T02:17:46.7818344Z [============                           ] 32% Unzipping... emulator/lib/rtc_serv
2025-11-02T02:17:46.7819072Z [============                           ] 32% Unzipping... emulator/lib/pc-bios/
2025-11-02T02:17:46.7829646Z [============                           ] 32% Unzipping... emulator/lib/cmake/  
2025-11-02T02:17:46.7830235Z [============                           ] 32% Unzipping... emulator/lib/snapshot
2025-11-02T02:17:46.7835974Z [============                           ] 32% Unzipping... emulator/lib/pkgconfi
2025-11-02T02:17:46.7836698Z [============                           ] 32% Unzipping... emulator/lib/emulator
2025-11-02T02:17:46.8149414Z [============                           ] 32% Unzipping... emulator/lib/libflatb
2025-11-02T02:17:46.8152536Z [============                           ] 32% Unzipping... emulator/lib/snapshot
2025-11-02T02:17:46.8159419Z [============                           ] 32% Unzipping... emulator/lib/control_
2025-11-02T02:17:46.8162299Z [============                           ] 32% Unzipping... emulator/lib/emulated
2025-11-02T02:17:46.8164469Z [============                           ] 32% Unzipping... emulator/lib/grpc_end
2025-11-02T02:17:46.8167988Z [============                           ] 32% Unzipping... emulator/lib/emu-orig
2025-11-02T02:17:46.8183505Z [============                           ] 32% Unzipping... emulator/lib/ca-bundl
2025-11-02T02:17:46.8189832Z [============                           ] 32% Unzipping... emulator/lib/hostapd.
2025-11-02T02:17:46.8192707Z [============                           ] 32% Unzipping... emulator/lib/rtc_serv
2025-11-02T02:17:46.8197648Z [============                           ] 32% Unzipping... emulator/lib/hardware
2025-11-02T02:17:46.8201111Z [============                           ] 32% Unzipping... emulator/lib/advanced
2025-11-02T02:17:46.8206806Z [============                           ] 32% Unzipping... emulator/lib/ui_contr
2025-11-02T02:17:46.8207486Z [============                           ] 32% Unzipping... emulator/lib/waterfal
2025-11-02T02:17:46.8213009Z [============                           ] 32% Unzipping... emulator/lib/adb_serv
2025-11-02T02:17:46.8217792Z [============                           ] 32% Unzipping... emulator/lib/emulator
2025-11-02T02:17:46.8368889Z [============                           ] 32% Unzipping... emulator/lib/pc-bios/
2025-11-02T02:17:46.8377106Z [============                           ] 32% Unzipping... emulator/lib/cmake/fl
2025-11-02T02:17:46.8379412Z [============                           ] 32% Unzipping... emulator/lib/pkgconfi
2025-11-02T02:17:46.8690603Z [============                           ] 32% Unzipping... emulator/resources/To
2025-11-02T02:17:46.8691386Z [============                           ] 32% Unzipping... emulator/resources/ma
2025-11-02T02:17:46.8703465Z [============                           ] 32% Unzipping... emulator/resources/po
2025-11-02T02:17:46.8778178Z [============                           ] 32% Unzipping... emulator/resources/ma
2025-11-02T02:17:46.8851182Z [============                           ] 32% Unzipping... emulator/include/flat
2025-11-02T02:17:46.9536835Z [=============                          ] 33% Unzipping... emulator/include/flat
2025-11-02T02:17:47.6310768Z [=====================                  ] 55% Unzipping... emulator/include/flat
2025-11-02T02:17:47.6904129Z [=====================                  ] 55% Installing Android SDK Tools emula
2025-11-02T02:17:47.7059914Z [=====================                  ] 55% Downloading sdk-tools-linux-433379
2025-11-02T02:17:47.7514924Z [======================                 ] 55% Downloading sdk-tools-linux-433379
2025-11-02T02:17:47.8888701Z [======================                 ] 56% Downloading sdk-tools-linux-433379
2025-11-02T02:17:48.0054464Z [======================                 ] 57% Downloading sdk-tools-linux-433379
2025-11-02T02:17:48.1214911Z [=======================                ] 58% Downloading sdk-tools-linux-433379
2025-11-02T02:17:48.2198828Z [=======================                ] 59% Downloading sdk-tools-linux-433379
2025-11-02T02:17:48.2704164Z [=======================                ] 60% Downloading sdk-tools-linux-433379
2025-11-02T02:17:48.3102972Z [========================               ] 60% Downloading sdk-tools-linux-433379
2025-11-02T02:17:48.4521461Z [========================               ] 61% Downloading sdk-tools-linux-433379
2025-11-02T02:17:48.5659760Z [========================               ] 62% Downloading sdk-tools-linux-433379
2025-11-02T02:17:48.7001108Z [=========================              ] 63% Downloading sdk-tools-linux-433379
2025-11-02T02:17:48.8210163Z [=========================              ] 64% Downloading sdk-tools-linux-433379
2025-11-02T02:17:48.8758643Z [=========================              ] 65% Downloading sdk-tools-linux-433379
2025-11-02T02:17:48.9413108Z [==========================             ] 65% Downloading sdk-tools-linux-433379
2025-11-02T02:17:49.0182104Z [==========================             ] 66% Downloading sdk-tools-linux-433379
2025-11-02T02:17:49.0764404Z [==========================             ] 66% Unzipping... emulator/include/flat
2025-11-02T02:17:49.0765797Z [==========================             ] 66% Unzipping... tools/               
2025-11-02T02:17:49.0766782Z [==========================             ] 66% Unzipping... tools/proguard/      
2025-11-02T02:17:49.0767523Z [==========================             ] 66% Unzipping... tools/proguard/licens
2025-11-02T02:17:49.0768050Z [==========================             ] 66% Unzipping... tools/proguard/lib/  
2025-11-02T02:17:49.0802531Z [==========================             ] 66% Unzipping... tools/proguard/lib/pr
2025-11-02T02:17:49.0805274Z [==========================             ] 66% Unzipping... tools/proguard/lib/re
2025-11-02T02:17:49.0814981Z [==========================             ] 66% Unzipping... tools/proguard/lib/pr
2025-11-02T02:17:49.0815580Z [==========================             ] 66% Unzipping... tools/proguard/ant/  
2025-11-02T02:17:49.0817890Z [==========================             ] 66% Unzipping... tools/proguard/ant/ta
2025-11-02T02:17:49.0818499Z [==========================             ] 66% Unzipping... tools/proguard/docs/ 
2025-11-02T02:17:49.0821586Z [==========================             ] 66% Unzipping... tools/proguard/docs/f
2025-11-02T02:17:49.0829646Z [==========================             ] 66% Unzipping... tools/proguard/docs/s
2025-11-02T02:17:49.0831430Z [==========================             ] 66% Unzipping... tools/proguard/docs/d
2025-11-02T02:17:49.0835874Z [==========================             ] 66% Unzipping... tools/proguard/docs/s
2025-11-02T02:17:49.0838597Z [==========================             ] 66% Unzipping... tools/proguard/docs/F
2025-11-02T02:17:49.0842269Z [==========================             ] 66% Unzipping... tools/proguard/docs/s
2025-11-02T02:17:49.0845924Z [==========================             ] 66% Unzipping... tools/proguard/docs/l
2025-11-02T02:17:49.0850080Z [==========================             ] 66% Unzipping... tools/proguard/docs/s
2025-11-02T02:17:49.0853234Z [==========================             ] 66% Unzipping... tools/proguard/docs/d
2025-11-02T02:17:49.0859215Z [==========================             ] 66% Unzipping... tools/proguard/docs/s
2025-11-02T02:17:49.0860841Z [==========================             ] 66% Unzipping... tools/proguard/docs/r
2025-11-02T02:17:49.0863160Z [==========================             ] 66% Unzipping... tools/proguard/docs/d
2025-11-02T02:17:49.0865027Z [==========================             ] 66% Unzipping... tools/proguard/docs/t
2025-11-02T02:17:49.0867351Z [==========================             ] 66% Unzipping... tools/proguard/docs/f
2025-11-02T02:17:49.0871746Z [==========================             ] 66% Unzipping... tools/proguard/docs/s
2025-11-02T02:17:49.0874190Z [==========================             ] 66% Unzipping... tools/proguard/docs/t
2025-11-02T02:17:49.0876977Z [==========================             ] 66% Unzipping... tools/proguard/docs/i
2025-11-02T02:17:49.0881447Z [==========================             ] 66% Unzipping... tools/proguard/docs/s
2025-11-02T02:17:49.0884431Z [==========================             ] 66% Unzipping... tools/proguard/docs/m
2025-11-02T02:17:49.0886702Z [==========================             ] 66% Unzipping... tools/proguard/docs/s
2025-11-02T02:17:49.0888809Z [==========================             ] 66% Unzipping... tools/proguard/docs/q
2025-11-02T02:17:49.0891996Z [==========================             ] 66% Unzipping... tools/proguard/docs/G
2025-11-02T02:17:49.0894066Z [==========================             ] 66% Unzipping... tools/proguard/docs/t
2025-11-02T02:17:49.0906180Z [==========================             ] 66% Unzipping... tools/proguard/docs/s
2025-11-02T02:17:49.0942908Z [==========================             ] 66% Unzipping... tools/proguard/docs/m
2025-11-02T02:17:49.0944385Z [==========================             ] 66% Unzipping... tools/proguard/docs/s
2025-11-02T02:17:49.0947449Z [==========================             ] 66% Unzipping... tools/proguard/docs/G
2025-11-02T02:17:49.0949262Z [==========================             ] 66% Unzipping... tools/proguard/docs/c
2025-11-02T02:17:49.0955408Z [==========================             ] 66% Unzipping... tools/proguard/docs/a
2025-11-02T02:17:49.0963472Z [==========================             ] 66% Unzipping... tools/proguard/docs/s
2025-11-02T02:17:49.0969973Z [==========================             ] 66% Unzipping... tools/proguard/docs/d
2025-11-02T02:17:49.1034960Z [==========================             ] 66% Unzipping... tools/proguard/exampl
2025-11-02T02:17:49.1036101Z [==========================             ] 66% Unzipping... tools/proguard/bin/  
2025-11-02T02:17:49.1040266Z [==========================             ] 66% Unzipping... tools/proguard/bin/pr
2025-11-02T02:17:49.1043070Z [==========================             ] 66% Unzipping... tools/proguard/bin/re
2025-11-02T02:17:49.1045492Z [==========================             ] 66% Unzipping... tools/proguard/README
2025-11-02T02:17:49.1052118Z [==========================             ] 66% Unzipping... tools/proguard/progua
2025-11-02T02:17:49.1053087Z [==========================             ] 66% Unzipping... tools/lib/           
2025-11-02T02:17:49.1103548Z [==========================             ] 66% Unzipping... tools/lib/bcpkix-jdk1
2025-11-02T02:17:49.1113402Z [==========================             ] 66% Unzipping... tools/lib/org-eclipse
2025-11-02T02:17:49.1125653Z [==========================             ] 66% Unzipping... tools/lib/manifest-me
2025-11-02T02:17:49.1130840Z [==========================             ] 66% Unzipping... tools/lib/jcommander-
2025-11-02T02:17:49.1143337Z [==========================             ] 66% Unzipping... tools/lib/gson-2.3.ja
2025-11-02T02:17:49.1145892Z [==========================             ] 66% Unzipping... tools/lib/ddms-26.0.0
2025-11-02T02:17:49.1148760Z [==========================             ] 66% Unzipping... tools/lib/asm-tree-5.
2025-11-02T02:17:49.1195140Z [==========================             ] 66% Unzipping... tools/lib/uast-26.0.0
2025-11-02T02:17:49.1204274Z [==========================             ] 66% Unzipping... tools/lib/dexlib2-2.2
2025-11-02T02:17:49.1244779Z [==========================             ] 67% Unzipping... tools/lib/dexlib2-2.2
2025-11-02T02:17:49.1247210Z [==========================             ] 67% Unzipping... tools/lib/android.el 
2025-11-02T02:17:49.1252563Z [==========================             ] 67% Unzipping... tools/lib/apkanalyzer
2025-11-02T02:17:49.1377863Z [==========================             ] 67% Unzipping... tools/lib/guava-22.0.
2025-11-02T02:17:49.1406337Z [==========================             ] 67% Unzipping... tools/lib/lint-api-26
2025-11-02T02:17:49.1414847Z [==========================             ] 67% Unzipping... tools/lib/baksmali-2.
2025-11-02T02:17:49.1418640Z [==========================             ] 67% Unzipping... tools/lib/shared.jar 
2025-11-02T02:17:49.1425630Z [==========================             ] 67% Unzipping... tools/lib/jsr305-1.3.
2025-11-02T02:17:49.1448232Z [==========================             ] 67% Unzipping... tools/lib/httpclient-
2025-11-02T02:17:49.1559278Z [==========================             ] 67% Unzipping... tools/lib/ecj-4.6.1.j
2025-11-02T02:17:49.1563376Z [==========================             ] 67% Unzipping... tools/lib/jobb-26.0.0
2025-11-02T02:17:49.1582515Z [==========================             ] 67% Unzipping... tools/lib/jcommon-1.0
2025-11-02T02:17:49.1587186Z [==========================             ] 67% Unzipping... tools/lib/kxml2-2.3.0
2025-11-02T02:17:49.1652143Z [==========================             ] 67% Unzipping... tools/lib/jfreechart-
2025-11-02T02:17:49.1669462Z [==========================             ] 67% Unzipping... tools/lib/common-26.0
2025-11-02T02:17:49.1721933Z [==========================             ] 67% Unzipping... tools/lib/lint-checks
2025-11-02T02:17:49.1850159Z [==========================             ] 67% Unzipping... tools/lib/kotlin-refl
2025-11-02T02:17:49.1851526Z [==========================             ] 67% Unzipping... tools/lib/builder-mod
2025-11-02T02:17:49.1880857Z [==========================             ] 67% Unzipping... tools/lib/sdklib-26.0
2025-11-02T02:17:49.1888060Z [==========================             ] 67% Unzipping... tools/lib/layoutlib-a
2025-11-02T02:17:49.1891311Z [==========================             ] 67% Unzipping... tools/lib/annotations
2025-11-02T02:17:49.1899390Z [==========================             ] 67% Unzipping... tools/lib/fat32lib.ja
2025-11-02T02:17:49.1901815Z [==========================             ] 67% Unzipping... tools/lib/jsr305-3.0.
2025-11-02T02:17:49.1955085Z [==========================             ] 67% Unzipping... tools/lib/org-eclipse
2025-11-02T02:17:49.1959369Z [==========================             ] 67% Unzipping... tools/lib/error_prone
2025-11-02T02:17:49.1970379Z [==========================             ] 67% Unzipping... tools/lib/org-eclipse
2025-11-02T02:17:49.1972875Z [==========================             ] 67% Unzipping... tools/lib/animal-snif
2025-11-02T02:17:49.2012444Z [==========================             ] 67% Unzipping... tools/lib/asset-studi
2025-11-02T02:17:49.2056566Z [===========================            ] 68% Unzipping... tools/lib/asset-studi
2025-11-02T02:17:49.2060832Z [===========================            ] 68% Unzipping... tools/lib/repository-
2025-11-02T02:17:49.2064343Z [===========================            ] 68% Unzipping... tools/lib/dvlib-26.0.
2025-11-02T02:17:49.2095997Z [===========================            ] 68% Unzipping... tools/lib/jsilver-1.0
2025-11-02T02:17:49.2101264Z [===========================            ] 68% Unzipping... tools/lib/asm-5.1.jar
2025-11-02T02:17:49.2104814Z [===========================            ] 68% Unzipping... tools/lib/devices.xml
2025-11-02T02:17:49.2108812Z [===========================            ] 68% Unzipping... tools/lib/asm-analysi
2025-11-02T02:17:49.2131618Z [===========================            ] 68% Unzipping... tools/lib/hierarchyvi
2025-11-02T02:17:49.2139417Z [===========================            ] 68% Unzipping... tools/lib/monkeyrunne
2025-11-02T02:17:49.2145623Z [===========================            ] 68% Unzipping... tools/lib/uiautomator
2025-11-02T02:17:49.2148230Z [===========================            ] 68% Unzipping... tools/lib/archquery-2
2025-11-02T02:17:49.2152946Z [===========================            ] 68% Unzipping... tools/lib/chimpchat-2
2025-11-02T02:17:49.2157048Z [===========================            ] 68% Unzipping... tools/lib/explainer.j
2025-11-02T02:17:49.2177596Z [===========================            ] 68% Unzipping... tools/lib/ddmlib-26.0
2025-11-02T02:17:49.2180892Z [===========================            ] 68% Unzipping... tools/lib/swtmenubar-
2025-11-02T02:17:49.2255987Z [===========================            ] 68% Unzipping... tools/lib/osgi-4.0.0.
2025-11-02T02:17:49.2256685Z [===========================            ] 68% Unzipping... tools/lib/x86_64/    
2025-11-02T02:17:49.2329707Z [===========================            ] 68% Unzipping... tools/lib/x86_64/swt.
2025-11-02T02:17:49.2764522Z [===========================            ] 68% Unzipping... tools/lib/monitor-x86
2025-11-02T02:17:49.3544219Z [===========================            ] 69% Unzipping... tools/lib/monitor-x86
2025-11-02T02:17:49.3997488Z [===========================            ] 70% Unzipping... tools/lib/monitor-x86
2025-11-02T02:17:49.4387501Z [============================           ] 70% Unzipping... tools/lib/monitor-x86
2025-11-02T02:17:49.5864976Z [============================           ] 71% Unzipping... tools/lib/monitor-x86
2025-11-02T02:17:49.5867420Z [============================           ] 71% Unzipping... tools/lib/httpmime-4.
2025-11-02T02:17:49.5869999Z [============================           ] 71% Unzipping... tools/lib/annotations
2025-11-02T02:17:49.5884426Z [============================           ] 71% Unzipping... tools/lib/lint-26.0.0
2025-11-02T02:17:49.5890390Z [============================           ] 71% Unzipping... tools/lib/apkanalyzer
2025-11-02T02:17:49.5897469Z [============================           ] 71% Unzipping... tools/lib/binary-reso
2025-11-02T02:17:49.5902674Z [============================           ] 71% Unzipping... tools/lib/jopt-simple
2025-11-02T02:17:49.5909687Z [============================           ] 71% Unzipping... tools/lib/util-2.2.1.
2025-11-02T02:17:49.5927104Z [============================           ] 71% Unzipping... tools/lib/ddmuilib-26
2025-11-02T02:17:49.5943142Z [============================           ] 72% Unzipping... tools/lib/ddmuilib-26
2025-11-02T02:17:49.5990558Z [============================           ] 72% Unzipping... tools/lib/sdk-common-
2025-11-02T02:17:49.6000491Z [============================           ] 72% Unzipping... tools/lib/traceview-2
2025-11-02T02:17:49.6014332Z [============================           ] 72% Unzipping... tools/lib/httpcore-4.
2025-11-02T02:17:49.6017975Z [============================           ] 72% Unzipping... tools/lib/screenshot2
2025-11-02T02:17:49.6036456Z [============================           ] 72% Unzipping... tools/lib/commons-cod
2025-11-02T02:17:49.6040246Z [============================           ] 72% Unzipping... tools/lib/proguard-pr
2025-11-02T02:17:49.6606083Z [============================           ] 72% Unzipping... tools/lib/jython-stan
2025-11-02T02:17:49.6664957Z [=============================          ] 73% Unzipping... tools/lib/jython-stan
2025-11-02T02:17:49.6669124Z [=============================          ] 73% Unzipping... tools/lib/annotations
2025-11-02T02:17:49.6674375Z [=============================          ] 73% Unzipping... tools/lib/commons-log
2025-11-02T02:17:49.6740109Z [=============================          ] 73% Unzipping... tools/lib/protobuf-ja
2025-11-02T02:17:49.6744674Z [=============================          ] 73% Unzipping... tools/lib/fakeadbserv
2025-11-02T02:17:49.6897297Z [=============================          ] 73% Unzipping... tools/lib/bcprov-jdk1
2025-11-02T02:17:49.6897918Z [=============================          ] 73% Unzipping... tools/lib/x86/       
2025-11-02T02:17:49.6967073Z [=============================          ] 73% Unzipping... tools/lib/x86/swt.jar
2025-11-02T02:17:49.7016472Z [=============================          ] 73% Unzipping... tools/lib/kotlin-stdl
2025-11-02T02:17:49.7040806Z [=============================          ] 73% Unzipping... tools/lib/commons-com
2025-11-02T02:17:49.7079341Z [=============================          ] 73% Unzipping... tools/lib/lombok-ast-
2025-11-02T02:17:49.7109865Z [=============================          ] 73% Unzipping... tools/lib/trove4j-201
2025-11-02T02:17:49.7342451Z [=============================          ] 73% Unzipping... tools/lib/intellij-co
2025-11-02T02:17:49.7494637Z [=============================          ] 74% Unzipping... tools/lib/intellij-co
2025-11-02T02:17:49.7508603Z [=============================          ] 74% Unzipping... tools/lib/jimfs-1.1.j
2025-11-02T02:17:49.7511457Z [=============================          ] 74% Unzipping... tools/lib/j2objc-anno
2025-11-02T02:17:49.7517557Z [=============================          ] 74% Unzipping... tools/lib/jfreechart-
2025-11-02T02:17:49.7987348Z [=============================          ] 74% Unzipping... tools/lib/monitor-x86
2025-11-02T02:17:49.8393412Z [=============================          ] 75% Unzipping... tools/lib/monitor-x86
2025-11-02T02:17:49.8785813Z [==============================         ] 75% Unzipping... tools/lib/monitor-x86
2025-11-02T02:17:49.9655902Z [==============================         ] 76% Unzipping... tools/lib/monitor-x86
2025-11-02T02:17:50.1125816Z [==============================         ] 77% Unzipping... tools/lib/monitor-x86
2025-11-02T02:17:50.1130414Z [==============================         ] 77% Unzipping... tools/lib/generator.j
2025-11-02T02:17:50.1132398Z [==============================         ] 77% Unzipping... tools/source.properti
2025-11-02T02:17:50.1133376Z [==============================         ] 77% Unzipping... tools/bin/           
2025-11-02T02:17:50.1136010Z [==============================         ] 77% Unzipping... tools/bin/avdmanager 
2025-11-02T02:17:50.1138300Z [==============================         ] 77% Unzipping... tools/bin/jobb       
2025-11-02T02:17:50.1140843Z [==============================         ] 77% Unzipping... tools/bin/uiautomator
2025-11-02T02:17:50.1143250Z [==============================         ] 77% Unzipping... tools/bin/apkanalyzer
2025-11-02T02:17:50.1145866Z [==============================         ] 77% Unzipping... tools/bin/monkeyrunne
2025-11-02T02:17:50.1150649Z [==============================         ] 77% Unzipping... tools/bin/archquery  
2025-11-02T02:17:50.1151522Z [==============================         ] 77% Unzipping... tools/bin/sdkmanager 
2025-11-02T02:17:50.1153956Z [==============================         ] 77% Unzipping... tools/bin/lint       
2025-11-02T02:17:50.1156444Z [==============================         ] 77% Unzipping... tools/bin/screenshot2
2025-11-02T02:17:50.1180882Z [==============================         ] 77% Unzipping... tools/NOTICE.txt     
2025-11-02T02:17:50.1218630Z [==============================         ] 77% Unzipping... tools/emulator       
2025-11-02T02:17:50.1243272Z [==============================         ] 77% Unzipping... tools/emulator-check 
2025-11-02T02:17:50.1245766Z [==============================         ] 77% Unzipping... tools/monitor        
2025-11-02T02:17:50.1248133Z [==============================         ] 77% Unzipping... tools/android        
2025-11-02T02:17:50.1250974Z [==============================         ] 77% Unzipping... tools/mksdcard       
2025-11-02T02:17:50.1251898Z [==============================         ] 77% Unzipping... tools/support/       
2025-11-02T02:17:50.1257530Z [==============================         ] 77% Unzipping... tools/support/typos-d
2025-11-02T02:17:50.1260908Z [==============================         ] 77% Unzipping... tools/support/typos-e
2025-11-02T02:17:50.1263319Z [==============================         ] 77% Unzipping... tools/support/annotat
2025-11-02T02:17:50.1272319Z [==============================         ] 77% Unzipping... tools/support/typos-e
2025-11-02T02:17:50.1275856Z [==============================         ] 77% Unzipping... tools/support/typos-t
2025-11-02T02:17:50.1280493Z [==============================         ] 77% Unzipping... tools/support/typos-p
2025-11-02T02:17:50.1284421Z [==============================         ] 77% Unzipping... tools/support/typos-i
2025-11-02T02:17:50.1287835Z [==============================         ] 77% Unzipping... tools/support/typos-n
2025-11-02T02:17:50.1291288Z [==============================         ] 77% Unzipping... tools/support/typos-h
2025-11-02T02:17:50.1594061Z [==============================         ] 78% Unzipping... tools/support/typos-h
2025-11-02T02:17:50.1595762Z [=======================================] 100% Unzipping... tools/support/typos-
2025-11-02T02:17:50.1649263Z 
2025-11-02T02:17:50.1785243Z [command]/usr/local/lib/android/sdk/cmdline-tools/16.0/bin/sdkmanager platform-tools
2025-11-02T02:17:50.9295178Z Loading package information...                                                  
2025-11-02T02:17:51.0252352Z Loading local repository...                                                     
2025-11-02T02:17:51.0256650Z [                                       ] 3% Loading local repository...        
2025-11-02T02:17:51.0352658Z [                                       ] 3% Fetch remote repository...         
2025-11-02T02:17:51.3745207Z [=                                      ] 3% Fetch remote repository...         
2025-11-02T02:17:51.4372135Z [=                                      ] 4% Fetch remote repository...         
2025-11-02T02:17:51.4718970Z [=                                      ] 5% Fetch remote repository...         
2025-11-02T02:17:51.5342881Z [==                                     ] 5% Fetch remote repository...         
2025-11-02T02:17:51.6042370Z [==                                     ] 6% Fetch remote repository...         
2025-11-02T02:17:51.6867451Z [==                                     ] 7% Fetch remote repository...         
2025-11-02T02:17:51.6868538Z [==                                     ] 7% Computing updates...               
2025-11-02T02:17:51.6970088Z [===                                    ] 8% Computing updates...               
2025-11-02T02:17:51.7031768Z [===                                    ] 10% Computing updates...              
2025-11-02T02:17:51.7032881Z [=======================================] 100% Computing updates...             
2025-11-02T02:17:51.7037065Z 
2025-11-02T02:17:51.7389308Z ##[group]Run mkdir -p gradle/wrapper
2025-11-02T02:17:51.7389700Z [36;1mmkdir -p gradle/wrapper[0m
2025-11-02T02:17:51.7390338Z [36;1mcurl -L -o gradle/wrapper/gradle-wrapper.jar https://raw.githubusercontent.com/gradle/gradle/master/gradle/wrapper/gradle-wrapper.jar[0m
2025-11-02T02:17:51.7428900Z shell: /usr/bin/bash -e {0}
2025-11-02T02:17:51.7429149Z env:
2025-11-02T02:17:51.7429343Z   CARGO_INCREMENTAL: 0
2025-11-02T02:17:51.7429555Z   RUST_BACKTRACE: short
2025-11-02T02:17:51.7429752Z   HUSKY: 0
2025-11-02T02:17:51.7430040Z   JAVA_HOME: /opt/hostedtoolcache/Java_Temurin-Hotspot_jdk/17.0.17-10/x64
2025-11-02T02:17:51.7430496Z   JAVA_HOME_17_X64: /opt/hostedtoolcache/Java_Temurin-Hotspot_jdk/17.0.17-10/x64
2025-11-02T02:17:51.7430884Z   ANDROID_HOME: /usr/local/lib/android/sdk
2025-11-02T02:17:51.7431152Z   ANDROID_SDK_ROOT: /usr/local/lib/android/sdk
2025-11-02T02:17:51.7431405Z ##[endgroup]
2025-11-02T02:17:51.7589617Z   % Total    % Received % Xferd  Average Speed   Time    Time     Time  Current
2025-11-02T02:17:51.7590518Z                                  Dload  Upload   Total   Spent    Left  Speed
2025-11-02T02:17:51.7590929Z 
2025-11-02T02:17:51.7966735Z   0     0    0     0    0     0      0      0 --:--:-- --:--:-- --:--:--     0
2025-11-02T02:17:51.7967469Z 100 45633  100 45633    0     0  1178k      0 --:--:-- --:--:-- --:--:-- 1204k
2025-11-02T02:17:51.8021044Z ##[group]Run chmod +x gradlew
2025-11-02T02:17:51.8021332Z [36;1mchmod +x gradlew[0m
2025-11-02T02:17:51.8055788Z shell: /usr/bin/bash -e {0}
2025-11-02T02:17:51.8056025Z env:
2025-11-02T02:17:51.8056196Z   CARGO_INCREMENTAL: 0
2025-11-02T02:17:51.8056406Z   RUST_BACKTRACE: short
2025-11-02T02:17:51.8056601Z   HUSKY: 0
2025-11-02T02:17:51.8056876Z   JAVA_HOME: /opt/hostedtoolcache/Java_Temurin-Hotspot_jdk/17.0.17-10/x64
2025-11-02T02:17:51.8057354Z   JAVA_HOME_17_X64: /opt/hostedtoolcache/Java_Temurin-Hotspot_jdk/17.0.17-10/x64
2025-11-02T02:17:51.8057711Z   ANDROID_HOME: /usr/local/lib/android/sdk
2025-11-02T02:17:51.8057998Z   ANDROID_SDK_ROOT: /usr/local/lib/android/sdk
2025-11-02T02:17:51.8058247Z ##[endgroup]
2025-11-02T02:17:51.8170951Z ##[group]Run if [ "universal" == "universal" ]; then
2025-11-02T02:17:51.8171322Z [36;1mif [ "universal" == "universal" ]; then[0m
2025-11-02T02:17:51.8171591Z [36;1m  ./gradlew assembleRelease[0m
2025-11-02T02:17:51.8171859Z [36;1melif [ "universal" == "aarch64" ]; then[0m
2025-11-02T02:17:51.8172247Z [36;1m  ./gradlew assembleRelease -Pandroid.injected.build.abi=arm64-v8a[0m
2025-11-02T02:17:51.8172634Z [36;1melif [ "universal" == "armv7" ]; then[0m
2025-11-02T02:17:51.8173020Z [36;1m  ./gradlew assembleRelease -Pandroid.injected.build.abi=armeabi-v7a[0m
2025-11-02T02:17:51.8173414Z [36;1melif [ "universal" == "x86_64" ]; then[0m
2025-11-02T02:17:51.8173998Z [36;1m  ./gradlew assembleRelease -Pandroid.injected.build.abi=x86_64[0m
2025-11-02T02:17:51.8174359Z [36;1mfi[0m
2025-11-02T02:17:51.8206384Z shell: /usr/bin/bash -e {0}
2025-11-02T02:17:51.8206611Z env:
2025-11-02T02:17:51.8206786Z   CARGO_INCREMENTAL: 0
2025-11-02T02:17:51.8207019Z   RUST_BACKTRACE: short
2025-11-02T02:17:51.8207211Z   HUSKY: 0
2025-11-02T02:17:51.8207492Z   JAVA_HOME: /opt/hostedtoolcache/Java_Temurin-Hotspot_jdk/17.0.17-10/x64
2025-11-02T02:17:51.8207946Z   JAVA_HOME_17_X64: /opt/hostedtoolcache/Java_Temurin-Hotspot_jdk/17.0.17-10/x64
2025-11-02T02:17:51.8208486Z   ANDROID_HOME: /usr/local/lib/android/sdk
2025-11-02T02:17:51.8208752Z   ANDROID_SDK_ROOT: /usr/local/lib/android/sdk
2025-11-02T02:17:51.8209009Z   NODE_OPTIONS: --max_old_space_size=4096
2025-11-02T02:17:51.8209245Z ##[endgroup]
2025-11-02T02:17:51.9091678Z Downloading https://services.gradle.org/distributions/gradle-8.5-bin.zip
2025-11-02T02:17:53.7469893Z ............10%.............20%............30%.............40%.............50%............60%.............70%.............80%............90%.............100%
2025-11-02T02:17:54.9509735Z 
2025-11-02T02:17:54.9510869Z Welcome to Gradle 8.5!
2025-11-02T02:17:54.9511243Z 
2025-11-02T02:17:54.9515274Z Here are the highlights of this release:
2025-11-02T02:17:54.9516207Z  - Support for running on Java 21
2025-11-02T02:17:54.9516841Z  - Faster first use with Kotlin DSL
2025-11-02T02:17:54.9517460Z  - Improved error and warning messages
2025-11-02T02:17:54.9517784Z 
2025-11-02T02:17:54.9518275Z For more details see https://docs.gradle.org/8.5/release-notes.html
2025-11-02T02:17:54.9518797Z 
2025-11-02T02:17:55.2503389Z Starting a Gradle Daemon (subsequent builds will be faster)
2025-11-02T02:17:58.2518257Z Calculating task graph as no cached configuration is available for tasks: assembleRelease
2025-11-02T02:19:52.7550929Z > Task :app:preBuild UP-TO-DATE
2025-11-02T02:19:52.7555737Z > Task :app:preReleaseBuild UP-TO-DATE
2025-11-02T02:19:52.7561438Z > Task :app:checkKotlinGradlePluginConfigurationErrors
2025-11-02T02:19:52.8499013Z > Task :app:generateReleaseResValues
2025-11-02T02:19:52.8499740Z > Task :app:buildKotlinToolingMetadata
2025-11-02T02:19:52.8503368Z > Task :app:generateReleaseResources
2025-11-02T02:19:55.2525423Z > Task :app:mapReleaseSourceSetPaths
2025-11-02T02:19:55.2526263Z > Task :app:dataBindingMergeDependencyArtifactsRelease
2025-11-02T02:19:55.3530916Z > Task :app:createReleaseCompatibleScreenManifests
2025-11-02T02:19:55.3535273Z > Task :app:checkReleaseAarMetadata
2025-11-02T02:19:55.3536152Z > Task :app:extractDeepLinksRelease
2025-11-02T02:19:55.4501188Z > Task :app:packageReleaseResources
2025-11-02T02:19:58.4498085Z > Task :app:javaPreCompileRelease
2025-11-02T02:19:58.5498319Z > Task :app:extractProguardFiles
2025-11-02T02:19:58.5500188Z > Task :app:mergeReleaseJniLibFolders
2025-11-02T02:19:59.5500517Z > Task :app:mergeReleaseNativeLibs NO-SOURCE
2025-11-02T02:19:59.5501346Z > Task :app:stripReleaseDebugSymbols NO-SOURCE
2025-11-02T02:19:59.5502110Z > Task :app:extractReleaseNativeSymbolTables NO-SOURCE
2025-11-02T02:19:59.5502838Z > Task :app:mergeReleaseNativeDebugMetadata NO-SOURCE
2025-11-02T02:19:59.7501018Z > Task :app:parseReleaseLocalResources
2025-11-02T02:20:00.3498330Z > Task :app:processReleaseMainManifest
2025-11-02T02:20:00.5498821Z > Task :app:processReleaseManifest
2025-11-02T02:20:01.3498298Z > Task :app:mergeReleaseResources
2025-11-02T02:20:01.8498716Z > Task :app:processReleaseManifestForPackage
2025-11-02T02:20:02.0500986Z > Task :app:mergeReleaseArtProfile
2025-11-02T02:20:02.0503906Z > Task :app:mergeReleaseShaders FROM-CACHE
2025-11-02T02:20:02.0505340Z > Task :app:compileReleaseShaders NO-SOURCE
2025-11-02T02:20:02.0506266Z > Task :app:generateReleaseAssets UP-TO-DATE
2025-11-02T02:20:02.2515354Z > Task :app:mergeReleaseAssets FROM-CACHE
2025-11-02T02:20:02.2516513Z > Task :app:dataBindingGenBaseClassesRelease
2025-11-02T02:20:02.3505784Z > Task :app:compressReleaseAssets
2025-11-02T02:20:02.4503308Z > Task :app:checkReleaseDuplicateClasses
2025-11-02T02:20:02.5511876Z > Task :app:collectReleaseDependencies
2025-11-02T02:20:02.5512550Z > Task :app:extractReleaseVersionControlInfo
2025-11-02T02:20:02.5513157Z > Task :app:writeReleaseAppMetadata
2025-11-02T02:20:02.5521892Z > Task :app:writeReleaseSigningConfigVersions
2025-11-02T02:20:02.6503264Z > Task :app:sdkReleaseDependencyData
2025-11-02T02:20:02.7500015Z > Task :app:processReleaseResources FAILED
2025-11-02T02:20:03.0499462Z > Task :app:validateSigningRelease
2025-11-02T02:20:03.0533409Z 
2025-11-02T02:20:03.0534136Z FAILURE: Build failed with an exception.
2025-11-02T02:20:03.0534896Z 
2025-11-02T02:20:03.0535231Z * What went wrong:
2025-11-02T02:20:03.0535860Z Execution failed for task ':app:processReleaseResources'.
2025-11-02T02:20:03.0537192Z > A failure occurred while executing com.android.build.gradle.internal.res.LinkApplicationAndroidResourcesTask$TaskAction
2025-11-02T02:20:03.0538260Z    > Android resource linking failed
2025-11-02T02:20:03.0540116Z      ERROR: /home/runner/work/shouj/shouj/mobile/app/src/main/AndroidManifest.xml:33:5-128:19: AAPT: error: resource mipmap/ic_launcher (aka io.github.clash_verge_rev.clash_verge_rev:mipmap/ic_launcher) not found.
2025-11-02T02:20:03.0541604Z          
2025-11-02T02:20:03.0543430Z      ERROR: /home/runner/work/shouj/shouj/mobile/app/src/main/AndroidManifest.xml:33:5-128:19: AAPT: error: resource mipmap/ic_launcher_round (aka io.github.clash_verge_rev.clash_verge_rev:mipmap/ic_launcher_round) not found.
2025-11-02T02:20:03.0545100Z          
2025-11-02T02:20:03.0545249Z 
2025-11-02T02:20:03.0545350Z * Try:
2025-11-02T02:20:03.0545831Z > Run with --stacktrace option to get the stack trace.
2025-11-02T02:20:03.0546517Z > Run with --info or --debug option to get more log output.
2025-11-02T02:20:03.0547091Z > Run with --scan to get full insights.
2025-11-02T02:20:03.0547633Z > Get more help at https://help.gradle.org.
2025-11-02T02:20:03.0547958Z 
2025-11-02T02:20:03.0548139Z BUILD FAILED in 2m 11s
2025-11-02T02:20:03.0548681Z 31 actionable tasks: 29 executed, 2 from cache
2025-11-02T02:20:03.1499561Z Configuration cache entry stored.
2025-11-02T02:20:03.5341881Z ##[error]Process completed with exit code 1.
2025-11-02T02:20:03.5425487Z Post job cleanup.
2025-11-02T02:20:03.7259953Z Post job cleanup.
2025-11-02T02:20:03.8254578Z [command]/usr/bin/git version
2025-11-02T02:20:03.8298441Z git version 2.51.2
2025-11-02T02:20:03.8346336Z Temporarily overriding HOME='/home/runner/work/_temp/c05a511e-183a-4b6b-8015-7dadac752054' before making global git config changes
2025-11-02T02:20:03.8347690Z Adding repository directory to the temporary git global config as a safe directory
2025-11-02T02:20:03.8364228Z [command]/usr/bin/git config --global --add safe.directory /home/runner/work/shouj/shouj
2025-11-02T02:20:03.8405175Z [command]/usr/bin/git config --local --name-only --get-regexp core\.sshCommand
2025-11-02T02:20:03.8443190Z [command]/usr/bin/git submodule foreach --recursive sh -c "git config --local --name-only --get-regexp 'core\.sshCommand' && git config --local --unset-all 'core.sshCommand' || :"
2025-11-02T02:20:03.8704405Z [command]/usr/bin/git config --local --name-only --get-regexp http\.https\:\/\/github\.com\/\.extraheader
2025-11-02T02:20:03.8729938Z http.https://github.com/.extraheader
2025-11-02T02:20:03.8743917Z [command]/usr/bin/git config --local --unset-all http.https://github.com/.extraheader
2025-11-02T02:20:03.8780534Z [command]/usr/bin/git submodule foreach --recursive sh -c "git config --local --name-only --get-regexp 'http\.https\:\/\/github\.com\/\.extraheader' && git config --local --unset-all 'http.https://github.com/.extraheader' || :"
2025-11-02T02:20:03.9124942Z Cleaning up orphan processes
2025-11-02T02:20:03.9489283Z Terminate orphan process: pid (2390) (java)
